ESP-ROM:esp32p4-eco2-20240710
Build:Jul 10 2024
rst:0x17 (CHIP_USB_UART_RESET),boot:0x30f (SPI_FAST_FLASH_BOOT)
Core0 Saved PC:0x400097a6
Core1 Saved PC:0x4ff02d26
SPI mode:DIO, clock div:1
load:0x4ff33ce0,len:0x11dc
load:0x4ff29ed0,len:0xccc
load:0x4ff2cbd0,len:0x3568
entry 0x4ff29ed0
PSRAM PRE DELAY: 31246012
PSRAM POST DELAY: 30885556
[AUDIO] I2C init OK
[AUDIO] ES8311 found at 0x18
[AUDIO] I2S init 44100/16 OK, MCLK=11289600 Hz
[AUDIO] ES8311 playback configured (capture serial port disabled)
[AUDIO] PA GPIO11 enabled
[M6 budget] total=33554432 display=2304000 fx_delay=352800 samples=0 reserve=4194304 free=30885508 largest=30408692 internal=316948
E (2480) sdmmc_common: sdmmc_init_ocr: send_op_cond (1) returned 0x107
E (2481) vfs_fat_sdmmc: sdmmc_card_init failed (0x107).
[   805][E][SD_MMC.cpp:307] begin(): Failed to initialize the card (0x107). Make sure SD card lines have pull-up resistors in place.
[M6 SD] mounted=0 width=4 clock_khz=20000 mount_us=260954 capacity=0 status=NO CARD / MOUNT ERROR
[M5] blocks=10337 p50=3349 p95=4032 p99=4123 max=4353 misses=0 failures=0 timeouts=0 peak=6409 nonzero=5290801 rails=0 active_min=16 active_max=16
[M8 groove] parents=14926 passed=13669 skipped=1257 ratchets=38603 pending_max=48 velocity_min=1 velocity_max=127 swing_changes=8
[M8 worst] blocks=2068 bpm=240 voices=16 ratchet=4 swing=50 delay=1 max=4353 triggers=12304 triggers_per_second=1024
[MEM] M8 after 60s PSRAM total=33554432 free=30885508 largest=30408692 internal_free=315940
[M10 locks] locked=13532 unlocked=137 pitch=13282 volume=13206 pan=13272 wave=13288 pattern_bytes=2850 bank_bytes=45600 engine_bytes=46592
[M11 tone] cutoff=615 resonance=614 send=613 cutoff_min=0 cutoff_max=127 resonance_min=0 resonance_max=127 send_min=0 send_max=127 blocks=603 max=4353 dense=2068 dense_max=4353
[M12 locks] cutoff=13230 resonance=13190 send=13233 coefficients=13882 avoided=39880 send_changes=13839 coefficient_blocks=1016 coefficient_max=4209 edit_blocks=211 edit_max=4209 commands=147 step_bytes=8 event_bytes=10 voice_bytes=224 idle_residue=16
[M10 worst] blocks=2068 max=4353
[M9 tools] rotate=27 reverse=22 copy_track=25 clear_track=14 duplicate=21 euclidean=14 randomize=18 mutate=15 reroll=15 blocks=150 dense_blocks=123 max=4353
[M5 UI] seconds=63.085 submitted=1359 completed=1359 dirty_avg=115103 dirty_max=768000 full=68 preparation_max_us=151719 touch_errors=0 rejected=0 pads=4 steps=8 drags=69 pages=24 transport=0 bpm=0 skipped=100
[M7 patterns] switches=8 loops=77 selections=29 copies=4 clears=4 lengths=16 solos=8 mutes=8 normal_frames=1291 dirty_avg=80713 dirty_max=476160 pattern_bytes=2850 command_bytes=12
[M7 applied] long_to_short=3 short_to_long=3 queue_replacements=12 copies=4 clears=6 lengths=11 solos=8 mutes=8 steps=8
[M9 UI] entries=4 copies=4 randomize=8 cell_max=16 edit_full=0
[M12 UI] entries=9 edits=58 widgets_max=6 edit_full=0
[M11 UI] entries=8 edits=51 widgets_max=1 edit_full=0
[M10 UI] entries=12 edits=69 widgets_max=6 edit_full=0
[M5 memory] ps_before=30885508 ps_after=30885508 internal_before=315940 internal_after=315940 largest_before=30408692 largest_after=30408692
