ESP-ROM:esp32p4-eco2-20240710
Build:Jul 10 2024
rst:0x17 (CHIP_USB_UART_RESET),boot:0x30f (SPI_FAST_FLASH_BOOT)
Core0 Saved PC:0x40007674
Core1 Saved PC:0x4ff02d26
SPI mode:DIO, clock div:1
load:0x4ff33ce0,len:0x11dc
load:0x4ff29ed0,len:0xccc
load:0x4ff2cbd0,len:0x3568
entry 0x4ff29ed0
PSRAM PRE DELAY: 31246012
PSRAM POST DELAY: 30885556
[AUDIO] I2C init OK
[AUDIO] ES8311 found at 0x18
[AUDIO] I2S init 44100/16 OK, MCLK=11289600 Hz
[AUDIO] ES8311 playback configured (capture serial port disabled)
[AUDIO] PA GPIO11 enabled
[M6 budget] total=33554432 display=2304000 fx_delay=352800 samples=0 reserve=4194304 free=30885508 largest=30408692 internal=341940
E (2480) sdmmc_common: sdmmc_init_ocr: send_op_cond (1) returned 0x107
E (2480) vfs_fat_sdmmc: sdmmc_card_init failed (0x107).
[   805][E][SD_MMC.cpp:307] begin(): Failed to initialize the card (0x107). Make sure SD card lines have pull-up resistors in place.
[M6 SD] mounted=0 width=4 clock_khz=20000 mount_us=260874 capacity=0 status=NO CARD / MOUNT ERROR
[M5] blocks=10337 p50=3787 p95=4402 p99=4472 max=4659 misses=0 failures=0 timeouts=0 peak=7744 nonzero=5290827 rails=0 active_min=16 active_max=16
[M8 groove] parents=8992 passed=8696 skipped=296 ratchets=25477 pending_max=48 velocity_min=1 velocity_max=127 swing_changes=8
[M8 worst] blocks=2068 bpm=240 voices=16 ratchet=4 swing=50 delay=1 max=4578 triggers=12304 triggers_per_second=1024
[MEM] M8 after 60s PSRAM total=33554432 free=30885508 largest=30408692 internal_free=340920
[M10 locks] locked=8632 unlocked=64 pitch=8578 volume=8505 pan=8559 wave=8506 pattern_bytes=2082 bank_bytes=33312 engine_bytes=34248
[M11 tone] cutoff=616 resonance=622 send=618 cutoff_min=0 cutoff_max=127 resonance_min=0 resonance_max=127 send_min=0 send_max=127 blocks=592 max=4659 dense=2068 dense_max=4578
[M10 worst] blocks=2068 max=4578
[M9 tools] rotate=27 reverse=21 copy_track=23 clear_track=14 duplicate=21 euclidean=15 randomize=18 mutate=15 reroll=15 blocks=150 dense_blocks=82 max=4659
[M5 UI] seconds=63.071 submitted=970 completed=970 dirty_avg=137979 dirty_max=768000 full=57 preparation_max_us=181729 touch_errors=0 rejected=0 pads=4 steps=8 drags=106 pages=23 transport=0 bpm=0 skipped=216
[M7 patterns] switches=3 loops=68 selections=28 copies=4 clears=4 lengths=16 solos=8 mutes=8 normal_frames=913 dirty_avg=98646 dirty_max=476160 pattern_bytes=2082 command_bytes=12
[M7 applied] long_to_short=1 short_to_long=1 queue_replacements=1 copies=4 clears=2 lengths=9 solos=8 mutes=8 steps=8
[M9 UI] entries=3 copies=3 randomize=6 cell_max=16 edit_full=0
[M11 UI] entries=10 edits=92 widgets_max=1 edit_full=0
[M10 UI] entries=12 edits=53 widgets_max=2 edit_full=0
[M5 memory] ps_before=30885508 ps_after=30885508 internal_before=340920 internal_after=340920 largest_before=30408692 largest_after=30408692
