ESP-ROM:esp32p4-eco2-20240710
Build:Jul 10 2024
rst:0x17 (CHIP_USB_UART_RESET),boot:0x30f (SPI_FAST_FLASH_BOOT)
Core0 Saved PC:0x4ff02cca
Core1 Saved PC:0x4ff02cca
SPI mode:DIO, clock div:1
load:0x4ff33ce0,len:0x11dc
load:0x4ff29ed0,len:0xccc
load:0x4ff2cbd0,len:0x3568
entry 0x4ff29ed0
[M4] UI audio CPU=360 MHz native=480x800 logical=800x480 PPA_CCW=270 RGB565 native_fbs=2 logical_fbs=1
[MEM] before display PSRAM total=33554432 free=33551856 largest=33030132 internal_free=501944
[MEM] after display PSRAM total=33554432 free=31246628 largest=30932980 internal_free=500240
[M4] touch_begin=ESP_OK address=0x5d id=911 native=480x800
[MEM] after touch PSRAM total=33554432 free=31245360 largest=30932980 internal_free=500036
PSRAM PRE DELAY: 31245360
PSRAM POST DELAY: 30884904
[MEM] after Delay FX initialization PSRAM total=33554432 free=30884904 largest=30408692 internal_free=500036
[AUDIO] I2C init OK
[AUDIO] ES8311 found at 0x18
[AUDIO] I2S init 44100/16 OK, MCLK=11289600 Hz
[AUDIO] ES8311 playback configured (capture serial port disabled)
[AUDIO] PA GPIO11 enabled
[M4] audio_begin=ESP_OK shared_bus_unchanged=1 codec_probe=ESP_OK touch_probe=ESP_OK
[M4 READY] 6 stages A/B/C UI core1 then core0; audio core0 priority24; 16 voices plus original Delay; 517 blocks each; touch100Hz UI30FPS
[MEM] combined running before measurement PSRAM total=33554432 free=30884856 largest=30408692 internal_free=485864
[MEM] after UI audio stress before shutdown PSRAM total=33554432 free=30884856 largest=30408692 internal_free=485864
[M4] heap_loss psram=0 internal=0 workers_done=7 audio_shutdown=ESP_OK drain_errors=0
[M4] stage=0 mode=A_STATIC audio_core=0 audio_priority=24 ui_core=1 ui_priority=2 touch_core=1 touch_priority=3
[M4] blocks=517 active_min=16 active_max=16 render_misses=0 cycle_misses=175 write_failures=0 timeouts=0
[M4] raw stage=0 block=0 us=3647,2881,2860,2892,2913,2910,2910,2916,2905,2917,2909,2910,2917,2904,2920,2912
[M4] raw stage=0 block=16 us=2912,2912,2911,2913,2913,2914,2914,2912,2917,2911,2917,2914,2913,2919,2910,2915
[M4] raw stage=0 block=32 us=2915,2910,2916,2914,2918,2915,2911,2908,2914,2915,2913,2913,2908,2918,2916,2915
[M4] raw stage=0 block=48 us=2922,2906,2916,2916,2916,2912,2909,2917,2912,2915,2915,2911,2923,2919,2924,2916
[M4] raw stage=0 block=64 us=2922,2921,2912,2916,2915,2915,2914,2916,2915,2911,2916,2914,2913,2916,2916,2921
[M4] raw stage=0 block=80 us=2909,2914,2914,2919,2915,2911,2915,2916,2916,2917,2910,2920,2920,2918,2916,2910
[M4] raw stage=0 block=96 us=2924,2920,2915,2916,2920,2921,2919,2915,2913,2917,2917,2920,2924,2919,2921,2919
[M4] raw stage=0 block=112 us=2923,2913,2917,2915,2912,2915,2915,2913,2912,2907,2915,2913,2920,2922,2913,2918
[M4] raw stage=0 block=128 us=2920,2920,2914,2907,2916,2913,2916,2912,2915,2916,2917,2916,2918,2921,2925,2919
[M4] raw stage=0 block=144 us=2917,2916,2917,2918,2913,2918,2917,2915,2914,2912,2921,2917,2918,2920,2921,2920
[M4] raw stage=0 block=160 us=2920,2916,2911,2915,2919,2918,2922,2909,2916,2918,2917,2916,2911,2917,2922,2917
[M4] raw stage=0 block=176 us=2920,2915,2915,2916,2916,2911,2916,2911,2913,2913,2915,2912,2916,2922,2915,2916
[M4] raw stage=0 block=192 us=2924,2915,2913,2913,2917,2917,2907,2918,2917,2914,2918,2908,2914,2928,2923,2916
[M4] raw stage=0 block=208 us=2909,2915,2915,2917,2914,2909,2912,2915,2912,2917,2915,2918,2920,2921,2920,2917
[M4] raw stage=0 block=224 us=2919,2918,2919,2913,2916,2916,2918,2916,2919,2915,2913,2913,2916,2919,2923,2917
[M4] raw stage=0 block=240 us=2925,2914,2917,2914,2906,2913,2913,2911,2912,2907,2915,2915,2915,2923,2912,2915
[M4] raw stage=0 block=256 us=2919,2918,2913,2917,2915,2912,2916,2918,2914,2915,2922,2915,2921,2923,2922,2916
[M4] raw stage=0 block=272 us=2918,2915,2918,2918,2915,2917,2915,2917,2910,2914,2917,2916,2917,2915,2922,2918
[M4] raw stage=0 block=288 us=2921,2923,2911,2916,2916,2916,2926,2913,2916,2916,2915,2920,2916,2917,2923,2917
[M4] raw stage=0 block=304 us=2917,2913,2923,2914,2912,2914,2916,2914,2914,2914,2916,2916,2918,2916,2916,2915
[M4] raw stage=0 block=320 us=2920,2906,2913,2918,2915,2914,2908,2911,2913,2914,2919,2905,2916,2916,2924,2920
[M4] raw stage=0 block=336 us=2922,2915,2911,2916,2912,2912,2915,2914,2910,2909,2908,2910,2913,2913,2910,2912
[M4] raw stage=0 block=352 us=2917,2916,2911,2909,2913,2916,2911,2909,2908,2907,2904,2912,2912,2914,2914,2904
[M4] raw stage=0 block=368 us=2915,2906,2909,2910,2903,2911,2912,2909,2912,2899,2910,2909,2912,2908,2912,2914
[M4] raw stage=0 block=384 us=2912,2913,2910,2912,2915,2907,2910,2914,2920,2917,2911,2916,2915,2913,2912,2916
[M4] raw stage=0 block=400 us=2914,2911,2913,2908,2917,2920,2919,2921,2916,2919,2915,2919,2914,2907,2916,2917
[M4] raw stage=0 block=416 us=2915,2913,2914,2912,2915,2914,2913,2918,2917,2916,2915,2919,2916,2913,2917,2918
[M4] raw stage=0 block=432 us=2913,2914,2919,2917,2920,2919,2917,2912,2919,2916,2917,2916,2913,2917,2916,2919
[M4] raw stage=0 block=448 us=2915,2909,2914,2918,2913,2922,2921,2920,2917,2917,2916,2916,2917,2914,2915,2916
[M4] raw stage=0 block=464 us=2913,2913,2912,2914,2915,2917,2919,2917,2916,2925,2917,2916,2917,2917,2916,2916
[M4] raw stage=0 block=480 us=2910,2914,2916,2915,2915,2912,2918,2921,2919,2914,2908,2918,2914,2917,2918,2910
[M4] raw stage=0 block=496 us=2915,2916,2914,2916,2921,2921,2916,2917,2919,2915,2918,2915,2920,2916,2917,2918
[M4] raw stage=0 block=512 us=2915,2918,2914,2921,2916
[M4] render us min=2860 avg=2916.46 p50=2915 p95=2922 p99=2925 max=3647
[M4] write us min=23 avg=2816.33 p50=2851 p95=2858 p99=2861 max=2866
[M4] cycle us min=2921 avg=5770.28 p50=5804 p95=5806 p99=5809 max=5812
[M4] delta_vs_M32_delay p99=27 max=55 headroom_p99_us=2879.989 headroom_max_us=2157.989 category=SAFE
[M4] PCM peak_L=4725 peak_R=6074 peak_mono=5133 nonzero_frames=132278 silent_blocks=0 rail_frames=0
[M4] UI requested_fps=0 frames=0 achieved_fps=0.000 update_avg_us=0.00 update_max_us=0 skipped=0 errors=0 core_observed=99 window_s=2.983748
[M4] touch requested_hz=100 polls=299 achieved_hz=100.210 errors=0 fresh_updates=0 presses=0 releases=0
[M4] memory_start psram_free=30884856 largest=30408692 internal_free=485864
[M4] memory_end psram_free=30884856 largest=30408692 internal_free=485864
[M4] stage=1 mode=B_LIGHT audio_core=0 audio_priority=24 ui_core=1 ui_priority=2 touch_core=1 touch_priority=3
[M4] blocks=517 active_min=16 active_max=16 render_misses=3 cycle_misses=162 write_failures=0 timeouts=0
[M4] raw stage=1 block=0 us=5412,6672,6609,7085,3656,2935,2944,2935,2927,2914,2921,2922,5689,3470,2946,2928
[M4] raw stage=1 block=16 us=2925,2920,2923,2925,2924,4719,3045,2924,2926,2921,2923,2920,2925,5492,3635,2943
[M4] raw stage=1 block=32 us=2925,2920,2921,2921,2925,2927,5139,3114,2934,2929,2924,2920,2923,2915,4920,3816
[M4] raw stage=1 block=48 us=2971,2924,2920,2921,2918,2922,2919,5322,3162,2933,2926,2924,2919,2922,2930,4191
[M4] raw stage=1 block=64 us=4038,3009,2939,2920,2926,2918,2921,2920,5646,3255,2935,2924,2925,2924,2923,2928
[M4] raw stage=1 block=80 us=3445,4284,3028,2935,2922,2922,2912,2921,2926,5779,3346,2941,2930,2925,2919,2919
[M4] raw stage=1 block=96 us=2915,3174,4582,3035,2929,2928,2922,2917,2920,2921,5746,3513,2942,2925,2923,2925
[M4] raw stage=1 block=112 us=2921,2923,2918,5041,3058,2942,2927,2927,2923,2926,2922,5279,3696,2983,2923,2915
[M4] raw stage=1 block=128 us=2924,2920,2925,2921,5233,3138,2938,2923,2921,2912,2922,2922,4531,3887,2992,2928
[M4] raw stage=1 block=144 us=2933,2924,2918,2919,2927,5434,3173,2947,2929,2923,2924,2922,2922,3970,4109,2999
[M4] raw stage=1 block=160 us=2931,2927,2926,2913,2919,2924,5660,3265,2929,2932,2921,2921,2915,2911,3438,4406
[M4] raw stage=1 block=176 us=3001,2928,2913,2921,2913,2915,2915,5705,3382,2951,2920,2918,2915,2920,2918,3078
[M4] raw stage=1 block=192 us=4665,3025,2930,2931,2923,2914,2917,2923,5681,3593,2938,2920,2916,2921,2915,2919
[M4] raw stage=1 block=208 us=2917,5051,3068,2933,2918,2915,2907,2920,2915,5326,3826,2968,2928,2920,2923,2919
[M4] raw stage=1 block=224 us=2923,2925,5309,3128,2934,2926,2920,2922,2920,2919,4506,4001,2984,2935,2921,2921
[M4] raw stage=1 block=240 us=2920,2921,2922,5402,3210,2925,2927,2927,2920,2924,2920,3850,4074,2994,2925,2915
[M4] raw stage=1 block=256 us=2919,2917,2923,2919,5531,3310,2933,2925,2922,2919,2927,2924,3337,4244,3009,2928
[M4] raw stage=1 block=272 us=2922,2927,2918,2922,2917,5629,3414,2930,2931,2923,2921,2919,2923,3017,4654,3050
[M4] raw stage=1 block=288 us=2928,2927,2923,2911,2923,2921,5681,3579,2937,2931,2924,2922,2925,2920,2923,5006
[M4] raw stage=1 block=304 us=3090,2937,2925,2925,2926,2925,2925,5089,3850,2989,2926,2928,2922,2918,2921,2923
[M4] raw stage=1 block=320 us=5316,3140,2935,2925,2920,2921,2920,2920,4238,4024,3003,2934,2922,2919,2920,2921
[M4] raw stage=1 block=336 us=2922,5662,3280,2931,2932,2920,2924,2925,2922,3700,4313,3011,2926,2923,2923,2918
[M4] raw stage=1 block=352 us=2919,2920,5783,3337,2966,2931,2920,2923,2925,2928,3296,4463,3006,2931,2921,2922
[M4] raw stage=1 block=368 us=2918,2921,2923,5692,3501,2946,2923,2921,2921,2920,2915,2935,4726,3054,2932,2924
[M4] raw stage=1 block=384 us=2923,2921,2918,2922,5477,3624,2952,2921,2926,2921,2921,2923,2924,5087,3103,2943
[M4] raw stage=1 block=400 us=2926,2928,2925,2924,2917,4940,3835,2974,2925,2917,2924,2921,2926,2921,5396,3145
[M4] raw stage=1 block=416 us=2936,2928,2920,2915,2922,2919,4214,3972,2985,2927,2923,2923,2926,2923,2923,5575
[M4] raw stage=1 block=432 us=3227,2937,2926,2920,2928,2921,2920,3610,4300,3003,2936,2924,2922,2912,2924,2922
[M4] raw stage=1 block=448 us=5647,3388,2929,2938,2927,2922,2923,2918,3220,4609,3030,2933,2923,2920,2924,2921
[M4] raw stage=1 block=464 us=2920,5704,3450,2947,2928,2922,2920,2926,2923,2923,4809,3051,2937,2931,2920,2919
[M4] raw stage=1 block=480 us=2923,2923,5456,3666,2944,2929,2913,2922,2918,2923,2923,5082,3111,2941,2928,2926
[M4] raw stage=1 block=496 us=2918,2924,2921,4786,3807,2972,2922,2922,2921,2920,2921,2922,5299,3170,2937,2923
[M4] raw stage=1 block=512 us=2925,2923,2918,2927,4009
[M4] render us min=2907 avg=3260.78 p50=2925 p95=5396 p99=5746 max=7085
[M4] write us min=26 avg=2500.76 p50=2841 p95=2854 p99=2874 max=2884
[M4] cycle us min=3722 avg=5802.18 p50=5804 p95=5839 p99=6139 max=7686
[M4] delta_vs_M32_delay p99=2848 max=3493 headroom_p99_us=58.989 headroom_max_us=-1280.011 category=FAIL
[M4] PCM peak_L=4757 peak_R=6035 peak_mono=5103 nonzero_frames=132288 silent_blocks=0 rail_frames=0
[M4] UI requested_fps=30 frames=61 achieved_fps=20.325 update_avg_us=49922.95 update_max_us=68709 skipped=30 errors=0 core_observed=1 window_s=3.001172
[M4] touch requested_hz=100 polls=300 achieved_hz=99.961 errors=0 fresh_updates=0 presses=0 releases=0
[M4] memory_start psram_free=30884856 largest=30408692 internal_free=485864
[M4] memory_end psram_free=30884856 largest=30408692 internal_free=485864
[M4] stage=2 mode=C_HEAVY audio_core=0 audio_priority=24 ui_core=1 ui_priority=2 touch_core=1 touch_priority=3
[M4] blocks=517 active_min=16 active_max=16 render_misses=181 cycle_misses=257 write_failures=0 timeouts=0
[M4] raw stage=2 block=0 us=3870,2930,2868,2895,2919,2919,2916,2914,6599,6679,6735,6884,6581,6680,6824,4402
[M4] raw stage=2 block=16 us=3000,2926,2932,2940,2909,2925,2917,2918,2917,6333,6794,6679,6780,5150,3070,2928
[M4] raw stage=2 block=32 us=2947,2916,2918,2913,3878,6846,6639,6691,6131,3355,2941,2946,2934,2913,2925,2925
[M4] raw stage=2 block=48 us=6890,6821,6514,6745,4245,2979,2940,2947,2915,2923,2919,5280,6919,6486,6729,5912
[M4] raw stage=2 block=64 us=3278,2926,2941,2920,2920,2922,2982,6855,6785,6652,6638,3589,2952,2948,2940,2924
[M4] raw stage=2 block=80 us=2920,2924,6446,6749,6485,6854,4986,3052,2923,2948,2925,2924,2916,4029,6983,6659
[M4] raw stage=2 block=96 us=6664,6273,3344,2926,2946,2931,2912,2920,2921,6706,6880,6496,6751,4254,2987,2959
[M4] raw stage=2 block=112 us=2935,2920,2926,2930,5448,6802,6651,6749,5988,3232,2921,2942,2929,2923,2928,3053
[M4] raw stage=2 block=128 us=6788,6721,6648,6697,3577,2942,2934,2931,2923,2923,2915,6516,6795,6485,6880,4842
[M4] raw stage=2 block=144 us=3049,2932,2942,2922,2927,2921,4139,6977,6616,6566,6267,3374,2925,2947,2929,2922
[M4] raw stage=2 block=160 us=2922,2926,6765,6943,6492,6795,4196,2975,2960,2932,2920,2923,2920,5549,6744,6650
[M4] raw stage=2 block=176 us=6654,5848,3205,2928,2947,2923,2921,2921,3109,6842,6704,6614,6518,3544,2943,2945
[M4] raw stage=2 block=192 us=2932,2919,2925,2920,6507,6729,6452,6828,4843,3046,2937,2947,2922,2926,2923,4152
[M4] raw stage=2 block=208 us=7033,6647,6666,6191,3349,2930,2949,2918,2919,2923,2922,6774,6908,6449,6772,3986
[M4] raw stage=2 block=224 us=2989,2945,2932,2921,2923,2927,5735,6814,6665,6705,5846,3190,2923,2951,2928,2928
[M4] raw stage=2 block=240 us=2920,3184,6834,6738,6639,6475,3539,2937,2938,2931,2918,2920,2922,6560,6758,6508
[M4] raw stage=2 block=256 us=6841,4888,3032,2938,2938,2920,2920,2924,4197,6984,6614,6626,6143,3332,2926,2953
[M4] raw stage=2 block=272 us=2928,2919,2922,2919,6767,6807,6603,6795,4003,2991,2938,2935,2922,2926,2925,5950
[M4] raw stage=2 block=288 us=6731,6609,6810,5714,3153,2922,2948,2926,2920,2916,3257,6996,6724,6582,6539,3528
[M4] raw stage=2 block=304 us=2929,2948,2941,2917,2919,2922,6444,6885,6428,6736,4948,3040,2939,2948,2927,2924
[M4] raw stage=2 block=320 us=2921,4387,6953,6690,6665,6202,3302,2924,2933,2928,2923,2920,2917,6779,6733,6614
[M4] raw stage=2 block=336 us=6811,3770,2955,2942,2934,2920,2925,2915,6156,6771,6455,6874,5526,3169,2927,2947
[M4] raw stage=2 block=352 us=2915,2918,2920,3327,6953,6679,6542,6412,3437,2921,2940,2927,2917,2919,2919,6453
[M4] raw stage=2 block=368 us=6882,6535,6752,4767,3025,2942,2935,2922,2915,2920,4523,6830,6736,6684,6091,3279
[M4] raw stage=2 block=384 us=2919,2944,2917,2913,2918,2918,6883,6803,6605,6827,3784,2970,2944,2934,2919,2920
[M4] raw stage=2 block=400 us=2922,6178,6738,6503,6844,5496,3144,2940,2949,2930,2919,2920,3431,7071,6689,6562
[M4] raw stage=2 block=416 us=6414,3436,2928,2945,2925,2922,2925,2923,6488,6897,6466,6691,4789,3046,2924,2947
[M4] raw stage=2 block=432 us=2924,2923,2918,4773,6822,6752,6715,6135,3299,2920,2959,2929,2920,2925,2921,6823
[M4] raw stage=2 block=448 us=6719,6603,6728,3901,2960,2937,2931,2923,2916,2924,6177,6769,6512,6880,5573,3183
[M4] raw stage=2 block=464 us=2937,2946,2922,2919,2924,3457,6972,6664,6524,6373,3418,2925,2948,2930,2918,2922
[M4] raw stage=2 block=480 us=2922,6578,6851,6605,6797,4640,3033,2934,2945,2925,2920,2919,4902,6779,6704,6751
[M4] raw stage=2 block=496 us=5937,3222,2922,2951,2923,2920,2916,2921,6954,6772,6495,6860,3763,2942,2943,2935
[M4] raw stage=2 block=512 us=2918,2922,2918,6168,6885
[M4] render us min=2868 avg=4378.38 p50=3025 p95=6855 p99=6977 max=7071
[M4] write us min=23 avg=1380.29 p50=898 p95=2852 p99=2875 max=2897
[M4] cycle us min=2986 avg=5804.42 p50=5804 p95=6982 p99=7098 max=7206
[M4] delta_vs_M32_delay p99=4079 max=3479 headroom_p99_us=-1172.011 headroom_max_us=-1266.011 category=FAIL
[M4] PCM peak_L=4757 peak_R=6035 peak_mono=5103 nonzero_frames=132287 silent_blocks=0 rail_frames=0
[M4] UI requested_fps=30 frames=45 achieved_fps=14.987 update_avg_us=66883.18 update_max_us=99174 skipped=45 errors=0 core_observed=1 window_s=3.002685
[M4] touch requested_hz=100 polls=300 achieved_hz=99.911 errors=0 fresh_updates=0 presses=0 releases=0
[M4] memory_start psram_free=30884856 largest=30408692 internal_free=485864
[M4] memory_end psram_free=30884856 largest=30408692 internal_free=485864
[M4] stage=3 mode=A_STATIC audio_core=0 audio_priority=24 ui_core=0 ui_priority=2 touch_core=1 touch_priority=3
[M4] blocks=517 active_min=16 active_max=16 render_misses=2 cycle_misses=192 write_failures=0 timeouts=0
[M4] raw stage=3 block=0 us=6387,6617,5327,3096,2942,2939,2927,2919,2922,2921,2920,2919,2918,2923,2919,2925
[M4] raw stage=3 block=16 us=2921,2931,2922,2922,2922,2918,2921,2925,2921,2920,2915,2923,2925,2920,2923,2924
[M4] raw stage=3 block=32 us=2926,2926,2923,2920,2921,2922,2925,2919,2925,2925,2922,2921,2926,2921,2919,2926
[M4] raw stage=3 block=48 us=2926,2915,2913,2918,2906,2914,2915,2917,2915,2908,2914,2913,2916,2917,2909,2919
[M4] raw stage=3 block=64 us=2917,2922,2919,2909,2914,2917,2921,2914,2912,2915,2912,2912,2914,2912,2912,2918
[M4] raw stage=3 block=80 us=2922,2919,2916,2919,2920,2915,2914,2919,2918,2912,2916,2920,2914,2910,2915,2917
[M4] raw stage=3 block=96 us=2925,2921,2913,2918,2919,2919,2919,2911,2917,2916,2914,2914,2914,2915,2916,2919
[M4] raw stage=3 block=112 us=2918,2918,2916,2918,2921,2921,2918,2922,2919,2920,2915,2916,2914,2921,2916,2917
[M4] raw stage=3 block=128 us=2918,2919,2918,2921,2912,2917,2907,2914,2915,2912,2913,2907,2915,2915,2913,2918
[M4] raw stage=3 block=144 us=2914,2921,2914,2917,2915,2908,2914,2917,2914,2913,2915,2915,2922,2915,2920,2920
[M4] raw stage=3 block=160 us=2919,2923,2918,2920,2916,2922,2922,2918,2917,2913,2914,2916,2913,2910,2912,2911
[M4] raw stage=3 block=176 us=2916,2911,2910,2913,2904,2914,2908,2910,2910,2905,2911,2909,2908,2912,2906,2912
[M4] raw stage=3 block=192 us=2911,2909,2911,2910,2915,2913,2913,2911,2908,2911,2907,2907,2906,2908,2910,2913
[M4] raw stage=3 block=208 us=2910,2912,2911,2915,2909,2907,2910,2914,2901,2910,2916,2924,2918,2918,2920,2914
[M4] raw stage=3 block=224 us=2914,2914,2905,2915,2918,2914,2917,2915,2927,2921,2918,2920,2916,2918,2918,2926
[M4] raw stage=3 block=240 us=2916,2916,2918,2912,2914,2915,2912,2916,2916,2914,2921,2918,2914,2921,2922,2920
[M4] raw stage=3 block=256 us=2916,2910,2916,2918,2915,2913,2912,2916,2921,2917,2917,2909,2919,2916,2917,2918
[M4] raw stage=3 block=272 us=2919,2920,2915,2913,2913,2912,2918,2917,2917,2924,2924,2915,2915,2913,2914,2913
[M4] raw stage=3 block=288 us=2916,2914,2914,2913,2924,2905,2911,2917,2920,2916,2908,2919,2915,2916,2919,2909
[M4] raw stage=3 block=304 us=2922,2914,2914,2913,2906,2914,2919,2913,2921,2923,2920,2917,2915,2917,2929,2918
[M4] raw stage=3 block=320 us=2914,2916,2916,2915,2918,2913,2915,2920,2924,2919,2918,2917,2919,2919,2908,2918
[M4] raw stage=3 block=336 us=2919,2916,2917,2916,2917,2916,2923,2915,2918,2925,2919,2920,2913,2910,2918,2912
[M4] raw stage=3 block=352 us=2919,2917,2913,2915,2923,2912,2912,2917,2920,2917,2919,2917,2917,2912,2913,2915
[M4] raw stage=3 block=368 us=2914,2914,2917,2914,2915,2913,2916,2909,2923,2915,2920,2921,2907,2920,2922,2919
[M4] raw stage=3 block=384 us=2915,2908,2917,2916,2920,2915,2912,2917,2925,2921,2915,2925,2917,2917,2919,2923
[M4] raw stage=3 block=400 us=2919,2916,2915,2918,2916,2914,2919,2918,2917,2921,2918,2920,2917,2917,2918,2915
[M4] raw stage=3 block=416 us=2909,2915,2913,2915,2916,2904,2912,2916,2925,2916,2910,2917,2915,2914,2915,2908
[M4] raw stage=3 block=432 us=2919,2913,2916,2917,2914,2914,2917,2919,2927,2917,2922,2918,2916,2920,2924,2919
[M4] raw stage=3 block=448 us=2913,2916,2917,2912,2919,2914,2919,2919,2922,2913,2914,2920,2918,2915,2914,2919
[M4] raw stage=3 block=464 us=2921,2919,2917,2910,2915,2914,2918,2916,2917,2919,2919,2921,2915,2919,2921,2915
[M4] raw stage=3 block=480 us=2913,2914,2917,2914,2916,2914,2913,2916,2918,2917,2915,2914,2917,2909,2913,2915
[M4] raw stage=3 block=496 us=2917,2914,2909,2916,2917,2914,2919,2911,2922,2921,2919,2919,2906,2922,2919,2918
[M4] raw stage=3 block=512 us=2915,2914,2915,2916,2917
[M4] render us min=2901 avg=2935.27 p50=2916 p95=2925 p99=2939 max=6617
[M4] write us min=24 avg=2827.54 p50=2850 p95=2858 p99=2860 max=2863
[M4] cycle us min=3159 avg=5800.48 p50=5804 p95=5806 p99=5811 max=6738
[M4] delta_vs_M32_delay p99=41 max=3025 headroom_p99_us=2865.989 headroom_max_us=-812.011 category=FAIL
[M4] PCM peak_L=4757 peak_R=6035 peak_mono=5103 nonzero_frames=132287 silent_blocks=0 rail_frames=0
[M4] UI requested_fps=0 frames=0 achieved_fps=0.000 update_avg_us=0.00 update_max_us=0 skipped=0 errors=0 core_observed=99 window_s=2.999360
[M4] touch requested_hz=100 polls=300 achieved_hz=100.021 errors=0 fresh_updates=0 presses=0 releases=0
[M4] memory_start psram_free=30884856 largest=30408692 internal_free=485864
[M4] memory_end psram_free=30884856 largest=30408692 internal_free=485864
[M4] stage=4 mode=B_LIGHT audio_core=0 audio_priority=24 ui_core=0 ui_priority=2 touch_core=1 touch_priority=3
[M4] blocks=517 active_min=16 active_max=16 render_misses=0 cycle_misses=196 write_failures=0 timeouts=0
[M4] raw stage=4 block=0 us=2868,3661,3665,3663,3723,3644,3684,3693,3672,3698,3672,3137,2944,2929,2917,2919
[M4] raw stage=4 block=16 us=2917,3702,3654,3120,2930,2922,2916,2924,2920,2917,3755,3606,2970,2928,2921,2920
[M4] raw stage=4 block=32 us=2909,2919,3536,3750,3258,2934,2929,2914,2919,2918,2919,3714,3623,2968,2927,2931
[M4] raw stage=4 block=48 us=2918,2920,2924,3191,3762,3409,2943,2930,2925,2924,2917,2923,3707,3610,2952,2928
[M4] raw stage=4 block=64 us=2927,2919,2925,2921,3038,3755,3455,2959,2926,2926,2923,2922,2926,3723,3640,2955
[M4] raw stage=4 block=80 us=2934,2924,2918,2923,2921,2926,3718,3600,2980,2925,2928,2921,2922,2926,3702,3665
[M4] raw stage=4 block=96 us=2957,2930,2930,2914,2925,2921,2919,3711,3625,2988,2937,2940,2927,2919,2927,3691
[M4] raw stage=4 block=112 us=3703,3253,2937,2930,2925,2921,2922,2922,3712,3663,2961,2925,2923,2920,2927,2922
[M4] raw stage=4 block=128 us=3497,3690,3305,2945,2929,2923,2921,2920,2924,3712,3650,2953,2920,2928,2919,2924
[M4] raw stage=4 block=144 us=2921,3090,3713,3374,2939,2931,2913,2922,2918,2923,3706,3648,2953,2930,2927,2923
[M4] raw stage=4 block=160 us=2923,2921,2968,3728,3482,2941,2928,2925,2921,2926,2921,3773,3538,2960,2927,2925
[M4] raw stage=4 block=176 us=2920,2921,2923,2921,3716,3684,2990,2929,2926,2934,2914,2930,3755,3594,2986,2926
[M4] raw stage=4 block=192 us=2923,2921,2921,2925,2920,3711,3616,3080,2939,2935,2924,2923,2925,3709,3672,3269
[M4] raw stage=4 block=208 us=2941,2929,2919,2926,2923,2920,3776,3602,3051,2926,2941,2923,2929,2933,3502,3699
[M4] raw stage=4 block=224 us=3439,2950,2928,2915,2921,2922,2919,3771,3632,2975,2929,2926,2919,2921,2925,3082
[M4] raw stage=4 block=240 us=3765,3487,2943,2927,2920,2921,2922,2921,3731,3615,2971,2930,2930,2919,2920,2926
[M4] raw stage=4 block=256 us=2960,3756,3506,2970,2933,2927,2920,2914,2920,3725,3588,2967,2919,2927,2918,2922
[M4] raw stage=4 block=272 us=2921,2912,3764,3604,2965,2925,2926,2920,2918,2925,3717,3699,3012,2940,2930,2919
[M4] raw stage=4 block=288 us=2936,2929,2919,3719,3638,2994,2933,2928,2923,2924,2927,3656,3750,3303,2955,2933
[M4] raw stage=4 block=304 us=2917,2922,2923,2920,3709,3624,2979,2933,2931,2923,2931,2927,3498,3736,3477,2961
[M4] raw stage=4 block=320 us=2932,2927,2920,2920,2919,3711,3624,2963,2927,2925,2920,2926,2922,3071,3707,3526
[M4] raw stage=4 block=336 us=2959,2927,2926,2922,2913,2920,3716,3711,2990,2924,2925,2921,2924,2919,2976,3724
[M4] raw stage=4 block=352 us=3588,2955,2922,2924,2916,2919,2915,3705,3657,2958,2929,2920,2913,2918,2922,2914
[M4] raw stage=4 block=368 us=3716,3678,2958,2929,2920,2920,2917,2918,3736,3642,3047,2932,2922,2916,2921,2916
[M4] raw stage=4 block=384 us=2917,3710,3650,2950,2924,2921,2921,2916,2923,3578,3687,3248,2935,2932,2929,2920
[M4] raw stage=4 block=400 us=2927,2920,3704,3630,2953,2930,2929,2920,2922,2921,3167,3705,3367,2936,2927,2921
[M4] raw stage=4 block=416 us=2919,2922,2928,3771,3594,2960,2926,2924,2919,2922,2922,3052,3718,3520,2941,2936
[M4] raw stage=4 block=432 us=2917,2920,2922,2924,3767,3593,2972,2933,2932,2919,2920,2921,2931,3764,3608,2955
[M4] raw stage=4 block=448 us=2935,2923,2921,2921,2922,3746,3625,2966,2925,2927,2914,2919,2922,2919,3768,3615
[M4] raw stage=4 block=464 us=3095,2929,2929,2928,2918,2923,3711,3666,3191,2938,2926,2922,2923,2924,2921,3751
[M4] raw stage=4 block=480 us=3637,2964,2930,2924,2922,2922,2926,3490,3747,3304,2945,2926,2925,2925,2926,2921
[M4] raw stage=4 block=496 us=3709,3618,2972,2923,2926,2921,2924,2919,3106,3753,3361,2945,2926,2922,2924,2922
[M4] raw stage=4 block=512 us=2921,3706,3605,2959,2937
[M4] render us min=2868 avg=3121.97 p50=2929 p95=3724 p99=3767 max=3776
[M4] write us min=1555 avg=2639.37 p50=2838 p95=2898 p99=2906 max=2928
[M4] cycle us min=5236 avg=5801.06 p50=5804 p95=6050 p99=6245 max=6311
[M4] delta_vs_M32_delay p99=869 max=184 headroom_p99_us=2037.989 headroom_max_us=2028.989 category=SAFE
[M4] PCM peak_L=4757 peak_R=6035 peak_mono=5103 nonzero_frames=132287 silent_blocks=0 rail_frames=0
[M4] UI requested_fps=30 frames=60 achieved_fps=19.993 update_avg_us=50336.43 update_max_us=93241 skipped=30 errors=0 core_observed=0 window_s=3.001101
[M4] touch requested_hz=100 polls=300 achieved_hz=99.963 errors=0 fresh_updates=0 presses=0 releases=0
[M4] memory_start psram_free=30884856 largest=30408692 internal_free=485864
[M4] memory_end psram_free=30884856 largest=30408692 internal_free=485864
[M4] stage=5 mode=C_HEAVY audio_core=0 audio_priority=24 ui_core=0 ui_priority=2 touch_core=1 touch_priority=3
[M4] blocks=517 active_min=16 active_max=16 render_misses=0 cycle_misses=131 write_failures=0 timeouts=0
[M4] raw stage=5 block=0 us=2874,2865,2864,2905,2991,3756,3654,3731,3683,3689,3693,3683,3690,3684,3717,3687
[M4] raw stage=5 block=16 us=3673,3720,3669,3748,3661,3699,3639,3668,3582,2957,2930,2918,2919,2924,3710,3717
[M4] raw stage=5 block=32 us=3664,3739,3666,3657,3703,3664,3720,3660,3703,3576,2967,2933,2920,2923,2919,2920
[M4] raw stage=5 block=48 us=2922,2924,3780,3646,3723,3684,3652,3699,3680,3733,3669,3660,3664,3618,2965,2927
[M4] raw stage=5 block=64 us=2920,2926,2921,2920,2926,2914,3714,3671,3666,3665,3713,3674,3732,3675,3640,3699
[M4] raw stage=5 block=80 us=3655,3648,2969,2930,2922,2924,2923,2920,2924,2920,3710,3668,3662,3723,3662,3718
[M4] raw stage=5 block=96 us=3650,3658,3702,3670,3712,3617,2985,2931,2922,2917,2920,2920,2922,2919,3731,3668
[M4] raw stage=5 block=112 us=3704,3691,3710,3655,3671,3709,3679,3721,3658,3595,2971,2932,2922,2924,2921,2922
[M4] raw stage=5 block=128 us=2922,2920,3710,3716,3668,3724,3655,3664,3694,3670,3726,3673,3632,3639,2957,2934
[M4] raw stage=5 block=144 us=2926,2927,2915,2919,2922,2918,3771,3645,3671,3661,3684,3717,3666,3729,3673,3670
[M4] raw stage=5 block=160 us=3682,3611,2996,2929,2924,2924,2920,2919,2921,2919,3724,3630,3691,3674,3714,3679
[M4] raw stage=5 block=176 us=3700,3638,3681,3683,3671,3637,2944,2932,2921,2915,2914,2908,2920,2916,3712,3652
[M4] raw stage=5 block=192 us=3664,3729,3655,3769,3661,3654,3730,3665,3707,3576,2962,2927,2926,2916,2913,2917
[M4] raw stage=5 block=208 us=2919,2916,3755,3645,3715,3661,3696,3662,3668,3708,3688,3729,3655,3632,2962,2921
[M4] raw stage=5 block=224 us=2929,2924,2920,2923,2915,2920,3717,3704,3673,3661,3688,3688,3710,3658,3730,3594
[M4] raw stage=5 block=240 us=3683,3555,2951,2925,2925,2921,2920,2926,2923,2935,3767,3624,3704,3683,3675,3760
[M4] raw stage=5 block=256 us=3659,3724,3684,3616,3700,3472,2956,2929,2916,2921,2919,2929,2924,3067,3717,3651
[M4] raw stage=5 block=272 us=3710,3663,3718,3684,3697,3656,3690,3671,3689,3425,2936,2924,2927,2921,2921,2921
[M4] raw stage=5 block=288 us=2923,3271,3717,3685,3695,3722,3659,3703,3674,3677,3729,3634,3741,3266,2934,2927
[M4] raw stage=5 block=304 us=2927,2916,2921,2919,2921,3427,3727,3664,3748,3651,3662,3709,3660,3727,3693,3720
[M4] raw stage=5 block=320 us=3672,3259,2932,2920,2927,2922,2919,2924,2922,3674,3677,3756,3701,3661,3708,3692
[M4] raw stage=5 block=336 us=3713,3673,3733,3642,3663,3203,2932,2926,2925,2926,2915,2926,2921,3711,3712,3661
[M4] raw stage=5 block=352 us=3703,3690,3673,3741,3652,3676,3686,3640,3695,3082,2942,2931,2927,2925,2921,2921
[M4] raw stage=5 block=368 us=2924,3783,3623,3684,3744,3674,3732,3681,3655,3690,3680,3740,3635,3044,2927,2925
[M4] raw stage=5 block=384 us=2924,2922,2920,2916,2924,3714,3650,3712,3664,3747,3662,3697,3703,3674,3711,3681
[M4] raw stage=5 block=400 us=3612,2963,2926,2924,2923,2927,2923,2924,2924,3712,3703,3675,3740,3660,3662,3715
[M4] raw stage=5 block=416 us=3683,3717,3661,3681,3586,2966,2929,2918,2926,2919,2923,2924,2913,3771,3649,3750
[M4] raw stage=5 block=432 us=3667,3659,3699,3685,3737,3641,3663,3687,3589,2993,2929,2921,2922,2919,2923,2922
[M4] raw stage=5 block=448 us=2919,3722,3666,3670,3683,3724,3671,3734,3676,3671,3708,3666,3676,2965,2928,2923
[M4] raw stage=5 block=464 us=2919,2921,2921,2922,2919,3712,3663,3681,3718,3660,3716,3670,3659,3707,3668,3708
[M4] raw stage=5 block=480 us=3630,2963,2929,2923,2923,2919,2928,2923,2920,3762,3665,3721,3675,3697,3664,3669
[M4] raw stage=5 block=496 us=3746,3666,3726,3672,3650,2965,2931,2933,2923,2913,2923,2921,2918,3718,3721,3658
[M4] raw stage=5 block=512 us=3714,3667,3667,3694,3656
[M4] render us min=2864 avg=3390.45 p50=3658 p95=3733 p99=3767 max=3783
[M4] write us min=1685 avg=2366.77 p50=2097 p95=2860 p99=2921 max=2964
[M4] cycle us min=5380 avg=5798.62 p50=5799 p95=5865 p99=6025 max=6185
[M4] delta_vs_M32_delay p99=869 max=191 headroom_p99_us=2037.989 headroom_max_us=2021.989 category=SAFE
[M4] PCM peak_L=4757 peak_R=6035 peak_mono=5103 nonzero_frames=132287 silent_blocks=0 rail_frames=0
[M4] UI requested_fps=30 frames=26 achieved_fps=8.644 update_avg_us=116401.85 update_max_us=148843 skipped=64 errors=0 core_observed=0 window_s=3.007845
[M4] touch requested_hz=100 polls=301 achieved_hz=100.072 errors=0 fresh_updates=0 presses=0 releases=0
[M4] memory_start psram_free=30884856 largest=30408692 internal_free=485864
[M4] memory_end psram_free=30884856 largest=30408692 internal_free=485864
[M4] touch_coverage_bits=0 event_overflow=0 codec_probe=ESP_OK touch_probe=ESP_OK
[M4] result=FAIL audio_PCM_render_and_transport_only audible_unverified DMA_starvation_metric_unavailable
[MEM] after audio shutdown display remains active PSRAM total=33554432 free=30884904 largest=30408692 internal_free=491156
