ESP-ROM:esp32p4-eco2-20240710
Build:Jul 10 2024
rst:0x17 (CHIP_USB_UART_RESET),boot:0x30f (SPI_FAST_FLASH_BOOT)
Core0 Saved PC:0x40013274
Core1 Saved PC:0x4ff02d26
SPI mode:DIO, clock div:1
load:0x4ff33ce0,len:0x11dc
load:0x4ff29ed0,len:0xccc
load:0x4ff2cbd0,len:0x3568
entry 0x4ff29ed0
PSRAM PRE DELAY: 31246012
PSRAM POST DELAY: 30885556
[AUDIO] I2C init OK
[AUDIO] ES8311 found at 0x18
[AUDIO] I2S init 44100/16 OK, MCLK=11289600 Hz
[AUDIO] ES8311 playback configured (capture serial port disabled)
[AUDIO] PA GPIO11 enabled
[M6 budget] total=33554432 display=2304000 fx_delay=352800 samples=0 reserve=4194304 free=26453624 largest=26214388 internal=244084
[M6 SD] mounted=1 width=4 clock_khz=20000 mount_us=253442 capacity=8053063680 status=SD READY
[M6 index] files=9 entries=9 limited=0 scan_us=46229 ps_free=26427332 largest=26214388 internal=242460
[M5] blocks=13782 p50=3751 p95=4121 p99=4234 max=4497 misses=0 failures=0 timeouts=0 peak=7038 nonzero=6992798 rails=0 active_min=0 active_max=16
[M8 groove] parents=9735 passed=9180 skipped=555 ratchets=26299 pending_max=48 velocity_min=1 velocity_max=127 swing_changes=8
[M8 worst] blocks=2068 bpm=240 voices=16 ratchet=4 swing=50 delay=1 max=4497 triggers=12304 triggers_per_second=1024
[MEM] M8 after 60s PSRAM total=33554432 free=26427944 largest=26214388 internal_free=242780
[M10 locks] locked=9116 unlocked=64 pitch=9068 volume=9042 pan=9080 wave=9069 pattern_bytes=3106 bank_bytes=49696 engine_bytes=52616
[M11 tone] cutoff=637 resonance=638 send=636 cutoff_min=0 cutoff_max=127 resonance_min=0 resonance_max=127 send_min=0 send_max=127 blocks=616 max=4497 dense=2068 dense_max=4497
[M12 locks] cutoff=9070 resonance=9049 send=9027 coefficients=7289 avoided=43182 send_changes=6998 coefficient_blocks=736 coefficient_max=4445 edit_blocks=181 edit_max=4369 commands=129 step_bytes=9 event_bytes=20 voice_bytes=384 idle_residue=16
[M17 chain] starts=6 advances=198 repeats=28 loops=3 stops=2 switches=195 min_length=1 max_length=5 boundary_max=4417 seen=4294967295 entry_bytes=2 chain_bytes=66 engine_bytes=52616
[M18 performance] override_requests=6 override_accepts=4 override_loops=11 override_cancels=5 returns=4 fill_requests=6 fill_accepts=5 fill_completions=5 fill_to_override=2 fill_to_arrangement=3 mute_edits=17 solo_edits=49 boundaries=24 boundary_max=4260 state_bytes=352 engine_bytes=52616 publication_bytes=24
[M181 repeat] requests=3 accepts=1 cancelled=2 x2_windows=8 x4_windows=8 x8_windows=99 hits=13409 x8_hits=12672 changes=3 releases=1 empty=0 captured_max=16 suppressed=15 worst=4181 capture_bytes=324 repeat_bytes=336
[M181 x8] blocks=1067 worst=4144 active_min=16 active_max=16 coefficients=0 avoided=12704 chokes=0 full_blocks=1066
[M181 runtime] requested=0 active=0 count=0 ui_presses=1 ui_releases=1 ui_edits=8
[M18 runtime] override_target=0 override_active=0 fill_pending=0 fill_active=0 return_pattern=0 return_end=0 mutes=0 solos=0 ui_bytes=116
[M19 analysis] requests=0 completed=0 cancelled=0 stale_discarded=0 frames=2317652 candidates=64 selected=16 proposals=0 apply=0 cancel=0 min_count=0 max_count=0 sensitivity=0 target=0 duration_max_us=1068764 chunk_max_us=4091
[M19 overlap] blocks=203 worst=3212 misses=0 x8_blocks=203 ui_interval_max_us=27342 detector_bytes=616 candidate_bytes=512 proposal_bytes=84 status_bytes=100 storage_stack=7000 stack_free_min=4596
[M19 timing] one_second_us=23345 loop_us=88957 large_us=1068764 chunk_max_us=4091 completed=3 pcm_bytes=4194304
[M18 UI] entries=13 pads=7 fills=3 toggles=64 switches=1
[M17 UI] entries=18 edits=10 rows=9 scrolls=3
[M16 project] state_bytes=53192 file_bytes=52704 snapshot_blocks=51 snapshot_max=4224 apply_blocks=312 apply_max=1839 fixtures=3 fixture_errors=0 dirty=1 physical_pending=1
[M13 dense] blocks=2068 active_min=0
[M13 playback] triggers=0 reverse=0 gate=0 releases=0 ends=0 choke_ops=0 choked=0 retriggers=0 region_min=0 region_max=0 max=4497 choke_max=0 retrigger_max=0 voice_bytes=64 track_bytes=116 event_bytes=20
[M15 locks] locked=0 unlocked=0 unsliced=0 requested_min=0 requested_max=0 resolved_min=0 resolved_max=0 clamped=0 edits=0 ui_edits=0 align=1 requested_seen=0 resolved_seen=0
[M14 slices] triggers=0 auditions=0 index_min=0 index_max=0 frames_min=0 frames_max=0 active_changes=0 divides=0 adds=0 deletes=0 resets=0 edit_blocks=0 edit_max=0 slice_bytes=4 bank_bytes=66 sample_bytes=1556
[M10 worst] blocks=2068 max=4497
[M9 tools] rotate=25 reverse=20 copy_track=22 clear_track=13 duplicate=21 euclidean=12 randomize=16 mutate=13 reroll=13 blocks=138 dense_blocks=61 max=4497
[M20 page] page=0 frames=10 render_us=151640 dirty_bytes=768000
[M20 page] page=1 frames=9 render_us=159105 dirty_bytes=768000
[M20 page] page=2 frames=5 render_us=157704 dirty_bytes=768000
[M20 page] page=3 frames=1 render_us=156523 dirty_bytes=768000
[M20 page] page=4 frames=16 render_us=158283 dirty_bytes=768000
[M20 page] page=5 frames=4 render_us=158622 dirty_bytes=768000
[M20 page] page=6 frames=4 render_us=156319 dirty_bytes=768000
[M20 page] page=7 frames=14 render_us=163503 dirty_bytes=768000
[M20 page] page=8 frames=15 render_us=152891 dirty_bytes=768000
[M20 page] page=9 frames=12 render_us=150434 dirty_bytes=768000
[M20 page] page=10 frames=1 render_us=147479 dirty_bytes=768000
[M20 page] page=11 frames=1 render_us=152805 dirty_bytes=768000
[M20 page] page=12 frames=1 render_us=151615 dirty_bytes=768000
[M20 page] page=13 frames=1 render_us=146588 dirty_bytes=768000
[M20 page] page=14 frames=19 render_us=152894 dirty_bytes=768000
[M20 page] page=15 frames=12 render_us=163873 dirty_bytes=768000
[M20 page] page=16 frames=2 render_us=146848 dirty_bytes=768000
[M20 page] page=17 frames=1 render_us=158207 dirty_bytes=768000
[M20 page] page=18 frames=1 render_us=152307 dirty_bytes=768000
[M20 updates] slider_us=58933 slider_bytes=49152 playhead_us=54224 playhead_bytes=24576 interval_us=183629
[M5 UI] seconds=80.264 submitted=1433 completed=1433 dirty_avg=181017 dirty_max=768000 full=129 preparation_max_us=163873 touch_errors=0 rejected=0 pads=3 steps=6 drags=84 pages=18 transport=0 bpm=0 skipped=328
[M7 patterns] switches=197 loops=432 selections=25 copies=3 clears=3 lengths=15 solos=6 mutes=6 normal_frames=1304 dirty_avg=122949 dirty_max=544768 pattern_bytes=3106 command_bytes=12
[M7 applied] long_to_short=1 short_to_long=1 queue_replacements=3 copies=2 clears=6 lengths=53 solos=4 mutes=4 steps=6
[M9 UI] entries=3 copies=3 randomize=6 cell_max=16 edit_full=0
[M12 UI] entries=7 edits=51 widgets_max=6 edit_full=0
[M11 UI] entries=9 edits=66 widgets_max=1 edit_full=0
[M10 UI] entries=11 edits=61 widgets_max=6 edit_full=0
[M13 UI] entries=0 edits=0 widgets_max=0 edit_full=0
[M14 UI] entries=0 edits=0 edit_full=0 waveform_first_us=0 waveform_redraw_max_us=0 slice_redraw_max_us=0 build_count=0 build_max_us=0 large_us=0 cache_bytes=1440 page_max_us=0 drag_dirty_max=0
[M5 memory] ps_before=26427944 ps_after=26427944 internal_before=242780 internal_after=242780 largest_before=26214388 largest_after=26214388
