ESP-ROM:esp32p4-eco2-20240710
Build:Jul 10 2024
rst:0x17 (CHIP_USB_UART_RESET),boot:0x30f (SPI_FAST_FLASH_BOOT)
Core0 Saved PC:0x4ff095f0
Core1 Saved PC:0x4ff02d26
SPI mode:DIO, clock div:1
load:0x4ff33ce0,len:0x11dc
load:0x4ff29ed0,len:0xccc
load:0x4ff2cbd0,len:0x3568
entry 0x4ff29ed0
PSRAM PRE DELAY: 31246012
PSRAM POST DELAY: 30885556
[AUDIO] I2C init OK
[AUDIO] ES8311 found at 0x18
[AUDIO] I2S init 44100/16 OK, MCLK=11289600 Hz
[AUDIO] ES8311 playback configured (capture serial port disabled)
[AUDIO] PA GPIO11 enabled
[M6 budget] total=33554432 display=2304000 fx_delay=352800 samples=0 reserve=4194304 free=30779004 largest=30408692 internal=299684
E (2494) sdmmc_common: sdmmc_init_ocr: send_op_cond (1) returned 0x107
E (2495) vfs_fat_sdmmc: sdmmc_card_init failed (0x107).
[   809][E][SD_MMC.cpp:307] begin(): Failed to initialize the card (0x107). Make sure SD card lines have pull-up resistors in place.
[M6 SD] mounted=0 width=4 clock_khz=20000 mount_us=261818 capacity=0 status=NO CARD / MOUNT ERROR
[M5] blocks=10337 p50=3527 p95=4120 p99=4224 max=4408 misses=0 failures=0 timeouts=0 peak=7050 nonzero=5235372 rails=0 active_min=0 active_max=16
[M8 groove] parents=7457 passed=6843 skipped=614 ratchets=19227 pending_max=48 velocity_min=1 velocity_max=127 swing_changes=8
[M8 worst] blocks=2068 bpm=240 voices=16 ratchet=4 swing=50 delay=1 max=4408 triggers=12304 triggers_per_second=1024
[MEM] M8 after 60s PSRAM total=33554432 free=30779004 largest=30408692 internal_free=298676
[M10 locks] locked=6803 unlocked=40 pitch=6764 volume=6718 pan=6757 wave=6764 pattern_bytes=3106 bank_bytes=49696 engine_bytes=52160
[M11 tone] cutoff=568 resonance=564 send=568 cutoff_min=0 cutoff_max=127 resonance_min=0 resonance_max=127 send_min=0 send_max=127 blocks=559 max=4399 dense=2068 dense_max=4408
[M12 locks] cutoff=6764 resonance=6755 send=6766 coefficients=7134 avoided=20376 send_changes=6991 coefficient_blocks=641 coefficient_max=4399 edit_blocks=187 edit_max=4332 commands=126 step_bytes=9 event_bytes=20 voice_bytes=384 idle_residue=0
[M17 chain] starts=4 advances=156 repeats=22 loops=3 stops=0 switches=155 min_length=1 max_length=6 boundary_max=4341 seen=4294967295 entry_bytes=2 chain_bytes=66 engine_bytes=52160
[M17 UI] entries=18 edits=10 rows=9 scrolls=2
[M16 project] state_bytes=53192 file_bytes=52704 snapshot_blocks=51 snapshot_max=4200 apply_blocks=312 apply_max=1981 fixtures=3 fixture_errors=0 dirty=1 physical_pending=1
[M13 dense] blocks=2068 active_min=0
[M13 playback] triggers=0 reverse=0 gate=0 releases=0 ends=0 choke_ops=0 choked=0 retriggers=0 region_min=0 region_max=0 max=4408 choke_max=0 retrigger_max=0 voice_bytes=64 track_bytes=116 event_bytes=20
[M15 locks] locked=0 unlocked=0 unsliced=0 requested_min=0 requested_max=0 resolved_min=0 resolved_max=0 clamped=0 edits=0 ui_edits=0 align=1 requested_seen=0 resolved_seen=0
[M14 slices] triggers=0 auditions=0 index_min=0 index_max=0 frames_min=0 frames_max=0 active_changes=0 divides=0 adds=0 deletes=0 resets=0 edit_blocks=0 edit_max=0 slice_bytes=4 bank_bytes=66 sample_bytes=1556
[M10 worst] blocks=2068 max=4408
[M9 tools] rotate=25 reverse=22 copy_track=23 clear_track=14 duplicate=20 euclidean=13 randomize=16 mutate=15 reroll=14 blocks=144 dense_blocks=55 max=4408
[M5 UI] seconds=63.079 submitted=1021 completed=1021 dirty_avg=154382 dirty_max=768000 full=77 preparation_max_us=164094 touch_errors=0 rejected=0 pads=3 steps=8 drags=51 pages=19 transport=0 bpm=0 skipped=163
[M7 patterns] switches=171 loops=220 selections=24 copies=4 clears=4 lengths=16 solos=8 mutes=8 normal_frames=944 dirty_avg=104331 dirty_max=501760 pattern_bytes=3106 command_bytes=12
[M7 applied] long_to_short=1 short_to_long=1 queue_replacements=3 copies=4 clears=6 lengths=48 solos=7 mutes=7 steps=8
[M9 UI] entries=2 copies=2 randomize=4 cell_max=16 edit_full=0
[M12 UI] entries=8 edits=36 widgets_max=6 edit_full=0
[M11 UI] entries=7 edits=41 widgets_max=1 edit_full=0
[M10 UI] entries=12 edits=46 widgets_max=6 edit_full=0
[M13 UI] entries=0 edits=0 widgets_max=0 edit_full=0
[M14 UI] entries=0 edits=0 edit_full=0 waveform_first_us=0 waveform_redraw_max_us=0 slice_redraw_max_us=0 build_count=0 build_max_us=0 large_us=0 cache_bytes=1440 page_max_us=0 drag_dirty_max=0
[M5 memory] ps_before=30779004 ps_after=30779004 internal_before=298676 internal_after=298676 largest_before=30408692 largest_after=30408692
