ESP-ROM:esp32p4-eco2-20240710
Build:Jul 10 2024
rst:0x17 (CHIP_USB_UART_RESET),boot:0x30c (SPI_FAST_FLASH_BOOT)
Core0 Saved PC:0x4ff02cca
Core1 Saved PC:0x4ff02cca
SPI mode:DIO, clock div:1
load:0x4ff33ce0,len:0x11dc
load:0x4ff29ed0,len:0xccc
load:0x4ff2cbd0,len:0x3568
entry 0x4ff29ed0
[M41 SELECT] send L for 60-second NativeDirty run, otherwise short reference/alternatives/transitions; selection window 5 seconds
[MEM] M41 before display PSRAM total=33554432 free=33551856 largest=33030132 internal_free=523808
[M41] display_begin=ESP_OK pipeline=FullPpa fence=2
[MEM] M41 after display PSRAM total=33554432 free=31246628 largest=30932980 internal_free=522092
[M41] touch=ESP_OK address=0x5d id=911
[MEM] M41 after touch PSRAM total=33554432 free=31245360 largest=30932980 internal_free=521888
PSRAM PRE DELAY: 31245360
PSRAM POST DELAY: 30884904
[MEM] M41 after Delay PSRAM total=33554432 free=30884904 largest=30408692 internal_free=521888
[AUDIO] I2C init OK
[AUDIO] I2S init 44100/16 OK, MCLK=11289600 Hz
[AUDIO] ES8311 playback configured (capture serial port disabled)
[AUDIO] PA GPIO11 enabled
[M41] audio_begin=ESP_OK shared_bus_unchanged=1 voices=16 Delay=88200 rate=44100 frames=256
[MEM] M41 tasks transport and capture storage live PSRAM total=33554432 free=30855668 largest=30408692 internal_free=516308
[M41 READY] SHORT 14 windows: three pipelines plus five transitions audio starts after this message; no serial output until stopped
[MEM] M41 after stress before audio shutdown PSRAM total=33554432 free=30855668 largest=30408692 internal_free=507740
[M41] phase=0 name=PPA_STATIC audio_core=0 audio_priority=24 ui_core=0 ui_priority=2 touch_core=1 touch_priority=3 window_s=2.984956
[M41] blocks=517 active_min=16 active_max=16 render_misses=0 write_errors=0 timeouts=0 nonzero=132278 silent=0 rails=0 peak_L=4725 peak_R=6074
[M41] raw phase=0 block=0 us=3917,3131,3087,3155,3147,3162,3156,3152,3162,3150,3156,3158,3147,3169,3147,3154
[M41] raw phase=0 block=16 us=3156,3148,3158,3154,3160,3150,3155,3153,3156,3168,3158,3166,3154,3154,3160,3155
[M41] raw phase=0 block=32 us=3160,3158,3149,3154,3167,3165,3149,3164,3151,3158,3158,3147,3159,3145,3162,3158
[M41] raw phase=0 block=48 us=3152,3169,3169,3178,3157,3163,3152,3153,3173,3152,3163,3158,3160,3163,3151,3163
[M41] raw phase=0 block=64 us=3155,3153,3154,3155,3165,3158,3170,3151,3159,3167,3153,3163,3159,3159,3155,3162
[M41] raw phase=0 block=80 us=3174,3159,3178,3161,3161,3159,3153,3170,3155,3165,3160,3159,3173,3166,3171,3156
[M41] raw phase=0 block=96 us=3163,3162,3157,3168,3162,3170,3153,3153,3161,3159,3169,3159,3154,3159,3165,3165
[M41] raw phase=0 block=112 us=3160,3182,3163,3164,3165,3164,3167,3152,3162,3153,3151,3171,3157,3163,3153,3162
[M41] raw phase=0 block=128 us=3164,3155,3170,3157,3163,3165,3153,3160,3156,3168,3163,3154,3156,3154,3169,3157
[M41] raw phase=0 block=144 us=3167,3156,3162,3170,3160,3176,3156,3162,3153,3161,3174,3151,3171,3154,3159,3157
[M41] raw phase=0 block=160 us=3160,3168,3157,3172,3171,3159,3156,3163,3165,3163,3165,3155,3156,3171,3161,3165
[M41] raw phase=0 block=176 us=3154,3165,3160,3177,3168,3166,3162,3152,3160,3162,3151,3177,3154,3152,3164,3154
[M41] raw phase=0 block=192 us=3170,3151,3169,3164,3153,3152,3153,3161,3157,3170,3157,3154,3177,3159,3167,3159
[M41] raw phase=0 block=208 us=3158,3173,3171,3176,3159,3169,3152,3160,3162,3157,3167,3153,3160,3160,3163,3168
[M41] raw phase=0 block=224 us=3170,3170,3159,3164,3159,3160,3168,3158,3161,3154,3156,3168,3159,3165,3157,3159
[M41] raw phase=0 block=240 us=3159,3177,3175,3163,3171,3163,3158,3166,3151,3166,3151,3165,3150,3151,3164,3151
[M41] raw phase=0 block=256 us=3172,3154,3159,3156,3156,3171,3153,3162,3158,3159,3169,3157,3172,3158,3156,3154
[M41] raw phase=0 block=272 us=3161,3169,3167,3168,3158,3171,3169,3154,3162,3164,3164,3154,3160,3166,3157,3174
[M41] raw phase=0 block=288 us=3156,3155,3154,3158,3173,3157,3166,3154,3154,3176,3164,3169,3154,3162,3159,3155
[M41] raw phase=0 block=304 us=3170,3154,3176,3157,3157,3178,3154,3165,3152,3159,3152,3165,3167,3152,3175,3153
[M41] raw phase=0 block=320 us=3155,3161,3153,3174,3158,3163,3153,3150,3168,3154,3166,3158,3159,3164,3156,3168
[M41] raw phase=0 block=336 us=3156,3168,3173,3162,3168,3166,3167,3153,3150,3146,3144,3155,3147,3165,3145,3145
[M41] raw phase=0 block=352 us=3148,3147,3163,3155,3155,3146,3151,3163,3145,3161,3144,3147,3152,3145,3156,3148
[M41] raw phase=0 block=368 us=3160,3157,3161,3172,3161,3160,3151,3154,3149,3146,3162,3153,3163,3153,3146,3144
[M41] raw phase=0 block=384 us=3149,3158,3146,3155,3144,3144,3164,3151,3172,3159,3163,3172,3157,3174,3158,3163
[M41] raw phase=0 block=400 us=3156,3150,3152,3154,3164,3162,3151,3152,3156,3172,3158,3167,3162,3158,3153,3164
[M41] raw phase=0 block=416 us=3161,3152,3167,3151,3161,3162,3154,3165,3155,3164,3154,3164,3170,3164,3164,3158
[M41] raw phase=0 block=432 us=3159,3156,3158,3179,3161,3163,3158,3155,3167,3162,3175,3154,3157,3160,3158,3163
[M41] raw phase=0 block=448 us=3153,3171,3168,3165,3169,3157,3172,3162,3162,3157,3154,3174,3164,3165,3155,3154
[M41] raw phase=0 block=464 us=3154,3153,3168,3152,3160,3160,3155,3164,3166,3165,3153,3160,3158,3164,3162,3153
[M41] raw phase=0 block=480 us=3162,3153,3167,3168,3156,3167,3163,3165,3153,3166,3177,3160,3180,3157,3152,3152
[M41] raw phase=0 block=496 us=3154,3173,3158,3173,3154,3154,3163,3153,3166,3161,3163,3155,3159,3174,3151,3162
[M41] raw phase=0 block=512 us=3157,3163,3166,3159,3166
[M41] render min=3087 avg=3161.34 p50=3159 p95=3174 p99=3178 max=3917 headroom_worst_us=1887.989
[M41] UI requested_fps=0 frames=0 achieved_fps=0.000 skipped=0 errors=0 pages=0
[M41] part=repair avg=0.00 max=0
[M41] part=draw avg=0.00 max=0
[M41] part=ppa avg=0.00 max=0
[M41] part=cache avg=0.00 max=0
[M41] part=submit avg=0.00 max=0
[M41] part=wait avg=0.00 max=0
[M41] part=present avg=0.00 max=0
[M41] part=total avg=0.00 max=0
[M41] part=dirty_bytes avg=0.00 max=0
[M41] part=repair_bytes avg=0.00 max=0
[M41] part=cache_span_bytes avg=0.00 max=0
[M41] touch polls=299 hz=100.169 errors=0 presses=0 releases=0 drags=0 activity_blocks=0 activity_misses=0
[M41] memory ps_before=30855668 ps_after=30855668 largest_before=30408692 largest_after=30408692 internal_before=507740 internal_after=507740
[M41] phase=1 name=PPA_LIGHT audio_core=0 audio_priority=24 ui_core=0 ui_priority=2 touch_core=1 touch_priority=3 window_s=3.001119
[M41] blocks=517 active_min=16 active_max=16 render_misses=0 write_errors=0 timeouts=0 nonzero=132288 silent=0 rails=0 peak_L=4757 peak_R=6035
[M41] raw phase=1 block=0 us=3112,3915,3789,3872,3973,3848,3977,3918,3726,3848,3937,3894,3891,3217,3160,3194
[M41] raw phase=1 block=16 us=3176,3166,3169,3158,3159,3785,3261,3183,3198,3181,3168,3156,3174,3171,3887,3197
[M41] raw phase=1 block=32 us=3208,3161,3157,3166,3162,3179,3357,3597,3178,3191,3180,3167,3165,3162,3170,3915
[M41] raw phase=1 block=48 us=3197,3210,3164,3158,3171,3162,3167,3165,3863,3187,3188,3167,3165,3172,3165,3167
[M41] raw phase=1 block=64 us=3833,3184,3205,3161,3169,3167,3159,3160,3167,3893,3190,3197,3160,3158,3177,3159
[M41] raw phase=1 block=80 us=3175,3839,3187,3209,3159,3173,3165,3171,3168,3167,3849,3199,3198,3168,3158,3156
[M41] raw phase=1 block=96 us=3162,3168,3790,3228,3183,3199,3162,3174,3167,3160,3176,3832,3197,3215,3163,3165
[M41] raw phase=1 block=112 us=3158,3161,3162,3688,3325,3177,3205,3173,3179,3164,3161,3179,3835,3210,3196,3156
[M41] raw phase=1 block=128 us=3171,3169,3178,3159,3263,3685,3193,3205,3158,3171,3159,3164,3175,3889,3214,3197
[M41] raw phase=1 block=144 us=3158,3160,3164,3169,3162,3178,3831,3198,3189,3164,3168,3165,3167,3169,3833,3213
[M41] raw phase=1 block=160 us=3208,3169,3159,3166,3163,3171,3177,3841,3209,3188,3168,3167,3155,3166,3151,3837
[M41] raw phase=1 block=176 us=3178,3196,3166,3152,3176,3154,3153,3161,3856,3203,3182,3162,3153,3151,3162,3153
[M41] raw phase=1 block=192 us=3865,3185,3168,3183,3161,3175,3158,3166,3162,3829,3202,3186,3161,3154,3157,3152
[M41] raw phase=1 block=208 us=3155,3638,3332,3180,3186,3160,3161,3156,3177,3162,3884,3192,3206,3180,3170,3179
[M41] raw phase=1 block=224 us=3161,3158,3204,3700,3205,3192,3177,3159,3157,3174,3167,3895,3196,3210,3164,3158
[M41] raw phase=1 block=240 us=3178,3158,3176,3157,3809,3188,3188,3176,3163,3169,3161,3170,3873,3185,3212,3160
[M41] raw phase=1 block=256 us=3163,3172,3157,3167,3168,3891,3198,3191,3171,3160,3170,3161,3165,3844,3187,3186
[M41] raw phase=1 block=272 us=3165,3176,3164,3158,3162,3165,3893,3189,3207,3164,3159,3173,3165,3174,3837,3255
[M41] raw phase=1 block=288 us=3177,3195,3171,3168,3165,3168,3167,3900,3202,3208,3168,3162,3157,3167,3172,3474
[M41] raw phase=1 block=304 us=3444,3182,3192,3161,3167,3170,3160,3189,3847,3186,3213,3159,3169,3165,3161,3167
[M41] raw phase=1 block=320 us=3176,3818,3191,3201,3162,3161,3167,3161,3179,3859,3211,3200,3160,3168,3176,3180
[M41] raw phase=1 block=336 us=3167,3157,3869,3188,3198,3162,3170,3156,3165,3175,3827,3220,3201,3161,3163,3170
[M41] raw phase=1 block=352 us=3169,3162,3179,3871,3177,3187,3160,3169,3166,3169,3158,3826,3206,3192,3200,3159
[M41] raw phase=1 block=368 us=3170,3161,3168,3175,3825,3215,3195,3169,3170,3158,3175,3159,3749,3244,3182,3214
[M41] raw phase=1 block=384 us=3166,3187,3161,3159,3169,3857,3221,3200,3168,3158,3158,3168,3164,3344,3542,3168
[M41] raw phase=1 block=400 us=3199,3167,3181,3159,3168,3173,3869,3212,3198,3171,3158,3173,3156,3160,3177,3839
[M41] raw phase=1 block=416 us=3224,3193,3164,3156,3162,3177,3170,3898,3194,3204,3176,3164,3177,3164,3160,3168
[M41] raw phase=1 block=432 us=3832,3249,3191,3177,3161,3166,3176,3161,3875,3184,3217,3162,3160,3179,3166,3183
[M41] raw phase=1 block=448 us=3167,3851,3190,3188,3174,3162,3169,3167,3164,3865,3197,3181,3194,3164,3176,3162
[M41] raw phase=1 block=464 us=3172,3168,3869,3189,3202,3172,3164,3168,3159,3170,3733,3251,3179,3200,3189,3173
[M41] raw phase=1 block=480 us=3162,3166,3173,3889,3199,3204,3165,3159,3173,3159,3173,3271,3657,3182,3196,3173
[M41] raw phase=1 block=496 us=3169,3166,3166,3165,3881,3177,3209,3166,3159,3165,3167,3167,3159,3889,3190,3194
[M41] raw phase=1 block=512 us=3162,3164,3176,3157,3175
[M41] render min=3112 avg=3266.09 p50=3173 p95=3869 p99=3915 max=3977 headroom_worst_us=1827.989
[M41] UI requested_fps=30 frames=60 achieved_fps=19.993 skipped=31 errors=0 pages=1
[M41] part=repair avg=13.02 max=21
[M41] part=draw avg=3621.72 max=66187
[M41] part=ppa avg=16515.35 max=21230
[M41] part=cache avg=0.00 max=0
[M41] part=submit avg=28.50 max=36
[M41] part=wait avg=30518.73 max=34807
[M41] part=present avg=47065.13 max=50918
[M41] part=total avg=50708.75 max=117130
[M41] part=dirty_bytes avg=768000.00 max=768000
[M41] part=repair_bytes avg=0.00 max=0
[M41] part=cache_span_bytes avg=0.00 max=0
[M41] touch polls=300 hz=99.963 errors=0 presses=0 releases=0 drags=0 activity_blocks=0 activity_misses=0
[M41] memory ps_before=30855668 ps_after=30855668 largest_before=30408692 largest_after=30408692 internal_before=507740 internal_after=507740
[M41] phase=2 name=PPA_HEAVY audio_core=0 audio_priority=24 ui_core=0 ui_priority=2 touch_core=1 touch_priority=3 window_s=3.001063
[M41] blocks=517 active_min=16 active_max=16 render_misses=0 write_errors=0 timeouts=0 nonzero=132287 silent=0 rails=0 peak_L=4757 peak_R=6035
[M41] raw phase=2 block=0 us=3760,3131,3150,3135,3166,3158,3153,3158,3161,4030,3846,3961,3855,3850,3965,3867
[M41] raw phase=2 block=16 us=3909,3741,3834,3877,3904,3902,3889,3938,3871,3880,3911,3879,3952,3853,3952,3859
[M41] raw phase=2 block=32 us=3875,3859,3201,3178,3194,3156,3157,3163,3165,3153,3168,3971,3851,3915,3868,3938
[M41] raw phase=2 block=48 us=3873,3916,3882,3900,3934,3889,3974,3873,3660,3186,3198,3177,3159,3171,3164,3952
[M41] raw phase=2 block=64 us=3927,3867,3919,3875,3884,3890,3872,3972,3857,3928,3894,3878,3574,3185,3200,3179
[M41] raw phase=2 block=80 us=3169,3157,3170,4034,3851,3941,3848,3846,3961,3856,3949,3903,3926,3866,3914,3936
[M41] raw phase=2 block=96 us=3575,3203,3189,3183,3161,3160,3175,3981,3887,3910,3872,3881,3895,3938,3878,3938
[M41] raw phase=2 block=112 us=3851,3900,3959,3890,3663,3184,3186,3169,3167,3174,3156,4039,3820,3900,3897,3898
[M41] raw phase=2 block=128 us=3964,3851,3903,3939,3882,3964,3887,3952,3599,3186,3188,3165,3177,3164,3186,3952
[M41] raw phase=2 block=144 us=3836,3962,3863,3982,3874,3877,3921,3915,3929,3876,3971,3852,3480,3190,3197,3181
[M41] raw phase=2 block=160 us=3161,3167,3230,3961,3920,3887,3927,3857,3914,3937,3898,3996,3891,3875,3898,3836
[M41] raw phase=2 block=176 us=3295,3182,3208,3168,3168,3173,3571,3992,3864,3972,3841,3899,3952,3898,3964,3890
[M41] raw phase=2 block=192 us=3889,3818,3902,3893,3296,3193,3194,3159,3163,3164,3720,3922,3968,3886,3858,3945
[M41] raw phase=2 block=208 us=3895,3973,3882,3919,3928,3839,3950,3817,3251,3182,3186,3168,3163,3176,3700,3956
[M41] raw phase=2 block=224 us=3876,3928,3919,3885,4008,3881,3908,3898,3879,3895,3894,3840,3200,3178,3203,3157
[M41] raw phase=2 block=240 us=3169,3158,3868,3920,3871,3968,3869,3912,3907,3875,3916,3892,3926,3852,3922,3660
[M41] raw phase=2 block=256 us=3193,3181,3196,3180,3161,3165,4019,3869,3935,3910,3944,3860,3879,3914,3897,3920
[M41] raw phase=2 block=272 us=3889,3827,3912,3728,3204,3197,3170,3162,3161,3163,3981,3874,3879,3913,3866,3887
[M41] raw phase=2 block=288 us=3957,3887,3904,3886,3845,3949,3874,3623,3176,3208,3159,3165,3172,3173,4047,3839
[M41] raw phase=2 block=304 us=3864,3922,3886,3954,3879,3917,3861,3879,3943,3871,3928,3567,3199,3203,3160,3167
[M41] raw phase=2 block=320 us=3166,3180,3982,3850,3930,3897,3932,3888,3934,3854,3885,3903,3881,3941,3860,3633
[M41] raw phase=2 block=336 us=3169,3195,3189,3164,3176,3167,3973,3888,3865,3939,3859,3935,3833,3900,3922,3850
[M41] raw phase=2 block=352 us=3941,3871,3881,3567,3171,3200,3160,3163,3150,3167,4020,3845,3885,3862,3871,3913
[M41] raw phase=2 block=368 us=3847,3919,3895,3943,3845,3878,3925,3538,3199,3192,3178,3156,3160,3179,3977,3889
[M41] raw phase=2 block=384 us=3850,3859,3904,3865,3928,3859,3927,3866,3888,3988,3859,3578,3174,3204,3165,3157
[M41] raw phase=2 block=400 us=3177,3162,4041,3830,3877,3914,3849,3960,3873,3974,3854,3884,3965,3907,3943,3563
[M41] raw phase=2 block=416 us=3173,3202,3165,3164,3164,3178,3971,3839,3940,3865,3944,3880,3886,3877,3900,3901
[M41] raw phase=2 block=432 us=3886,3977,3882,3675,3191,3203,3181,3160,3171,3167,3963,3913,3874,3928,3844,3857
[M41] raw phase=2 block=448 us=3937,3876,3982,3849,3956,3886,3902,3540,3171,3214,3182,3165,3164,3164,4034,3843
[M41] raw phase=2 block=464 us=3942,3853,3859,3943,3884,3955,3908,3936,3896,3895,3953,3635,3206,3199,3167,3164
[M41] raw phase=2 block=480 us=3162,3175,3976,3883,3874,3878,3910,3907,3956,3883,3948,3869,3870,3962,3882,3619
[M41] raw phase=2 block=496 us=3173,3196,3165,3164,3176,3190,3999,3839,3904,3930,3886,3976,3882,3882,3932,3888
[M41] raw phase=2 block=512 us=3929,3901,3934,3475,3172
[M41] render min=3131 avg=3671.51 p50=3871 p95=3973 p99=4030 max=4047 headroom_worst_us=1757.989
[M41] UI requested_fps=10 frames=25 achieved_fps=8.330 skipped=4 errors=0 pages=1
[M41] part=repair avg=11.24 max=15
[M41] part=draw avg=80015.60 max=141517
[M41] part=ppa avg=16808.80 max=21379
[M41] part=cache avg=0.00 max=0
[M41] part=submit avg=29.96 max=35
[M41] part=wait avg=21921.52 max=34773
[M41] part=present avg=38763.28 max=55797
[M41] part=total avg=118800.24 max=197341
[M41] part=dirty_bytes avg=768000.00 max=768000
[M41] part=repair_bytes avg=0.00 max=0
[M41] part=cache_span_bytes avg=0.00 max=0
[M41] touch polls=300 hz=99.965 errors=0 presses=0 releases=0 drags=0 activity_blocks=0 activity_misses=0
[M41] memory ps_before=30855668 ps_after=30855668 largest_before=30408692 largest_after=30408692 internal_before=507740 internal_after=507740
[M41] phase=3 name=NATIVE_FULL_STATIC audio_core=0 audio_priority=24 ui_core=0 ui_priority=2 touch_core=1 touch_priority=3 window_s=3.001092
[M41] blocks=517 active_min=16 active_max=16 render_misses=0 write_errors=0 timeouts=0 nonzero=132287 silent=0 rails=0 peak_L=4757 peak_R=6035
[M41] raw phase=3 block=0 us=3143,3112,3114,3138,3176,3167,3169,3174,3170,3170,3159,3164,3170,3169,3170,3170
[M41] raw phase=3 block=16 us=3171,3158,3169,3170,3160,3167,3161,3168,3158,3159,3171,3163,3183,3164,3160,3162
[M41] raw phase=3 block=32 us=3168,3178,3157,3175,3164,3170,3178,3161,3171,3158,3160,3166,3162,3161,3152,3164
[M41] raw phase=3 block=48 us=3152,3167,3162,3158,3175,3158,3164,3161,3157,3161,3155,3174,3154,3154,3153,3158
[M41] raw phase=3 block=64 us=3174,3158,3164,3153,3159,3181,3167,3167,3160,3152,3151,3159,3165,3154,3163,3154
[M41] raw phase=3 block=80 us=3156,3166,3154,3167,3157,3166,3163,3153,3164,3159,3173,3155,3168,3160,3158,3175
[M41] raw phase=3 block=96 us=3158,3173,3154,3159,3172,3163,3173,3159,3160,3158,3160,3173,3158,3170,3157,3153
[M41] raw phase=3 block=112 us=3165,3154,3163,3152,3155,3152,3156,3168,3155,3168,3155,3161,3160,3156,3176,3154
[M41] raw phase=3 block=128 us=3168,3161,3156,3175,3161,3174,3162,3156,3158,3152,3161,3157,3165,3160,3150,3170
[M41] raw phase=3 block=144 us=3155,3168,3165,3155,3159,3164,3171,3163,3170,3151,3157,3158,3160,3169,3152,3163
[M41] raw phase=3 block=160 us=3155,3158,3170,3163,3170,3161,3165,3164,3158,3168,3155,3164,3151,3144,3143,3149
[M41] raw phase=3 block=176 us=3159,3153,3145,3147,3155,3156,3151,3163,3146,3144,3151,3151,3154,3148,3157,3144
[M41] raw phase=3 block=192 us=3149,3157,3150,3162,3149,3151,3152,3151,3163,3151,3155,3162,3145,3144,3149,3162
[M41] raw phase=3 block=208 us=3158,3161,3145,3147,3155,3154,3158,3143,3144,3145,3160,3168,3161,3169,3165,3171
[M41] raw phase=3 block=224 us=3173,3153,3170,3153,3158,3150,3153,3164,3152,3177,3152,3154,3154,3158,3164,3155
[M41] raw phase=3 block=240 us=3169,3153,3156,3175,3160,3163,3156,3154,3152,3158,3165,3153,3167,3158,3166,3167
[M41] raw phase=3 block=256 us=3157,3167,3160,3163,3157,3155,3162,3160,3173,3155,3154,3154,3157,3173,3157,3168
[M41] raw phase=3 block=272 us=3157,3153,3169,3153,3167,3161,3156,3155,3164,3172,3155,3171,3158,3162,3171,3162
[M41] raw phase=3 block=288 us=3170,3152,3162,3151,3154,3162,3160,3168,3151,3164,3156,3157,3179,3154,3162,3160
[M41] raw phase=3 block=304 us=3154,3166,3151,3163,3153,3154,3163,3155,3167,3159,3174,3153,3160,3173,3163,3170
[M41] raw phase=3 block=320 us=3160,3154,3157,3161,3167,3153,3169,3154,3153,3161,3154,3178,3161,3169,3164,3156
[M41] raw phase=3 block=336 us=3174,3157,3165,3153,3162,3164,3155,3162,3158,3168,3161,3158,3166,3158,3178,3174
[M41] raw phase=3 block=352 us=3157,3155,3157,3163,3151,3168,3151,3153,3156,3156,3166,3153,3165,3153,3153,3171
[M41] raw phase=3 block=368 us=3155,3163,3154,3161,3159,3156,3173,3154,3168,3168,3154,3156,3157,3173,3167,3159
[M41] raw phase=3 block=384 us=3156,3152,3164,3164,3172,3153,3153,3160,3160,3176,3165,3164,3158,3158,3165,3156
[M41] raw phase=3 block=400 us=3167,3153,3152,3154,3154,3169,3155,3164,3168,3158,3155,3162,3171,3164,3172,3158
[M41] raw phase=3 block=416 us=3158,3162,3158,3161,3151,3152,3152,3155,3165,3153,3163,3157,3168,3161,3154,3171
[M41] raw phase=3 block=432 us=3155,3157,3157,3153,3168,3154,3167,3153,3155,3160,3157,3164,3162,3175,3160,3160
[M41] raw phase=3 block=448 us=3177,3163,3164,3161,3153,3157,3162,3162,3152,3168,3154,3160,3165,3154,3166,3157
[M41] raw phase=3 block=464 us=3166,3158,3152,3164,3161,3172,3153,3158,3154,3157,3170,3155,3167,3157,3168,3169
[M41] raw phase=3 block=480 us=3155,3165,3162,3153,3154,3164,3166,3151,3167,3155,3159,3169,3158,3166,3153,3161
[M41] raw phase=3 block=496 us=3153,3152,3165,3158,3174,3155,3162,3152,3158,3177,3162,3160,3165,3161,3181,3165
[M41] raw phase=3 block=512 us=3165,3152,3160,3158,3148
[M41] render min=3112 avg=3160.24 p50=3160 p95=3174 p99=3178 max=3183 headroom_worst_us=2621.989
[M41] UI requested_fps=0 frames=0 achieved_fps=0.000 skipped=0 errors=0 pages=0
[M41] part=repair avg=0.00 max=0
[M41] part=draw avg=0.00 max=0
[M41] part=ppa avg=0.00 max=0
[M41] part=cache avg=0.00 max=0
[M41] part=submit avg=0.00 max=0
[M41] part=wait avg=0.00 max=0
[M41] part=present avg=0.00 max=0
[M41] part=total avg=0.00 max=0
[M41] part=dirty_bytes avg=0.00 max=0
[M41] part=repair_bytes avg=0.00 max=0
[M41] part=cache_span_bytes avg=0.00 max=0
[M41] touch polls=300 hz=99.964 errors=0 presses=0 releases=0 drags=0 activity_blocks=0 activity_misses=0
[M41] memory ps_before=30855668 ps_after=30855668 largest_before=30408692 largest_after=30408692 internal_before=507740 internal_after=507740
[M41] phase=4 name=NATIVE_FULL_LIGHT audio_core=0 audio_priority=24 ui_core=0 ui_priority=2 touch_core=1 touch_priority=3 window_s=3.001110
[M41] blocks=517 active_min=16 active_max=16 render_misses=0 write_errors=0 timeouts=0 nonzero=132287 silent=0 rails=0 peak_L=4757 peak_R=6035
[M41] raw phase=4 block=0 us=311