ESP-ROM:esp32p4-eco2-20240710
Build:Jul 10 2024
rst:0x17 (CHIP_USB_UART_RESET),boot:0x30f (SPI_FAST_FLASH_BOOT)
Core0 Saved PC:0x4000aeac
Core1 Saved PC:0x4ff02d26
SPI mode:DIO, clock div:1
load:0x4ff33ce0,len:0x11dc
load:0x4ff29ed0,len:0xccc
load:0x4ff2cbd0,len:0x3568
entry 0x4ff29ed0
PSRAM PRE DELAY: 31246012
PSRAM POST DELAY: 30885556
[AUDIO] I2C init OK
[AUDIO] ES8311 found at 0x18
[AUDIO] I2S init 44100/16 OK, MCLK=11289600 Hz
[AUDIO] ES8311 playback configured (capture serial port disabled)
[AUDIO] PA GPIO11 enabled
[M13 fixture] voices=16 frames=65536 bytes=2097152 psram=1
[M6 budget] total=33554432 display=2304000 fx_delay=352800 samples=0 reserve=4194304 free=28722816 largest=28311540 internal=278196
E (3630) sdmmc_common: sdmmc_init_ocr: send_op_cond (1) returned 0x107
E (3631) vfs_fat_sdmmc: sdmmc_card_init failed (0x107).
[  1376][E][SD_MMC.cpp:307] begin(): Failed to initialize the card (0x107). Make sure SD card lines have pull-up resistors in place.
[M6 SD] mounted=0 width=4 clock_khz=20000 mount_us=260301 capacity=0 status=NO CARD / MOUNT ERROR
[M5] blocks=10337 p50=3053 p95=3308 p99=3378 max=3549 misses=0 failures=0 timeouts=0 peak=5201 nonzero=5289089 rails=0 active_min=1 active_max=16
[M8 groove] parents=15072 passed=13731 skipped=1341 ratchets=38572 pending_max=48 velocity_min=1 velocity_max=127 swing_changes=8
[M8 worst] blocks=2068 bpm=240 voices=16 ratchet=4 swing=50 delay=1 max=3549 triggers=12304 triggers_per_second=1024
[MEM] M8 after 60s PSRAM total=33554432 free=28722816 largest=28311540 internal_free=277188
[M10 locks] locked=13589 unlocked=142 pitch=13337 volume=13278 pan=13330 wave=0 pattern_bytes=3106 bank_bytes=49696 engine_bytes=52064
[M11 tone] cutoff=588 resonance=589 send=588 cutoff_min=0 cutoff_max=127 resonance_min=0 resonance_max=127 send_min=0 send_max=127 blocks=584 max=3549 dense=2068 dense_max=3549
[M12 locks] cutoff=13340 resonance=13326 send=13343 coefficients=14164 avoided=39716 send_changes=14127 coefficient_blocks=1143 coefficient_max=3535 edit_blocks=181 edit_max=3430 commands=143 step_bytes=9 event_bytes=20 voice_bytes=384 idle_residue=16
[M13 dense] blocks=2068 active_min=16
[M13 playback] triggers=52700 reverse=15996 gate=39393 releases=14738 ends=48 choke_ops=9113 choked=4650 retriggers=47602 region_min=1 region_max=65536 max=3549 choke_max=3507 retrigger_max=3549 voice_bytes=64 track_bytes=116 event_bytes=20
[M15 locks] locked=9980 unlocked=2764 unsliced=987 requested_min=0 requested_max=15 resolved_min=0 resolved_max=15 clamped=2483 edits=231 ui_edits=44 align=1 requested_seen=65535 resolved_seen=65535
[M14 slices] triggers=48965 auditions=22 index_min=0 index_max=15 frames_min=1 frames_max=65536 active_changes=46 divides=115 adds=23 deletes=22 resets=22 edit_blocks=387 edit_max=3458 slice_bytes=4 bank_bytes=66 sample_bytes=1556
[M10 worst] blocks=2068 max=3549
[M9 tools] rotate=28 reverse=22 copy_track=24 clear_track=14 duplicate=21 euclidean=14 randomize=17 mutate=15 reroll=15 blocks=149 dense_blocks=119 max=3549
[M5 UI] seconds=63.077 submitted=1357 completed=1357 dirty_avg=210707 dirty_max=768000 full=166 preparation_max_us=111269 touch_errors=0 rejected=0 pads=4 steps=8 drags=79 pages=22 transport=0 bpm=0 skipped=201
[M7 patterns] switches=8 loops=78 selections=28 copies=4 clears=4 lengths=16 solos=8 mutes=8 normal_frames=1191 dirty_avg=133033 dirty_max=502784 pattern_bytes=3106 command_bytes=12
[M7 applied] long_to_short=4 short_to_long=4 queue_replacements=12 copies=4 clears=4 lengths=15 solos=8 mutes=8 steps=8
[M9 UI] entries=3 copies=3 randomize=6 cell_max=16 edit_full=0
[M12 UI] entries=16 edits=45 widgets_max=8 edit_full=0
[M11 UI] entries=13 edits=37 widgets_max=1 edit_full=0
[M10 UI] entries=32 edits=97 widgets_max=8 edit_full=0
[M13 UI] entries=18 edits=38 widgets_max=3 edit_full=0
[M14 UI] entries=86 edits=261 edit_full=0 waveform_first_us=105252 waveform_redraw_max_us=17125 slice_redraw_max_us=66069 build_count=17 build_max_us=360068 large_us=360068 cache_bytes=1440 page_max_us=111260 drag_dirty_max=280576
[M5 memory] ps_before=28722816 ps_after=28722816 internal_before=277188 internal_after=277188 largest_before=28311540 largest_after=28311540
