ESP-ROM:esp32p4-eco2-20240710
Build:Jul 10 2024
rst:0x17 (CHIP_USB_UART_RESET),boot:0x30c (SPI_FAST_FLASH_BOOT)
Core0 Saved PC:0x40001fa4
Core1 Saved PC:0x4ff02cca
SPI mode:DIO, clock div:1
load:0x4ff33ce0,len:0x11dc
load:0x4ff29ed0,len:0xccc
load:0x4ff2cbd0,len:0x3568
entry 0x4ff29ed0
[M4] UI audio CPU=360 MHz native=480x800 logical=800x480 PPA_CCW=270 RGB565 native_fbs=2 logical_fbs=1
[MEM] before display PSRAM total=33554432 free=33551856 largest=33030132 internal_free=501624
[MEM] after display PSRAM total=33554432 free=31246628 largest=30932980 internal_free=499920
[M4] touch_begin=ESP_OK address=0x5d id=911 native=480x800
[MEM] after touch PSRAM total=33554432 free=31245360 largest=30932980 internal_free=499716
PSRAM PRE DELAY: 31245360
PSRAM POST DELAY: 30884904
[MEM] after Delay FX initialization PSRAM total=33554432 free=30884904 largest=30408692 internal_free=499716
[AUDIO] I2C init OK
[AUDIO] ES8311 found at 0x18
[AUDIO] I2S init 44100/16 OK, MCLK=11289600 Hz
[AUDIO] ES8311 playback configured (capture serial port disabled)
[AUDIO] PA GPIO11 enabled
[M4] audio_begin=ESP_OK shared_bus_unchanged=1 codec_probe=ESP_OK touch_probe=ESP_OK
[M4 READY] 6 stages A/B/C UI core1 then core0; audio core0 priority24; 16 voices plus original Delay; 517 blocks each; touch100Hz UI30FPS
[MEM] combined running before measurement PSRAM total=33554432 free=30884856 largest=30408692 internal_free=485544
[MEM] after UI audio stress before shutdown PSRAM total=33554432 free=30884856 largest=30408692 internal_free=485544
[M4] heap_loss psram=0 internal=0 workers_done=7 audio_shutdown=ESP_OK drain_errors=0
[M4] stage=0 mode=A_STATIC audio_core=0 audio_priority=24 ui_core=1 ui_priority=2 touch_core=1 touch_priority=3
[M4] blocks=517 active_min=16 active_max=16 render_misses=0 cycle_misses=186 write_failures=0 timeouts=0
[M4] raw stage=0 block=0 us=3661,2883,2862,2893,2916,2914,2914,2919,2909,2921,2914,2914,2916,2912,2920,2917
[M4] raw stage=0 block=16 us=2914,2917,2915,2917,2919,2919,2917,2919,2922,2917,2918,2922,2918,2923,2916,2915
[M4] raw stage=0 block=32 us=2920,2914,2920,2922,2920,2919,2918,2918,2918,2917,2916,2916,2914,2916,2920,2918
[M4] raw stage=0 block=48 us=2923,2912,2917,2916,2916,2916,2910,2916,2915,2918,2918,2914,2918,2926,2926,2923
[M4] raw stage=0 block=64 us=2926,2918,2916,2917,2919,2922,2918,2917,2918,2915,2919,2917,2916,2919,2920,2925
[M4] raw stage=0 block=80 us=2915,2918,2916,2920,2925,2913,2919,2920,2925,2917,2913,2920,2923,2922,2922,2914
[M4] raw stage=0 block=96 us=2928,2926,2920,2918,2927,2924,2923,2917,2918,2920,2918,2921,2921,2922,2926,2923
[M4] raw stage=0 block=112 us=2924,2918,2918,2919,2915,2920,2918,2917,2918,2909,2917,2916,2919,2923,2917,2917
[M4] raw stage=0 block=128 us=2923,2919,2919,2910,2921,2917,2923,2921,2911,2922,2924,2921,2922,2924,2924,2925
[M4] raw stage=0 block=144 us=2925,2918,2917,2917,2922,2923,2923,2921,2923,2916,2919,2920,2921,2927,2932,2922
[M4] raw stage=0 block=160 us=2918,2920,2914,2917,2921,2923,2919,2912,2922,2919,2916,2921,2917,2920,2926,2922
[M4] raw stage=0 block=176 us=2917,2911,2916,2918,2917,2917,2917,2917,2916,2917,2917,2915,2920,2924,2922,2919
[M4] raw stage=0 block=192 us=2922,2922,2919,2917,2916,2921,2918,2918,2917,2919,2920,2913,2919,2925,2924,2923
[M4] raw stage=0 block=208 us=2915,2919,2916,2920,2921,2911,2919,2920,2917,2923,2920,2922,2921,2920,2921,2920
[M4] raw stage=0 block=224 us=2919,2921,2919,2917,2919,2922,2919,2919,2920,2920,2916,2920,2919,2920,2925,2921
[M4] raw stage=0 block=240 us=2925,2916,2918,2921,2910,2918,2915,2914,2916,2911,2916,2919,2921,2919,2913,2917
[M4] raw stage=0 block=256 us=2919,2922,2920,2918,2920,2916,2918,2919,2917,2921,2923,2920,2924,2927,2923,2927
[M4] raw stage=0 block=272 us=2920,2920,2916,2920,2920,2919,2919,2918,2912,2917,2922,2920,2920,2920,2926,2922
[M4] raw stage=0 block=288 us=2919,2925,2912,2918,2920,2924,2920,2915,2920,2918,2915,2918,2920,2918,2921,2919
[M4] raw stage=0 block=304 us=2919,2922,2920,2917,2916,2918,2920,2918,2917,2917,2916,2918,2916,2923,2920,2920
[M4] raw stage=0 block=320 us=2922,2911,2924,2920,2918,2921,2913,2920,2916,2921,2920,2910,2921,2919,2921,2920
[M4] raw stage=0 block=336 us=2928,2918,2915,2918,2920,2916,2921,2919,2917,2911,2912,2913,2913,2920,2916,2919
[M4] raw stage=0 block=352 us=2920,2916,2915,2913,2917,2918,2913,2913,2911,2912,2904,2915,2914,2924,2919,2911
[M4] raw stage=0 block=368 us=2921,2912,2913,2915,2909,2915,2913,2915,2914,2906,2913,2913,2913,2914,2913,2916
[M4] raw stage=0 block=384 us=2916,2915,2913,2913,2922,2916,2913,2919,2919,2919,2919,2916,2919,2918,2917,2916
[M4] raw stage=0 block=400 us=2918,2915,2918,2911,2919,2925,2927,2921,2916,2918,2924,2918,2917,2913,2920,2915
[M4] raw stage=0 block=416 us=2917,2916,2910,2916,2915,2916,2919,2921,2921,2922,2918,2918,2920,2922,2919,2918
[M4] raw stage=0 block=432 us=2918,2920,2917,2920,2922,2926,2923,2927,2921,2920,2925,2918,2914,2919,2923,2924
[M4] raw stage=0 block=448 us=2918,2914,2921,2920,2917,2922,2916,2926,2924,2922,2919,2919,2919,2918,2921,2920
[M4] raw stage=0 block=464 us=2917,2916,2917,2915,2918,2923,2923,2924,2921,2920,2922,2918,2919,2923,2919,2922
[M4] raw stage=0 block=480 us=2917,2920,2920,2919,2922,2914,2920,2925,2924,2921,2909,2917,2919,2928,2920,2912
[M4] raw stage=0 block=496 us=2921,2920,2919,2926,2923,2928,2929,2929,2919,2917,2922,2915,2921,2921,2920,2922
[M4] raw stage=0 block=512 us=2918,2920,2920,2918,2920
[M4] render us min=2862 avg=2919.91 p50=2919 p95=2925 p99=2928 max=3661
[M4] write us min=23 avg=2812.82 p50=2848 p95=2854 p99=2857 max=2862
[M4] cycle us min=2922 avg=5770.24 p50=5804 p95=5806 p99=5810 max=5812
[M4] delta_vs_M32_delay p99=30 max=69 headroom_p99_us=2876.989 headroom_max_us=2143.989 category=SAFE
[M4] PCM peak_L=4725 peak_R=6074 peak_mono=5133 nonzero_frames=132278 silent_blocks=0 rail_frames=0
[M4] UI requested_fps=0 frames=0 achieved_fps=0.000 update_avg_us=0.00 update_max_us=0 skipped=0 errors=0 core_observed=99 window_s=2.983732
[M4] touch requested_hz=100 polls=299 achieved_hz=100.210 errors=0 fresh_updates=127 presses=2 releases=1
[M4] memory_start psram_free=30884856 largest=30408692 internal_free=485544
[M4] memory_end psram_free=30884856 largest=30408692 internal_free=485544
[M4] stage=1 mode=B_LIGHT audio_core=0 audio_priority=24 ui_core=1 ui_priority=2 touch_core=1 touch_priority=3
[M4] blocks=517 active_min=16 active_max=16 render_misses=3 cycle_misses=164 write_failures=0 timeouts=0
[M4] raw stage=1 block=0 us=5245,6365,6551,6681,4301,2988,2957,2930,2931,2915,2925,2924,5550,3526,2938,2930
[M4] raw stage=1 block=16 us=2926,2932,2925,2922,2930,4721,3054,2933,2925,2924,2921,2926,2921,5348,3683,2946
[M4] raw stage=1 block=32 us=2926,2924,2928,2921,2930,2924,5095,3148,2941,2927,2925,2927,2925,2915,4697,3850
[M4] raw stage=1 block=48 us=2983,2927,2926,2926,2924,2927,2925,5297,3192,2940,2931,2929,2917,2925,2929,3929
[M4] raw stage=1 block=64 us=4038,3003,2941,2924,2928,2922,2924,2924,5587,3305,2942,2928,2930,2924,2921,2925
[M4] raw stage=1 block=80 us=3301,4375,3044,2931,2924,2927,2915,2930,2930,5635,3522,2926,2926,2929,2930,2926
[M4] raw stage=1 block=96 us=2921,3121,4671,3045,2942,2932,2923,2928,2925,2926,5531,3605,2949,2930,2926,2925
[M4] raw stage=1 block=112 us=2924,2930,2927,5106,3090,2931,2932,2926,2926,2924,2927,4918,3879,3008,2931,2923
[M4] raw stage=1 block=128 us=2924,2927,2931,2923,5259,3191,2944,2926,2927,2919,2929,2922,4309,4020,3006,2929
[M4] raw stage=1 block=144 us=2929,2924,2926,2925,2924,5417,3254,2946,2934,2926,2928,2923,2928,3823,4183,3006
[M4] raw stage=1 block=160 us=2936,2932,2932,2922,2929,2928,5603,3333,2944,2934,2931,2923,2921,2916,3378,4435
[M4] raw stage=1 block=176 us=3019,2928,2930,2922,2920,2922,2919,5615,3464,2936,2926,2921,2925,2923,2921,3070
[M4] raw stage=1 block=192 us=4705,3032,2940,2924,2920,2919,2921,2925,5588,3635,2952,2926,2921,2920,2921,2919
[M4] raw stage=1 block=208 us=2919,5092,3081,2932,2923,2921,2911,2924,2919,5066,3843,2984,2928,2923,2925,2925
[M4] raw stage=1 block=224 us=2924,2925,5327,3138,2937,2931,2926,2927,2924,2926,4281,3992,2994,2933,2928,2921
[M4] raw stage=1 block=240 us=2922,2924,2928,5401,3246,2924,2931,2923,2924,2930,2919,3689,4089,2991,2936,2918
[M4] raw stage=1 block=256 us=2924,2922,2927,2922,5467,3317,2943,2931,2927,2926,2929,2927,3312,4278,3004,2926
[M4] raw stage=1 block=272 us=2925,2929,2921,2926,2921,5539,3421,2930,2933,2928,2927,2925,2928,3007,4628,3057
[M4] raw stage=1 block=288 us=2943,2932,2924,2917,2928,2922,5456,3574,2939,2926,2928,2926,2923,2925,2928,4997
[M4] raw stage=1 block=304 us=3088,2928,2928,2930,2921,2926,2930,4897,3875,2978,2932,2927,2927,2922,2928,2929
[M4] raw stage=1 block=320 us=5337,3151,2939,2927,2925,2928,2924,2917,4075,4043,3013,2930,2925,2925,2922,2928
[M4] raw stage=1 block=336 us=2927,5642,3342,2934,2938,2925,2925,2923,2927,3585,4413,3035,2934,2934,2924,2923
[M4] raw stage=1 block=352 us=2922,2926,5693,3496,2962,2928,2925,2926,2926,2927,3262,4568,3047,2927,2926,2927
[M4] raw stage=1 block=368 us=2916,2928,2923,5529,3589,2950,2927,2925,2925,2923,2921,2926,4803,3068,2938,2929
[M4] raw stage=1 block=384 us=2928,2927,2924,2927,5264,3759,2978,2928,2926,2923,2925,2926,2930,5125,3121,2943
[M4] raw stage=1 block=400 us=2930,2927,2923,2927,2930,4774,3922,2974,2932,2917,2927,2927,2923,2922,5405,3168
[M4] raw stage=1 block=416 us=2941,2931,2926,2921,2927,2924,4039,4031,2996,2933,2924,2926,2922,2928,2925,5580
[M4] raw stage=1 block=432 us=3265,2938,2931,2925,2925,2924,2926,3469,4342,3021,2941,2931,2925,2920,2927,2929
[M4] raw stage=1 block=448 us=5651,3411,2935,2933,2924,2923,2928,2917,3168,4627,3039,2930,2922,2924,2922,2926
[M4] raw stage=1 block=464 us=2924,5615,3553,2940,2927,2928,2925,2924,2930,2926,4889,3062,2944,2926,2925,2924
[M4] raw stage=1 block=480 us=2928,2923,5285,3680,2954,2930,2918,2927,2923,2927,2927,5124,3132,2933,2934,2925
[M4] raw stage=1 block=496 us=2916,2928,2927,4609,3885,2980,2931,2928,2926,2921,2927,2926,5346,3194,2937,2925
[M4] raw stage=1 block=512 us=2925,2924,2924,2930,3688
[M4] render us min=2911 avg=3258.32 p50=2928 p95=5327 p99=5642 max=6681
[M4] write us min=26 avg=2503.77 p50=2838 p95=2849 p99=2861 max=2886
[M4] cycle us min=4366 avg=5802.04 p50=5804 p95=5828 p99=6169 max=6776
[M4] delta_vs_M32_delay p99=2744 max=3089 headroom_p99_us=162.989 headroom_max_us=-876.011 category=FAIL
[M4] PCM peak_L=4757 peak_R=6035 peak_mono=5103 nonzero_frames=132288 silent_blocks=0 rail_frames=0
[M4] UI requested_fps=30 frames=61 achieved_fps=20.326 update_avg_us=49915.11 update_max_us=68712 skipped=30 errors=0 core_observed=1 window_s=3.001130
[M4] touch requested_hz=100 polls=300 achieved_hz=99.962 errors=0 fresh_updates=235 presses=2 releases=2
[M4 AUDIT] draw_avg_max=5708.57,26482 ppa_avg_max=15494.26,15888 submit_avg_max=29.10,38 wait_avg_max=28665.44,29330 us
[M4] memory_start psram_free=30884856 largest=30408692 internal_free=485544
[M4] memory_end psram_free=30884856 largest=30408692 internal_free=485544
[M4] stage=2 mode=C_HEAVY audio_core=0 audio_priority=24 ui_core=1 ui_priority=2 touch_core=1 touch_priority=3
[M4] blocks=517 active_min=16 active_max=16 render_misses=187 cycle_misses=273 write_failures=0 timeouts=0
[M4] raw stage=2 block=0 us=3937,2943,2865,2903,2924,2920,2920,2919,6301,6358,6617,6453,6316,6421,6346,5919
[M4] raw stage=2 block=16 us=3470,2932,2939,2955,2913,2925,2916,2925,2921,5949,6384,6364,6391,6095,3436,2927
[M4] raw stage=2 block=32 us=2954,2922,2920,2918,3770,6424,6332,6387,6415,3966,2983,2951,2927,2919,2931,2929
[M4] raw stage=2 block=48 us=6611,6374,6139,6589,5234,3135,2963,2933,2917,2925,2921,4907,6676,6186,6278,6578
[M4] raw stage=2 block=64 us=3633,2935,2951,2923,2924,2930,2980,6490,6643,6146,6383,4692,3036,2953,2937,2922
[M4] raw stage=2 block=80 us=2930,2927,6096,6336,6338,6399,5948,3335,2924,2957,2925,2925,2915,3869,6681,6474
[M4] raw stage=2 block=96 us=6462,6429,3582,2939,2952,2929,2915,2923,2924,6453,6590,6178,6564,4933,3063,2978
[M4] raw stage=2 block=112 us=2931,2922,2925,2925,5138,6669,6470,6448,6221,3443,2924,2947,2932,2928,2924,3025
[M4] raw stage=2 block=128 us=6571,6483,6342,6552,4177,2985,2959,2932,2921,2924,2919,6296,6489,6259,6573,5563
[M4] raw stage=2 block=144 us=3174,2931,2953,2931,2922,2925,3983,6746,6375,6356,6524,3582,2930,2957,2932,2927
[M4] raw stage=2 block=160 us=2930,2930,6559,6684,6295,6505,4891,3042,2968,2920,2925,2928,2924,5289,6506,6443
[M4] raw stage=2 block=176 us=6371,6125,3384,2932,2953,2923,2927,2930,3086,6633,6548,6371,6586,3928,2967,2953
[M4] raw stage=2 block=192 us=2930,2923,2928,2925,6236,6446,6235,6546,5471,3158,2951,2931,2929,2927,2927,4047
[M4] raw stage=2 block=208 us=6777,6415,6349,6490,3583,2943,2957,2933,2922,2922,2927,6509,6669,6183,6473,4724
[M4] raw stage=2 block=224 us=3024,2956,2934,2921,2923,2926,5456,6582,6410,6480,6107,3414,2933,2957,2931,2924
[M4] raw stage=2 block=240 us=2923,3147,6590,6489,6348,6531,3892,2980,2956,2934,2925,2923,2931,6295,6471,6276
[M4] raw stage=2 block=256 us=6623,5441,3160,2955,2941,2918,2925,2922,4035,6733,6393,6336,6439,3592,2938,2955
[M4] raw stage=2 block=272 us=2939,2922,2928,2930,6502,6700,6265,6532,4694,3043,2955,2931,2934,2925,2929,5632
[M4] raw stage=2 block=288 us=6561,6443,6450,6145,3404,2927,2955,2930,2925,2925,3207,6667,6521,6399,6603,3829
[M4] raw stage=2 block=304 us=2954,2952,2929,2926,2923,2924,6228,6615,6214,6600,5388,3137,2970,2936,2929,2925
[M4] raw stage=2 block=320 us=2923,4222,6646,6535,6369,6435,3566,2931,2951,2926,2922,2924,2923,6547,6479,6305
[M4] raw stage=2 block=336 us=6447,4581,3032,2946,2939,2922,2924,2919,5849,6538,6336,6608,6037,3328,2929,2949
[M4] raw stage=2 block=352 us=2921,2919,2924,3252,6709,6482,6265,6622,3726,2938,2951,2929,2917,2919,2922,6233
[M4] raw stage=2 block=368 us=6678,6220,6497,5373,3118,2959,2930,2922,2921,2921,4286,6604,6486,6338,6340,3505
[M4] raw stage=2 block=384 us=2930,2949,2925,2920,2922,2923,6587,6505,6353,6544,4534,3037,2948,2938,2921,2921
[M4] raw stage=2 block=400 us=2929,5916,6531,6259,6571,5932,3344,2941,2949,2930,2924,2929,3316,6767,6481,6335
[M4] raw stage=2 block=416 us=6586,3679,2942,2949,2928,2925,2925,2927,6232,6653,6251,6457,5429,3132,2954,2931
[M4] raw stage=2 block=432 us=2924,2930,2923,4553,6564,6566,6390,6400,3487,2922,2956,2932,2923,2931,2926,6541
[M4] raw stage=2 block=448 us=6504,6311,6468,4578,3017,2952,2935,2927,2925,2929,5909,6505,6323,6659,6010,3344
[M4] raw stage=2 block=464 us=2945,2957,2926,2923,2924,3354,6756,6484,6290,6596,3635,2937,2953,2926,2922,2922
[M4] raw stage=2 block=480 us=2926,6310,6676,6229,6502,5353,3144,2947,2937,2923,2926,2923,4679,6626,6514,6432
[M4] raw stage=2 block=496 us=6168,3474,2929,2950,2926,2925,2921,2925,6665,6547,6342,6612,4313,2992,2947,2926
[M4] raw stage=2 block=512 us=2924,2928,2923,5972,6534
[M4] render us min=2865 avg=4352.46 p50=3118 p95=6615 p99=6709 max=6777
[M4] write us min=23 avg=1405.41 p50=1227 p95=2848 p99=2863 max=2895
[M4] cycle us min=2993 avg=5802.94 p50=5805 p95=6744 p99=6875 max=7132
[M4] delta_vs_M32_delay p99=3811 max=3185 headroom_p99_us=-904.011 headroom_max_us=-972.011 category=FAIL
[M4] PCM peak_L=4757 peak_R=6035 peak_mono=5103 nonzero_frames=132287 silent_blocks=0 rail_frames=0
[M4] UI requested_fps=30 frames=45 achieved_fps=14.989 update_avg_us=66876.78 update_max_us=99166 skipped=45 errors=0 core_observed=1 window_s=3.002134
[M4] touch requested_hz=100 polls=300 achieved_hz=99.929 errors=0 fresh_updates=58 presses=0 releases=1
[M4 AUDIT] draw_avg_max=31183.51,52094 ppa_avg_max=15467.51,15808 submit_avg_max=28.96,32 wait_avg_max=20178.98,31460 us
[M4] memory_start psram_free=30884856 largest=30408692 internal_free=485544
[M4] memory_end psram_free=30884856 largest=30408692 internal_free=485544
[M4] stage=3 mode=A_STATIC audio_core=0 audio_priority=24 ui_core=0 ui_priority=2 touch_core=1 touch_priority=3
[M4] blocks=517 active_min=16 active_max=16 render_misses=2 cycle_misses=189 write_failures=0 timeouts=0
[M4] raw stage=3 block=0 us=6186,6519,5671,3233,2946,2953,2930,2928,2926,2922,2928,2926,2922,2926,2924,2922
[M4] raw stage=3 block=16 us=2929,2922,2928,2927,2925,2919,2925,2927,2924,2924,2921,2927,2926,2921,2929,2930
[M4] raw stage=3 block=32 us=2929,2929,2928,2922,2925,2930,2921,2928,2926,2928,2927,2926,2926,2925,2929,2932
[M4] raw stage=3 block=48 us=2932,2921,2920,2921,2917,2918,2919,2922,2924,2914,2918,2919,2918,2917,2916,2923
[M4] raw stage=3 block=64 us=2921,2924,2921,2912,2920,2923,2920,2920,2916,2920,2916,2915,2918,2917,2918,2918
[M4] raw stage=3 block=80 us=2927,2920,2920,2925,2921,2921,2919,2918,2920,2917,2920,2921,2919,2919,2920,2918
[M4] raw stage=3 block=96 us=2925,2928,2921,2923,2919,2924,2916,2915,2921,2920,2919,2922,2925,2917,2919,2922
[M4] raw stage=3 block=112 us=2922,2920,2925,2918,2920,2917,2922,2921,2922,2922,2921,2916,2918,2916,2922,2921
[M4] raw stage=3 block=128 us=2924,2921,2920,2921,2915,2923,2916,2916,2918,2917,2916,2911,2918,2919,2917,2919
[M4] raw stage=3 block=144 us=2922,2920,2920,2925,2928,2913,2919,2919,2918,2919,2917,2917,2923,2917,2924,2921
[M4] raw stage=3 block=160 us=2921,2924,2922,2921,2922,2926,2921,2924,2919,2917,2918,2919,2918,2913,2915,2913
[M4] raw stage=3 block=176 us=2925,2919,2915,2919,2909,2914,2915,2914,2918,2909,2911,2913,2911,2913,2905,2916
[M4] raw stage=3 block=192 us=2917,2916,2917,2919,2918,2913,2914,2916,2912,2916,2914,2913,2912,2913,2914,2918
[M4] raw stage=3 block=208 us=2920,2916,2917,2914,2917,2914,2915,2914,2912,2914,2917,2926,2919,2925,2922,2917
[M4] raw stage=3 block=224 us=2915,2917,2910,2920,2926,2916,2918,2909,2925,2926,2922,2923,2918,2927,2920,2920
[M4] raw stage=3 block=240 us=2917,2919,2921,2915,2921,2919,2914,2917,2916,2919,2923,2920,2922,2917,2920,2923
[M4] raw stage=3 block=256 us=2921,2911,2920,2919,2920,2921,2916,2916,2927,2922,2922,2913,2923,2920,2919,2921
[M4] raw stage=3 block=272 us=2921,2921,2920,2918,2919,2919,2918,2919,2919,2926,2927,2919,2925,2921,2918,2918
[M4] raw stage=3 block=288 us=2918,2916,2919,2917,2927,2917,2917,2918,2923,2923,2914,2922,2917,2923,2920,2909
[M4] raw stage=3 block=304 us=2921,2921,2918,2918,2912,2919,2918,2919,2921,2921,2924,2923,2922,2925,2920,2919
[M4] raw stage=3 block=320 us=2919,2921,2919,2919,2920,2919,2921,2922,2929,2919,2922,2920,2930,2920,2913,2921
[M4] raw stage=3 block=336 us=2921,2918,2922,2919,2921,2919,2922,2920,2915,2925,2923,2923,2920,2917,2918,2918
[M4] raw stage=3 block=352 us=2917,2914,2917,2917,2922,2915,2917,2918,2920,2922,2919,2917,2919,2921,2919,2919
[M4] raw stage=3 block=368 us=2919,2920,2918,2916,2917,2918,2917,2913,2921,2920,2924,2924,2915,2923,2921,2920
[M4] raw stage=3 block=384 us=2919,2914,2918,2925,2922,2917,2916,2917,2930,2923,2922,2920,2921,2922,2920,2927
[M4] raw stage=3 block=400 us=2923,2920,2921,2921,2918,2919,2921,2925,2920,2923,2922,2921,2921,2927,2919,2920
[M4] raw stage=3 block=416 us=2911,2917,2916,2917,2916,2911,2916,2921,2922,2919,2912,2919,2919,2926,2921,2909
[M4] raw stage=3 block=432 us=2923,2917,2920,2919,2918,2919,2922,2924,2924,2923,2920,2928,2921,2920,2918,2923
[M4] raw stage=3 block=448 us=2919,2920,2918,2917,2926,2916,2920,2921,2925,2920,2921,2921,2925,2920,2911,2919
[M4] raw stage=3 block=464 us=2922,2920,2925,2916,2919,2918,2922,2919,2922,2925,2921,2925,2921,2923,2918,2921
[M4] raw stage=3 block=480 us=2918,2919,2918,2917,2919,2916,2916,2915,2919,2920,2921,2917,2922,2923,2917,2919
[M4] raw stage=3 block=496 us=2920,2920,2912,2920,2923,2918,2919,2915,2923,2920,2926,2922,2914,2919,2921,2917
[M4] raw stage=3 block=512 us=2922,2920,2918,2920,2915
[M4] render us min=2905 avg=2939.15 p50=2920 p95=2928 p99=2946 max=6519
[M4] write us min=24 avg=2824.80 p50=2847 p95=2853 p99=2857 max=2858
[M4] cycle us min=3294 avg=5801.45 p50=5804 p95=5806 p99=5810 max=6618
[M4] delta_vs_M32_delay p99=48 max=2927 headroom_p99_us=2858.989 headroom_max_us=-714.011 category=FAIL
[M4] PCM peak_L=4757 peak_R=6035 peak_mono=5103 nonzero_frames=132287 silent_blocks=0 rail_frames=0
[M4] UI requested_fps=0 frames=0 achieved_fps=0.000 update_avg_us=0.00 update_max_us=0 skipped=0 errors=0 core_observed=99 window_s=2.999897
[M4] touch requested_hz=100 polls=300 achieved_hz=100.003 errors=0 fresh_updates=0 presses=0 releases=0
[M4] memory_start psram_free=30884856 largest=30408692 internal_free=485544
[M4] memory_end psram_free=30884856 largest=30408692 internal_free=485544
[M4] stage=4 mode=B_LIGHT audio_core=0 audio_priority=24 ui_core=0 ui_priority=2 touch_core=1 touch_priority=3
[M4] blocks=517 active_min=16 active_max=16 render_misses=0 cycle_misses=202 write_failures=0 timeouts=0
[M4] raw stage=4 block=0 us=2872,3656,3654,3672,3756,3616,3680,3696,3681,3726,3659,3242,2945,2929,2923,2925
[M4] raw stage=4 block=16 us=2922,3717,3657,3261,2933,2926,2915,2924,2920,2917,3778,3635,2976,2931,2926,2922
[M4] raw stage=4 block=32 us=2913,2924,3542,3765,3309,2937,2929,2920,2924,2921,2921,3757,3649,3016,2939,2931
[M4] raw stage=4 block=48 us=2928,2926,2930,3376,3749,3481,2952,2932,2923,2926,2922,2925,3746,3645,3008,2934
[M4] raw stage=4 block=64 us=2938,2926,2931,2921,3147,3788,3485,2978,2936,2923,2926,2930,2924,3751,3693,2972
[M4] raw stage=4 block=80 us=2928,2929,2923,2927,2926,2928,3726,3616,3041,2935,2934,2927,2929,2931,3729,3691
[M4] raw stage=4 block=96 us=2974,2936,2926,2919,2925,2926,2923,3735,3620,3056,2938,2937,2934,2927,2928,3712
[M4] raw stage=4 block=112 us=3713,3264,2952,2934,2923,2927,2924,2925,3741,3716,3003,2932,2937,2934,2933,2926
[M4] raw stage=4 block=128 us=3643,3683,3442,2945,2930,2929,2927,2923,2923,3738,3672,2967,2925,2930,2923,2925
[M4] raw stage=4 block=144 us=2926,3112,3710,3412,2944,2934,2918,2927,2925,2926,3726,3665,2976,2937,2929,2926
[M4] raw stage=4 block=160 us=2927,2928,2966,3750,3503,2954,2935,2927,2923,2923,2924,3792,3562,2980,2932,2929
[M4] raw stage=4 block=176 us=2921,2929,2925,2920,3729,3662,3010,2933,2931,2925,2918,2933,3797,3602,3014,2927
[M4] raw stage=4 block=192 us=2927,2925,2927,2929,2924,3737,3616,3176,2940,2932,2927,2927,2928,3720,3660,3325
[M4] raw stage=4 block=208 us=2946,2938,2923,2929,2929,2924,3803,3612,3101,2937,2938,2924,2934,2936,3509,3679
[M4] raw stage=4 block=224 us=3490,2946,2931,2921,2927,2924,2922,3786,3641,3019,2933,2932,2931,2932,2927,3287
[M4] raw stage=4 block=240 us=3805,3520,2969,2932,2931,2925,2927,2924,2922,2927,2922,3747,3708,2981,2931,2932
[M4] raw stage=4 block=256 us=2922,2927,2924,3224,3705,3385,2956,2928,2924,2924,2926,2932,3737,3661,2980,2938
[M4] raw stage=4 block=272 us=2927,2915,2926,2925,3019,3737,3476,2938,2936,2924,2923,2923,2924,3729,3648,2966
[M4] raw stage=4 block=288 us=2933,2934,2921,2923,2922,2932,3725,3634,2966,2932,2930,2923,2925,2924,3838,3607
[M4] raw stage=4 block=304 us=2982,2930,2930,2925,2925,2920,2920,3729,3688,3003,2945,2935,2926,2928,2931,3780
[M4] raw stage=4 block=320 us=3661,3344,2949,2930,2924,2926,2928,2933,3732,3636,3045,2936,2934,2929,2932,2931
[M4] raw stage=4 block=336 us=3666,3692,3505,2942,2922,2925,2926,2923,2918,3777,3619,3091,2936,2939,2916,2928
[M4] raw stage=4 block=352 us=2923,3327,3683,3531,2948,2937,2923,2920,2922,2923,3801,3623,3041,2930,2935,2918
[M4] raw stage=4 block=368 us=2926,2923,3113,3707,3524,2964,2929,2925,2922,2920,2919,3761,3619,2974,2931,2927
[M4] raw stage=4 block=384 us=2917,2920,2913,2916,3796,3606,2971,2921,2930,2926,2923,2927,3734,3603,2979,2935
[M4] raw stage=4 block=400 us=2926,2922,2928,2925,2921,3803,3615,3071,2950,2936,2926,2921,2926,3725,3732,3226
[M4] raw stage=4 block=416 us=2944,2938,2921,2928,2925,2925,3765,3646,3028,2938,2934,2921,2921,2925,3587,3752
[M4] raw stage=4 block=432 us=3405,2941,2932,2927,2926,2930,2923,3748,3613,3055,2944,2932,2923,2925,2929,3289
[M4] raw stage=4 block=448 us=3755,3551,2971,2938,2927,2925,2927,2925,2925,2926,2921,3737,3656,3056,2940,2927
[M4] raw stage=4 block=464 us=2922,2928,2929,3466,3682,3575,2947,2937,2925,2917,2927,2925,3847,3599,3035,2931
[M4] raw stage=4 block=480 us=2930,2925,2924,2924,3239,3729,3615,2977,2932,2926,2925,2924,2926,3810,3636,2991
[M4] raw stage=4 block=496 us=2931,2930,2924,2916,2924,2942,3721,3647,2966,2934,2932,2926,2926,2915,3789,3629
[M4] raw stage=4 block=512 us=2989,2936,2918,2922,2923
[M4] render us min=2872 avg=3133.09 p50=2933 p95=3749 p99=3803 max=3847
[M4] write us min=1473 avg=2628.22 p50=2834 p95=2883 p99=2896 max=2914
[M4] cycle us min=5219 avg=5801.34 p50=5804 p95=5857 p99=6257 max=6328
[M4] delta_vs_M32_delay p99=905 max=255 headroom_p99_us=2001.989 headroom_max_us=1957.989 category=SAFE
[M4] PCM peak_L=4757 peak_R=6035 peak_mono=5103 nonzero_frames=132287 silent_blocks=0 rail_frames=0
[M4] UI requested_fps=30 frames=59 achieved_fps=19.660 update_avg_us=50958.27 update_max_us=93236 skipped=31 errors=0 core_observed=0 window_s=3.001089
[M4] touch requested_hz=100 polls=300 achieved_hz=99.964 errors=0 fresh_updates=0 presses=0 releases=0
[M4 AUDIT] draw_avg_max=11733.58,59237 ppa_avg_max=18308.41,21002 submit_avg_max=29.44,38 wait_avg_max=20744.14,34793 us
[M4] memory_start psram_free=30884856 largest=30408692 internal_free=485544
[M4] memory_end psram_free=30884856 largest=30408692 internal_free=485544
[M4] stage=5 mode=C_HEAVY audio_core=0 audio_priority=24 ui_core=0 ui_priority=2 touch_core=1 touch_priority=3
[M4] blocks=517 active_min=16 active_max=16 render_misses=0 cycle_misses=155 write_failures=0 timeouts=0
[M4] raw stage=5 block=0 us=2870,2872,3732,3635,3661,3716,3678,3747,3648,3723,3690,3657,3717,3689,3722,3655
[M4] raw stage=5 block=16 us=3681,3674,3662,3743,3679,3727,2977,2922,2929,2925,2923,2921,2919,2923,3732,3709
[M4] raw stage=5 block=32 us=3659,3750,3646,3661,3736,3671,3723,3701,3696,3617,2979,2935,2925,2927,2923,2922
[M4] raw stage=5 block=48 us=2925,2923,3801,3652,3730,3670,3655,3707,3685,3743,3668,3672,3685,3636,2991,2934
[M4] raw stage=5 block=64 us=2919,2925,2924,2924,2925,2919,3727,3688,3662,3676,3690,3666,3758,3673,3648,3698
[M4] raw stage=5 block=80 us=3693,3678,2978,2935,2927,2925,2925,2922,2925,2922,3727,3659,3644,3743,3672,3741
[M4] raw stage=5 block=96 us=3644,3660,3706,3670,3741,3639,3005,2932,2931,2920,2925,2924,2925,2922,3753,3664
[M4] raw stage=5 block=112 us=3726,3674,3756,3638,3674,3723,3675,3720,3685,3634,2979,2936,2930,2925,2925,2924
[M4] raw stage=5 block=128 us=2925,2924,3721,3721,3655,3745,3675,3662,3707,3660,3742,3670,3683,3634,2976,2933
[M4] raw stage=5 block=144 us=2930,2924,2918,2923,2926,2921,3785,3643,3691,3658,3668,3718,3656,3730,3654,3676
[M4] raw stage=5 block=160 us=3723,3663,3000,2937,2931,2928,2923,2922,2924,2922,3732,3659,3673,3664,3721,3671
[M4] raw stage=5 block=176 us=3720,3641,3670,3696,3692,3676,2970,2929,2925,2922,2920,2916,2920,2917,3740,3664
[M4] raw stage=5 block=192 us=3670,3735,3664,3756,3640,3675,3720,3685,3722,3619,2979,2928,2926,2920,2918,2918
[M4] raw stage=5 block=208 us=2921,2916,3764,3648,3719,3650,3685,3667,3657,3737,3677,3767,3677,3647,2973,2919
[M4] raw stage=5 block=224 us=2925,2926,2924,2924,2920,2924,3713,3734,3656,3666,3660,3704,3730,3661,3736,3666
[M4] raw stage=5 block=240 us=3662,3625,2960,2929,2926,2926,2921,2924,2926,2932,3781,3643,3675,3700,3666,3753
[M4] raw stage=5 block=256 us=3668,3734,3679,3637,3691,3506,2961,2929,2918,2928,2922,2926,2924,3062,3706,3655
[M4] raw stage=5 block=272 us=3720,3646,3721,3692,3676,3663,3682,3694,3670,3519,2953,2928,2928,2926,2924,2923
[M4] raw stage=5 block=288 us=2926,3252,3704,3705,3678,3739,3659,3698,3662,3658,3740,3641,3727,3307,2937,2925
[M4] raw stage=5 block=304 us=2927,2920,2923,2924,2924,3448,3736,3663,3751,3659,3664,3722,3665,3710,3686,3745
[M4] raw stage=5 block=320 us=3654,3331,2940,2925,2923,2922,2923,2925,2928,3675,3672,3765,3682,3644,3708,3686
[M4] raw stage=5 block=336 us=3734,3646,3766,3643,3671,3230,2935,2928,2923,2926,2922,2926,2928,3714,3730,3646
[M4] raw stage=5 block=352 us=3694,3691,3665,3745,3645,3686,3685,3657,3701,3170,2950,2936,2926,2927,2921,2925
[M4] raw stage=5 block=368 us=2928,3815,3613,3664,3727,3676,3710,3680,3661,3703,3683,3742,3656,3031,2938,2928
[M4] raw stage=5 block=384 us=2926,2923,2929,2918,2929,3716,3633,3725,3686,3747,3667,3685,3708,3661,3743,3698
[M4] raw stage=5 block=400 us=3678,2974,2931,2925,2924,2923,2922,2928,2926,3719,3716,3664,3745,3667,3661,3721
[M4] raw stage=5 block=416 us=3693,3704,3684,3690,3615,2978,2935,2926,2930,2924,2922,2927,2915,3801,3653,3741
[M4] raw stage=5 block=432 us=3676,3661,3721,3689,3736,3641,3668,3716,3641,2996,2931,2925,2928,2924,2923,2926
[M4] raw stage=5 block=448 us=2922,3722,3678,3673,3686,3707,3662,3733,3652,3662,3694,3689,3682,2976,2933,2927
[M4] raw stage=5 block=464 us=2922,2924,2925,2924,2922,3732,3669,3667,3743,3645,3728,3660,3640,3717,3683,3742
[M4] raw stage=5 block=480 us=3668,2977,2934,2927,2929,2921,2923,2925,2923,3746,3662,3719,3671,3717,3658,3677
[M4] raw stage=5 block=496 us=3697,3685,3748,3683,3652,2975,2937,2930,2926,2915,2921,2927,2921,3729,3727,3652
[M4] raw stage=5 block=512 us=3714,3669,3679,3721,3656
[M4] render us min=2870 avg=3396.01 p50=3657 p95=3743 p99=3767 max=3815
[M4] write us min=1599 avg=2360.86 p50=2100 p95=2851 p99=2908 max=2953
[M4] cycle us min=5301 avg=5799.41 p50=5802 p95=5861 p99=6176 max=6255
[M4] delta_vs_M32_delay p99=869 max=223 headroom_p99_us=2037.989 headroom_max_us=1989.989 category=SAFE
[M4] PCM peak_L=4757 peak_R=6035 peak_mono=5103 nonzero_frames=132287 silent_blocks=0 rail_frames=0
[M4] UI requested_fps=30 frames=26 achieved_fps=8.643 update_avg_us=116934.00 update_max_us=162623 skipped=65 errors=0 core_observed=0 window_s=3.008068
[M4] touch requested_hz=100 polls=301 achieved_hz=100.064 errors=0 fresh_updates=0 presses=0 releases=0
[M4 AUDIT] draw_avg_max=68698.73,112989 ppa_avg_max=19299.73,21011 submit_avg_max=29.62,38 wait_avg_max=28890.19,30922 us
[M4] memory_start psram_free=30884856 largest=30408692 internal_free=485544
[M4] memory_end psram_free=30884856 largest=30408692 internal_free=485544
[M4] touch_event ms=2626 down=1 raw=254,137 logical=137,225 count=1
[M4] touch_event ms=3286 down=0 raw=208,553 logical=553,271 count=0
[M4] touch_event ms=3646 down=1 raw=218,416 logical=416,261 count=1
[M4] touch_event ms=4236 down=0 raw=273,703 logical=703,206 count=0
[M4] touch_event ms=4496 down=1 raw=274,621 logical=621,205 count=1
[M4] touch_event ms=5716 down=0 raw=286,569 logical=569,193 count=0
[M4] touch_event ms=6176 down=1 raw=256,564 logical=564,223 count=1
[M4] touch_event ms=7766 down=0 raw=281,559 logical=559,198 count=0
[M4] touch_coverage_bits=16 event_overflow=0 codec_probe=ESP_OK touch_probe=ESP_OK
[M4] result=FAIL audio_PCM_render_and_transport_only audible_unverified DMA_starvation_metric_unavailable
[MEM] after audio shutdown display remains active PSRAM total=33554432 free=30884904 largest=30408692 internal_free=490836
