ESP-ROM:esp32p4-eco2-20240710
Build:Jul 10 2024
rst:0x17 (CHIP_USB_UART_RESET),boot:0x30c (SPI_FAST_FLASH_BOOT)
Core0 Saved PC:0x4ff02cca
Core1 Saved PC:0x4ff02cca
SPI mode:DIO, clock div:1
load:0x4ff33ce0,len:0x11dc
load:0x4ff29ed0,len:0xccc
load:0x4ff2cbd0,len:0x3568
entry 0x4ff29ed0
[M41 SELECT] send L for 60-second NativeDirty run, otherwise short reference/alternatives/transitions; selection window 5 seconds
[MEM] M41 before display PSRAM total=33554432 free=33551856 largest=33030132 internal_free=523808
[M41] display_begin=ESP_OK pipeline=FullPpa fence=2
[MEM] M41 after display PSRAM total=33554432 free=31246628 largest=30932980 internal_free=522092
[M41] touch=ESP_OK address=0x5d id=911
[MEM] M41 after touch PSRAM total=33554432 free=31245360 largest=30932980 internal_free=521888
PSRAM PRE DELAY: 31245360
PSRAM POST DELAY: 30884904
[MEM] M41 after Delay PSRAM total=33554432 free=30884904 largest=30408692 internal_free=521888
[AUDIO] I2C init OK
[AUDIO] ES8311 found at 0x18
)
[AUDIO] PA GPIO11 enabled
[M41] audio_begin=ESP_OK shared_bus_unchanged=1 voices=16 Delay=88200 rate=44100 frames=256
[MEM] M41 tasks transport and capture storage live PSRAM total=33554432 free=30855668 largest=30408692 internal_free=516308
[M41 READY] SHORT 14 windows: three pipelines plus five transitions audio starts after this message; no serial output until stopped
[MEM] M41 after stress before audio shutdown PSRAM total=33554432 free=30855668 largest=30408692 internal_free=507740
[M41] phase=0 name=PPA_STATIC audio_core=0 audio_priority=24 ui_core=0 ui_priority=2 touch_core=1 touch_priority=3 window_s=2.984962
[M41] blocks=517 active_min=16 active_max=16 render_misses=0 write_errors=0 timeouts=0 nonzero=132278 silent=0 rails=0 peak_L=4725 peak_R=6074
[M41] raw phase=0 block=0 us=3914,3126,3090,3152,3146,3164,3158,3151,3159,3149,3157,3158,3151,3166,3149,3156
[M41] raw phase=0 block=16 us=3155,3152,3163,3155,3160,3151,3156,3152,3154,3163,3168,3173,3154,3154,3160,3154
[M41] raw phase=0 block=32 us=3161,3157,3150,3152,3166,3161,3150,3165,3152,3160,3156,3150,3163,3148,3161,3155
[M41] raw phase=0 block=48 us=3153,3167,3165,3180,3155,3164,3153,3152,3174,3152,3163,3157,3154,3165,3150,3163
[M41] raw phase=0 block=64 us=3156,3154,3155,3160,3163,3157,3173,3152,3158,3168,3155,3163,3158,3159,3156,3162
[M41] raw phase=0 block=80 us=3170,3165,3180,3160,3156,3161,3152,3167,3152,3163,3162,3156,3171,3162,3169,3155
[M41] raw phase=0 block=96 us=3164,3162,3160,3167,3162,3170,3153,3152,3163,3163,3172,3161,3160,3159,3167,3165
[M41] raw phase=0 block=112 us=3157,3179,3165,3168,3164,3161,3169,3150,3163,3153,3151,3171,3155,3162,3152,3161
[M41] raw phase=0 block=128 us=3162,3155,3174,3157,3165,3166,3153,3162,3157,3171,3157,3154,3156,3157,3166,3156
[M41] raw phase=0 block=144 us=3168,3157,3167,3166,3161,3174,3160,3165,3156,3163,3177,3151,3172,3154,3159,3157
[M41] raw phase=0 block=160 us=3158,3173,3153,3168,3168,3157,3168,3161,3163,3159,3161,3154,3154,3170,3163,3167
[M41] raw phase=0 block=176 us=3154,3166,3160,3166,3167,3166,3165,3153,3158,3163,3150,3177,3150,3155,3163,3152
[M41] raw phase=0 block=192 us=3167,3151,3167,3162,3152,3156,3152,3164,3158,3166,3156,3156,3175,3162,3175,3158
[M41] raw phase=0 block=208 us=3161,3166,3170,3177,3158,3168,3153,3158,3161,3154,3165,3151,3157,3157,3160,3167
[M41] raw phase=0 block=224 us=3166,3166,3157,3162,3159,3161,3169,3162,3163,3155,3158,3164,3158,3165,3155,3160
[M41] raw phase=0 block=240 us=3158,3176,3177,3165,3172,3159,3159,3167,3152,3161,3150,3167,3152,3152,3167,3152
[M41] raw phase=0 block=256 us=3172,3153,3160,3156,3154,3171,3153,3162,3156,3156,3167,3163,3177,3156,3158,3153
[M41] raw phase=0 block=272 us=3162,3168,3163,3171,3156,3165,3168,3156,3162,3163,3160,3155,3160,3162,3157,3174
[M41] raw phase=0 block=288 us=3157,3156,3155,3158,3173,3155,3164,3153,3155,3173,3162,3168,3154,3164,3155,3158
[M41] raw phase=0 block=304 us=3169,3156,3176,3159,3160,3174,3152,3162,3152,3158,3150,3164,3169,3152,3176,3151
[M41] raw phase=0 block=320 us=3154,3160,3154,3178,3158,3166,3158,3151,3169,3156,3164,3155,3162,3159,3154,3170
[M41] raw phase=0 block=336 us=3153,3170,3172,3162,3166,3163,3163,3152,3149,3147,3147,3154,3147,3166,3145,3143
[M41] raw phase=0 block=352 us=3148,3148,3167,3154,3156,3147,3151,3164,3145,3161,3145,3147,3151,3147,3157,3146
[M41] raw phase=0 block=368 us=3159,3156,3158,3178,3159,3161,3154,3151,3143,3148,3161,3146,3163,3154,3146,3147
[M41] raw phase=0 block=384 us=3146,3159,3146,3158,3145,3145,3168,3151,3171,3159,3164,3174,3158,3172,3156,3163
[M41] raw phase=0 block=400 us=3158,3151,3153,3154,3162,3162,3150,3151,3156,3174,3159,3168,3159,3159,3153,3165
[M41] raw phase=0 block=416 us=3162,3151,3165,3151,3152,3160,3151,3165,3155,3161,3157,3160,3168,3163,3166,3159
[M41] raw phase=0 block=432 us=3160,3154,3160,3177,3157,3166,3158,3154,3170,3163,3172,3154,3157,3162,3158,3164
[M41] raw phase=0 block=448 us=3152,3173,3163,3164,3169,3154,3174,3162,3160,3154,3155,3179,3160,3167,3155,3151
[M41] raw phase=0 block=464 us=3151,3153,3171,3153,3160,3158,3155,3165,3167,3165,3154,3161,3157,3162,3163,3153
[M41] raw phase=0 block=480 us=3161,3157,3166,3165,3156,3165,3168,3165,3151,3165,3170,3162,3180,3158,3153,3153
[M41] raw phase=0 block=496 us=3152,3169,3158,3171,3154,3155,3164,3153,3166,3156,3163,3158,3166,3172,3152,3163
[M41] raw phase=0 block=512 us=3157,3162,3170,3158,3169
[M41] render min=3090 avg=3161.23 p50=3159 p95=3174 p99=3179 max=3914 headroom_worst_us=1890.989
[M41] UI requested_fps=0 frames=0 achieved_fps=0.000 skipped=0 errors=0 pages=0
[M41] part=repair avg=0.00 max=0
[M41] part=draw avg=0.00 max=0
[M41] part=ppa avg=0.00 max=0
[M41] part=cache avg=0.00 max=0
[M41] part=submit avg=0.00 max=0
[M41] part=wait avg=0.00 max=0
[M41] part=present avg=0.00 max=0
[M41] part=total avg=0.00 max=0
[M41] part=dirty_bytes avg=0.00 max=0
[M41] part=repair_bytes avg=0.00 max=0
[M41] part=cache_span_bytes avg=0.00 max=0
[M41] touch polls=299 hz=100.169 errors=0 presses=0 releases=0 drags=0 activity_blocks=0 activity_misses=0
[M41] memory ps_before=30855668 ps_after=30855668 largest_before=30408692 largest_after=30408692 internal_before=507740 internal_after=507740
[M41] phase=1 name=PPA_LIGHT audio_core=0 audio_priority=24 ui_core=0 ui_priority=2 touch_core=1 touch_priority=3 window_s=3.001116
[M41] blocks=517 active_min=16 active_max=16 render_misses=0 write_errors=0 timeouts=0 nonzero=132288 silent=0 rails=0 peak_L=4757 peak_R=6035
[M41] raw phase=1 block=0 us=3114,3910,3800,3867,3967,3852,3972,3914,3723,3861,3937,3892,3886,3213,3167,3195
[M41] raw phase=1 block=16 us=3174,3164,3167,3158,3162,3782,3256,3180,3194,3173,3175,3162,3168,3170,3887,3196
[M41] raw phase=1 block=32 us=3203,3164,3165,3167,3158,3177,3350,3585,3171,3190,3181,3163,3172,3162,3174,3902
[M41] raw phase=1 block=48 us=3200,3210,3166,3159,3170,3167,3174,3166,3866,3183,3187,3170,3159,3170,3168,3164
[M41] raw phase=1 block=64 us=3831,3200,3212,3161,3178,3169,3168,3157,3165,3878,3187,3199,3159,3161,3177,3160
[M41] raw phase=1 block=80 us=3169,3831,3183,3204,3158,3174,3170,3172,3166,3166,3863,3195,3196,3166,3159,3156
[M41] raw phase=1 block=96 us=3160,3172,3800,3233,3173,3193,3172,3168,3169,3163,3177,3840,3193,3214,3157,3168
[M41] raw phase=1 block=112 us=3156,3164,3165,3690,3313,3173,3207,3180,3178,3160,3164,3178,3849,3208,3197,3159
[M41] raw phase=1 block=128 us=3170,3170,3172,3155,3259,3695,3189,3208,3161,3172,3157,3164,3176,3889,3223,3195
[M41] raw phase=1 block=144 us=3156,3158,3166,3171,3162,3178,3829,3189,3190,3163,3177,3164,3171,3166,3833,3210
[M41] raw phase=1 block=160 us=3204,3167,3158,3163,3160,3168,3179,3858,3200,3194,3170,3167,3152,3165,3153,3832
[M41] raw phase=1 block=176 us=3182,3201,3167,3151,3175,3155,3152,3157,3856,3200,3180,3167,3152,3152,3163,3153
[M41] raw phase=1 block=192 us=3853,3191,3171,3184,3159,3172,3158,3167,3159,3820,3195,3188,3164,3159,3160,3156
[M41] raw phase=1 block=208 us=3155,3655,3316,3187,3183,3157,3161,3155,3177,3163,3875,3188,3198,3177,3169,3179
[M41] raw phase=1 block=224 us=3162,3162,3202,3687,3211,3192,3172,3158,3164,3173,3166,3902,3195,3210,3166,3162
[M41] raw phase=1 block=240 us=3179,3167,3179,3157,3808,3183,3185,3177,3158,3168,3160,3171,3879,3179,3218,3164
[M41] raw phase=1 block=256 us=3167,3173,3165,3165,3163,3884,3195,3188,3169,3158,3169,3156,3159,3846,3183,3182
[M41] raw phase=1 block=272 us=3162,3175,3166,3158,3159,3165,3902,3192,3205,3160,3156,3173,3161,3172,3842,3257
[M41] raw phase=1 block=288 us=3177,3191,3177,3164,3168,3167,3169,3897,3201,3211,3167,3160,3160,3162,3172,3480
[M41] raw phase=1 block=304 us=3425,3176,3198,3163,3171,3166,3164,3191,3853,3184,3217,3158,3169,3167,3167,3166
[M41] raw phase=1 block=320 us=3179,3805,3187,3198,3165,3162,3164,3160,3176,3858,3210,3198,3159,3172,3173,3175
[M41] raw phase=1 block=336 us=3162,3156,3873,3192,3196,3159,3176,3155,3158,3181,3828,3222,3197,3162,3174,3167
[M41] raw phase=1 block=352 us=3169,3160,3173,3860,3179,3191,3159,3164,3163,3165,3164,3827,3216,3184,3200,3163
[M41] raw phase=1 block=368 us=3167,3158,3170,3176,3836,3210,3198,3169,3169,3160,3172,3159,3762,3253,3183,3211
[M41] raw phase=1 block=384 us=3163,3182,3162,3163,3169,3845,3218,3201,3175,3162,3157,3170,3165,3356,3521,3185
[M41] raw phase=1 block=400 us=3196,3170,3180,3160,3173,3169,3861,3203,3196,3166,3166,3172,3159,3162,3178,3832
[M41] raw phase=1 block=416 us=3232,3190,3159,3157,3156,3177,3170,3889,3196,3203,3170,3162,3177,3163,3163,3166
[M41] raw phase=1 block=432 us=3831,3225,3188,3171,3158,3164,3173,3161,3867,3198,3215,3166,3161,3180,3164,3182
[M41] raw phase=1 block=448 us=3166,3841,3189,3191,3177,3159,3168,3161,3163,3847,3199,3192,3193,3165,3177,3168
[M41] raw phase=1 block=464 us=3169,3168,3870,3187,3202,3168,3160,3166,3159,3166,3736,3246,3176,3201,3185,3173
[M41] raw phase=1 block=480 us=3164,3166,3174,3909,3196,3204,3159,3156,3176,3159,3173,3273,3666,3172,3192,3175
[M41] raw phase=1 block=496 us=3170,3167,3169,3168,3906,3187,3213,3164,3158,3164,3163,3168,3161,3890,3201,3200
[M41] raw phase=1 block=512 us=3164,3159,3173,3159,3179
[M41] render min=3114 avg=3265.90 p50=3173 p95=3866 p99=3909 max=3972 headroom_worst_us=1832.989
[M41] UI requested_fps=30 frames=60 achieved_fps=19.993 skipped=31 errors=0 pages=1
[M41] part=repair avg=13.25 max=21
[M41] part=draw avg=3622.17 max=66175
[M41] part=ppa avg=16517.98 max=21237
[M41] part=cache avg=0.00 max=0
[M41] part=submit avg=28.52 max=36
[M41] part=wait avg=30515.98 max=34805
[M41] part=present avg=47065.00 max=50918
[M41] part=total avg=50708.63 max=117118
[M41] part=dirty_bytes avg=768000.00 max=768000
[M41] part=repair_bytes avg=0.00 max=0
[M41] part=cache_span_bytes avg=0.00 max=0
[M41] touch polls=300 hz=99.963 errors=0 presses=0 releases=0 drags=0 activity_blocks=0 activity_misses=0
[M41] memory ps_before=30855668 ps_after=30855668 largest_before=30408692 largest_after=30408692 internal_before=507740 internal_after=507740
[M41] phase=2 name=PPA_HEAVY audio_core=0 audio_priority=24 ui_core=0 ui_priority=2 touch_core=1 touch_priority=3 window_s=3.001062
[M41] blocks=517 active_min=16 active_max=16 render_misses=0 write_errors=0 timeouts=0 nonzero=132287 silent=0 rails=0 peak_L=4757 peak_R=6035
[M41] raw phase=2 block=0 us=3769,3130,3153,3134,3169,3160,3154,3160,3160,4020,3846,3965,3848,3859,3969,3892
[M41] raw phase=2 block=16 us=3903,3741,3836,3889,3898,3903,3873,3915,3888,3870,3904,3879,3943,3851,3945,3863
[M41] raw phase=2 block=32 us=3874,3860,3206,3186,3195,3153,3159,3162,3161,3153,3169,3969,3851,3921,3873,3932
[M41] raw phase=2 block=48 us=3872,3903,3894,3904,3935,3900,3969,3872,3662,3180,3209,3177,3158,3174,3165,3950
[M41] raw phase=2 block=64 us=3931,3874,3918,3868,3880,3893,3872,3968,3842,3949,3886,3868,3549,3181,3205,3173
[M41] raw phase=2 block=80 us=3167,3162,3169,4036,3849,3936,3854,3851,3950,3859,3932,3926,3916,3862,3905,3950
[M41] raw phase=2 block=96 us=3555,3203,3193,3181,3163,3161,3175,3976,3887,3895,3870,3885,3896,3931,3863,3953
[M41] raw phase=2 block=112 us=3845,3895,3976,3880,3659,3178,3190,3166,3163,3173,3155,4027,3833,3901,3891,3898
[M41] raw phase=2 block=128 us=3959,3851,3904,3942,3885,3955,3887,3957,3584,3179,3192,3164,3173,3162,3185,3952
[M41] raw phase=2 block=144 us=3835,3959,3868,3981,3876,3873,3917,3915,3929,3889,3978,3854,3469,3185,3204,3182
[M41] raw phase=2 block=160 us=3160,3169,3232,3960,3926,3884,3930,3857,3919,3935,3902,3989,3894,3869,3891,3835
[M41] raw phase=2 block=176 us=3289,3174,3214,3170,3168,3175,3581,3984,3879,3967,3844,3903,3960,3891,3966,3901
[M41] raw phase=2 block=192 us=3887,3844,3900,3907,3332,3193,3196,3159,3160,3167,3704,3930,3977,3885,3855,3951
[M41] raw phase=2 block=208 us=3910,3973,3895,3905,3933,3847,3972,3821,3265,3173,3191,3167,3159,3181,3835,3913
[M41] raw phase=2 block=224 us=3880,3920,3930,3886,3989,3890,3911,3911,3880,3910,3882,3840,3199,3164,3208,3158
[M41] raw phase=2 block=240 us=3166,3159,3873,3917,3879,3971,3862,3916,3909,3883,3918,3885,3923,3854,3927,3654
[M41] raw phase=2 block=256 us=3197,3180,3196,3175,3160,3163,4015,3867,3937,3901,3938,3868,3879,3910,3889,3928
[M41] raw phase=2 block=272 us=3886,3824,3923,3728,3217,3199,3177,3161,3158,3167,3978,3871,3884,3915,3864,3877
[M41] raw phase=2 block=288 us=3956,3892,3913,3888,3854,3941,3882,3658,3182,3208,3159,3168,3171,3172,4050,3840
[M41] raw phase=2 block=304 us=3865,3904,3895,3947,3883,3925,3855,3892,3930,3878,3936,3571,3194,3198,3163,3167
[M41] raw phase=2 block=320 us=3162,3182,3979,3856,3939,3892,3934,3883,3933,3845,3882,3913,3873,3949,3860,3645
[M41] raw phase=2 block=336 us=3174,3196,3185,3161,3180,3171,3980,3881,3867,3937,3853,3933,3837,3897,3928,3851
[M41] raw phase=2 block=352 us=3946,3863,3883,3559,3173,3196,3160,3163,3154,3169,4017,3848,3886,3859,3872,3921
[M41] raw phase=2 block=368 us=3854,3933,3881,3964,3839,3895,3936,3561,3195,3186,3175,3157,3162,3176,3971,3894
[M41] raw phase=2 block=384 us=3851,3854,3897,3868,3927,3866,3927,3856,3895,3988,3862,3588,3177,3207,3165,3158
[M41] raw phase=2 block=400 us=3175,3167,4036,3834,3876,3917,3858,3958,3863,3989,3852,3889,3963,3908,3943,3581
[M41] raw phase=2 block=416 us=3169,3201,3165,3167,3160,3177,3968,3835,3944,3864,3941,3879,3890,3871,3893,3906
[M41] raw phase=2 block=432 us=3877,3970,3875,3678,3198,3196,3184,3163,3170,3165,3965,3907,3878,3922,3857,3852
[M41] raw phase=2 block=448 us=3932,3881,3977,3861,3949,3893,3899,3547,3171,3217,3182,3165,3163,3168,4040,3848
[M41] raw phase=2 block=464 us=3942,3851,3860,3952,3866,3959,3900,3931,3891,3889,3948,3626,3202,3193,3167,3163
[M41] raw phase=2 block=480 us=3159,3174,3973,3886,3869,3888,3906,3907,3948,3883,3928,3869,3846,3979,3868,3595
[M41] raw phase=2 block=496 us=3177,3198,3164,3166,3171,3194,3997,3843,3892,3913,3889,3975,3877,3897,3934,3891
[M41] raw phase=2 block=512 us=3939,3893,3924,3477,3168
[M41] render min=3130 avg=3671.93 p50=3869 p95=3973 p99=4020 max=4050 headroom_worst_us=1754.989
[M41] UI requested_fps=10 frames=25 achieved_fps=8.330 skipped=4 errors=0 pages=1
[M41] part=repair avg=141.64 max=3265
[M41] part=draw avg=80030.68 max=141523
[M41] part=ppa avg=16796.64 max=21345
[M41] part=cache avg=0.00 max=0
[M41] part=submit avg=29.88 max=35
[M41] part=wait avg=21918.44 max=34770
[M41] part=present avg=38747.92 max=55799
[M41] part=total avg=118930.28 max=197346
[M41] part=dirty_bytes avg=768000.00 max=768000
[M41] part=repair_bytes avg=0.00 max=0
[M41] part=cache_span_bytes avg=0.00 max=0
[M41] touch polls=300 hz=99.965 errors=0 presses=0 releases=0 drags=0 activity_blocks=0 activity_misses=0
[M41] memory ps_before=30855668 ps_after=30855668 largest_before=30408692 largest_after=30408692 internal_before=507740 internal_after=507740
[M41] phase=3 name=NATIVE_FULL_STATIC audio_core=0 audio_priority=24 ui_core=0 ui_priority=2 touch_core=1 touch_priority=3 window_s=3.001093
[M41] blocks=517 active_min=16 active_max=16 render_misses=0 write_errors=0 timeouts=0 nonzero=132287 silent=0 rails=0 peak_L=4757 peak_R=6035
[M41] raw phase=3 block=0 us=3139,3113,3114,3136,3174,3170,3168,3173,3175,3174,3158,3162,3168,3166,3168,3167
[M41] raw phase=3 block=16 us=3168,3160,3171,3170,3164,3169,3164,3171,3157,3162,3168,3162,3177,3162,3160,3161
[M41] raw phase=3 block=32 us=3168,3173,3159,3173,3161,3173,3178,3162,3173,3159,3160,3164,3161,3164,3152,3165
[M41] raw phase=3 block=48 us=3152,3168,3163,3155,3178,3155,3163,3160,3153,3164,3156,3179,3153,3155,3155,3158
[M41] raw phase=3 block=64 us=3170,3157,3161,3153,3163,3183,3170,3164,3162,3152,3153,3157,3165,3153,3167,3154
[M41] raw phase=3 block=80 us=3154,3170,3155,3166,3157,3164,3163,3155,3163,3160,3174,3154,3168,3157,3156,3175
[M41] raw phase=3 block=96 us=3157,3173,3155,3156,3174,3158,3175,3159,3157,3156,3159,3175,3155,3170,3158,3151
[M41] raw phase=3 block=112 us=3168,3155,3161,3154,3153,3153,3156,3165,3159,3169,3154,3160,3156,3158,3177,3154
[M41] raw phase=3 block=128 us=3166,3165,3155,3171,3161,3175,3161,3156,3160,3152,3161,3155,3166,3158,3153,3169
[M41] raw phase=3 block=144 us=3153,3169,3165,3154,3154,3160,3173,3164,3168,3153,3159,3155,3161,3172,3153,3163
[M41] raw phase=3 block=160 us=3156,3161,3171,3161,3167,3168,3165,3164,3157,3168,3155,3162,3151,3147,3145,3150
[M41] raw phase=3 block=176 us=3157,3150,3145,3147,3154,3156,3155,3162,3144,3145,3151,3151,3156,3150,3154,3144
[M41] raw phase=3 block=192 us=3142,3156,3149,3161,3152,3153,3155,3151,3165,3153,3156,3161,3146,3146,3150,3159
[M41] raw phase=3 block=208 us=3155,3162,3145,3146,3157,3153,3157,3144,3145,3145,3164,3166,3164,3173,3162,3172
[M41] raw phase=3 block=224 us=3171,3153,3170,3154,3157,3151,3153,3163,3154,3168,3152,3155,3157,3158,3164,3153
[M41] raw phase=3 block=240 us=3171,3153,3154,3174,3158,3162,3156,3152,3151,3158,3165,3154,3165,3162,3165,3168
[M41] raw phase=3 block=256 us=3156,3172,3162,3163,3159,3155,3162,3159,3170,3158,3154,3153,3162,3171,3154,3165
[M41] raw phase=3 block=272 us=3157,3159,3169,3153,3168,3163,3155,3154,3173,3168,3155,3170,3158,3164,3172,3159
[M41] raw phase=3 block=288 us=3173,3152,3161,3151,3151,3164,3160,3168,3152,3167,3156,3157,3178,3154,3162,3159
[M41] raw phase=3 block=304 us=3155,3168,3151,3160,3155,3154,3164,3156,3163,3158,3172,3154,3156,3177,3170,3168
[M41] raw phase=3 block=320 us=3161,3156,3156,3161,3165,3157,3169,3153,3152,3161,3154,3179,3157,3166,3160,3157
[M41] raw phase=3 block=336 us=3171,3157,3166,3153,3161,3168,3154,3160,3156,3171,3162,3155,3169,3162,3180,3172
[M41] raw phase=3 block=352 us=3155,3152,3158,3161,3152,3167,3154,3154,3155,3159,3167,3151,3167,3152,3152,3172
[M41] raw phase=3 block=368 us=3157,3165,3153,3160,3161,3159,3173,3153,3166,3169,3162,3154,3155,3172,3168,3157
[M41] raw phase=3 block=384 us=3156,3153,3165,3166,3174,3153,3152,3159,3159,3176,3165,3164,3158,3160,3170,3156
[M41] raw phase=3 block=400 us=3166,3155,3156,3162,3155,3169,3155,3162,3167,3158,3158,3162,3168,3164,3172,3158
[M41] raw phase=3 block=416 us=3159,3163,3159,3161,3151,3154,3152,3156,3162,3156,3164,3154,3170,3164,3154,3171
[M41] raw phase=3 block=432 us=3153,3151,3157,3153,3168,3154,3171,3153,3153,3159,3159,3166,3164,3175,3165,3159
[M41] raw phase=3 block=448 us=3175,3161,3161,3161,3155,3156,3164,3163,3153,3169,3156,3158,3164,3156,3169,3157
[M41] raw phase=3 block=464 us=3163,3159,3153,3162,3161,3171,3155,3157,3154,3160,3164,3151,3167,3156,3173,3168
[M41] raw phase=3 block=480 us=3154,3163,3163,3152,3154,3166,3162,3151,3167,3154,3160,3169,3154,3166,3153,3162
[M41] raw phase=3 block=496 us=3153,3154,3165,3154,3176,3155,3163,3151,3157,3180,3160,3160,3163,3163,3185,3164
[M41] raw phase=3 block=512 us=3166,3154,3159,3158,3149
[M41] render min=3113 avg=3160.31 p50=3160 p95=3174 p99=3179 max=3185 headroom_worst_us=2619.989
[M41] UI requested_fps=0 frames=0 achieved_fps=0.000 skipped=0 errors=0 pages=0
[M41] part=repair avg=0.00 max=0
[M41] part=draw avg=0.00 max=0
[M41] part=ppa avg=0.00 max=0
[M41] part=cache avg=0.00 max=0
[M41] part=submit avg=0.00 max=0
[M41] part=wait avg=0.00 max=0
[M41] part=present avg=0.00 max=0
[M41] part=total avg=0.00 max=0
[M41] part=dirty_bytes avg=0.00 max=0
[M41] part=repair_bytes avg=0.00 max=0
[M41] part=cache_span_bytes avg=0.00 max=0
[M41] touch polls=300 hz=99.964 errors=0 presses=0 releases=0 drags=0 activity_blocks=0 activity_misses=0
[M41] memory ps_before=30855668 ps_after=30855668 largest_before=30408692 largest_after=30408692 internal_before=507740 internal_after=507740
[M41] phase=4 name=NATIVE_FULL_LIGHT audio_core=0 audio_priority=24 ui_core=0 ui_priority=2 touch_core=1 touch_priority=3 window_s=3.001105
[M41] blocks=517 active_min=16 active_max=16 render_misses=0 write_errors=0 timeouts=0 nonzero=132287 silent=0 rails=0 peak_L=4757 peak_R=6035
[M41] raw phase=4 block=0 us=3112,3874,3928,3897,3919,3960,3921,3964,3930,3928,3918,3905,3969,3890,3946,3913
[M41] raw phase=4 block=16 us=3896,3945,3539,4000,3917,3509,3178,3154,3171,3166,3989,3922,3928,3966,3916,3980
[M41] raw phase=4 block=32 us=3923,3967,3866,3242,3168,3155,3166,3156,3938,3934,3938,3966,3908,3969,3925,3914
[M41] raw phase=4 block=48 us=4000,3384,3203,3166,3171,3161,3651,3964,3939,4002,3927,3945,3967,3924,4006,3535
[M41] raw phase=4 block=64 us=3210,3177,3167,3172,3166,3980,3918,3946,3933,3915,3966,3919,3983,3948,3334,3178
[M41] raw phase=4 block=80 us=3171,3184,3167,3996,3927,3926,3968,3924,3979,3928,3919,3969,3286,3172,3158,3169
[M41] raw phase=4 block=96 us=3168,3941,3954,3932,3985,3921,3958,3919,3923,3985,3369,3178,3159,3162,3164,3763
[M41] raw phase=4 block=112 us=3990,3946,3988,3927,3937,3985,3923,3992,3539,3174,3169,3161,3170,3168,3988,3926
[M41] raw phase=4 block=128 us=3924,3956,3921,3988,3927,3947,3948,3319,3187,3167,3177,3166,3939,3971,3943,3978
[M41] raw phase=4 block=144 us=3926,4004,3936,3927,3979,3340,3182,3161,3165,3162,3940,3985,3933,3963,3924,3939
[M41] raw phase=4 block=160 us=3985,3919,3949,3249,3173,3160,3158,3172,3885,3995,3935,3939,3961,3951,3997,3920
[M41] raw phase=4 block=176 us=3991,3590,3195,3178,3162,3174,3165,3948,3941,3920,3982,3926,3975,3936,3928,3997
[M41] raw phase=4 block=192 us=3321,3198,3161,3173,3169,3937,3968,3946,3986,3929,3924,3962,3929,3990,3321,3188
[M41] raw phase=4 block=208 us=3163,3175,3170,3941,3966,3927,3925,3935,3931,3977,3922,3933,3219,3164,3157,3163
[M41] raw phase=4 block=224 us=3181,3937,3955,3940,3937,3964,3942,3985,3924,3933,3539,3174,3180,3165,3169,3164
[M41] raw phase=4 block=240 us=3944,3977,3930,3959,3920,3943,3935,3933,4001,3329,3196,3160,3171,3168,3944,3969
[M41] raw phase=4 block=256 us=3943,4005,3922,3937,3971,3932,3987,3296,3165,3167,3158,3178,3947,3974,3936,3930
[M41] raw phase=4 block=272 us=3966,3933,3996,3912,3896,3241,3172,3167,3164,3172,3939,3919,3987,3927,3963,3941
[M41] raw phase=4 block=288 us=3994,3937,3949,3615,3167,3183,3160,3159,3171,3934,3963,3927,3970,3934,3927,3974
[M41] raw phase=4 block=304 us=3947,3997,3298,3182,3159,3169,3175,3947,3984,3935,3931,3961,3920,3975,3925,4005
[M41] raw phase=4 block=320 us=3246,3174,3175,3164,3184,3945,3906,3968,3925,3977,3930,3983,3933,3858,3305,3163
[M41] raw phase=4 block=336 us=3175,3172,3179,3942,3924,3981,3932,3983,3926,3927,3963,3938,3533,3170,3172,3151
[M41] raw phase=4 block=352 us=3160,3168,3936,3966,3927,3914,3934,3926,3959,3931,3983,3263,3167,3162,3153,3171
[M41] raw phase=4 block=368 us=3943,3945,3933,3923,3975,3925,3991,3926,3939,3281,3171,3169,3156,3173,3938,3923
[M41] raw phase=4 block=384 us=3969,3915,3962,3930,3924,3934,3886,3294,3167,3183,3171,3171,3982,3933,3976,3931
[M41] raw phase=4 block=400 us=3945,3939,3941,3978,3940,3516,3169,3167,3160,3166,3175,3934,3981,3939,3921,3990
[M41] raw phase=4 block=416 us=3930,3972,3941,3944,3295,3174,3180,3160,3185,3941,3931,3983,3923,3993,3930,3941
[M41] raw phase=4 block=432 us=3926,3940,3357,3165,3172,3161,3165,3983,3927,3998,3926,3974,3944,3933,3956,3883
[M41] raw phase=4 block=448 us=3329,3161,3164,3161,3166,3994,3931,3981,3947,3922,3982,3947,3971,3956,3500,3169
[M41] raw phase=4 block=464 us=3165,3177,3157,3171,3923,3925,3971,3921,3975,3935,3985,3931,3915,3267,3193,3174
[M41] raw phase=4 block=480 us=3164,3167,3959,3918,3982,3932,3985,3932,3927,3968,3926,3300,3162,3175,3157,3168
[M41] raw phase=4 block=496 us=3975,3923,3997,3933,3921,3970,3929,3980,3897,3355,3175,3164,3174,3161,3995,3921
[M41] raw phase=4 block=512 us=3967,3954,3929,3989,3930
[M41] render min=3112 avg=3681.56 p50=3926 p95=3990 p99=4001 max=4006 headroom_worst_us=1798.989
[M41] UI requested_fps=30 frames=36 achieved_fps=11.996 skipped=55 errors=0 pages=1
[M41] part=repair avg=48470.44 max=51635
[M41] part=draw avg=6777.25 max=69584
[M41] part=ppa avg=0.00 max=0
[M41] part=cache avg=1209.31 max=4321
[M41] part=submit avg=126.83 max=3654
[M41] part=wait avg=27557.94 max=28950
[M41] part=present avg=29021.50 max=32894
[M41] part=total avg=84278.42 max=145081
[M41] part=dirty_bytes avg=133162.67 max=768000
[M41] part=repair_bytes avg=768000.00 max=768000
[M41] part=cache_span_bytes avg=768000.00 max=768000
[M41] touch polls=300 hz=99.963 errors=0 presses=0 releases=0 drags=0 activity_blocks=0 activity_misses=0
[M41] memory ps_before=30855668 ps_after=30855668 largest_before=30408692 largest_after=30408692 internal_before=507740 internal_after=507740
[M41] phase=5 name=NATIVE_FULL_HEAVY audio_core=0 audio_priority=24 ui_core=0 ui_priority=2 touch_core=1 touch_priority=3 window_s=3.001086
[M41] blocks=517 active_min=16 active_max=16 render_misses=0 write_errors=0 timeouts=0 nonzero=132287 silent=0 rails=0 peak_L=4757 peak_R=6035
[M41] raw phase=5 block=0 us=3904,3908,3382,3148,3172,3178,3163,3187,3922,3925,3970,3924,3988,3929,3926,3962
[M41] raw phase=5 block=16 us=3935,3974,3929,3992,3894,3915,3977,3932,3921,3662,3983,3913,3902,3972,3933,3970
[M41] raw phase=5 block=32 us=3920,3946,3947,3957,4004,3961,4004,3943,3925,3964,3924,3377,3160,3162,3159,3740
[M41] raw phase=5 block=48 us=3981,3935,3993,3927,3930,3986,3926,4005,3877,3930,3910,3915,3980,3934,3999,3941
[M41] raw phase=5 block=64 us=3951,3991,3955,4014,3930,4014,3913,3865,3268,3162,3165,3168,3940,3940,3934,3976
[M41] raw phase=5 block=80 us=3920,3967,3939,3922,3968,3901,3968,3954,3929,3932,3917,3998,3961,4016,3949,3941
[M41] raw phase=5 block=96 us=3984,3948,3961,3913,3358,3164,3177,3170,3798,3976,3935,3929,3952,3936,3978,3919
[M41] raw phase=5 block=112 us=3994,3881,3907,3981,3929,3960,3943,3944,3944,3956,4005,3952,4007,3938,3932,3970
[M41] raw phase=5 block=128 us=3845,3232,3164,3168,3173,3944,3983,3941,3971,3918,3931,3940,3925,3982,3901,3988
[M41] raw phase=5 block=144 us=3926,3905,3984,3929,3989,3956,3981,3961,3938,4010,3936,3976,3908,3377,3170,3163
[M41] raw phase=5 block=160 us=3176,3924,3978,3928,3930,3979,3947,3976,3918,3957,3870,3918,3980,3889,3971,3910
[M41] raw phase=5 block=176 us=3912,3972,3942,3991,3956,4025,3906,3928,3973,3797,3227,3156,3150,3168,3933,3980
[M41] raw phase=5 block=192 us=3923,3975,3924,3916,3960,3926,3980,3897,3934,3948,3910,3965,3933,3987,3964,3953
[M41] raw phase=5 block=208 us=3965,3945,4005,3938,3951,3917,3225,3169,3155,3164,3938,3934,3982,3935,3978,3942
[M41] raw phase=5 block=224 us=3989,3932,3939,3962,3926,3985,3912,3942,3924,3912,4015,3958,3990,3958,3962,3995
[M41] raw phase=5 block=240 us=3929,4001,3784,3236,3161,3159,3176,3942,3969,3943,3931,3960,3937,3973,3921,3977
[M41] raw phase=5 block=256 us=3915,3905,3976,3919,3965,3944,3961,3954,3955,3994,3935,4008,3931,3905,3958,3349
[M41] raw phase=5 block=272 us=3181,3160,3166,3941,3917,4002,3940,3983,3937,3933,3950,3944,3941,3895,3959,3923
[M41] raw phase=5 block=288 us=3918,3965,3929,4008,3961,3977,3960,3944,4008,3916,3988,3695,3202,3169,3171,3182
[M41] raw phase=5 block=304 us=3943,3967,3929,3928,3957,3929,3965,3936,3928,3947,3904,3993,3905,3984,3950,3939
[M41] raw phase=5 block=320 us=3990,3959,3991,3952,3981,3950,3900,3978,3394,3191,3158,3172,3992,3923,3987,3939
[M41] raw phase=5 block=336 us=3985,3933,3927,3976,3943,3966,3893,3908,3948,3924,3952,3937,3995,3959,3948,3981
[M41] raw phase=5 block=352 us=3956,4004,3858,3961,3605,3186,3178,3162,3176,3947,3930,3943,3933,3974,3932,3991
[M41] raw phase=5 block=368 us=3920,3924,3969,3927,3992,3907,3941,3966,3945,4001,3954,4006,3940,3953,3984,3915
[M41] raw phase=5 block=384 us=3965,3424,3186,3159,3161,3987,3934,3987,3932,3930,3989,3934,3984,3944,3998,3906
[M41] raw phase=5 block=400 us=3917,3960,3913,3958,3921,3957,3979,3938,4019,3952,4003,3842,3937,3669,3205,3179
[M41] raw phase=5 block=416 us=3161,3178,3942,3924,3962,3925,3964,3928,3916,3966,3949,3966,3920,3995,3897,3923
[M41] raw phase=5 block=432 us=3990,3931,4018,3942,3975,3953,3953,4013,3894,3977,3300,3167,3166,3163,3997,3934
[M41] raw phase=5 block=448 us=3989,3946,3924,3964,3933,3972,3938,3933,3959,3918,3982,3919,3974,3926,3942,4017
[M41] raw phase=5 block=464 us=3949,4007,3957,3964,3863,3935,3695,3209,3171,3157,3164,3978,3919,3977,3931,3954
[M41] raw phase=5 block=480 us=3933,3914,3959,3941,3968,3928,3914,3930,3921,4018,3928,4013,3949,3929,3985,3958
[M41] raw phase=5 block=496 us=4030,3879,3948,3296,3162,3172,3175,3994,3918,3938,3968,3932,3995,3943,3968,3938
[M41] raw phase=5 block=512 us=3933,3960,3921,3976,3903
[M41] render min=3148 avg=3837.91 p50=3938 p95=4003 p99=4017 max=4030 headroom_worst_us=1774.989
[M41] UI requested_fps=10 frames=18 achieved_fps=5.998 skipped=12 errors=0 pages=1
[M41] part=repair avg=48752.67 max=51631
[M41] part=draw avg=95244.94 max=156358
[M41] part=ppa avg=0.00 max=0
[M41] part=cache avg=2139.78 max=4609
[M41] part=submit avg=27.33 max=33
[M41] part=wait avg=22739.72 max=26670
[M41] part=present avg=25145.50 max=27385
[M41] part=total avg=169152.39 max=231512
[M41] part=dirty_bytes avg=768000.00 max=768000
[M41] part=repair_bytes avg=768000.00 max=768000
[M41] part=cache_span_bytes avg=768000.00 max=768000
[M41] touch polls=301 hz=100.297 errors=0 presses=0 releases=0 drags=0 activity_blocks=0 activity_misses=0
[M41] memory ps_before=30855668 ps_after=30855668 largest_before=30408692 largest_after=30408692 internal_before=507740 internal_after=507740
[M41] phase=6 name=DIRTY_STATIC audio_core=0 audio_priority=24 ui_core=0 ui_priority=2 touch_core=1 touch_priority=3 window_s=3.001058
[M41] blocks=517 active_min=16 active_max=16 render_misses=0 write_errors=0 timeouts=0 nonzero=132287 silent=0 rails=0 peak_L=4757 peak_R=6035
[M41] raw phase=6 block=0 us=3841,3887,3905,4002,3939,4005,3946,3897,3941,3920,3611,3187,3169,3152,3160,3167
[M41] raw phase=6 block=16 us=3160,3170,3152,3155,3150,3161,3165,3153,3174,3163,3160,3166,3160,3162,3156,3164
[M41] raw phase=6 block=32 us=3154,3152,3175,3158,3174,3149,3154,3158,3154,3171,3153,3161,3155,3161,3168,3163
[M41] raw phase=6 block=48 us=3181,3165,3168,3170,3164,3170,3166,3169,3155,3158,3161,3153,3164,3152,3160,3156
[M41] raw phase=6 block=64 us=3155,3169,3154,3174,3157,3153,3153,3161,3170,3155,3163,3154,3152,3175,3153,3170
[M41] raw phase=6 block=80 us=3162,3164,3167,3158,3162,3158,3159,3151,3165,3171,3154,3171,3153,3154,3152,3163
[M41] raw phase=6 block=96 us=3163,3154,3173,3154,3152,3154,3163,3172,3157,3173,3162,3159,3177,3155,3167,3162
[M41] raw phase=6 block=112 us=3162,3168,3162,3171,3154,3162,3159,3153,3165,3155,3173,3156,3151,3160,3156,3171
[M41] raw phase=6 block=128 us=3164,3170,3155,3165,3151,3152,3172,3152,3170,3155,3158,3173,3157,3172,3161,3153
[M41] raw phase=6 block=144 us=3164,3166,3168,3158,3167,3158,3152,3150,3158,3174,3159,3152,3152,3153,3166,3173
[M41] raw phase=6 block=160 us=3167,3151,3168,3161,3159,3168,3155,3165,3161,3162,3164,3155,3170,3157,3155,3155
[M41] raw phase=6 block=176 us=3159,3178,3164,3178,3162,3152,3158,3154,3167,3168,3152,3151,3152,3163,3159,3165
[M41] raw phase=6 block=192 us=3154,3156,3157,3165,3167,3152,3161,3165,3164,3166,3162,3165,3154,3166,3152,3154
[M41] raw phase=6 block=208 us=3166,3162,3172,3155,3151,3152,3153,3164,3165,3165,3155,3159,3168,3164,3166,3158
[M41] raw phase=6 block=224 us=3156,3158,3166,3173,3152,3167,3152,3159,3169,3156,3165,3155,3168,3160,3159,3174
[M41] raw phase=6 block=240 us=3161,3185,3165,3164,3156,3151,3169,3153,3170,3164,3152,3162,3152,3172,3152,3157
[M41] raw phase=6 block=256 us=3160,3167,3165,3161,3162,3153,3164,3167,3157,3168,3155,3161,3156,3158,3162,3157
[M41] raw phase=6 block=272 us=3172,3166,3162,3156,3158,3169,3153,3165,3152,3153,3174,3152,3165,3153,3152,3159
[M41] raw phase=6 block=288 us=3153,3168,3158,3168,3153,3158,3161,3156,3176,3163,3161,3158,3162,3170,3155,3172
[M41] raw phase=6 block=304 us=3157,3163,3159,3161,3170,3153,3169,3153,3162,3187,3152,3164,3157,3154,3159,3159
[M41] raw phase=6 block=320 us=3167,3155,3167,3159,3152,3163,3154,3167,3157,3163,3160,3154,3170,3164,3172,3156
[M41] raw phase=6 block=336 us=3163,3165,3161,3171,3150,3161,3152,3148,3162,3144,3154,3147,3147,3154,3155,3160
[M41] raw phase=6 block=352 us=3147,3161,3152,3143,3159,3144,3155,3149,3146,3143,3147,3154,3150,3156,3147,3155
[M41] raw phase=6 block=368 us=3156,3164,3170,3151,3158,3152,3147,3157,3152,3158,3148,3149,3153,3145,3157,3150
[M41] raw phase=6 block=384 us=3158,3154,3147,3157,3146,3156,3168,3152,3157,3165,3173,3164,3162,3150,3153,3151
[M41] raw phase=6 block=400 us=3162,3161,3155,3162,3160,3161,3163,3161,3167,3155,3160,3156,3151,3167,3152,3163
[M41] raw phase=6 block=416 us=3149,3156,3153,3152,3165,3157,3163,3157,3163,3179,3168,3177,3156,3154,3158,3158
[M41] raw phase=6 block=432 us=3166,3164,3162,3155,3158,3164,3154,3166,3160,3159,3155,3162,3169,3154,3172,3158
[M41] raw phase=6 block=448 us=3157,3161,3162,3162,3156,3166,3157,3156,3169,3168,3172,3156,3154,3159,3156,3162
[M41] raw phase=6 block=464 us=3160,3164,3152,3164,3161,3153,3167,3156,3162,3151,3155,3169,3152,3174,3153,3155
[M41] raw phase=6 block=480 us=3154,3163,3171,3153,3174,3157,3158,3178,3156,3173,3159,3158,3157,3150,3162,3153
[M41] raw phase=6 block=496 us=3172,3160,3156,3162,3152,3170,3156,3159,3163,3159,3167,3167,3170,3152,3154,3154
[M41] raw phase=6 block=512 us=3161,3173,3160,3161,3161
[M41] render min=3143 avg=3175.91 p50=3160 p95=3174 p99=3920 max=4005 headroom_worst_us=1799.989
[M41] UI requested_fps=0 frames=0 achieved_fps=0.000 skipped=0 errors=0 pages=0
[M41] part=repair avg=0.00 max=0
[M41] part=draw avg=0.00 max=0
[M41] part=ppa avg=0.00 max=0
[M41] part=cache avg=0.00 max=0
[M41] part=submit avg=0.00 max=0
[M41] part=wait avg=0.00 max=0
[M41] part=present avg=0.00 max=0
[M41] part=total avg=0.00 max=0
[M41] part=dirty_bytes avg=0.00 max=0
[M41] part=repair_bytes avg=0.00 max=0
[M41] part=cache_span_bytes avg=0.00 max=0
[M41] touch polls=300 hz=99.965 errors=0 presses=0 releases=0 drags=0 activity_blocks=0 activity_misses=0
[M41] memory ps_before=30855668 ps_after=30855668 largest_before=30408692 largest_after=30408692 internal_before=507740 internal_after=507740
[M41] phase=7 name=DIRTY_LIGHT audio_core=0 audio_priority=24 ui_core=0 ui_priority=2 touch_core=1 touch_priority=3 window_s=3.001086
[M41] blocks=517 active_min=16 active_max=16 render_misses=0 write_errors=0 timeouts=0 nonzero=132287 silent=0 rails=0 peak_L=4757 peak_R=6035
[M41] raw phase=7 block=0 us=3106,3947,3871,3955,3941,3937,3960,3936,3982,3917,3974,3895,3897,3967,3919,3957
[M41] raw phase=7 block=16 us=3944,3891,3500,3951,3988,3506,3187,3165,3170,3984,3925,3990,3929,3998,3931,3923
[M41] raw phase=7 block=32 us=3965,3952,3330,3169,3166,3173,3172,4014,3390,3194,3167,3164,3178,3954,3497,3178
[M41] raw phase=7 block=48 us=3165,3159,3305,4002,3394,3196,3162,3166,3977,3558,3209,3159,3178,3167,3953,3447
[M41] raw phase=7 block=64 us=3178,3179,3160,3165,3983,3511,3187,3162,3171,3900,3853,3277,3167,3170,3175,3984
[M41] raw phase=7 block=80 us=3395,3181,3169,3169,3187,3943,3470,3166,3171,3169,3785,3958,3350,3161,3171,3168
[M41] raw phase=7 block=96 us=4003,3388,3178,3164,3163,3179,3955,3513,3184,3158,3160,3361,3989,3388,3176,3163
[M41] raw phase=7 block=112 us=3160,4003,3514,3209,3160,3162,3170,3951,3432,3184,3170,3164,3172,3982,3489,3191
[M41] raw phase=7 block=128 us=3159,3166,3951,3761,3238,3174,3180,3172,3961,3412,3176,3172,3164,3175,3952,3465
[M41] raw phase=7 block=144 us=3180,3165,3169,3865,3884,3382,3184,3171,3177,4004,3375,3178,3177,3161,3175,3951
[M41] raw phase=7 block=160 us=3491,3170,3159,3174,3457,4008,3387,3162,3161,3160,4002,3476,3184,3154,3159,3174
[M41] raw phase=7 block=176 us=3951,3488,3167,3154,3155,3157,3985,3467,3182,3150,3159,3974,3667,3220,3154,3162
[M41] raw phase=7 block=192 us=3159,3954,3406,3172,3176,3155,3161,3982,3451,3181,3151,3164,3889,3902,3383,3163
[M41] raw phase=7 block=208 us=3169,3159,3945,3384,3172,3165,3153,3169,3939,3488,3194,3161,3170,3560,3952,3394
[M41] raw phase=7 block=224 us=3163,3168,3165,4000,3466,3175,3161,3160,3184,3945,3471,3177,3157,3181,3184,4005
[M41] raw phase=7 block=240 us=3469,3171,3165,3159,3975,3646,3211,3166,3165,3177,3956,3418,3174,3169,3162,3165
[M41] raw phase=7 block=256 us=3995,3446,3195,3163,3160,3949,3899,3379,3171,3170,3175,3954,3432,3170,3171,3163
[M41] raw phase=7 block=272 us=3172,3985,3495,3187,3163,3170,3614,3908,3397,3178,3170,3168,3980,3377,3180,3172
[M41] raw phase=7 block=288 us=3170,3174,3947,3429,3180,3157,3172,3232,3995,3459,3167,3182,3162,3987,3641,3182
[M41] raw phase=7 block=304 us=3170,3159,3176,3957,3441,3187,3159,3161,3165,3993,3468,3190,3165,3164,3991,3874
[M41] raw phase=7 block=320 us=3332,3169,3157,3169,3950,3404,3174,3169,3157,3172,4011,3475,3196,3165,3164,3722
[M41] raw phase=7 block=336 us=3896,3399,3172,3173,3172,3940,3415,3177,3171,3164,3174,3950,3464,3202,3171,3173
[M41] raw phase=7 block=352 us=3283,3947,3461,3182,3170,3159,3986,3591,3193,3169,3159,3179,3954,3427,3178,3165
[M41] raw phase=7 block=368 us=3178,3166,3983,3464,3169,3159,3164,3995,3761,3259,3161,3163,3183,3965,3425,3176
[M41] raw phase=7 block=384 us=3164,3159,3170,4006,3461,3191,3165,3167,3788,3939,3411,3167,3167,3164,3958,3434
[M41] raw phase=7 block=400 us=3180,3181,3156,3169,3992,3455,3193,3159,3171,3341,3934,3442,3175,3180,3160,3939
[M41] raw phase=7 block=416 us=3552,3195,3169,3164,3176,3951,3490,3190,3162,3170,3166,3936,3508,3177,3168,3167
[M41] raw phase=7 block=432 us=3977,3822,3251,3158,3170,3191,3948,3432,3175,3168,3178,3166,4000,3495,3170,3166
[M41] raw phase=7 block=448 us=3160,3828,3919,3376,3169,3160,3177,3955,3416,3184,3159,3161,3169,3990,3462,3207
[M41] raw phase=7 block=464 us=3164,3164,3417,3957,3434,3167,3167,3161,3941,3468,3186,3167,3164,3169,3994,3450
[M41] raw phase=7 block=480 us=3198,3163,3169,3161,3933,3533,3171,3171,3167,3973,3711,3248,3177,3162,3176,3957
[M41] raw phase=7 block=496 us=3401,3177,3159,3173,3165,4021,3467,3173,3181,3164,3395,3950,3384,3182,3160,3178
[M41] raw phase=7 block=512 us=3863,3965,3332,3167,3154
[M41] render min=3106 avg=3408.47 p50=3182 p95=3987 p99=4005 max=4021 headroom_worst_us=1783.989
[M41] UI requested_fps=30 frames=86 achieved_fps=28.656 skipped=4 errors=0 pages=1
[M41] part=repair avg=5471.40 max=48265
[M41] part=draw avg=5207.43 max=69498
[M41] part=ppa avg=0.00 max=0
[M41] part=cache avg=1255.17 max=4244
[M41] part=submit avg=149.26 max=3630
[M41] part=wait avg=22476.47 max=27012
[M41] part=present avg=24119.90 max=27667
[M41] part=total avg=34806.98 max=139275
[M41] part=dirty_bytes avg=122624.00 max=768000
[M41] part=repair_bytes avg=130220.65 max=768000
[M41] part=cache_span_bytes avg=503969.12 max=768000
[M41] touch polls=300 hz=99.964 errors=0 presses=0 releases=0 drags=0 activity_blocks=0 activity_misses=0
[M41] memory ps_before=30855668 ps_after=30855668 largest_before=30408692 largest_after=30408692 internal_before=507740 internal_after=507740
[M41] phase=8 name=DIRTY_HEAVY audio_core=0 audio_priority=24 ui_core=0 ui_priority=2 touch_core=1 touch_priority=3 window_s=3.001111
[M41] blocks=517 active_min=16 active_max=16 render_misses=0 write_errors=0 timeouts=0 nonzero=132287 silent=0 rails=0 peak_L=4757 peak_R=6035
[M41] raw phase=8 block=0 us=3108,3943,3868,3931,3931,3916,3976,3926,3977,3931,3902,3967,3928,3972,3921,4009
[M41] raw phase=8 block=16 us=3890,3882,3683,3937,3989,3872,3910,3963,3917,3971,3924,3984,3951,3945,3990,3944
[M41] raw phase=8 block=32 us=4013,3917,3972,3919,3534,3195,3161,3166,3157,3943,3968,3925,3966,3944,3983,3921
[M41] raw phase=8 block=48 us=3947,3986,3917,3976,3931,3892,3937,3943,4007,3949,4002,3946,3930,4012,3970,3945
[M41] raw phase=8 block=64 us=3931,3304,3170,3165,3170,3953,3977,3938,3925,3951,3945,3973,3929,3981,3905,3902
[M41] raw phase=8 block=80 us=3979,3901,3964,3930,3930,3983,3965,4000,3949,3996,3924,3899,3985,3199,3190,3163
[M41] raw phase=8 block=96 us=3171,3168,3946,3973,3929,3972,3945,3928,3954,3956,3992,3915,3972,3938,3899,3974
[M41] raw phase=8 block=112 us=3943,4016,3946,3938,3978,3936,4018,3924,3971,3896,3344,3169,3159,3182,3942,3965
[M41] raw phase=8 block=128 us=3934,3936,3974,3940,3981,3924,3914,3957,3926,3949,3909,3970,3930,3925,3999,3953
[M41] raw phase=8 block=144 us=4002,3958,3954,3956,3913,3945,3205,3188,3159,3162,3167,3950,3988,3928,4001,3924
[M41] raw phase=8 block=160 us=3941,3975,3952,3992,3903,3910,3976,3917,3979,3934,3985,3946,3945,3999,3946,4005
[M41] raw phase=8 block=176 us=3921,3926,3882,3410,3177,3161,3187,3939,3925,3965,3919,3973,3935,3993,3919,3913
[M41] raw phase=8 block=192 us=3988,3913,3958,3920,3931,3985,3935,4022,3948,4003,3957,3949,3990,3905,3983,3213
[M41] raw phase=8 block=208 us=3177,3164,3161,3175,3937,3977,3940,3923,3969,3928,3987,3939,3999,3924,3906,4004
[M41] raw phase=8 block=224 us=3922,3977,3935,3940,3995,3946,3997,3940,4002,3936,3912,3939,3381,3183,3166,3169
[M41] raw phase=8 block=240 us=3952,3936,3976,3925,3970,3932,3931,3956,3921,3981,3911,3975,3912,3929,3995,3941
[M41] raw phase=8 block=256 us=4019,3955,3938,3987,3958,3980,3898,3980,3219,3168,3160,3163,3174,3945,3953,3933
[M41] raw phase=8 block=272 us=3925,3983,3936,3978,3948,3932,3938,3936,3987,3917,3974,3946,3942,4017,3935,4018
[M41] raw phase=8 block=288 us=3949,3950,3954,3936,3956,3324,3189,3161,3167,3982,3924,3989,3932,3954,3937,3938
[M41] raw phase=8 block=304 us=3984,3935,3969,3901,3918,3956,3896,4016,3922,3996,3957,3942,3998,3959,3987,3885
[M41] raw phase=8 block=320 us=3941,3234,3174,3175,3164,3179,3934,3925,3971,3927,3985,3934,3966,3940,3932,3969
[M41] raw phase=8 block=336 us=3923,4009,3884,3914,4000,3926,3996,3942,3984,3920,3941,4000,3905,3964,3206,3168
[M41] raw phase=8 block=352 us=3152,3164,3979,3919,3979,3924,3917,3967,3927,3987,3896,3949,3906,3906,3956,3911
[M41] raw phase=8 block=368 us=3990,3944,3945,3984,3941,3995,3952,3972,3892,3916,3226,3169,3172,3156,3183,3931
[M41] raw phase=8 block=384 us=3916,3978,3919,3982,3933,3924,3977,3932,3967,3930,4031,3878,3915,3990,3942,4005
[M41] raw phase=8 block=400 us=3950,3939,3989,3951,3983,3921,3968,3207,3165,3171,3175,3990,3919,3967,3949,3919
[M41] raw phase=8 block=416 us=3986,3925,3970,3916,3914,3941,3918,3982,3917,4003,3943,3961,3978,3942,4000,3946
[M41] raw phase=8 block=432 us=3939,3925,3925,3234,3171,3179,3168,3210,3959,3934,3993,3939,3966,3946,3930,3985
[M41] raw phase=8 block=448 us=3909,3973,3895,3913,3977,3925,3984,3953,4015,3958,3952,4001,3931,3978,3921,3901
[M41] raw phase=8 block=464 us=3221,3164,3168,3168,3996,3932,3932,3966,3930,3994,3937,3946,3903,3898,3965,3936
[M41] raw phase=8 block=480 us=3965,3916,3932,3993,3953,4015,3943,4002,3949,3954,3928,3926,3265,3171,3163,3164
[M41] raw phase=8 block=496 us=3324,3976,3929,3985,3935,3944,3995,3939,3980,3926,3949,3931,3915,3968,3903,3999
[M41] raw phase=8 block=512 us=3951,3956,3997,3946,3993
[M41] render min=3108 avg=3835.83 p50=3939 p95=4001 p99=4017 max=4031 headroom_worst_us=1773.989
[M41] UI requested_fps=10 frames=18 achieved_fps=5.998 skipped=12 errors=0 pages=1
[M41] part=repair avg=48740.11 max=51299
[M41] part=draw avg=94212.50 max=156491
[M41] part=ppa avg=0.00 max=0
[M41] part=cache avg=1976.11 max=4740
[M41] part=submit avg=28.39 max=43
[M41] part=wait avg=23734.11 max=27623
[M41] part=present avg=25994.17 max=32415
[M41] part=total avg=168956.28 max=232112
[M41] part=dirty_bytes avg=768000.00 max=768000
[M41] part=repair_bytes avg=768000.00 max=768000
[M41] part=cache_span_bytes avg=768000.00 max=768000
[M41] touch polls=300 hz=99.963 errors=0 presses=0 releases=0 drags=0 activity_blocks=0 activity_misses=0
[M41] memory ps_before=30855668 ps_after=30855668 largest_before=30408692 largest_after=30408692 internal_before=507740 internal_after=507740
[M41] phase=9 name=STATIC_TO_LIGHT audio_core=0 audio_priority=24 ui_core=0 ui_priority=2 touch_core=1 touch_priority=3 window_s=3.001051
[M41] blocks=517 active_min=16 active_max=16 render_misses=0 write_errors=0 timeouts=0 nonzero=132287 silent=0 rails=0 peak_L=4757 peak_R=6035
[M41] raw phase=9 block=0 us=3868,3937,3875,3878,3238,3172,3176,3166,3177,3163,3169,3176,3162,3182,3164,3164
[M41] raw phase=9 block=16 us=3160,3160,3185,3161,3170,3163,3163,3176,3167,3168,3166,3168,3159,3168,3179,3167
[M41] raw phase=9 block=32 us=3169,3165,3167,3171,3164,3173,3165,3168,3158,3162,3171,3163,3182,3159,3163,3169
[M41] raw phase=9 block=48 us=3160,3175,3167,3163,3154,3165,3172,3153,3161,3159,3159,3162,3156,3164,3157,3166
[M41] raw phase=9 block=64 us=3162,3156,3170,3164,3174,3164,3167,3152,3153,3164,3152,3171,3151,3153,3155,3162
[M41] raw phase=9 block=80 us=3173,3160,3166,3154,3163,3173,3157,3169,3153,3157,3164,3160,3163,3155,3165,3164
[M41] raw phase=9 block=96 us=3155,3161,3156,3171,3166,3971,3945,3923,3975,3926,3967,3935,3928,3968,3902,3983
[M41] raw phase=9 block=112 us=3924,3996,3903,3913,4015,3889,3637,3949,3928,3511,3180,3173,3164,3997,3930,3937
[M41] raw phase=9 block=128 us=3977,3938,3967,3925,3963,3958,3332,3183,3168,3172,3169,3947,3399,3173,3168,3162
[M41] raw phase=9 block=144 us=3181,3956,3495,3196,3167,3168,3453,3957,3354,3177,3170,3159,3991,3442,3195,3162
[M41] raw phase=9 block=160 us=3158,3173,3959,3454,3180,3159,3177,3168,3996,3453,3160,3152,3160,3987,3688,3215
[M41] raw phase=9 block=176 us=3160,3163,3171,3952,3427,3168,3152,3153,3156,3989,3459,3183,3152,3155,3921,3892
[M41] raw phase=9 block=192 us=3390,3165,3166,3169,3938,3441,3178,3171,3153,3160,3979,3502,3190,3155,3169,3551
[M41] raw phase=9 block=208 us=3924,3363,3164,3167,3151,3946,3436,3170,3164,3159,3182,3954,3461,3186,3163,3171
[M41] raw phase=9 block=224 us=3233,3956,3453,3174,3169,3165,3995,3640,3181,3161,3170,3179,3954,3448,3178,3170
[M41] raw phase=9 block=240 us=3170,3165,4000,3462,3169,3158,3160,3931,3898,3389,3169,3159,3173,3954,3442,3172
[M41] raw phase=9 block=256 us=3173,3161,3169,3994,3449,3187,3162,3156,3646,3932,3400,3167,3170,3171,3955,3471
[M41] raw phase=9 block=272 us=3177,3166,3161,3175,3970,3475,3191,3162,3177,3266,3931,3480,3178,3183,3162,3973
[M41] raw phase=9 block=288 us=3559,3188,3176,3157,3174,3957,3410,3190,3157,3170,3164,4002,3435,3166,3173,3165
[M41] raw phase=9 block=304 us=3982,3853,3306,3162,3157,3178,3951,3436,3182,3161,3164,3168,3993,3493,3196,3159
[M41] raw phase=9 block=320 us=3157,3788,3900,3396,3172,3159,3180,3956,3434,3173,3169,3166,3165,3981,3446,3205
[M41] raw phase=9 block=336 us=3169,3160,3312,3940,3448,3172,3170,3159,3937,3556,3180,3179,3162,3183,3961,3482
[M41] raw phase=9 block=352 us=3195,3157,3172,3167,3943,3517,3183,3180,3159,3977,3838,3238,3169,3161,3182,3958
[M41] raw phase=9 block=368 us=3421,3182,3161,3170,3174,3987,3471,3167,3159,3165,3845,3871,3418,3179,3159,3179
[M41] raw phase=9 block=384 us=3956,3421,3182,3158,3160,3166,3994,3436,3196,3166,3163,3403,3950,3453,3169,3174
[M41] raw phase=9 block=400 us=3159,3944,3521,3191,3179,3162,3172,3997,3443,3197,3158,3173,3159,3947,3508,3167
[M41] raw phase=9 block=416 us=3176,3158,3936,3818,3233,3169,3162,3181,3953,3396,3180,3162,3172,3171,3975,3450
[M41] raw phase=9 block=432 us=3176,3168,3167,3823,3866,3336,3160,3168,3183,3965,3451,3187,3173,3174,3170,4000
[M41] raw phase=9 block=448 us=3429,3189,3162,3164,3481,3949,3436,3166,3158,3158,3948,3508,3174,3174,3162,3170
[M41] raw phase=9 block=464 us=4004,3446,3192,3163,3159,3156,3929,3518,3171,3171,3160,3954,3709,3201,3174,3160
[M41] raw phase=9 block=480 us=3185,3970,3385,3194,3165,3178,3166,3936,3523,3167,3176,3163,3904,3858,3329,3178
[M41] raw phase=9 block=496 us=3158,3180,3974,3419,3181,3157,3170,3165,3990,3436,3179,3170,3167,3561,3949,3397
[M41] raw phase=9 block=512 us=3168,3159,3171,3941,3436
[M41] transition request_block=100 inflight=0 around_blocks=80..179 max_us=4015 misses=0 idle_observations=331
[M41] render min=3151 avg=3373.08 p50=3176 p95=3975 p99=3997 max=4015 headroom_worst_us=1789.989
[M41] UI requested_fps=0 frames=69 achieved_fps=22.992 skipped=20 errors=0 pages=1
[M41] part=repair avg=5531.42 max=48399
[M41] part=draw avg=5483.81 max=69525
[M41] part=ppa avg=0.00 max=0
[M41] part=cache avg=1238.06 max=4289
[M41] part=submit avg=287.49 max=3654
[M41] part=wait avg=22672.07 max=27000
[M41] part=present avg=24279.43 max=27650
[M41] part=total avg=35305.14 max=139312
[M41] part=dirty_bytes avg=124490.20 max=768000
[M41] part=repair_bytes avg=133943.65 max=768000
[M41] part=cache_span_bytes avg=503799.65 max=768000
[M41] touch polls=300 hz=99.965 errors=0 presses=0 releases=0 drags=0 activity_blocks=0 activity_misses=0
[M41] memory ps_before=30855668 ps_after=30855668 largest_before=30408692 largest_after=30408692 internal_before=507740 internal_after=507740
[M41] phase=10 name=LIGHT_TO_STATIC audio_core=0 audio_priority=24 ui_core=0 ui_priority=2 touch_core=1 touch_priority=3 window_s=3.001083
[M41] blocks=517 active_min=16 active_max=16 render_misses=0 write_errors=0 timeouts=0 nonzero=132287 silent=0 rails=0 peak_L=4757 peak_R=6035
[M41] raw phase=10 block=0 us=3112,3102,3100,3143,3989,3926,4010,3931,3925,3951,3922,3984,3931,3918,3972,3954
[M41] raw phase=10 block=16 us=3958,3900,4005,3919,3873,3756,3962,3970,3414,3158,3173,3155,3163,3379,3959,3917
[M41] raw phase=10 block=32 us=3923,3958,3923,3992,3918,3995,3858,3189,3176,3156,3168,3157,3939,3479,3176,3173
[M41] raw phase=10 block=48 us=3163,3656,3929,3393,3167,3165,3177,3965,3411,3176,3168,3165,3170,4003,3397,3173
[M41] raw phase=10 block=64 us=3160,3160,3286,3948,3497,3165,3163,3173,3947,3652,3188,3163,3161,3177,4002,3417
[M41] raw phase=10 block=80 us=3199,3168,3160,3170,3949,3502,3169,3165,3162,3915,3918,3288,3178,3160,3168,3998
[M41] raw phase=10 block=96 us=3389,3206,3165,3184,3167,3168,3173,3157,3169,3166,3162,3165,3163,3173,3170,3177
[M41] raw phase=10 block=112 us=3169,3170,3166,3167,3169,3170,3170,3161,3164,3173,3173,3170,3159,3166,3164,3171
[M41] raw phase=10 block=128 us=3169,3160,3174,3166,3168,3173,3166,3174,3164,3171,3163,3161,3176,3162,3178,3155
[M41] raw phase=10 block=144 us=3160,3164,3159,3167,3151,3160,3156,3160,3164,3168,3173,3151,3157,3164,3165,3167
[M41] raw phase=10 block=160 us=3154,3169,3155,3163,3163,3151,3163,3155,3171,3153,3157,3170,3160,3171,3161,3163
[M41] raw phase=10 block=176 us=3160,3169,3176,3158,3162,3155,3153,3173,3154,3165,3159,3153,3162,3153,3171,3163
[M41] raw phase=10 block=192 us=3168,3160,3167,3166,3156,3169,3156,3171,3158,3156,3173,3154,3177,3155,3158,3161
[M41] raw phase=10 block=208 us=3169,3180,3161,3173,3154,3152,3175,3154,3161,3160,3156,3157,3155,3163,3156,3169
[M41] raw phase=10 block=224 us=3160,3166,3166,3159,3171,3152,3152,3168,3159,3165,3159,3174,3159,3160,3156,3164
[M41] raw phase=10 block=240 us=3178,3161,3172,3160,3153,3176,3153,3170,3159,3153,3164,3159,3165,3153,3166,3162
[M41] raw phase=10 block=256 us=3160,3168,3156,3165,3159,3153,3162,3154,3167,3171,3167,3154,3162,3154,3160,3177
[M41] raw phase=10 block=272 us=3166,3170,3155,3156,3169,3152,3164,3154,3151,3162,3166,3165,3157,3172,3163,3161
[M41] raw phase=10 block=288 us=3158,3160,3169,3167,3152,3150,3153,3171,3164,3165,3161,3156,3159,3162,3175,3164
[M41] raw phase=10 block=304 us=3176,3170,3163,3175,3156,3163,3152,3153,3151,3152,3163,3154,3163,3157,3161,3165
[M41] raw phase=10 block=320 us=3159,3170,3167,3165,3156,3162,3163,3163,3171,3158,3156,3154,3166,3167,3161,3171
[M41] raw phase=10 block=336 us=3162,3166,3167,3165,3164,3152,3165,3146,3145,3161,3149,3157,3152,3147,3149,3148
[M41] raw phase=10 block=352 us=3157,3147,3158,3146,3151,3157,3154,3161,3145,3147,3150,3154,3158,3156,3157,3150
[M41] raw phase=10 block=368 us=3159,3169,3151,3156,3146,3158,3147,3150,3166,3146,3165,3155,3148,3147,3154,3169
[M41] raw phase=10 block=384 us=3150,3161,3147,3146,3153,3161,3168,3153,3160,3168,3170,3170,3157,3161,3152,3163
[M41] raw phase=10 block=400 us=3165,3161,3171,3152,3159,3149,3157,3165,3156,3169,3154,3155,3154,3159,3169,3154
[M41] raw phase=10 block=416 us=3167,3154,3154,3174,3152,3167,3160,3157,3164,3163,3175,3158,3164,3150,3155,3163
[M41] raw phase=10 block=432 us=3156,3179,3155,3159,3156,3154,3168,3163,3171,3159,3165,3158,3157,3170,3153,3168
[M41] raw phase=10 block=448 us=3157,3158,3171,3153,3166,3164,3161,3164,3163,3170,3163,3171,3157,3152,3159,3153
[M41] raw phase=10 block=464 us=3165,3171,3153,3151,3150,3165,3166,3170,3154,3160,3154,3156,3173,3153,3163,3158
[M41] raw phase=10 block=480 us=3158,3179,3153,3169,3159,3156,3162,3155,3164,3161,3181,3166,3154,3172,3156,3166
[M41] raw phase=10 block=496 us=3165,3151,3154,3158,3164,3160,3168,3158,3157,3158,3159,3166,3154,3167,3159,3169
[M41] raw phase=10 block=512 us=3165,3163,3166,3155,3162
[M41] transition request_block=100 inflight=1 around_blocks=80..179 max_us=3998 misses=0 idle_observations=1483
[M41] render min=3100 avg=3229.67 p50=3163 p95=3926 p99=3995 max=4010 headroom_worst_us=1794.989
[M41] UI requested_fps=30 frames=12 achieved_fps=3.999 skipped=4 errors=0 pages=1
[M41] part=repair avg=12254.42 max=51532
[M41] part=draw avg=9593.83 max=69467
[M41] part=ppa avg=0.00 max=0
[M41] part=cache avg=1127.42 max=4242
[M41] part=submit avg=324.58 max=3613
[M41] part=wait avg=23553.00 max=28863
[M41] part=present avg=25035.58 max=29553
[M41] part=total avg=46894.42 max=147152
[M41] part=dirty_bytes avg=169429.33 max=768000
[M41] part=repair_bytes avg=223786.67 max=768000
[M41] part=cache_span_bytes avg=534866.67 max=768000
[M41] touch polls=300 hz=99.964 errors=0 presses=0 releases=0 drags=0 activity_blocks=0 activity_misses=0
[M41] memory ps_before=30855668 ps_after=30855668 largest_before=30408692 largest_after=30408692 internal_before=507740 internal_after=507740
[M41] phase=11 name=LIGHT_TO_HEAVY audio_core=0 audio_priority=24 ui_core=0 ui_priority=2 touch_core=1 touch_priority=3 window_s=3.001108
[M41] blocks=517 active_min=16 active_max=16 render_misses=0 write_errors=0 timeouts=0 nonzero=132287 silent=0 rails=0 peak_L=4757 peak_R=6035
[M41] raw phase=11 block=0 us=3118,3891,3931,3914,3983,3943,3927,3991,3942,3984,3935,3964,3873,3911,4007,3885
[M41] raw phase=11 block=16 us=3968,3876,3680,3993,3926,3550,3172,3176,3165,3935,3959,3934,3977,3926,3932,3944
[M41] raw phase=11 block=32 us=3919,3978,3509,3194,3177,3161,3159,3158,4006,3520,3177,3157,3171,3986,3732,3230
[M41] raw phase=11 block=48 us=3162,3164,3171,3965,3419,3181,3174,3159,3171,3992,3481,3185,3159,3171,3823,3878
[M41] raw phase=11 block=64 us=3358,3165,3176,3169,3958,3425,3176,3177,3158,3174,3956,3470,3192,3167,3174,3467
[M41] raw phase=11 block=80 us=3946,3365,3171,3179,3162,4013,3445,3198,3171,3161,3180,3951,3439,3179,3162,3170
[M41] raw phase=11 block=96 us=3157,3980,3483,3170,3162,3167,3990,3783,3960,3948,3907,3981,3916,3987,3951,3961
[M41] raw phase=11 block=112 us=3991,3950,4007,3942,3992,3898,3928,3242,3159,3171,3162,3175,3170,3946,3958,3942
[M41] raw phase=11 block=128 us=3998,3930,3929,3970,3937,3978,3918,3951,3906,3918,3966,3951,3988,3959,3945,3986
[M41] raw phase=11 block=144 us=3961,4011,3927,3968,3879,3200,3184,3164,3169,3175,3952,3952,3921,3966,3926,3966
[M41] raw phase=11 block=160 us=3936,3933,3971,3915,3996,3929,3974,3901,3929,3990,3942,3993,3941,3932,3992,3938
[M41] raw phase=11 block=176 us=3971,3906,3226,3168,3158,3171,3942,3971,3933,3951,3934,3932,3974,3919,3938,3935
[M41] raw phase=11 block=192 us=3880,3977,3906,3966,3947,4015,3938,3950,3998,3953,3981,3922,3894,3934,3200,3174
[M41] raw phase=11 block=208 us=3153,3163,3209,3918,3952,3923,3968,3926,3939,3923,3939,4017,3901,3998,3913,3888
[M41] raw phase=11 block=224 us=3958,3934,3992,3947,3992,3947,3932,3986,3941,3976,3923,3209,3166,3169,3178,3945
[M41] raw phase=11 block=240 us=3978,3935,3925,3958,3939,3980,3918,3921,3925,3907,3998,3902,3996,3944,3934,4000
[M41] raw phase=11 block=256 us=3961,4006,3944,4012,3921,3892,3949,3207,3181,3162,3163,3356,3923,3980,3935,3981
[M41] raw phase=11 block=272 us=3933,3927,3974,3921,3986,3904,3950,3930,3894,3985,3913,4015,3956,3937,3985,3946
[M41] raw phase=11 block=288 us=3996,3937,3977,3916,3214,3174,3172,3177,3951,3938,3967,3931,3988,3944,3978,3931
[M41] raw phase=11 block=304 us=3914,3975,3917,3981,3898,3942,3934,3932,3992,3959,4015,3950,3956,3980,3919,3988
[M41] raw phase=11 block=320 us=3197,3179,3158,3166,3583,3921,3961,3931,3928,3950,3922,3972,3936,4007,3896,3928
[M41] raw phase=11 block=336 us=3965,3903,3985,3920,3980,3933,3940,4001,3942,4006,3942,3934,3933,3349,3179,3162
[M41] raw phase=11 block=352 us=3173,3934,3927,3992,3934,3978,3936,3927,3947,3932,3980,3892,3979,3924,3927,3992
[M41] raw phase=11 block=368 us=3933,4015,3960,4025,3964,3959,3996,3901,3966,3207,3168,3168,3169,3662,3927,3982
[M41] raw phase=11 block=384 us=3928,3909,3982,3927,3977,3924,3936,3930,3911,3994,3915,4006,3899,3953,3988,3943
[M41] raw phase=11 block=400 us=4003,3947,4025,3931,3914,3974,3275,3180,3160,3171,3981,3921,3991,3934,3973,3936
[M41] raw phase=11 block=416 us=3929,3961,3934,3984,3900,3961,3899,3915,3999,3939,4029,3958,3945,4006,3938,3984
[M41] raw phase=11 block=432 us=3891,3965,3204,3167,3181,3163,3722,3929,3916,3967,3936,3978,3933,3989,3937,3919
[M41] raw phase=11 block=448 us=3962,3915,3978,3890,3962,3924,3942,3989,3951,4014,3944,3939,4008,3912,3969,3258
[M41] raw phase=11 block=464 us=3179,3161,3184,3979,3924,3993,3926,3910,3980,3930,3984,3932,3964,3900,3942,3965
[M41] raw phase=11 block=480 us=3923,4004,3944,3990,3964,3939,4003,3946,3983,3898,3903,3219,3180,3178,3170,3811
[M41] raw phase=11 block=496 us=3928,3914,3961,3936,3996,3931,3927,3949,3914,3984,3915,3981,3886,3941,3975,3949
[M41] raw phase=11 block=512 us=4007,3942,3972,3942,3926
[M41] transition request_block=100 inflight=1 around_blocks=80..179 max_us=4013 misses=0 idle_observations=0
[M41] render min=3118 avg=3773.34 p50=3933 p95=4001 p99=4015 max=4029 headroom_worst_us=1775.989
[M41] UI requested_fps=30 frames=28 achieved_fps=9.330 skipped=13 errors=0 pages=1
[M41] part=repair avg=30462.25 max=51937
[M41] part=draw avg=52683.32 max=92536
[M41] part=ppa avg=0.00 max=0
[M41] part=cache avg=1830.86 max=4750
[M41] part=submit avg=155.46 max=3611
[M41] part=wait avg=22824.79 max=33285
[M41] part=present avg=25098.68 max=33973
[M41] part=total avg=108397.93 max=166568
[M41] part=dirty_bytes avg=488137.14 max=768000
[M41] part=repair_bytes avg=488137.14 max=768000
[M41] part=cache_span_bytes avg=659512.00 max=768000
[M41] touch polls=300 hz=99.963 errors=0 presses=0 releases=0 drags=0 activity_blocks=0 activity_misses=0
[M41] memory ps_before=30855668 ps_after=30855668 largest_before=30408692 largest_after=30408692 internal_before=507740 internal_after=507740
[M41] phase=12 name=HEAVY_TO_LIGHT audio_core=0 audio_priority=24 ui_core=0 ui_priority=2 touch_core=1 touch_priority=3 window_s=3.001043
[M41] blocks=517 active_min=16 active_max=16 render_misses=0 write_errors=0 timeouts=0 nonzero=132287 silent=0 rails=0 peak_L=4757 peak_R=6035
[M41] raw phase=12 block=0 us=3912,3841,3908,3183,3159,3160,3170,3992,3919,3974,3927,3916,3969,3925,3968,3942
[M41] raw phase=12 block=16 us=3914,3927,3933,3977,3919,3968,3911,3851,3775,3937,3970,3902,3937,3906,3911,3969
[M41] raw phase=12 block=32 us=3915,4009,3955,3948,3979,3929,4007,3912,4009,3910,3544,3183,3158,3171,3166,3950
[M41] raw phase=12 block=48 us=3949,3940,3993,3929,3971,3930,3918,3975,3907,3966,3943,3971,3914,3937,4003,3943
[M41] raw phase=12 block=64 us=4017,3958,3939,3998,3923,3979,3889,3475,3172,3163,3168,3948,4002,3927,3969,3953
[M41] raw phase=12 block=80 us=3940,3986,3936,4006,3915,3896,3971,3899,3969,3911,3996,3932,3952,3998,3962,4018
[M41] raw phase=12 block=96 us=3956,3833,3988,3630,3207,3164,3171,3173,3948,3971,3939,3972,3918,3958,3931,3924
[M41] raw phase=12 block=112 us=3980,3921,3953,3944,3909,3971,3946,3970,3894,3688,3948,3917,3502,3179,3175,3158
[M41] raw phase=12 block=128 us=3162,3631,3929,3989,3944,3986,3941,3936,3960,3947,3615,3187,3167,3162,3165,3179
[M41] raw phase=12 block=144 us=3950,3521,3171,3157,3161,3795,3935,3354,3188,3163,3170,4010,3382,3183,3168,3161
[M41] raw phase=12 block=160 us=3167,3959,3525,3177,3168,3167,3426,3986,3388,3178,3173,3172,3948,3463,3198,3178
[M41] raw phase=12 block=176 us=3171,3172,3949,3455,3184,3171,3158,3165,3950,3525,3188,3163,3170,3949,3678,3198
[M41] raw phase=12 block=192 us=3163,3184,3174,4000,3397,3174,3159,3161,3176,3944,3503,3167,3159,3176,3850,3954
[M41] raw phase=12 block=208 us=3357,3165,3164,3171,3995,3374,3189,3163,3168,3181,3959,3510,3178,3165,3157,3512
[M41] raw phase=12 block=224 us=3998,3394,3195,3164,3163,3986,3434,3207,3156,3170,3164,3943,3451,3180,3172,3158
[M41] raw phase=12 block=240 us=3169,3986,3502,3193,3157,3168,3937,3666,3219,3165,3171,3165,3961,3452,3182,3175
[M41] raw phase=12 block=256 us=3166,3182,3943,3514,3173,3168,3181,3896,3956,3325,3169,3175,3167,4009,3372,3182
[M41] raw phase=12 block=272 us=3169,3164,3177,3948,3535,3173,3162,3167,3538,3977,3369,3177,3161,3166,3994,3408
[M41] raw phase=12 block=288 us=3201,3162,3162,3168,3949,3476,3185,3173,3159,3204,3979,3494,3193,3160,3160,3984
[M41] raw phase=12 block=304 us=3666,3202,3162,3179,3174,3956,3482,3182,3167,3168,3164,3957,3467,3187,3161,3173
[M41] raw phase=12 block=320 us=3914,3893,3342,3164,3177,3167,4057,3368,3176,3176,3164,3178,3953,3488,3167,3168
[M41] raw phase=12 block=336 us=3173,3621,3962,3364,3173,3160,3164,3999,3367,3184,3158,3152,3171,3941,3472,3171
[M41] raw phase=12 block=352 us=3156,3152,3275,3983,3453,3179,3154,3155,3977,3588,3204,3154,3154,3171,3956,3454
[M41] raw phase=12 block=368 us=3181,3170,3162,3159,3975,3475,3178,3157,3153,3887,3853,3334,3166,3163,3160,3942
[M41] raw phase=12 block=384 us=3407,3174,3165,3152,3171,3943,3512,3194,3165,3176,3732,3898,3362,3168,3178,3166
[M41] raw phase=12 block=400 us=3993,3378,3177,3160,3160,3177,3953,3473,3175,3165,3172,3327,4006,3384,3168,3157
[M41] raw phase=12 block=416 us=3165,3988,3536,3210,3158,3173,3175,3954,3464,3174,3167,3159,3163,4005,3470,3191
[M41] raw phase=12 block=432 us=3159,3162,3967,3861,3307,3163,3172,3166,3952,3470,3184,3177,3163,3169,3981,3487
[M41] raw phase=12 block=448 us=3177,3166,3168,3807,3900,3409,3173,3169,3173,3962,3415,3175,3166,3162,3182,3943
[M41] raw phase=12 block=464 us=3464,3177,3159,3173,3416,3981,3376,3166,3176,3164,3985,3477,3178,3161,3163,3176
[M41] raw phase=12 block=480 us=3953,3491,3174,3158,3167,3156,3979,3474,3179,3164,3162,4002,3759,3250,3163,3163
[M41] raw phase=12 block=496 us=3169,3953,3425,3181,3182,3158,3166,3991,3483,3195,3164,3160,3857,3884,3372,3171
[M41] raw phase=12 block=512 us=3166,3177,3956,3490,3177
[M41] transition request_block=100 inflight=1 around_blocks=80..179 max_us=4018 misses=0 idle_observations=0
[M41] render min=3152 avg=3498.50 p50=3364 p95=3991 p99=4009 max=4057 headroom_worst_us=1747.989
[M41] UI requested_fps=10 frames=71 achieved_fps=23.658 skipped=8 errors=0 pages=2
[M41] part=repair avg=7654.25 max=51361
[M41] part=draw avg=9844.70 max=156645
[M41] part=ppa avg=0.00 max=0
[M41] part=cache avg=1219.44 max=4334
[M41] part=submit avg=128.14 max=3647
[M41] part=wait avg=22877.75 max=28332
[M41] part=present avg=24357.39 max=32623
[M41] part=total avg=41866.96 max=232163
[M41] part=dirty_bytes avg=151833.24 max=768000
[M41] part=repair_bytes avg=161020.39 max=768000
[M41] part=cache_span_bytes avg=515834.59 max=768000
[M41] touch polls=300 hz=99.965 errors=0 presses=0 releases=0 drags=0 activity_blocks=0 activity_misses=0
[M41] memory ps_before=30855668 ps_after=30855668 largest_before=30408692 largest_after=30408692 internal_before=507740 internal_after=507740
[M41] phase=13 name=PAGE_TO_LIGHT audio_core=0 audio_priority=24 ui_core=0 ui_priority=2 touch_core=1 touch_priority=3 window_s=3.001112
[M41] blocks=517 active_min=16 active_max=16 render_misses=0 write_errors=0 timeouts=0 nonzero=132287 silent=0 rails=0 peak_L=4757 peak_R=6035
[M41] raw phase=13 block=0 us=3124,3102,3113,3937,3939,3977,3924,3972,3940,3921,3970,3941,3983,3906,4027,3911
[M41] raw phase=13 block=16 us=3908,3997,3912,3958,3648,3934,3963,3461,3180,3164,3179,3163,3756,3964,3946,3991
[M41] raw phase=13 block=32 us=3915,3969,3958,3937,3995,3584,3193,3165,3160,3158,3165,3997,3481,3182,3159,3160
[M41] raw phase=13 block=48 us=3951,3861,3394,3173,3169,3183,3958,3384,3180,3175,3172,3163,3989,3458,3195,3164
[M41] raw phase=13 block=64 us=3163,3515,3936,3421,3169,3177,3161,3948,3473,3182,3171,3157,3177,3951,3469,3209
[M41] raw phase=13 block=80 us=3160,3180,3193,3919,3490,3168,3173,3158,3995,3672,3197,3158,3160,3182,3970,3444
[M41] raw phase=13 block=96 us=3174,3165,3175,3181,3986,3498,3173,3159,3169,3929,3907,3988,3926,3915,3959,3959
[M41] raw phase=13 block=112 us=3984,3952,3894,3582,3957,4003,3499,3194,3157,3166,3650,3923,3977,3934,3931,3941
[M41] raw phase=13 block=128 us=3930,3971,3930,3921,3194,3174,3163,3166,3176,3943,3529,3167,3162,3168,3821,3963
[M41] raw phase=13 block=144 us=3327,3171,3163,3170,4001,3383,3207,3162,3161,3168,3954,3485,3181,3171,3160,3448
[M41] raw phase=13 block=160 us=3996,3396,3197,3164,3167,3985,3483,3196,3158,3174,3160,3948,3491,3172,3168,3153
[M41] raw phase=13 block=176 us=3158,3941,3467,3192,3154,3171,3936,3712,3212,3158,3173,3160,3970,3365,3178,3174
[M41] raw phase=13 block=192 us=3155,3169,3935,3489,3167,3157,3162,3866,3954,3286,3163,3164,3164,4020,3394,3177
[M41] raw phase=13 block=208 us=3153,3158,3168,3945,3499,3171,3155,3151,3527,3998,3393,3189,3165,3169,3996,3412
[M41] raw phase=13 block=224 us=3187,3171,3160,3173,3960,3471,3177,3169,3167,3173,3994,3466,3190,3174,3163,3957
[M41] raw phase=13 block=240 us=3707,3212,3159,3167,3170,3954,3466,3183,3175,3159,3175,3938,3536,3202,3163,3169
[M41] raw phase=13 block=256 us=3890,3824,3308,3161,3172,3165,4008,3382,3177,3164,3158,3178,3950,3516,3184,3162
[M41] raw phase=13 block=272 us=3172,3605,3991,3372,3168,3160,3165,4007,3392,3197,3163,3162,3185,3962,3486,3182
[M41] raw phase=13 block=288 us=3158,3168,3222,3986,3445,3183,3166,3165,4003,3613,3218,3167,3164,3171,3957,3442
[M41] raw phase=13 block=304 us=3189,3171,3158,3164,3986,3490,3184,3155,3170,3878,3835,3349,3167,3179,3165,3948
[M41] raw phase=13 block=320 us=3416,3181,3171,3157,3174,3950,3486,3173,3161,3175,3165,3963,3482,3173,3173,3173
[M41] raw phase=13 block=336 us=3984,3743,3232,3171,3168,3181,3959,3485,3170,3166,3167,3163,4012,3481,3182,3161
[M41] raw phase=13 block=352 us=3164,3295,3948,3466,3165,3161,3170,3942,3585,3184,3176,3161,3165,3996,3502,3182
[M41] raw phase=13 block=368 us=3161,3165,3158,3939,3533,3166,3166,3167,3167,3177,3164,4029,3456,3189,3160,3159
[M41] raw phase=13 block=384 us=3170,3940,3502,3162,3159,3162,3951,3712,3199,3171,3161,3168,3998,3426,3196,3158
[M41] raw phase=13 block=400 us=3162,3166,3950,3516,3171,3170,3158,3869,3915,3328,3183,3162,3180,3995,3398,3185
[M41] raw phase=13 block=416 us=3162,3178,3166,3947,3496,3175,3181,3161,3620,3950,3391,3192,3162,3174,3962,3397
[M41] raw phase=13 block=432 us=3181,3162,3173,3164,4005,3444,3171,3175,3162,3218,3934,3426,3164,3169,3182,3931
[M41] raw phase=13 block=448 us=3744,3189,3160,3157,3167,3996,3404,3197,3161,3169,3183,3956,3542,3174,3167,3166
[M41] raw phase=13 block=464 us=3907,3957,3318,3181,3164,3170,4000,3387,3186,3165,3166,3169,3949,3489,3175,3172
[M41] raw phase=13 block=480 us=3159,3679,3941,3389,3194,3159,3180,3956,3406,3191,3167,3178,3166,3951,3471,3181
[M41] raw phase=13 block=496 us=3167,3163,3252,3955,3406,3169,3165,3169,3951,3650,3188,3163,3170,3176,4009,3431
[M41] raw phase=13 block=512 us=3169,3164,3163,3167,3937
[M41] transition request_block=100 inflight=1 around_blocks=80..179 max_us=4003 misses=0 idle_observations=0
[M41] render min=3102 avg=3427.07 p50=3185 p95=3991 p99=4008 max=4029 headroom_worst_us=1775.989
[M41] UI requested_fps=30 frames=82 achieved_fps=27.323 skipped=8 errors=0 pages=2
[M41] part=repair avg=6358.77 max=51695
[M41] part=draw avg=5653.77 max=69640
[M41] part=ppa avg=0.00 max=0
[M41] part=cache avg=1357.10 max=4623
[M41] part=submit avg=202.57 max=3672
[M41] part=wait avg=22677.99 max=34409
[M41] part=present avg=24443.44 max=38587
[M41] part=total avg=36466.33 max=146745
[M41] part=dirty_bytes avg=130972.10 max=768000
[M41] part=repair_bytes avg=138926.83 max=768000
[M41] part=cache_span_bytes avg=511424.39 max=768000
[M41] touch polls=300 hz=99.963 errors=0 presses=0 releases=0 drags=0 activity_blocks=0 activity_misses=0
[M41] memory ps_before=30855668 ps_after=30855668 largest_before=30408692 largest_after=30408692 internal_before=507740 internal_after=507740
[M41] touch_coverage_bits=0 event_count=0 overflow=0 shared_codec=ESP_OK shared_touch=ESP_OK
[M41] heap_loss psram=0 internal=0 largest_before=30408692 largest_after=30408692 workers=3 drain_errors=0 shutdown=ESP_OK result=PASS
[MEM] M41 after audio shutdown PSRAM total=33554432 free=30855716 largest=30408692 internal_free=513012
