ESP-ROM:esp32p4-eco2-20240710
Build:Jul 10 2024
rst:0x17 (CHIP_USB_UART_RESET),boot:0x30f (SPI_FAST_FLASH_BOOT)
Core0 Saved PC:0x40005ab6
Core1 Saved PC:0x4ff02d26
SPI mode:DIO, clock div:1
load:0x4ff33ce0,len:0x11dc
load:0x4ff29ed0,len:0xccc
load:0x4ff2cbd0,len:0x3568
entry 0x4ff29ed0
PSRAM PRE DELAY: 31246012
PSRAM POST DELAY: 30885556
[AUDIO] I2C init OK
[AUDIO] ES8311 found at 0x18
[AUDIO] I2S init 44100/16 OK, MCLK=11289600 Hz
[AUDIO] ES8311 playback configured (capture serial port disabled)
[AUDIO] PA GPIO11 enabled
E (2821) sdmmc_common: sdmmc_init_ocr: send_op_cond (1) returned 0x107
E (2822) vfs_fat_sdmmc: sdmmc_card_init failed (0x107).
[   973][E][SD_MMC.cpp:307] begin(): Failed to initialize the card (0x107). Make sure SD card lines have pull-up resistors in place.
[M6 SD] mounted=0 width=4 clock_khz=20000 mount_us=323751 capacity=0 status=NO CARD / MOUNT ERROR
[M5] blocks=10336 p50=3714 p95=3837 p99=3864 max=3921 misses=0 failures=0 timeouts=0 pean=0 active_max=16
[MEM] M5 after 60s PSRAM total=33554432 free=30885508 largest=30408692 internal_free=411392
[M5 UI] seconds=63.008 submitted=868 completed=868 dirty_avg=214365 dirty_max=768000 full=163 preparation_max_us=121074 touch_errors=0 rejected=0 pads=55 steps=55 drags=54 pages=217 transport=54 bpm=55 skipped=218
[M5 memory] ps_before=30885508 ps_after=30885508 internal_before=412400 internal_after=411392 largest_before=30408692 largest_after=30408692
