ESP-ROM:esp32p4-eco2-20240710
Build:Jul 10 2024
rst:0x17 (CHIP_USB_UART_RESET),boot:0x30f (SPI_FAST_FLASH_BOOT)
Core0 Saved PC:0x40012eaa
Core1 Saved PC:0x4ff02d26
SPI mode:DIO, clock div:1
load:0x4ff33ce0,len:0x11dc
load:0x4ff29ed0,len:0xccc
load:0x4ff2cbd0,len:0x3568
entry 0x4ff29ed0
PSRAM PRE DELAY: 31246012
PSRAM POST DELAY: 30885556
[AUDIO] I2C init OK
[AUDIO] ES8311 found at 0x18
[AUDIO] I2S init 44100/16 OK, MCLK=11289600 Hz
[AUDIO] ES8311 playback configured (capture serial port disabled)
[AUDIO] PA GPIO11 enabled
[M6 budget] total=33554432 display=2304000 fx_delay=352800 samples=0 reserve=4194304 free=30779004 largest=30408692 internal=272072
[M6 SD] mounted=1 width=4 clock_khz=20000 mount_us=245118 capacity=8053063680 status=SD READY
[M6 index] files=9 entries=9 limited=0 scan_us=29140 ps_free=30752712 largest=30408692 internal=270444
