ESP-ROM:esp32p4-eco2-20240710
Build:Jul 10 2024
rst:0x17 (CHIP_USB_UART_RESET),boot:0x30c (SPI_FAST_FLASH_BOOT)
Core0 Saved PC:0x40004064
Core1 Saved PC:0x4ff02cca
SPI mode:DIO, clock div:1
load:0x4ff33ce0,len:0x11dc
load:0x4ff29ed0,len:0xccc
load:0x4ff2cbd0,len:0x3568
entry 0x4ff29ed0
[M41 SELECT] send L for 60-second NativeDirty run, otherwise short reference/alternatives/transitions; selection window 5 seconds
[MEM] M41 before display PSRAM total=33554432 free=33551856 largest=33030132 internal_free=524656
[M41] display_begin=ESP_OK pipeline=FullPpa fence=2
[MEM] M41 after display PSRAM total=33554432 free=31246628 largest=30932980 internal_free=522940
[M41] touch=ESP_OK address=0x5d id=911
[MEM] M41 after touch PSRAM total=33554432 free=31245360 largest=30932980 internal_free=522736
PSRAM PRE DELAY: 31245360
PSRAM POST DELAY: 30884904
[MEM] M41 after Delay PSRAM total=33554432 free=30884904 largest=30408692 internal_free=522736
[AUDIO] I2C init OK
[AUDIO] ES8311 found at 0x18
[AUDIO] ES8311 playback configured (capture serial port disabled)
[AUDIO] PA GPIO11 enabled
[M41] audio_begin=ESP_OK shared_bus_unchanged=1 voices=16 Delay=88200 rate=44100 frames=256
[MEM] M41 tasks transport and capture storage live PSRAM total=33554432 free=30855668 largest=30408692 internal_free=517156
[M41 READY] SHORT 14 windows: three pipelines plus five transitions audio starts after this message; no serial output until stopped
[MEM] M41 after stress before audio shutdown PSRAM total=33554432 free=30855668 largest=30408692 internal_free=508588
[M41] phase=0 name=PPA_STATIC audio_core=0 audio_priority=24 ui_core=0 ui_priority=2 touch_core=1 touch_priority=3 window_s=2.984955
[M41] blocks=517 active_min=16 active_max=16 render_misses=0 write_errors=0 timeouts=0 nonzero=132278 silent=0 rails=0 peak_L=4725 peak_R=6074
[M41] raw phase=0 block=0 us=3914,3119,3086,3147,3138,3152,3152,3142,3149,3143,3146,3151,3140,3155,3143,3149
[M41] raw phase=0 block=16 us=3147,3141,3149,3148,3151,3142,3149,3145,3150,3152,3153,3158,3141,3143,3150,3148
[M41] raw phase=0 block=32 us=3156,3151,3146,3140,3153,3151,3141,3161,3143,3153,3149,3139,3155,3138,3151,3145
[M41] raw phase=0 block=48 us=3147,3163,3157,3160,3140,3151,3147,3144,3167,3140,3154,3147,3143,3153,3144,3154
[M41] raw phase=0 block=64 us=3149,3149,3146,3142,3152,3145,3159,3146,3148,3157,3142,3155,3149,3149,3145,3153
[M41] raw phase=0 block=80 us=3168,3153,3162,3145,3140,3145,3151,3160,3143,3157,3150,3141,3161,3153,3153,3144
[M41] raw phase=0 block=96 us=3152,3158,3151,3153,3143,3157,3141,3142,3151,3146,3154,3151,3145,3147,3162,3165
[M41] raw phase=0 block=112 us=3156,3173,3148,3148,3147,3148,3161,3139,3150,3142,3142,3157,3145,3153,3147,3151
[M41] raw phase=0 block=128 us=3149,3149,3162,3144,3154,3154,3140,3152,3147,3158,3154,3140,3143,3149,3159,3150
[M41] raw phase=0 block=144 us=3163,3154,3147,3151,3143,3160,3149,3157,3145,3150,3159,3141,3159,3149,3145,3148
[M41] raw phase=0 block=160 us=3146,3162,3147,3157,3153,3146,3145,3151,3162,3153,3147,3142,3152,3161,3150,3158
[M41] raw phase=0 block=176 us=3149,3150,3149,3152,3150,3153,3159,3142,3150,3153,3141,3159,3144,3143,3146,3145
[M41] raw phase=0 block=192 us=3158,3148,3159,3151,3141,3142,3143,3152,3148,3154,3143,3144,3164,3150,3160,3151
[M41] raw phase=0 block=208 us=3151,3151,3155,3155,3142,3152,3155,3149,3152,3146,3153,3142,3150,3150,3145,3158
[M41] raw phase=0 block=224 us=3153,3162,3146,3149,3142,3149,3164,3151,3159,3143,3146,3154,3153,3163,3146,3147
[M41] raw phase=0 block=240 us=3154,3164,3158,3144,3157,3149,3149,3156,3141,3152,3141,3151,3144,3142,3155,3146
[M41] raw phase=0 block=256 us=3161,3148,3151,3143,3144,3163,3140,3149,3151,3145,3158,3150,3155,3143,3148,3152
[M41] raw phase=0 block=272 us=3158,3166,3146,3156,3143,3150,3164,3142,3155,3151,3148,3140,3152,3154,3145,3162
[M41] raw phase=0 block=288 us=3152,3151,3144,3146,3157,3146,3154,3141,3142,3163,3153,3150,3147,3149,3150,3144
[M41] raw phase=0 block=304 us=3166,3151,3158,3141,3140,3153,3143,3152,3141,3146,3142,3146,3157,3144,3164,3142
[M41] raw phase=0 block=320 us=3147,3151,3146,3159,3145,3155,3141,3142,3158,3147,3153,3142,3143,3152,3146,3163
[M41] raw phase=0 block=336 us=3148,3160,3158,3143,3150,3147,3155,3144,3139,3141,3138,3152,3138,3149,3138,3136
[M41] raw phase=0 block=352 us=3140,3144,3153,3143,3145,3142,3144,3154,3136,3153,3138,3137,3140,3144,3150,3139
[M41] raw phase=0 block=368 us=3155,3148,3139,3139,3149,3153,3141,3144,3138,3142,3158,3144,3145,3144,3138,3136
[M41] raw phase=0 block=384 us=3138,3151,3138,3149,3136,3138,3146,3140,3166,3149,3150,3161,3141,3154,3148,3152
[M41] raw phase=0 block=400 us=3145,3140,3143,3143,3152,3150,3142,3142,3143,3163,3154,3152,3146,3141,3147,3156
[M41] raw phase=0 block=416 us=3150,3142,3157,3140,3147,3150,3141,3154,3147,3156,3151,3149,3155,3149,3154,3142
[M41] raw phase=0 block=432 us=3153,3146,3143,3159,3153,3153,3148,3147,3154,3152,3159,3146,3142,3144,3152,3153
[M41] raw phase=0 block=448 us=3141,3159,3145,3151,3159,3146,3155,3154,3153,3154,3148,3160,3145,3153,3141,3141
[M41] raw phase=0 block=464 us=3140,3140,3158,3143,3151,3147,3143,3155,3157,3161,3147,3148,3144,3153,3154,3141
[M41] raw phase=0 block=480 us=3153,3141,3151,3155,3145,3159,3154,3151,3151,3156,3159,3148,3166,3146,3148,3147
[M41] raw phase=0 block=496 us=3145,3162,3143,3154,3149,3142,3157,3142,3151,3150,3156,3145,3142,3158,3144,3151
[M41] raw phase=0 block=512 us=3149,3161,3155,3140,3156
[M41] render min=3086 avg=3150.72 p50=3149 p95=3162 p99=3166 max=3914 headroom_worst_us=1890.989
[M41] UI requested_fps=0 frames=0 achieved_fps=0.000 skipped=0 errors=0 pages=0
[M41] part=repair avg=0.00 max=0
[M41] part=draw avg=0.00 max=0
[M41] part=ppa avg=0.00 max=0
[M41] part=cache avg=0.00 max=0
[M41] part=submit avg=0.00 max=0
[M41] part=wait avg=0.00 max=0
[M41] part=present avg=0.00 max=0
[M41] part=total avg=0.00 max=0
[M41] part=dirty_bytes avg=0.00 max=0
[M41] part=repair_bytes avg=0.00 max=0
[M41] touch polls=299 hz=100.169 errors=0 presses=0 releases=0 drags=0 activity_blocks=0 activity_misses=0
[M41] memory ps_before=30855668 ps_after=30855668 largest_before=30408692 largest_after=30408692 internal_before=508588 internal_after=508588
[M41] phase=1 name=PPA_LIGHT audio_core=0 audio_priority=24 ui_core=0 ui_priority=2 touch_core=1 touch_priority=3 window_s=3.001119
[M41] blocks=517 active_min=16 active_max=16 render_misses=0 write_errors=0 timeouts=0 nonzero=132288 silent=0 rails=0 peak_L=4757 peak_R=6035
[M41] raw phase=1 block=0 us=3105,3905,3847,3877,3958,3855,3969,3877,3733,3863,3925,3854,3869,3202,3159,3186
[M41] raw phase=1 block=16 us=3172,3148,3156,3151,3150,3805,3247,3177,3185,3170,3156,3149,3160,3153,3897,3174
[M41] raw phase=1 block=32 us=3199,3150,3151,3160,3154,3167,3348,3611,3180,3182,3162,3155,3158,3150,3157,3858
[M41] raw phase=1 block=48 us=3178,3201,3149,3150,3164,3154,3160,3160,3831,3182,3182,3161,3147,3159,3154,3159
[M41] raw phase=1 block=64 us=3844,3180,3200,3153,3169,3160,3149,3148,3155,3874,3178,3193,3151,3148,3165,3151
[M41] raw phase=1 block=80 us=3161,3829,3181,3203,3150,3162,3157,3157,3156,3156,3848,3186,3194,3156,3147,3146
[M41] raw phase=1 block=96 us=3153,3159,3772,3224,3169,3194,3152,3165,3161,3149,3164,3834,3186,3203,3149,3159
[M41] raw phase=1 block=112 us=3147,3152,3158,3674,3330,3165,3198,3164,3161,3158,3150,3167,3819,3205,3192,3150
[M41] raw phase=1 block=128 us=3159,3160,3163,3156,3274,3713,3173,3193,3152,3157,3146,3154,3170,3877,3198,3195
[M41] raw phase=1 block=144 us=3155,3148,3154,3160,3157,3171,3825,3185,3184,3151,3161,3155,3161,3157,3831,3208
[M41] raw phase=1 block=160 us=3207,3161,3149,3158,3155,3156,3166,3835,3206,3182,3153,3162,3143,3156,3142,3816
[M41] raw phase=1 block=176 us=3179,3190,3157,3142,3171,3146,3144,3152,3825,3195,3177,3160,3144,3144,3155,3144
[M41] raw phase=1 block=192 us=3858,3176,3163,3184,3153,3164,3146,3153,3154,3826,3189,3185,3158,3147,3153,3142
[M41] raw phase=1 block=208 us=3145,3604,3309,3175,3182,3147,3153,3145,3162,3151,3865,3179,3196,3172,3151,3170
[M41] raw phase=1 block=224 us=3151,3147,3192,3698,3190,3181,3160,3146,3154,3158,3156,3872,3186,3202,3150,3149
[M41] raw phase=1 block=240 us=3168,3148,3162,3145,3801,3186,3184,3165,3148,3158,3148,3165,3854,3186,3201,3153
[M41] raw phase=1 block=256 us=3147,3162,3149,3160,3154,3900,3198,3182,3158,3147,3157,3148,3152,3839,3192,3180
[M41] raw phase=1 block=272 us=3154,3164,3158,3150,3147,3153,3880,3189,3204,3148,3147,3167,3154,3166,3822,3235
[M41] raw phase=1 block=288 us=3178,3185,3163,3161,3162,3156,3161,3922,3173,3200,3153,3150,3147,3152,3163,3469
[M41] raw phase=1 block=304 us=3458,3181,3179,3148,3161,3160,3149,3174,3829,3185,3205,3151,3165,3159,3151,3158
[M41] raw phase=1 block=320 us=3167,3795,3185,3191,3154,3149,3150,3153,3168,3859,3197,3192,3156,3162,3166,3156
[M41] raw phase=1 block=336 us=3152,3149,3847,3182,3192,3153,3160,3149,3155,3169,3844,3201,3197,3156,3149,3156
[M41] raw phase=1 block=352 us=3161,3149,3163,3840,3176,3180,3150,3165,3154,3157,3150,3828,3188,3177,3191,3151
[M41] raw phase=1 block=368 us=3158,3158,3156,3166,3819,3213,3188,3156,3161,3145,3156,3155,3758,3269,3160,3198
[M41] raw phase=1 block=384 us=3154,3179,3150,3153,3156,3876,3204,3191,3159,3149,3147,3162,3158,3356,3566,3171
[M41] raw phase=1 block=400 us=3188,3156,3166,3148,3161,3154,3858,3204,3196,3165,3152,3164,3154,3151,3168,3814
[M41] raw phase=1 block=416 us=3210,3184,3149,3148,3153,3166,3154,3876,3196,3199,3161,3147,3168,3151,3154,3154
[M41] raw phase=1 block=432 us=3821,3201,3181,3159,3147,3152,3157,3154,3878,3176,3199,3154,3152,3173,3147,3162
[M41] raw phase=1 block=448 us=3156,3839,3184,3184,3164,3148,3157,3150,3148,3827,3184,3178,3183,3152,3164,3149
[M41] raw phase=1 block=464 us=3162,3159,3838,3182,3199,3159,3146,3158,3148,3150,3742,3265,3180,3199,3176,3166
[M41] raw phase=1 block=480 us=3153,3149,3159,3879,3190,3200,3148,3145,3163,3151,3164,3250,3639,3184,3187,3160
[M41] raw phase=1 block=496 us=3159,3162,3159,3154,3853,3179,3197,3155,3150,3154,3150,3162,3157,3878,3187,3187
[M41] raw phase=1 block=512 us=3152,3147,3164,3146,3166
[M41] render min=3105 avg=3256.83 p50=3162 p95=3855 p99=3900 max=3969 headroom_worst_us=1835.989
[M41] UI requested_fps=30 frames=60 achieved_fps=19.993 skipped=31 errors=0 pages=1
[M41] part=repair avg=12.47 max=20
[M41] part=draw avg=3620.82 max=66083
[M41] part=ppa avg=16508.30 max=21211
[M41] part=cache avg=0.00 max=0
[M41] part=submit avg=29.95 max=40
[M41] part=wait avg=30523.55 max=34800
[M41] part=present avg=47064.75 max=51040
[M41] part=total avg=50707.55 max=117150
[M41] part=dirty_bytes avg=768000.00 max=768000
[M41] part=repair_bytes avg=0.00 max=0
[M41] touch polls=300 hz=99.963 errors=0 presses=0 releases=0 drags=0 activity_blocks=0 activity_misses=0
[M41] memory ps_before=30855668 ps_after=30855668 largest_before=30408692 largest_after=30408692 internal_before=508588 internal_after=508588
[M41] phase=2 name=PPA_HEAVY audio_core=0 audio_priority=24 ui_core=0 ui_priority=2 touch_core=1 touch_priority=3 window_s=3.001065
[M41] blocks=517 active_min=16 active_max=16 render_misses=0 write_errors=0 timeouts=0 nonzero=132287 silent=0 rails=0 peak_L=4757 peak_R=6035
[M41] raw phase=2 block=0 us=3786,3129,3148,3122,3154,3151,3144,3150,3152,4015,3826,3954,3838,3890,3936,3874
[M41] raw phase=2 block=16 us=3853,3763,3906,3870,3880,3942,3874,3963,3849,3869,3920,3873,3918,3859,3947,3834
[M41] raw phase=2 block=32 us=3882,3805,3185,3165,3189,3146,3145,3152,3154,3142,3160,3972,3846,3894,3894,3932
[M41] raw phase=2 block=48 us=3859,3907,3871,3885,3935,3877,3982,3871,3571,3181,3192,3168,3150,3160,3155,3957
[M41] raw phase=2 block=64 us=3896,3885,3958,3870,3871,3876,3897,3967,3867,3963,3854,3896,3565,3170,3196,3166
[M41] raw phase=2 block=80 us=3163,3150,3155,4028,3839,3941,3860,3882,3942,3891,3951,3910,3926,3876,3916,3921
[M41] raw phase=2 block=96 us=3565,3192,3189,3173,3150,3148,3164,3974,3914,3874,3870,3915,3903,3941,3894,3936
[M41] raw phase=2 block=112 us=3850,3916,3960,3885,3666,3178,3190,3158,3153,3160,3146,4037,3820,3898,3909,3898
[M41] raw phase=2 block=128 us=3950,3866,3898,3935,3886,3964,3872,3941,3573,3179,3183,3156,3166,3146,3172,3972
[M41] raw phase=2 block=144 us=3860,3979,3839,3957,3900,3856,3925,3927,3945,3862,3943,3865,3441,3170,3188,3167
[M41] raw phase=2 block=160 us=3151,3158,3229,3944,3911,3906,3907,3869,3914,3941,3902,3938,3867,3885,3885,3856
[M41] raw phase=2 block=176 us=3255,3180,3197,3152,3147,3154,3560,3993,3863,3947,3829,3895,3944,3909,3969,3875
[M41] raw phase=2 block=192 us=3890,3828,3906,3907,3294,3187,3185,3150,3152,3154,3727,3925,3994,3892,3866,3935
[M41] raw phase=2 block=208 us=3926,3947,3920,3890,3925,3847,3927,3811,3214,3172,3183,3147,3153,3160,3705,3933
[M41] raw phase=2 block=224 us=3898,3899,3942,3857,3967,3879,3919,3928,3878,3893,3879,3839,3180,3160,3199,3152
[M41] raw phase=2 block=240 us=3168,3150,3868,3895,3898,3960,3871,3910,3904,3892,3926,3888,3927,3849,3914,3655
[M41] raw phase=2 block=256 us=3170,3180,3195,3160,3153,3149,4005,3868,3936,3898,3940,3850,3911,3895,3865,3925
[M41] raw phase=2 block=272 us=3891,3836,3915,3717,3193,3185,3161,3149,3149,3151,3980,3893,3895,3899,3890,3879
[M41] raw phase=2 block=288 us=3945,3899,3946,3885,3874,3912,3895,3652,3167,3195,3152,3156,3159,3158,4037,3859
[M41] raw phase=2 block=304 us=3898,3933,3877,3947,3876,3925,3857,3878,3946,3865,3942,3550,3175,3191,3152,3162
[M41] raw phase=2 block=320 us=3156,3177,3986,3872,3920,3919,3944,3899,3929,3857,3886,3935,3907,3923,3884,3634
[M41] raw phase=2 block=336 us=3167,3196,3169,3149,3169,3157,3976,3888,3886,3920,3872,3928,3838,3874,3938,3850
[M41] raw phase=2 block=352 us=3962,3866,3880,3568,3165,3185,3153,3152,3140,3156,4012,3858,3932,3855,3850,3925
[M41] raw phase=2 block=368 us=3868,3938,3898,3955,3849,3874,3939,3538,3184,3183,3164,3144,3148,3168,3972,3894
[M41] raw phase=2 block=384 us=3861,3906,3886,3874,3936,3871,3911,3901,3908,3931,3873,3562,3169,3190,3158,3148
[M41] raw phase=2 block=400 us=3160,3156,4040,3844,3888,3902,3886,3938,3885,3980,3890,3869,3970,3889,3941,3571
[M41] raw phase=2 block=416 us=3170,3191,3157,3164,3149,3166,3957,3844,3957,3864,3922,3890,3884,3894,3917,3918
[M41] raw phase=2 block=432 us=3902,3948,3862,3673,3177,3185,3175,3149,3159,3158,3969,3915,3880,3930,3868,3868
[M41] raw phase=2 block=448 us=3916,3884,3987,3874,3935,3885,3895,3541,3172,3200,3164,3155,3146,3156,4029,3858
[M41] raw phase=2 block=464 us=3936,3848,3882,3949,3887,3933,3904,3939,3874,3890,3941,3581,3203,3182,3158,3148
[M41] raw phase=2 block=480 us=3149,3156,3973,3914,3860,3875,3912,3939,3945,3889,3941,3881,3861,3952,3861,3619
[M41] raw phase=2 block=496 us=3165,3201,3155,3154,3160,3166,4011,3873,3898,3920,3905,3978,3872,3907,3947,3884
[M41] raw phase=2 block=512 us=3929,3880,3941,3468,3171
[M41] render min=3122 avg=3668.68 p50=3873 p95=3969 p99=4015 max=4040 headroom_worst_us=1764.989
[M41] UI requested_fps=10 frames=25 achieved_fps=8.330 skipped=4 errors=0 pages=1
[M41] part=repair avg=10.84 max=14
[M41] part=draw avg=79855.24 max=141360
[M41] part=ppa avg=16964.68 max=21366
[M41] part=cache avg=0.00 max=0
[M41] part=submit avg=32.32 max=39
[M41] part=wait avg=21922.88 max=34770
[M41] part=present avg=38922.80 max=55957
[M41] part=total avg=118798.52 max=197342
[M41] part=dirty_bytes avg=768000.00 max=768000
[M41] part=repair_bytes avg=0.00 max=0
[M41] touch polls=300 hz=99.965 errors=0 presses=0 releases=0 drags=0 activity_blocks=0 activity_misses=0
[M41] memory ps_before=30855668 ps_after=30855668 largest_before=30408692 largest_after=30408692 internal_before=508588 internal_after=508588
[M41] phase=3 name=NATIVE_FULL_STATIC audio_core=0 audio_priority=24 ui_core=0 ui_priority=2 touch_core=1 touch_priority=3 window_s=3.001092
[M41] blocks=517 active_min=16 active_max=16 render_misses=0 write_errors=0 timeouts=0 nonzero=132287 silent=0 rails=0 peak_L=4757 peak_R=6035
[M41] raw phase=3 block=0 us=3137,3100,3106,3136,3162,3152,3153,3163,3154,3160,3153,3151,3160,3154,3163,3154
[M41] raw phase=3 block=16 us=3161,3149,3161,3157,3156,3157,3155,3155,3145,3147,3158,3146,3168,3156,3150,3151
[M41] raw phase=3 block=32 us=3154,3170,3153,3171,3153,3153,3167,3152,3160,3146,3152,3150,3155,3154,3139,3151
[M41] raw phase=3 block=48 us=3142,3158,3156,3143,3170,3145,3155,3151,3140,3152,3145,3160,3146,3149,3139,3146
[M41] raw phase=3 block=64 us=3162,3147,3160,3151,3156,3168,3147,3154,3147,3143,3141,3148,3154,3142,3153,3143
[M41] raw phase=3 block=80 us=3145,3155,3144,3158,3148,3152,3149,3141,3152,3148,3157,3146,3154,3144,3148,3166
[M41] raw phase=3 block=96 us=3148,3158,3148,3157,3167,3151,3159,3143,3143,3148,3151,3153,3154,3160,3149,3142
[M41] raw phase=3 block=112 us=3158,3146,3152,3141,3151,3147,3150,3156,3139,3152,3139,3150,3143,3151,3165,3150
[M41] raw phase=3 block=128 us=3158,3152,3147,3167,3157,3157,3147,3141,3146,3142,3149,3140,3158,3150,3141,3160
[M41] raw phase=3 block=144 us=3145,3157,3158,3146,3149,3149,3154,3149,3159,3142,3140,3142,3146,3155,3142,3156
[M41] raw phase=3 block=160 us=3145,3150,3165,3159,3168,3146,3155,3148,3141,3156,3142,3151,3144,3138,3138,3139
[M41] raw phase=3 block=176 us=3146,3141,3137,3138,3151,3151,3146,3155,3139,3137,3143,3142,3147,3141,3146,3137
[M41] raw phase=3 block=192 us=3142,3150,3141,3155,3147,3141,3140,3137,3152,3137,3146,3147,3143,3139,3145,3149
[M41] raw phase=3 block=208 us=3147,3153,3138,3140,3150,3145,3148,3136,3138,3137,3147,3161,3154,3161,3150,3157
[M41] raw phase=3 block=224 us=3152,3140,3156,3143,3158,3140,3141,3150,3140,3161,3142,3141,3148,3152,3155,3142
[M41] raw phase=3 block=240 us=3156,3140,3141,3156,3147,3161,3144,3141,3144,3149,3157,3151,3161,3152,3152,3152
[M41] raw phase=3 block=256 us=3144,3159,3142,3156,3150,3142,3151,3147,3165,3143,3142,3144,3147,3163,3144,3157
[M41] raw phase=3 block=272 us=3141,3146,3159,3142,3155,3157,3143,3142,3150,3159,3149,3160,3151,3157,3158,3145
[M41] raw phase=3 block=288 us=3154,3141,3147,3141,3143,3152,3147,3156,3144,3152,3142,3141,3166,3150,3154,3147
[M41] raw phase=3 block=304 us=3143,3157,3140,3153,3149,3145,3153,3142,3156,3149,3167,3149,3148,3168,3146,3156
[M41] raw phase=3 block=320 us=3145,3142,3143,3147,3163,3145,3157,3141,3143,3146,3147,3170,3155,3156,3153,3149
[M41] raw phase=3 block=336 us=3161,3149,3151,3144,3153,3151,3143,3152,3145,3155,3153,3147,3167,3146,3158,3155
[M41] raw phase=3 block=352 us=3141,3139,3148,3153,3143,3157,3139,3140,3147,3146,3152,3140,3156,3145,3144,3158
[M41] raw phase=3 block=368 us=3141,3151,3139,3148,3149,3148,3163,3141,3158,3156,3149,3158,3149,3161,3152,3143
[M41] raw phase=3 block=384 us=3140,3143,3150,3153,3172,3145,3140,3146,3147,3154,3153,3154,3146,3152,3160,3143
[M41] raw phase=3 block=400 us=3153,3143,3142,3145,3148,3158,3143,3149,3158,3149,3148,3150,3162,3158,3153,3144
[M41] raw phase=3 block=416 us=3142,3148,3147,3151,3140,3143,3142,3146,3154,3143,3154,3142,3158,3156,3143,3158
[M41] raw phase=3 block=432 us=3140,3148,3145,3141,3153,3144,3154,3142,3145,3148,3148,3162,3150,3164,3144,3143
[M41] raw phase=3 block=448 us=3159,3149,3151,3147,3159,3143,3153,3156,3142,3154,3144,3150,3158,3147,3158,3143
[M41] raw phase=3 block=464 us=3148,3148,3139,3153,3151,3172,3146,3149,3143,3146,3161,3149,3166,3147,3151,3154
[M41] raw phase=3 block=480 us=3140,3152,3148,3147,3141,3147,3151,3139,3157,3141,3151,3156,3144,3155,3142,3149
[M41] raw phase=3 block=496 us=3142,3139,3152,3141,3164,3148,3149,3143,3146,3169,3148,3159,3159,3152,3165,3147
[M41] raw phase=3 block=512 us=3153,3141,3141,3150,3151
[M41] render min=3100 avg=3149.63 p50=3149 p95=3163 p99=3170 max=3172 headroom_worst_us=2632.989
[M41] UI requested_fps=0 frames=0 achieved_fps=0.000 skipped=0 errors=0 pages=0
[M41] part=repair avg=0.00 max=0
[M41] part=draw avg=0.00 max=0
[M41] part=ppa avg=0.00 max=0
[M41] part=cache avg=0.00 max=0
[M41] part=submit avg=0.00 max=0
[M41] part=wait avg=0.00 max=0
[M41] part=present avg=0.00 max=0
[M41] part=total avg=0.00 max=0
[M41] part=dirty_bytes avg=0.00 max=0
[M41] part=repair_bytes avg=0.00 max=0
[M41] touch polls=300 hz=99.964 errors=0 presses=0 releases=0 drags=0 activity_blocks=0 activity_misses=0
[M41] memory ps_before=30855668 ps_after=30855668 largest_before=30408692 largest_after=30408692 internal_before=508588 internal_after=508588
[M41] phase=4 name=NATIVE_FULL_LIGHT audio_core=0 audio_priority=24 ui_core=0 ui_priority=2 touch_core=1 touch_priority=3 window_s=3.001095
[M41] blocks=517 active_min=16 active_max=16 render_misses=0 write_errors=0 timeouts=0 nonzero=132287 silent=0 rails=0 peak_L=4757 peak_R=6035
[M41] raw phase=4 block=0 us=3107,3872,3898,3877,3912,3973,3905,3943,3927,3919,3929,3923,3955,3901,3960,3906
[M41] raw phase=4 block=16 us=3910,3954,3738,3990,3905,3849,3178,3149,3164,3155,3158,3141,3150,3962,3911,3966
[M41] raw phase=4 block=32 us=3922,3967,3910,3891,3946,3921,3617,3165,3151,3146,3153,3153,3143,3159,3940,3917
[M41] raw phase=4 block=48 us=3952,3904,3958,3913,3985,3921,3925,3638,3173,3165,3150,3148,3158,3151,3172,3942
[M41] raw phase=4 block=64 us=3990,3931,3929,3963,3931,3954,3919,3946,3691,3179,3165,3158,3165,3151,3152,3162
[M41] raw phase=4 block=80 us=3936,3970,3901,3977,3926,3898,3962,3917,3964,3479,3163,3154,3150,3165,3915,3976
[M41] raw phase=4 block=96 us=3941,3918,3955,3949,3957,3917,3950,3888,3313,3188,3156,3164,3145,3149,3149,3746
[M41] raw phase=4 block=112 us=3977,3922,3976,3908,3918,3959,3920,3983,3887,3331,3169,3153,3160,3156,3162,3152
[M41] raw phase=4 block=128 us=3375,3962,3928,3971,3924,3952,3925,3935,3961,3939,3509,3165,3154,3152,3165,3168
[M41] raw phase=4 block=144 us=3153,3167,3953,3903,3959,3908,3954,3930,3910,3937,3938,3556,3179,3175,3151,3161
[M41] raw phase=4 block=160 us=3162,3154,3169,3954,3933,3921,3919,3970,3928,3967,3939,3928,3744,3195,3164,3154
[M41] raw phase=4 block=176 us=3176,3151,3163,3166,3939,3959,3914,3920,3931,3921,3963,3910,3961,3509,3173,3155
[M41] raw phase=4 block=192 us=3155,3176,3151,3165,3157,3945,3957,3927,3976,3917,3927,3922,3937,3976,3676,3209
[M41] raw phase=4 block=208 us=3151,3168,3160,3149,3155,3157,3940,3927,3915,3972,3919,3960,3926,3909,3950,3555
[M41] raw phase=4 block=224 us=3199,3151,3161,3153,3961,3961,3936,3965,3942,3929,3946,3924,3981,3791,3236,3167
[M41] raw phase=4 block=240 us=3152,3160,3542,3974,3903,3911,3931,3945,3967,3907,4002,3939,3387,3167,3156,3174
[M41] raw phase=4 block=256 us=3169,3167,3152,3151,3984,3919,3962,3927,3921,3964,3913,3986,3934,3635,3186,3158
[M41] raw phase=4 block=272 us=3162,3160,3170,3156,3158,3952,3916,3961,3903,3955,3927,3911,3950,3925,3574,3181
[M41] raw phase=4 block=288 us=3169,3156,3160,3168,3149,3165,3948,3932,3968,3920,3971,3928,3947,3940,3918,3726
[M41] raw phase=4 block=304 us=3183,3175,3157,3171,3150,3148,3170,3943,3971,3916,3914,3938,3910,3960,3919,3959
[M41] raw phase=4 block=320 us=3565,3173,3161,3155,3167,3149,3147,3168,3935,3965,3933,3975,3916,3934,3953,3929
[M41] raw phase=4 block=336 us=3970,3660,3183,3153,3152,3161,3154,3163,3154,3942,3944,3911,3955,3916,3954,3919
[M41] raw phase=4 block=352 us=3913,3974,3485,3185,3142,3151,3142,3919,3956,3922,3986,3915,3927,3964,3910,3980
[M41] raw phase=4 block=368 us=3879,3249,3161,3148,3156,3262,3969,3907,3898,3974,3919,3956,3914,3973,3928,3431
[M41] raw phase=4 block=384 us=3179,3147,3162,3150,3149,3146,3153,3998,3921,3971,3908,3923,3967,3908,3971,3928
[M41] raw phase=4 block=400 us=3639,3181,3153,3167,3160,3164,3149,3157,3974,3920,3963,3921,3970,3930,3911,3942
[M41] raw phase=4 block=416 us=3931,3568,3171,3161,3151,3164,3165,3162,3182,3946,3925,3969,3909,3969,3938,3924
[M41] raw phase=4 block=432 us=3923,3916,3798,3172,3164,3151,3159,3158,3157,3173,3945,3976,3903,3911,3958,3921
[M41] raw phase=4 block=448 us=3951,3904,3914,3591,3168,3158,3150,3174,3156,3156,3168,3941,3970,3931,3991,3938
[M41] raw phase=4 block=464 us=3930,3949,3928,3972,3643,3171,3159,3149,3161,3944,3955,3912,3930,3958,3913,3970
[M41] raw phase=4 block=480 us=3906,3931,3807,3183,3178,3150,3161,3422,3947,3963,3914,3977,3934,3993,3918,3928
[M41] raw phase=4 block=496 us=3971,3466,3182,3151,3157,3162,3151,3165,3157,3990,3914,3908,3955,3919,3972,3919
[M41] raw phase=4 block=512 us=3943,3935,3510,3198,3159
[M41] render min=3107 avg=3628.03 p50=3910 p95=3974 p99=3990 max=4002 headroom_worst_us=1802.989
[M41] UI requested_fps=30 frames=31 achieved_fps=10.330 skipped=59 errors=0 pages=1
[M41] part=repair avg=52168.29 max=53339
[M41] part=draw avg=5429.65 max=69703
[M41] part=ppa avg=0.00 max=0
[M41] part=cache avg=10081.03 max=10895
[M41] part=submit avg=133.32 max=3294
[M41] part=wait avg=29594.42 max=34062
[M41] part=present avg=39821.42 max=44478
[M41] part=total avg=97428.42 max=162492
[M41] part=dirty_bytes avg=182470.19 max=768000
[M41] part=repair_bytes avg=768000.00 max=768000
[M41] touch polls=300 hz=99.964 errors=0 presses=0 releases=0 drags=0 activity_blocks=0 activity_misses=0
[M41] memory ps_before=30855668 ps_after=30855668 largest_before=30408692 largest_after=30408692 internal_before=508588 internal_after=508588
[M41] phase=5 name=NATIVE_FULL_HEAVY audio_core=0 audio_priority=24 ui_core=0 ui_priority=2 touch_core=1 touch_priority=3 window_s=3.001093
[M41] blocks=517 active_min=16 active_max=16 render_misses=0 write_errors=0 timeouts=0 nonzero=132287 silent=0 rails=0 peak_L=4757 peak_R=6035
[M41] raw phase=5 block=0 us=3108,3100,3100,3138,3157,3999,3916,3968,3916,3923,3965,3910,3996,3928,3844,3980
[M41] raw phase=5 block=16 us=3939,3962,3918,3992,3922,3937,3836,3868,3979,3924,3940,3909,3876,3989,3931,3997
[M41] raw phase=5 block=32 us=3968,3952,3985,3964,4016,3963,3994,3898,3925,3308,3174,3160,3146,3151,3147,3714
[M41] raw phase=5 block=48 us=3973,3916,3967,3905,3935,3961,3910,3978,3931,3948,3913,3928,3970,3936,3955,3947
[M41] raw phase=5 block=64 us=3953,3994,3946,4015,3945,4011,3903,3894,3707,3166,3167,3158,3157,3148,3158,3996
[M41] raw phase=5 block=80 us=3909,3973,3915,3909,3970,3909,3972,3926,3882,3928,3944,3974,3927,3972,3928,3967
[M41] raw phase=5 block=96 us=4020,3964,4016,3944,4003,3918,3900,3958,3184,3171,3146,3154,3147,3155,3980,3914
[M41] raw phase=5 block=112 us=3963,3926,3928,3951,3918,3979,3945,3913,3905,3927,3947,3910,3978,3909,3953,3993
[M41] raw phase=5 block=128 us=3948,4029,3969,4004,3801,3943,3715,3171,3173,3153,3160,3148,3150,3693,3931,3975
[M41] raw phase=5 block=144 us=3929,3916,4004,3918,3957,3932,3964,3922,3929,3996,3894,3989,3906,3920,3975,3968
[M41] raw phase=5 block=160 us=4013,3960,4001,3933,3938,3936,3775,3208,3156,3158,3147,3147,3165,3946,3954,3910
[M41] raw phase=5 block=176 us=3904,3934,3913,3945,3905,4018,3825,3924,3980,3894,3956,3923,3925,3978,3951,3991
[M41] raw phase=5 block=192 us=3961,4004,3922,3811,3952,3732,3193,3164,3149,3144,3144,3158,3932,3968,3907,3927
[M41] raw phase=5 block=208 us=3947,3911,3963,3917,4003,3890,3902,3965,3904,3953,3939,3928,4009,3968,4019,3969
[M41] raw phase=5 block=224 us=4014,3934,3849,3987,3704,3206,3161,3149,3154,3155,3160,3565,3977,3921,3908,3948
[M41] raw phase=5 block=240 us=3944,3962,3906,3978,3933,3925,3961,3912,3981,3894,3909,4022,3947,3997,3951,3991
[M41] raw phase=5 block=256 us=3949,3948,3964,3913,3707,3189,3167,3159,3148,3163,3168,3989,3917,3931,3951,3924
[M41] raw phase=5 block=272 us=3972,3906,3963,3930,3870,3992,3938,3947,3936,3926,3958,3970,4028,3937,4019,3945
[M41] raw phase=5 block=288 us=3931,3955,3913,3960,3194,3174,3153,3147,3163,3156,3986,3925,3914,3975,3920,3966
[M41] raw phase=5 block=304 us=3924,3949,3928,3881,3964,3896,3991,3901,3929,3958,3957,4019,3960,4009,3973,3924
[M41] raw phase=5 block=320 us=3948,3925,3752,3189,3165,3145,3155,3163,3151,3490,3945,3922,3962,3941,3977,3923
[M41] raw phase=5 block=336 us=3967,3943,3934,3965,3927,3965,3906,3921,3953,3929,3999,3967,4008,3963,3950,3994
[M41] raw phase=5 block=352 us=3944,3939,3784,3203,3156,3156,3162,3158,3167,3938,3908,3945,3918,3973,3913,3959
[M41] raw phase=5 block=368 us=3909,3921,3913,3934,3994,3887,3916,3968,3914,4017,3963,4003,3973,3946,3982,3911
[M41] raw phase=5 block=384 us=3956,3830,3219,3154,3149,3165,3153,3161,3949,3917,3964,3935,3967,3949,3972,3922
[M41] raw phase=5 block=400 us=3928,3897,3931,3968,3919,3927,3963,3943,4002,3958,3989,3976,3970,4004,3929,3987
[M41] raw phase=5 block=416 us=3811,3198,3165,3149,3173,3149,3163,3370,3933,3941,3924,3952,3943,3962,3911,3925
[M41] raw phase=5 block=432 us=3988,3938,3957,3943,3949,3914,3939,3989,3941,4041,3942,3968,3999,3907,4001,3877
[M41] raw phase=5 block=448 us=3849,3176,3160,3175,3149,3157,3157,3942,3958,3929,3976,3918,3974,3924,3923,3962
[M41] raw phase=5 block=464 us=3875,3993,3937,3951,3906,3931,3970,3963,4022,3941,3948,4012,3964,3985,3897,3966
[M41] raw phase=5 block=480 us=3189,3165,3161,3150,3159,3154,3927,3918,3936,3959,3913,3965,3921,3903,3967,3878
[M41] raw phase=5 block=496 us=3982,3901,3912,3924,3930,3976,3943,4008,3952,3975,4002,3926,3992,3916,3839,3190
[M41] raw phase=5 block=512 us=3170,3162,3157,3161,3149
[M41] render min=3100 avg=3785.45 p50=3929 p95=4004 p99=4020 max=4041 headroom_worst_us=1763.989
[M41] UI requested_fps=10 frames=17 achieved_fps=5.665 skipped=14 errors=0 pages=1
[M41] part=repair avg=51860.06 max=53365
[M41] part=draw avg=94902.29 max=156827
[M41] part=ppa avg=0.00 max=0
[M41] part=cache avg=10540.18 max=10954
[M41] part=submit avg=30.00 max=41
[M41] part=wait avg=28363.82 max=29979
[M41] part=present avg=38952.24 max=40840
[M41] part=total avg=185724.82 max=245473
[M41] part=dirty_bytes avg=768000.00 max=768000
[M41] part=repair_bytes avg=768000.00 max=768000
[M41] touch polls=301 hz=100.297 errors=0 presses=0 releases=0 drags=0 activity_blocks=0 activity_misses=0
[M41] memory ps_before=30855668 ps_after=30855668 largest_before=30408692 largest_after=30408692 internal_before=508588 internal_after=508588
[M41] phase=6 name=DIRTY_STATIC audio_core=0 audio_priority=24 ui_core=0 ui_priority=2 touch_core=1 touch_priority=3 window_s=3.001077
[M41] blocks=517 active_min=16 active_max=16 render_misses=0 write_errors=0 timeouts=0 nonzero=132287 silent=0 rails=0 peak_L=4757 peak_R=6035
[M41] raw phase=6 block=0 us=3221,3883,3854,3954,3925,3962,3916,3906,3959,3930,3978,3905,3945,3892,3907,3971
[M41] raw phase=6 block=16 us=3917,3995,3946,3933,3972,3943,3998,3881,3960,3623,3184,3160,3154,3155,3142,3162
[M41] raw phase=6 block=32 us=3149,3149,3165,3147,3163,3144,3146,3147,3142,3159,3144,3153,3148,3154,3174,3158
[M41] raw phase=6 block=48 us=3169,3155,3151,3157,3151,3161,3152,3161,3151,3146,3160,3154,3158,3148,3161,3148
[M41] raw phase=6 block=64 us=3157,3169,3152,3168,3159,3152,3147,3153,3160,3141,3154,3142,3142,3159,3147,3160
[M41] raw phase=6 block=80 us=3146,3149,3151,3148,3151,3147,3151,3148,3148,3153,3148,3158,3144,3141,3141,3148
[M41] raw phase=6 block=96 us=3156,3146,3159,3142,3140,3139,3147,3160,3142,3163,3142,3144,3169,3149,3156,3154
[M41] raw phase=6 block=112 us=3152,3162,3143,3155,3143,3151,3147,3147,3153,3143,3161,3147,3146,3151,3146,3157
[M41] raw phase=6 block=128 us=3154,3154,3145,3149,3146,3139,3156,3147,3155,3145,3145,3163,3146,3158,3158,3152
[M41] raw phase=6 block=144 us=3158,3156,3158,3151,3161,3147,3142,3139,3142,3156,3155,3143,3141,3145,3153,3159
[M41] raw phase=6 block=160 us=3159,3143,3151,3143,3152,3157,3142,3152,3151,3144,3155,3142,3155,3149,3144,3153
[M41] raw phase=6 block=176 us=3151,3160,3145,3157,3148,3141,3148,3144,3155,3156,3159,3141,3143,3154,3147,3159
[M41] raw phase=6 block=192 us=3145,3143,3143,3151,3161,3142,3152,3150,3150,3156,3153,3155,3146,3159,3150,3151
[M41] raw phase=6 block=208 us=3160,3147,3157,3145,3143,3141,3143,3151,3146,3150,3143,3147,3152,3153,3160,3146
[M41] raw phase=6 block=224 us=3150,3148,3151,3155,3142,3150,3140,3149,3155,3141,3156,3144,3160,3146,3146,3165
[M41] raw phase=6 block=240 us=3147,3165,3154,3142,3145,3140,3162,3143,3152,3140,3145,3151,3146,3161,3144,3147
[M41] raw phase=6 block=256 us=3155,3143,3156,3146,3156,3142,3154,3157,3146,3156,3142,3153,3146,3147,3159,3152
[M41] raw phase=6 block=272 us=3167,3155,3145,3144,3148,3156,3142,3156,3140,3141,3164,3143,3152,3141,3142,3156
[M41] raw phase=6 block=288 us=3145,3154,3141,3156,3142,3150,3152,3143,3160,3148,3143,3147,3147,3160,3145,3168
[M41] raw phase=6 block=304 us=3149,3148,3144,3142,3159,3140,3157,3144,3143,3168,3149,3153,3149,3145,3151,3151
[M41] raw phase=6 block=320 us=3156,3141,3154,3146,3144,3151,3141,3153,3151,3145,3149,3143,3156,3155,3161,3153
[M41] raw phase=6 block=336 us=3154,3151,3141,3168,3143,3151,3143,3138,3153,3139,3150,3136,3138,3143,3141,3151
[M41] raw phase=6 block=352 us=3139,3152,3143,3138,3142,3136,3147,3141,3138,3135,3136,3147,3143,3148,3139,3149
[M41] raw phase=6 block=368 us=3145,3149,3162,3135,3148,3142,3139,3149,3145,3154,3137,3137,3138,3138,3146,3138
[M41] raw phase=6 block=384 us=3148,3142,3138,3147,3144,3145,3153,3154,3149,3152,3157,3150,3150,3140,3143,3140
[M41] raw phase=6 block=400 us=3150,3154,3149,3151,3150,3150,3152,3147,3155,3145,3152,3146,3143,3157,3140,3150
[M41] raw phase=6 block=416 us=3140,3147,3142,3141,3152,3148,3152,3150,3157,3158,3157,3161,3143,3142,3148,3149
[M41] raw phase=6 block=432 us=3153,3153,3154,3142,3148,3155,3147,3153,3148,3155,3145,3145,3162,3142,3157,3148
[M41] raw phase=6 block=448 us=3144,3147,3153,3155,3145,3155,3143,3150,3161,3147,3160,3142,3142,3147,3149,3150
[M41] raw phase=6 block=464 us=3148,3150,3143,3154,3154,3141,3157,3146,3154,3144,3142,3154,3145,3158,3142,3145
[M41] raw phase=6 block=480 us=3144,3157,3162,3144,3157,3146,3148,3171,3152,3159,3152,3145,3144,3141,3154,3142
[M41] raw phase=6 block=496 us=3153,3151,3149,3151,3144,3160,3142,3152,3152,3149,3152,3150,3160,3142,3140,3144
[M41] raw phase=6 block=512 us=3149,3162,3148,3155,3147
[M41] render min=3135 avg=3187.19 p50=3150 p95=3221 p99=3962 max=3998 headroom_worst_us=1806.989
[M41] UI requested_fps=0 frames=0 achieved_fps=0.000 skipped=0 errors=0 pages=0
[M41] part=repair avg=0.00 max=0
[M41] part=draw avg=0.00 max=0
[M41] part=ppa avg=0.00 max=0
[M41] part=cache avg=0.00 max=0
[M41] part=submit avg=0.00 max=0
[M41] part=wait avg=0.00 max=0
[M41] part=present avg=0.00 max=0
[M41] part=total avg=0.00 max=0
[M41] part=dirty_bytes avg=0.00 max=0
[M41] part=repair_bytes avg=0.00 max=0
[M41] touch polls=300 hz=99.964 errors=0 presses=0 releases=0 drags=0 activity_blocks=0 activity_misses=0
[M41] memory ps_before=30855668 ps_after=30855668 largest_before=30408692 largest_after=30408692 internal_before=508588 internal_after=508588
[M41] phase=7 name=DIRTY_LIGHT audio_core=0 audio_priority=24 ui_core=0 ui_priority=2 touch_core=1 touch_priority=3 window_s=3.001101
[M41] blocks=517 active_min=16 active_max=16 render_misses=0 write_errors=0 timeouts=0 nonzero=132287 silent=0 rails=0 peak_L=4757 peak_R=6035
[M41] raw phase=7 block=0 us=3103,3939,3870,3938,3929,3930,3939,3919,3976,3922,3934,3891,3921,3979,3907,3979
[M41] raw phase=7 block=16 us=3928,3930,3697,3931,3957,3837,3219,3172,3157,3147,3149,3169,3936,3995,3928,3912
[M41] raw phase=7 block=32 us=3966,3927,3969,3928,3932,3702,3189,3162,3150,3168,3154,3149,3166,3950,3823,3247
[M41] raw phase=7 block=48 us=3156,3151,3151,3166,3156,3945,3908,3706,3171,3149,3177,3146,3161,3155,3935,3846
[M41] raw phase=7 block=64 us=3262,3172,3162,3165,3160,3151,3560,3947,3824,3199,3157,3149,3152,3163,3162,3969
[M41] raw phase=7 block=80 us=3748,3249,3164,3161,3174,3151,3158,3210,3919,3876,3262,3171,3155,3152,3160,3163
[M41] raw phase=7 block=96 us=4002,3745,3229,3159,3154,3179,3154,3164,3163,3950,3897,3343,3176,3169,3161,3150
[M41] raw phase=7 block=112 us=3153,3989,3858,3395,3165,3156,3163,3157,3159,3156,3998,3792,3346,3185,3156,3157
[M41] raw phase=7 block=128 us=3148,3158,3953,3898,3497,3179,3167,3156,3150,3148,3158,3982,3744,3322,3159,3159
[M41] raw phase=7 block=144 us=3162,3157,3165,3843,3915,3716,3184,3180,3159,3159,3150,3161,3971,3851,3304,3168
[M41] raw phase=7 block=160 us=3160,3153,3157,3162,3522,3958,3764,3225,3150,3153,3168,3146,3166,3943,3758,3274
[M41] raw phase=7 block=176 us=3157,3159,3151,3144,3151,3144,3967,3802,3272,3155,3153,3154,3146,3169,3932,3743
[M41] raw phase=7 block=192 us=3221,3155,3163,3155,3169,3152,3153,3969,3789,3280,3157,3164,3146,3154,3159,3937
[M41] raw phase=7 block=208 us=3908,3348,3156,3156,3153,3153,3147,3161,3921,3805,3293,3168,3169,3154,3164,3148
[M41] raw phase=7 block=224 us=3938,3966,3522,3201,3150,3172,3151,3149,3174,3940,3897,3261,3161,3172,3164,3170
[M41] raw phase=7 block=240 us=3150,3770,3948,3731,3186,3162,3167,3155,3149,3173,3947,3807,3230,3162,3161,3153
[M41] raw phase=7 block=256 us=3161,3150,3441,3929,3741,3250,3159,3167,3150,3164,3163,3947,3795,3245,3170,3155
[M41] raw phase=7 block=272 us=3157,3155,3150,3166,3957,3854,3330,3154,3152,3148,3167,3156,3970,3719,3272,3166
[M41] raw phase=7 block=288 us=3158,3169,3149,3149,3162,3947,3936,3309,3170,3160,3150,3167,3149,3992,3916,3392
[M41] raw phase=7 block=304 us=3174,3153,3165,3151,3157,3169,3955,3915,3343,3171,3168,3148,3152,3167,3976,3850
[M41] raw phase=7 block=320 us=3671,3171,3150,3157,3154,3165,3156,3985,3782,3300,3173,3157,3168,3148,3161,3789
[M41] raw phase=7 block=336 us=3920,3783,3184,3169,3160,3152,3151,3156,3994,3800,3302,3165,3158,3171,3161,3161
[M41] raw phase=7 block=352 us=3335,3930,3836,3281,3174,3156,3162,3152,3168,3981,3765,3239,3166,3166,3168,3157
[M41] raw phase=7 block=368 us=3160,3154,3974,3823,3288,3162,3154,3161,3150,3160,3944,3828,3360,3168,3173,3157
[M41] raw phase=7 block=384 us=3147,3150,3163,3983,3809,3358,3153,3160,3161,3150,3166,3946,3879,3465,3166,3168
[M41] raw phase=7 block=400 us=3157,3166,3148,3159,3985,3739,3342,3161,3165,3150,3161,3168,3903,3908,3621,3169
[M41] raw phase=7 block=416 us=3156,3160,3162,3149,3169,3933,3746,3269,3154,3162,3158,3163,3152,3625,3978,3781
[M41] raw phase=7 block=432 us=3252,3165,3153,3151,3149,3178,3935,3825,3216,3154,3172,3161,3167,3156,3234,3967
[M41] raw phase=7 block=448 us=3820,3295,3158,3162,3156,3150,3169,3940,3792,3219,3155,3148,3158,3163,3158,3178
[M41] raw phase=7 block=464 us=3951,3879,3360,3159,3178,3153,3158,3148,3947,3886,3314,3170,3157,3165,3167,3149
[M41] raw phase=7 block=480 us=3164,3933,3877,3279,3171,3164,3146,3161,3156,3950,3880,3467,3177,3159,3174,3159
[M41] raw phase=7 block=496 us=3148,3156,3937,3860,3262,3168,3159,3149,3167,3150,3948,3904,3698,3185,3164,3172
[M41] raw phase=7 block=512 us=3150,3156,3165,3934,3851
[M41] render min=3103 avg=3388.14 p50=3168 p95=3966 p99=3989 max=4002 headroom_worst_us=1802.989
[M41] UI requested_fps=30 frames=58 achieved_fps=19.326 skipped=32 errors=0 pages=1
[M41] part=repair avg=9998.24 max=53265
[M41] part=draw avg=6016.57 max=69654
[M41] part=ppa avg=0.00 max=0
[M41] part=cache avg=9666.97 max=11070
[M41] part=submit avg=139.34 max=3267
[M41] part=wait avg=26406.88 max=33267
[M41] part=present avg=36226.02 max=43988
[M41] part=total avg=52249.97 max=156705
[M41] part=dirty_bytes avg=173585.66 max=768000
[M41] part=repair_bytes avg=184002.21 max=768000
[M41] touch polls=300 hz=99.963 errors=0 presses=0 releases=0 drags=0 activity_blocks=0 activity_misses=0
[M41] memory ps_before=30855668 ps_after=30855668 largest_before=30408692 largest_after=30408692 internal_before=508588 internal_after=508588
[M41] phase=8 name=DIRTY_HEAVY audio_core=0 audio_priority=24 ui_core=0 ui_priority=2 touch_core=1 touch_priority=3 window_s=3.001067
[M41] blocks=517 active_min=16 active_max=16 render_misses=0 write_errors=0 timeouts=0 nonzero=132287 silent=0 rails=0 peak_L=4757 peak_R=6035
[M41] raw phase=8 block=0 us=3238,3130,3102,3135,3145,3143,3635,3918,3966,3912,3902,3983,3912,3947,3910,3980
[M41] raw phase=8 block=16 us=3908,3915,3986,3886,3962,3912,3925,3949,3727,3917,3925,3985,3888,3931,3961,3917
[M41] raw phase=8 block=32 us=4000,3909,3974,3953,3945,4009,3945,3996,3845,3899,3834,3179,3160,3152,3167,3152
[M41] raw phase=8 block=48 us=3160,3988,3925,3987,3928,3914,3973,3916,3958,3934,3916,3907,3928,3980,3903,3986
[M41] raw phase=8 block=64 us=3938,3975,3957,3943,4011,3958,3989,3916,3925,3875,3188,3174,3149,3166,3163,3162
[M41] raw phase=8 block=80 us=3233,3930,3965,3905,3912,3961,3912,3954,3933,3969,3926,3910,3981,3922,3967,3918
[M41] raw phase=8 block=96 us=3949,3954,3931,3986,3948,4008,3954,3879,3912,3699,3187,3155,3166,3150,3168,3172
[M41] raw phase=8 block=112 us=3940,3976,3925,3923,3931,3916,3968,3928,3971,3866,3927,3972,3918,3994,3950,3953
[M41] raw phase=8 block=128 us=3972,3970,3997,3974,4011,3949,3924,3934,3913,3219,3153,3158,3150,3151,3164,3954
[M41] raw phase=8 block=144 us=3959,3926,3912,3924,3928,3941,3900,3979,3884,3925,3958,3916,3974,3919,4019,3963
[M41] raw phase=8 block=160 us=3970,4025,3971,4001,3941,3936,3948,3834,3219,3160,3163,3161,3149,3163,3151,3980
[M41] raw phase=8 block=176 us=3903,3939,3937,3920,3969,3930,3980,3930,3885,3961,3914,3978,3917,3997,3910,3956
[M41] raw phase=8 block=192 us=4033,3957,3996,3933,3946,3967,3889,3914,3189,3169,3164,3149,3151,3159,3983,3929
[M41] raw phase=8 block=208 us=3944,3936,3915,3964,3910,3977,3924,3858,3956,3936,3965,3927,3995,3919,3958,4003
[M41] raw phase=8 block=224 us=3961,4039,3949,3903,3952,3910,3871,3179,3167,3157,3146,3154,3152,3989,3928,3961
[M41] raw phase=8 block=240 us=3938,3918,3962,3929,3949,3933,3897,3975,3922,3985,3910,3970,3920,3935,3984,3953
[M41] raw phase=8 block=256 us=4024,3969,3952,3983,3921,3983,3190,3166,3155,3155,3152,3150,3164,3936,3928,3930
[M41] raw phase=8 block=272 us=3908,3966,3932,3965,3929,3914,3930,3938,3971,3909,3974,3910,3931,3995,3968,4004
[M41] raw phase=8 block=288 us=3962,3945,3979,3929,3952,3901,3212,3157,3159,3155,3151,3162,3941,3931,3927,3937
[M41] raw phase=8 block=304 us=3959,3938,3955,3930,3926,3906,3923,3980,3902,4001,3938,3935,3996,3960,4008,3977
[M41] raw phase=8 block=320 us=3957,3959,3923,3942,3855,3206,3156,3150,3148,3151,3167,3944,3926,3919,3923,3947
[M41] raw phase=8 block=336 us=3919,3985,3922,3928,3929,3914,3981,3898,3953,3900,3926,4003,3953,3989,3958,3945
[M41] raw phase=8 block=352 us=3953,3927,3961,3802,3211,3150,3148,3153,3153,3165,3152,3964,3911,3922,3955,3915
[M41] raw phase=8 block=368 us=3969,3901,3929,3951,3863,4003,3918,3972,3903,3912,3965,3940,3995,3941,3931,3975
[M41] raw phase=8 block=384 us=3952,3975,3872,3898,3176,3151,3163,3154,3168,3161,4029,3917,3925,3954,3923,3974
[M41] raw phase=8 block=400 us=3903,3911,3962,3861,3968,3920,3975,3922,3937,3975,3951,4010,3954,3986,3980,3918
[M41] raw phase=8 block=416 us=3961,3891,3882,3187,3159,3149,3151,3162,3150,3994,3926,3912,3966,3914,3986,3927
[M41] raw phase=8 block=432 us=3904,3961,3911,3989,3925,3985,3886,3916,4002,3966,3990,3942,3973,3972,3951,3991
[M41] raw phase=8 block=448 us=3907,3961,3221,3161,3150,3166,3165,3155,3170,3943,3907,3953,3905,3952,3922,3897
[M41] raw phase=8 block=464 us=3949,3929,3933,3946,3989,3919,3920,3966,3926,4006,3951,3980,3960,3948,4003,3920
[M41] raw phase=8 block=480 us=3963,3856,3192,3156,3163,3163,3154,3173,3945,3904,3968,3924,3954,3926,3902,3943
[M41] raw phase=8 block=496 us=3926,3923,3923,3979,3899,3930,3974,3940,4013,3975,3985,3966,3954,3982,3904,3946
[M41] raw phase=8 block=512 us=3849,3187,3158,3156,3155
[M41] render min=3102 avg=3783.34 p50=3928 p95=3996 p99=4019 max=4039 headroom_worst_us=1765.989
[M41] UI requested_fps=10 frames=16 achieved_fps=5.331 skipped=13 errors=0 pages=1
[M41] part=repair avg=52639.25 max=53351
[M41] part=draw avg=93645.56 max=156844
[M41] part=ppa avg=0.00 max=0
[M41] part=cache avg=10607.00 max=10963
[M41] part=submit avg=28.19 max=30
[M41] part=wait avg=29082.00 max=33237
[M41] part=present avg=39735.50 max=44070
[M41] part=total avg=186030.94 max=248054
[M41] part=dirty_bytes avg=768000.00 max=768000
[M41] part=repair_bytes avg=768000.00 max=768000
[M41] touch polls=300 hz=99.964 errors=0 presses=0 releases=0 drags=0 activity_blocks=0 activity_misses=0
[M41] memory ps_before=30855668 ps_after=30855668 largest_before=30408692 largest_after=30408692 internal_before=508588 internal_after=508588
[M41] phase=9 name=STATIC_TO_LIGHT audio_core=0 audio_priority=24 ui_core=0 ui_priority=2 touch_core=1 touch_priority=3 window_s=3.001086
[M41] blocks=517 active_min=16 active_max=16 render_misses=0 write_errors=0 timeouts=0 nonzero=132287 silent=0 rails=0 peak_L=4757 peak_R=6035
[M41] raw phase=9 block=0 us=3103,3102,3095,3139,3174,3151,3156,3155,3156,3152,3155,3158,3149,3168,3148,3150
[M41] raw phase=9 block=16 us=3146,3149,3165,3155,3163,3150,3147,3158,3156,3160,3151,3155,3154,3152,3163,3148
[M41] raw phase=9 block=32 us=3160,3157,3158,3161,3151,3171,3149,3154,3149,3150,3153,3140,3165,3139,3144,3148
[M41] raw phase=9 block=48 us=3142,3161,3151,3157,3149,3147,3159,3141,3149,3140,3148,3155,3145,3150,3144,3156
[M41] raw phase=9 block=64 us=3157,3148,3159,3161,3159,3147,3146,3141,3139,3150,3144,3159,3141,3143,3141,3145
[M41] raw phase=9 block=80 us=3162,3148,3157,3145,3152,3158,3141,3157,3139,3146,3156,3148,3155,3143,3156,3151
[M41] raw phase=9 block=96 us=3146,3161,3150,3164,3158,3975,3930,3916,3976,3921,3961,3919,3902,3962,3854,3987
[M41] raw phase=9 block=112 us=3907,4025,3895,3909,4012,3920,3853,3899,3929,3928,3220,3177,3158,3165,3161,3157
[M41] raw phase=9 block=128 us=3978,3926,3976,3924,3943,3938,3918,3984,3929,3684,3196,3151,3151,3164,3161,3151
[M41] raw phase=9 block=144 us=3168,3945,3812,3292,3165,3166,3147,3150,3154,3925,3954,3510,3189,3159,3156,3151
[M41] raw phase=9 block=160 us=3151,3175,3947,3837,3244,3163,3163,3151,3157,3150,3776,3964,3723,3206,3154,3167
[M41] raw phase=9 block=176 us=3147,3148,3160,3937,3817,3226,3149,3150,3151,3154,3149,3405,3915,3783,3233,3153
[M41] raw phase=9 block=192 us=3164,3160,3159,3156,3945,3791,3198,3173,3149,3155,3146,3153,3164,3936,3903,3302
[M41] raw phase=9 block=208 us=3157,3159,3145,3154,3144,3935,3834,3289,3162,3151,3176,3156,3157,3165,3944,3837
[M41] raw phase=9 block=224 us=3346,3172,3153,3151,3161,3147,4002,3890,3391,3173,3161,3173,3154,3162,3156,3947
[M41] raw phase=9 block=240 us=3861,3348,3175,3156,3153,3149,3151,3952,3872,3680,3183,3160,3160,3162,3164,3154
[M41] raw phase=9 block=256 us=3977,3860,3346,3173,3157,3156,3149,3151,3700,3936,3792,3199,3184,3151,3154,3162
[M41] raw phase=9 block=272 us=3159,3998,3743,3250,3157,3153,3166,3150,3163,3346,3939,3848,3262,3176,3153,3161
[M41] raw phase=9 block=288 us=3150,3167,4002,3757,3286,3159,3151,3160,3152,3166,3155,3989,3790,3316,3172,3161
[M41] raw phase=9 block=304 us=3163,3150,3151,3960,3844,3303,3166,3169,3159,3151,3151,3161,3997,3804,3304,3152
[M41] raw phase=9 block=320 us=3156,3167,3149,3161,3942,3924,3444,3169,3167,3166,3167,3164,3161,3987,3820,3303
[M41] raw phase=9 block=336 us=3161,3153,3148,3149,3162,3885,3953,3666,3162,3157,3160,3163,3151,3175,3948,3763
[M41] raw phase=9 block=352 us=3292,3159,3165,3153,3152,3153,3617,3966,3777,3231,3174,3156,3154,3156,3167,3941
[M41] raw phase=9 block=368 us=3767,3236,3169,3159,3162,3161,3147,3227,3956,3752,3310,3176,3167,3156,3153,3165
[M41] raw phase=9 block=384 us=3947,3742,3205,3153,3148,3161,3158,3150,3167,3954,3885,3343,3172,3172,3155,3165
[M41] raw phase=9 block=400 us=3146,3942,3932,3363,3178,3158,3157,3149,3157,3172,3951,3935,3315,3166,3167,3147
[M41] raw phase=9 block=416 us=3159,3157,3934,3876,3482,3172,3151,3165,3146,3154,3165,3945,3866,3290,3175,3156
[M41] raw phase=9 block=432 us=3147,3161,3160,3944,3892,3709,3162,3160,3169,3155,3171,3166,3947,3882,3323,3171
[M41] raw phase=9 block=448 us=3146,3164,3147,3150,3563,3937,3823,3217,3154,3155,3154,3178,3162,3967,3754,3251
[M41] raw phase=9 block=464 us=3177,3151,3169,3149,3151,3148,3926,3870,3253,3166,3159,3160,3161,3174,3996,3760
[M41] raw phase=9 block=480 us=3266,3159,3153,3165,3149,3165,3155,3943,3924,3335,3179,3160,3169,3153,3155,3993
[M41] raw phase=9 block=496 us=3861,3437,3161,3156,3162,3151,3163,3156,3983,3731,3309,3177,3162,3161,3157,3150
[M41] raw phase=9 block=512 us=3943,3916,3520,3167,3168
[M41] transition request_block=100 inflight=0 around_blocks=80..179 max_us=4025 misses=0 idle_observations=353
[M41] render min=3095 avg=3348.69 p50=3162 p95=3954 p99=3997 max=4025 headroom_worst_us=1779.989
[M41] UI requested_fps=0 frames=46 achieved_fps=15.328 skipped=44 errors=0 pages=1
[M41] part=repair avg=10513.50 max=53220
[M41] part=draw avg=6133.20 max=69684
[M41] part=ppa avg=0.00 max=0
[M41] part=cache avg=9554.00 max=11200
[M41] part=submit avg=168.74 max=3287
[M41] part=wait avg=26583.04 max=33405
[M41] part=present avg=36318.59 max=44088
[M41] part=total avg=52974.02 max=156735
[M41] part=dirty_bytes avg=176306.09 max=768000
[M41] part=repair_bytes avg=189440.00 max=768000
[M41] touch polls=300 hz=99.964 errors=0 presses=0 releases=0 drags=0 activity_blocks=0 activity_misses=0
[M41] memory ps_before=30855668 ps_after=30855668 largest_before=30408692 largest_after=30408692 internal_before=508588 internal_after=508588
[M41] phase=10 name=LIGHT_TO_STATIC audio_core=0 audio_priority=24 ui_core=0 ui_priority=2 touch_core=1 touch_priority=3 window_s=3.001087
[M41] blocks=517 active_min=16 active_max=16 render_misses=0 write_errors=0 timeouts=0 nonzero=132287 silent=0 rails=0 peak_L=4757 peak_R=6035
[M41] raw phase=10 block=0 us=3103,3094,3089,3132,3977,3919,4004,3910,3905,3961,3909,3963,3918,3864,3968,3936
[M41] raw phase=10 block=16 us=3941,3933,3972,3924,3909,3842,3871,3985,3837,3172,3161,3146,3157,3454,3987,3930
[M41] raw phase=10 block=32 us=3902,3952,3924,3958,3907,3988,3943,3452,3187,3148,3153,3149,3149,3159,3158,3993
[M41] raw phase=10 block=48 us=3832,3339,3165,3153,3158,3152,3159,3948,3803,3216,3176,3163,3170,3164,3152,3159
[M41] raw phase=10 block=64 us=3979,3802,3315,3150,3168,3146,3151,3162,3951,3967,3390,3160,3159,3160,3170,3152
[M41] raw phase=10 block=80 us=3173,3943,3817,3320,3169,3168,3155,3149,3150,3919,3930,3573,3197,3158,3164,3153
[M41] raw phase=10 block=96 us=3162,3166,3946,3815,3229,3170,3157,3147,3165,3152,3155,3149,3161,3170,3157,3175
[M41] raw phase=10 block=112 us=3154,3159,3156,3152,3164,3164,3162,3146,3152,3159,3162,3157,3146,3153,3152,3161
[M41] raw phase=10 block=128 us=3169,3149,3159,3158,3154,3157,3157,3160,3150,3165,3147,3153,3165,3152,3173,3151
[M41] raw phase=10 block=144 us=3154,3153,3143,3150,3144,3152,3144,3147,3152,3140,3157,3143,3145,3153,3154,3160
[M41] raw phase=10 block=160 us=3143,3157,3140,3146,3151,3141,3151,3145,3158,3140,3146,3163,3148,3165,3153,3151
[M41] raw phase=10 block=176 us=3146,3150,3156,3146,3155,3144,3145,3161,3147,3153,3146,3144,3157,3144,3157,3153
[M41] raw phase=10 block=192 us=3153,3142,3148,3153,3144,3160,3145,3153,3145,3148,3159,3146,3167,3147,3149,3153
[M41] raw phase=10 block=208 us=3155,3170,3143,3159,3147,3144,3167,3142,3152,3139,3142,3150,3152,3153,3149,3157
[M41] raw phase=10 block=224 us=3152,3151,3151,3144,3159,3142,3145,3150,3149,3151,3149,3164,3149,3143,3151,3151
[M41] raw phase=10 block=240 us=3165,3146,3149,3142,3144,3166,3144,3156,3148,3140,3147,3150,3154,3143,3154,3155
[M41] raw phase=10 block=256 us=3145,3141,3141,3155,3149,3143,3153,3146,3160,3160,3159,3148,3156,3145,3148,3166
[M41] raw phase=10 block=272 us=3146,3156,3141,3148,3164,3140,3152,3142,3141,3148,3156,3156,3143,3159,3154,3147
[M41] raw phase=10 block=288 us=3154,3147,3152,3155,3142,3142,3142,3159,3154,3152,3142,3147,3150,3150,3166,3154
[M41] raw phase=10 block=304 us=3157,3148,3149,3156,3151,3152,3143,3142,3142,3144,3150,3140,3156,3142,3147,3154
[M41] raw phase=10 block=320 us=3143,3157,3153,3156,3143,3151,3156,3153,3159,3143,3144,3142,3158,3161,3148,3161
[M41] raw phase=10 block=336 us=3155,3152,3151,3152,3161,3144,3154,3139,3140,3154,3135,3148,3142,3139,3140,3139
[M41] raw phase=10 block=352 us=3150,3137,3147,3137,3140,3147,3134,3155,3137,3138,3144,3152,3153,3146,3157,3149
[M41] raw phase=10 block=368 us=3147,3149,3134,3148,3141,3145,3136,3140,3162,3141,3157,3143,3136,3138,3146,3155
[M41] raw phase=10 block=384 us=3136,3154,3137,3140,3145,3139,3159,3147,3152,3151,3141,3151,3147,3153,3139,3152
[M41] raw phase=10 block=400 us=3151,3142,3168,3149,3152,3142,3146,3160,3146,3162,3142,3140,3143,3147,3158,3141
[M41] raw phase=10 block=416 us=3158,3142,3143,3165,3144,3153,3152,3152,3155,3148,3154,3142,3151,3141,3144,3152
[M41] raw phase=10 block=432 us=3145,3157,3145,3145,3151,3150,3156,3152,3164,3144,3146,3145,3143,3155,3143,3154
[M41] raw phase=10 block=448 us=3146,3145,3159,3144,3159,3152,3151,3159,3157,3161,3144,3159,3146,3141,3150,3144
[M41] raw phase=10 block=464 us=3150,3149,3145,3141,3140,3153,3152,3158,3147,3150,3141,3142,3165,3143,3152,3147
[M41] raw phase=10 block=480 us=3150,3162,3139,3155,3149,3146,3155,3150,3160,3147,3157,3155,3148,3148,3142,3155
[M41] raw phase=10 block=496 us=3156,3142,3141,3147,3156,3150,3151,3146,3149,3144,3152,3154,3140,3151,3150,3153
[M41] raw phase=10 block=512 us=3157,3154,3152,3144,3156
[M41] transition request_block=100 inflight=1 around_blocks=80..179 max_us=3946 misses=0 idle_observations=1465
[M41] render min=3089 avg=3220.17 p50=3152 p95=3924 p99=3979 max=4004 headroom_worst_us=1800.989
[M41] UI requested_fps=30 frames=9 achieved_fps=2.999 skipped=8 errors=0 pages=1
[M41] part=repair avg=17958.67 max=53098
[M41] part=draw avg=11529.89 max=65495
[M41] part=ppa avg=0.00 max=0
[M41] part=cache avg=9874.56 max=10887
[M41] part=submit avg=27.89 max=32
[M41] part=wait avg=26533.56 max=34096
[M41] part=present avg=36449.22 max=44520
[M41] part=total avg=65946.56 max=147190
[M41] part=dirty_bytes avg=229831.11 max=768000
[M41] part=repair_bytes avg=297187.56 max=768000
[M41] touch polls=300 hz=99.964 errors=0 presses=0 releases=0 drags=0 activity_blocks=0 activity_misses=0
[M41] memory ps_before=30855668 ps_after=30855668 largest_before=30408692 largest_after=30408692 internal_before=508588 internal_after=508588
[M41] phase=11 name=LIGHT_TO_HEAVY audio_core=0 audio_priority=24 ui_core=0 ui_priority=2 touch_core=1 touch_priority=3 window_s=3.001105
[M41] blocks=517 active_min=16 active_max=16 render_misses=0 write_errors=0 timeouts=0 nonzero=132287 silent=0 rails=0 peak_L=4757 peak_R=6035
[M41] raw phase=11 block=0 us=3111,3892,3922,3911,3960,3924,3925,3930,3929,3973,3882,3973,3903,3937,3982,3903
[M41] raw phase=11 block=16 us=3984,3938,3782,3930,3938,3962,3208,3170,3148,3153,3161,3149,3986,3913,3929,3948
[M41] raw phase=11 block=32 us=3917,3973,3926,3975,3929,3591,3169,3154,3172,3154,3707,3933,3730,3205,3173,3160
[M41] raw phase=11 block=48 us=3154,3151,3158,3941,3831,3208,3173,3159,3167,3161,3152,3308,3932,3818,3261,3155
[M41] raw phase=11 block=64 us=3174,3155,3171,3160,3943,3813,3234,3169,3151,3164,3149,3150,3163,3949,3944,3329
[M41] raw phase=11 block=80 us=3162,3154,3160,3162,3149,3991,3802,3276,3170,3151,3167,3150,3158,3156,3949,3882
[M41] raw phase=11 block=96 us=3272,3188,3156,3153,3159,3150,3996,3931,3942,3924,3890,3979,3923,3957,3952,3942
[M41] raw phase=11 block=112 us=3984,3951,4022,3953,4012,3763,3933,3674,3157,3176,3148,3157,3156,3955,3978,3924
[M41] raw phase=11 block=128 us=3974,3927,3925,3980,3917,3989,3865,3964,3918,3913,3981,3935,3976,3967,3954,3994
[M41] raw phase=11 block=144 us=3979,4017,3956,3953,3906,3791,3195,3162,3167,3146,3147,3150,3827,3952,3923,3980
[M41] raw phase=11 block=160 us=3920,3934,3963,3923,3964,3921,4003,3932,3929,3959,3924,3964,3939,3952,3987,3944
[M41] raw phase=11 block=176 us=3991,3954,3976,3919,3884,3531,3159,3164,3161,3145,3149,3151,3988,3914,3959,3909
[M41] raw phase=11 block=192 us=3917,3963,3890,3958,3930,3961,3921,3914,3965,3910,3999,3910,3963,3995,3951,4010
[M41] raw phase=11 block=208 us=3945,4000,3898,3879,3913,3179,3165,3153,3142,3153,3163,4001,3921,3977,3925,3915
[M41] raw phase=11 block=224 us=3951,3919,3971,3936,3910,3930,3925,3951,3924,3977,3919,3961,3996,3952,4017,3959
[M41] raw phase=11 block=240 us=4014,3774,3921,3670,3175,3175,3155,3158,3152,3152,3749,3924,3973,3932,3917,3969
[M41] raw phase=11 block=256 us=3938,3961,3929,3976,3924,3928,3967,3920,3962,3916,3936,3971,3969,3991,3960,3990
[M41] raw phase=11 block=272 us=3969,3864,3947,3657,3185,3158,3170,3148,3148,3167,3942,3971,3912,3908,3932,3929
[M41] raw phase=11 block=288 us=3960,3927,3974,3895,3933,3978,3909,3983,3922,3914,3987,3970,4026,3963,4001,3929
[M41] raw phase=11 block=304 us=3890,3955,3889,3215,3156,3165,3151,3150,3165,3947,3977,3928,3923,3949,3931,3971
[M41] raw phase=11 block=320 us=3915,3982,3879,3918,3964,3909,3971,3926,3915,3991,3976,4015,3989,4030,3923,3887
[M41] raw phase=11 block=336 us=3943,3752,3208,3151,3162,3161,3149,3164,3710,3962,3926,3931,3946,3940,3976,3905
[M41] raw phase=11 block=352 us=3973,3933,3926,3977,3914,3980,3906,3915,3959,3947,4011,3953,4007,3952,3956,3966
[M41] raw phase=11 block=368 us=3908,3657,3171,3168,3166,3149,3166,3156,4007,3926,3918,3940,3915,3978,3897,3976
[M41] raw phase=11 block=384 us=3934,3881,3975,3943,3958,3924,3926,3939,3965,4047,3963,4017,3961,3955,3972,3874
[M41] raw phase=11 block=400 us=3957,3185,3172,3150,3149,3176,3156,3983,3914,3907,3968,3922,3960,3921,3968,3931
[M41] raw phase=11 block=416 us=3899,3964,3916,3967,3910,3940,3919,3956,4016,3945,4017,3953,3942,3889,3940,3731
[M41] raw phase=11 block=432 us=3182,3164,3147,3160,3158,3154,3627,3930,3914,3971,3932,3998,3911,3959,3940,3933
[M41] raw phase=11 block=448 us=3941,3941,3977,3899,3966,3921,3929,3978,3961,4005,3956,3953,3980,3944,3938,3744
[M41] raw phase=11 block=464 us=3194,3159,3168,3157,3147,3173,3947,3916,3934,3906,3970,3929,3942,3922,3929,3921
[M41] raw phase=11 block=480 us=3951,3975,3922,3950,3947,3911,4002,3962,4014,3962,3947,4005,3941,3951,3912,3219
[M41] raw phase=11 block=496 us=3156,3156,3159,3146,3163,3950,3925,3948,3934,3976,3930,3985,3934,3933,3914,3933
[M41] raw phase=11 block=512 us=3960,3901,3957,3925,3921
[M41] transition request_block=100 inflight=1 around_blocks=80..179 max_us=4022 misses=0 idle_observations=0
[M41] render min=3111 avg=3736.35 p50=3925 p95=3998 p99=4017 max=4047 headroom_worst_us=1757.989
[M41] UI requested_fps=30 frames=23 achieved_fps=7.664 skipped=19 errors=0 pages=1
[M41] part=repair avg=36706.65 max=53197
[M41] part=draw avg=60135.17 max=92778
[M41] part=ppa avg=0.00 max=0
[M41] part=cache avg=10057.17 max=10968
[M41] part=submit avg=28.70 max=31
[M41] part=wait avg=27119.65 max=32370
[M41] part=present avg=37222.13 max=40493
[M41] part=total avg=134073.83 max=184208
[M41] part=dirty_bytes avg=557412.17 max=768000
[M41] part=repair_bytes avg=557412.17 max=768000
[M41] touch polls=300 hz=99.963 errors=0 presses=0 releases=0 drags=0 activity_blocks=0 activity_misses=0
[M41] memory ps_before=30855668 ps_after=30855668 largest_before=30408692 largest_after=30408692 internal_before=508588 internal_after=508588
[M41] phase=12 name=HEAVY_TO_LIGHT audio_core=0 audio_priority=24 ui_core=0 ui_priority=2 touch_core=1 touch_priority=3 window_s=3.001058
[M41] blocks=517 active_min=16 active_max=16 render_misses=0 write_errors=0 timeouts=0 nonzero=132287 silent=0 rails=0 peak_L=4757 peak_R=6035
[M41] raw phase=12 block=0 us=3943,3903,3961,3951,3954,3966,3875,3971,3705,3202,3148,3151,3159,3144,3156,3523
[M41] raw phase=12 block=16 us=3918,3941,3906,3948,3936,3948,3904,3919,3976,3918,3997,3917,3933,3919,3919,3997
[M41] raw phase=12 block=32 us=3910,3842,3911,3912,3978,3901,3981,3903,3974,3926,3923,4005,3966,4017,3976,3962
[M41] raw phase=12 block=48 us=3977,3929,3957,3906,3213,3160,3147,3148,3160,3169,3942,3968,3935,3940,3965,3942
[M41] raw phase=12 block=64 us=3975,3929,3928,3905,3923,3979,3901,3953,3915,3939,4000,3964,4019,3978,3986,3981
[M41] raw phase=12 block=80 us=3943,3990,3848,3231,3163,3149,3156,3152,3166,3164,3999,3905,3912,3958,3933,3976
[M41] raw phase=12 block=96 us=3928,3930,3977,3902,3962,3939,3970,3918,3919,3978,3941,4003,3941,3990,3975,3908
[M41] raw phase=12 block=112 us=3999,3893,3814,3180,3158,3157,3149,3160,3160,4001,3918,3928,3966,3910,3984,3911
[M41] raw phase=12 block=128 us=3921,3966,3844,3983,3930,3982,3919,3937,3988,3922,3867,3871,3963,3887,3222,3186
[M41] raw phase=12 block=144 us=3163,3167,3255,3936,3944,3910,3968,3932,3962,3926,3917,3991,3457,3186,3153,3159
[M41] raw phase=12 block=160 us=3157,3172,3164,3156,3999,3869,3374,3156,3152,3160,3153,3158,3944,3838,3340,3179
[M41] raw phase=12 block=176 us=3170,3161,3149,3151,3165,3993,3806,3378,3161,3160,3163,3154,3159,3945,3918,3475
[M41] raw phase=12 block=192 us=3177,3175,3168,3164,3152,3156,3974,3821,3306,3162,3164,3147,3149,3163,3886,3962
[M41] raw phase=12 block=208 us=3693,3178,3151,3162,3159,3151,3165,3954,3766,3335,3158,3163,3155,3157,3155,3528
[M41] raw phase=12 block=224 us=3976,3732,3248,3159,3148,3152,3148,3174,3960,3778,3255,3153,3177,3165,3170,3149
[M41] raw phase=12 block=240 us=3183,3972,3824,3322,3155,3165,3148,3153,3177,3953,3901,3233,3157,3160,3161,3166
[M41] raw phase=12 block=256 us=3155,3179,3946,3877,3328,3167,3168,3149,3165,3153,3945,3921,3384,3182,3157,3165
[M41] raw phase=12 block=272 us=3162,3156,3164,3948,3848,3253,3151,3168,3148,3162,3146,3937,3917,3585,3188,3157
[M41] raw phase=12 block=288 us=3179,3155,3151,3157,3955,3808,3233,3171,3156,3146,3170,3151,3893,3905,3696,3179
[M41] raw phase=12 block=304 us=3161,3174,3152,3159,3166,3937,3814,3255,3171,3158,3158,3152,3154,3463,3936,3802
[M41] raw phase=12 block=320 us=3234,3180,3153,3151,3159,3156,4023,3739,3250,3175,3149,3168,3158,3154,3162,3945
[M41] raw phase=12 block=336 us=3928,3340,3169,3156,3147,3152,3148,3989,3742,3249,3157,3144,3167,3149,3156,3152
[M41] raw phase=12 block=352 us=3939,3838,3332,3176,3152,3150,3147,3147,3982,3862,3406,3151,3152,3167,3150,3166
[M41] raw phase=12 block=368 us=3152,3983,3748,3312,3153,3149,3154,3159,3145,3929,3862,3592,3161,3158,3152,3146
[M41] raw phase=12 block=384 us=3144,3162,3991,3842,3310,3163,3161,3162,3159,3159,3752,3915,3771,3200,3166,3162
[M41] raw phase=12 block=400 us=3164,3148,3160,3977,3807,3263,3165,3171,3158,3150,3164,3392,3988,3774,3243,3152
[M41] raw phase=12 block=416 us=3171,3163,3154,3172,3948,3751,3270,3172,3172,3160,3156,3149,3156,3981,3862,3342
[M41] raw phase=12 block=432 us=3161,3152,3147,3151,3172,3946,3829,3291,3162,3168,3158,3160,3149,3153,3983,3833
[M41] raw phase=12 block=448 us=3318,3160,3168,3151,3158,3162,3949,3983,3413,3175,3148,3158,3162,3146,3169,3943
[M41] raw phase=12 block=464 us=3822,3252,3158,3172,3150,3166,3155,3917,3948,3620,3209,3148,3160,3150,3149,3170
[M41] raw phase=12 block=480 us=3947,3861,3264,3158,3168,3157,3160,3161,3642,3927,3751,3211,3156,3172,3146,3156
[M41] raw phase=12 block=496 us=3160,3944,3801,3232,3170,3150,3161,3172,3163,3326,3936,3741,3303,3160,3163,3150
[M41] raw phase=12 block=512 us=3165,3162,3949,3768,3244
[M41] transition request_block=100 inflight=1 around_blocks=80..179 max_us=4003 misses=0 idle_observations=0
[M41] render min=3144 avg=3488.09 p50=3231 p95=3983 p99=4001 max=4023 headroom_worst_us=1781.989
[M41] UI requested_fps=10 frames=47 achieved_fps=15.661 skipped=29 errors=0 pages=2
[M41] part=repair avg=13230.47 max=53360
[M41] part=draw avg=13132.32 max=157031
[M41] part=ppa avg=0.00 max=0
[M41] part=cache avg=9701.17 max=11116
[M41] part=submit avg=166.98 max=3332
[M41] part=wait avg=26419.32 max=34049
[M41] part=present avg=36300.89 max=44465
[M41] part=total avg=62672.64 max=248049
[M41] part=dirty_bytes avg=214734.98 max=768000
[M41] part=repair_bytes avg=227589.45 max=768000
[M41] touch polls=300 hz=99.965 errors=0 presses=0 releases=0 drags=0 activity_blocks=0 activity_misses=0
[M41] memory ps_before=30855668 ps_after=30855668 largest_before=30408692 largest_after=30408692 internal_before=508588 internal_after=508588
[M41] phase=13 name=PAGE_TO_LIGHT audio_core=0 audio_priority=24 ui_core=0 ui_priority=2 touch_core=1 touch_priority=3 window_s=3.001087
[M41] blocks=517 active_min=16 active_max=16 render_misses=0 write_errors=0 timeouts=0 nonzero=132287 silent=0 rails=0 peak_L=4757 peak_R=6035
[M41] raw phase=13 block=0 us=3126,3103,3104,3131,3161,3167,3941,3965,3932,3907,3974,3932,3963,3934,4023,3856
[M41] raw phase=13 block=16 us=3939,4004,3919,3987,3904,3932,3979,3700,3955,3923,3943,3230,3165,3150,3155,3161
[M41] raw phase=13 block=32 us=3161,3161,3969,3927,3966,3920,3967,3925,3923,3963,3912,3521,3170,3162,3150,3160
[M41] raw phase=13 block=48 us=3950,3898,3689,3194,3160,3170,3149,3161,3156,3982,3752,3232,3154,3147,3168,3158
[M41] raw phase=13 block=64 us=3152,3567,3933,3809,3215,3166,3145,3152,3149,3163,3993,3726,3269,3162,3156,3166
[M41] raw phase=13 block=80 us=3152,3159,3203,3927,3911,3346,3167,3157,3161,3147,3159,3972,3768,3254,3166,3162
[M41] raw phase=13 block=96 us=3165,3152,3168,3165,3984,3813,3347,3151,3158,3156,3153,3170,3946,3865,4004,3924
[M41] raw phase=13 block=112 us=3982,3921,3933,3932,3946,3936,3508,3998,3955,3487,3168,3157,3160,3147,3161,3156
[M41] raw phase=13 block=128 us=3952,3973,3939,3982,3938,3927,3955,3938,3972,3573,3197,3150,3155,3158,3875,3952
[M41] raw phase=13 block=144 us=3683,3176,3157,3169,3166,3149,3171,3947,3767,3283,3156,3172,3158,3161,3152,3471
[M41] raw phase=13 block=160 us=3954,3728,3253,3158,3154,3151,3149,3170,3946,3798,3236,3160,3160,3156,3157,3141
[M41] raw phase=13 block=176 us=3152,3947,3875,3303,3157,3167,3142,3144,3155,3935,3887,3228,3184,3143,3154,3162
[M41] raw phase=13 block=192 us=3146,3165,3941,3793,3300,3150,3158,3143,3159,3144,3943,3911,3382,3181,3155,3156
[M41] raw phase=13 block=208 us=3147,3146,3165,3934,3858,3257,3149,3147,3145,3168,3158,4020,3908,3555,3199,3150
[M41] raw phase=13 block=224 us=3167,3149,3153,3162,3946,3807,3253,3185,3156,3154,3161,3156,3814,3912,3704,3176
[M41] raw phase=13 block=240 us=3152,3168,3148,3163,3156,3953,3842,3258,3175,3156,3169,3156,3150,3423,3936,3853
[M41] raw phase=13 block=256 us=3234,3156,3159,3153,3159,3157,3979,3734,3215,3160,3150,3178,3159,3156,3156,3950
[M41] raw phase=13 block=272 us=3920,3336,3178,3161,3154,3149,3155,3986,3742,3288,3160,3161,3173,3155,3158,3156
[M41] raw phase=13 block=288 us=3947,3834,3372,3177,3157,3162,3154,3149,3998,3884,3401,3169,3163,3164,3152,3167
[M41] raw phase=13 block=304 us=3165,3987,3759,3340,3163,3162,3158,3147,3163,3926,3921,3655,3176,3168,3158,3152
[M41] raw phase=13 block=320 us=3152,3155,3985,3859,3344,3160,3157,3147,3149,3162,3706,3945,3760,3215,3165,3162
[M41] raw phase=13 block=336 us=3161,3150,3163,3986,3759,3282,3162,3168,3158,3164,3161,3336,3968,3792,3244,3156
[M41] raw phase=13 block=352 us=3151,3162,3154,3176,3946,3751,3239,3158,3175,3156,3162,3161,3162,3984,3848,3346
[M41] raw phase=13 block=368 us=3165,3148,3151,3161,3159,3959,3861,3278,3172,3170,3160,3164,3153,3164,3950,3816
[M41] raw phase=13 block=384 us=3285,3161,3169,3149,3151,3150,3936,4000,3422,3176,3155,3164,3172,3157,3165,3944
[M41] raw phase=13 block=400 us=3817,3249,3158,3164,3147,3165,3153,3896,3925,3680,3198,3157,3177,3151,3149,3166
[M41] raw phase=13 block=416 us=3952,3787,3241,3160,3150,3155,3167,3156,3696,3929,3725,3258,3170,3167,3150,3151
[M41] raw phase=13 block=432 us=3163,3948,3751,3230,3170,3156,3155,3161,3153,3256,3926,3800,3309,3162,3165,3151
[M41] raw phase=13 block=448 us=3161,3158,3953,3833,3239,3177,3150,3165,3148,3157,3175,3948,3968,3357,3161,3155
[M41] raw phase=13 block=464 us=3147,3158,3155,4006,3796,3346,3171,3151,3174,3158,3156,3162,3948,3898,3328,3177
[M41] raw phase=13 block=480 us=3151,3150,3152,3151,3989,3890,3502,3154,3150,3175,3151,3164,3166,3954,3839,3306
[M41] raw phase=13 block=496 us=3169,3149,3164,3161,3148,3942,3872,3704,3186,3162,3157,3153,3167,3169,3987,3757
[M41] raw phase=13 block=512 us=3249,3159,3155,3168,3143
[M41] transition request_block=100 inflight=1 around_blocks=80..179 max_us=4004 misses=0 idle_observations=0
[M41] render min=3103 avg=3406.73 p50=3169 p95=3972 p99=4000 max=4023 headroom_worst_us=1781.989
[M41] UI requested_fps=30 frames=55 achieved_fps=18.327 skipped=34 errors=0 pages=2
[M41] part=repair avg=10956.60 max=53180
[M41] part=draw avg=7086.64 max=69805
[M41] part=ppa avg=0.00 max=0
[M41] part=cache avg=9400.27 max=10976
[M41] part=submit avg=146.15 max=3303
[M41] part=wait avg=26435.18 max=32569
[M41] part=present avg=35994.40 max=39782
[M41] part=total avg=54046.18 max=162504
[M41] part=dirty_bytes avg=185027.49 max=768000
[M41] part=repair_bytes avg=196012.22 max=768000
[M41] touch polls=300 hz=99.964 errors=0 presses=0 releases=0 drags=0 activity_blocks=0 activity_misses=0
[M41] memory ps_before=30855668 ps_after=30855668 largest_before=30408692 largest_after=30408692 internal_before=508588 internal_after=508588
[M41] touch_coverage_bits=0 event_count=0 overflow=0 shared_codec=ESP_OK shared_touch=ESP_OK
[M41] heap_loss psram=0 internal=0 largest_before=30408692 largest_after=30408692 workers=3 drain_errors=0 shutdown=ESP_OK result=PASS
[MEM] M41 after audio shutdown PSRAM total=33554432 free=30855716 largest=30408692 internal_free=513860
