ESP-ROM:esp32p4-eco2-20240710
Build:Jul 10 2024
rst:0x17 (CHIP_USB_UART_RESET),boot:0xc (SPI_FAST_FLASH_BOOT)
Core0 Saved PC:0x4ff02c5e
Core1 Saved PC:0x4ff02c5e
SPI mode:DIO, clock div:1
load:0x4ff33ce0,len:0x11dc
load:0x4ff29ed0,len:0xccc
load:0x4ff2cbd0,len:0x3568
entry 0x4ff29ed0

[BOOT] Original P4SDM synth diagnostic, CPU=360 MHz
[MEM] boot PSRAM total=33554432 free=33551856 largest=33030132 internal_free=479164
[MEM] engine init (FX disabled) PSRAM total=33554432 free=33551856 largest=33030132 internal_free=479164
[MEM] before FX allocation PSRAM total=33554432 free=33551856 largest=33030132 internal_free=479164
[MEM] Reverb PSRAM total=33554432 free=33139600 largest=33030132 internal_free=479164
[M3.2] alloc stage=Reverb ready=1 psram_bytes=412256 internal_bytes=0
[M3.2] release stage=Reverb heap_restored=1
PSRAM PRE DELAY: 33551856
PSRAM POST DELAY: 33191400
[MEM] Delay PSRAM total=33554432 free=33191400 largest=33030132 internal_free=479164
[M3.2] alloc stage=Delay ready=1 psram_bytes=360456 internal_bytes=0
[M3.2] release stage=Delay heap_restored=1
PSRAM PRE CHORUS: 33551856
PSRAM POST CHORUS: 33534952
[MEM] Chorus PSRAM total=33554432 free=33534952 largest=33030132 internal_free=479164
[M3.2] alloc stage=Chorus ready=1 psram_bytes=16904 internal_bytes=0
[M3.2] release stage=Chorus heap_restored=1
PSRAM PRE FLANGER: 33551856
PSRAM POST FLANGER: 33534952
[MEM] Flanger PSRAM total=33554432 free=33534952 largest=33030132 internal_free=479164
[M3.2] alloc stage=Flanger ready=1 psram_bytes=16904 internal_bytes=0
[M3.2] release stage=Flanger heap_restored=1
PSRAM PRE REMOLO: 33551856
PSRAM POST TREMOLO: 33551856
[MEM] Tremolo PSRAM total=33554432 free=33551856 largest=33030132 internal_free=479164
[M3.2] alloc stage=Tremolo ready=1 psram_bytes=0 internal_bytes=0
[M3.2] release stage=Tremolo heap_restored=1
PSRAM PRE RINGMOD: 33551856
PSRAM POST RINGMOD: 33551856
[MEM] RingMod PSRAM total=33554432 free=33551856 largest=33030132 internal_free=479164
[M3.2] alloc stage=RingMod ready=1 psram_bytes=0 internal_bytes=0
[M3.2] release stage=RingMod heap_restored=1
PSRAM PRE DIST: 33551856
PSRAM POST DIST: 33551856
[MEM] Distortion PSRAM total=33554432 free=33551856 largest=33030132 internal_free=479164
[M3.2] alloc stage=Distortion ready=1 psram_bytes=0 internal_bytes=0
[M3.2] release stage=Distortion heap_restored=1
PSRAM PRE CRUSHER: 33551856
PSRAM POST CRUSHER: 33551856
[MEM] Bitcrusher PSRAM total=33554432 free=33551856 largest=33030132 internal_free=479164
[M3.2] alloc stage=Bitcrusher ready=1 psram_bytes=0 internal_bytes=0
[M3.2] release stage=Bitcrusher heap_restored=1
PSRAM PRE DELAY: 33139600
PSRAM POST DELAY: 32779144
PSRAM PRE CHORUS: 32779144
PSRAM POST CHORUS: 32762240
PSRAM PRE FLANGER: 32762240
PSRAM POST FLANGER: 32745336
PSRAM PRE REMOLO: 32745336
PSRAM POST TREMOLO: 32745336
PSRAM PRE RINGMOD: 32745336
PSRAM POST RINGMOD: 32745336
PSRAM PRE DIST: 32745336
PSRAM POST DIST: 32745336
PSRAM PRE CRUSHER: 32745336
PSRAM POST CRUSHER: 32745336
[MEM] all FX initialized PSRAM total=33554432 free=32745336 largest=32505844 internal_free=479164
[AUDIO] I2C init OK
[AUDIO] ES8311 found at 0x18
[AUDIO] I2S init 44100/16 OK, MCLK=11289600 Hz
[AUDIO] ES8311 playback configured (capture serial port disabled)
[AUDIO] PA GPIO11 enabled
[MEM] before stress (transport ready) PSRAM total=33554432 free=32744068 largest=32505844 internal_free=473384
[M3.2] 13 stages, 16 voices, 517 blocks each; MIDI 48..63 wave 0..15 pan -120..120 length=127 envelope=3 mod=64 volume=80 master=60 return=100.
[MEM] before stress (task allocated) PSRAM total=33554432 free=32744068 largest=32505844 internal_free=464816
[MEM] after stress (before transport shutdown) PSRAM total=33554432 free=32744068 largest=32505844 internal_free=464816
[M3.2] stress internal_loss=0
[M3.2] stress psram_loss=0 init_heap_ok=1
[M3.2] stage=Dry mask=0 init=OK
[M3.2] raw stage=Dry block=0 us=3511,2741,2717,2744,2771,2771,2773,2773,2772,2773,2767,2773,2773,2773,2772,2768
[M3.2] raw stage=Dry block=16 us=2767,2773,2773,2772,2766,2766,2772,2773,2773,2773,2767,2773,2775,2773,2773,2767
[M3.2] raw stage=Dry block=32 us=2773,2773,2772,2773,2766,2773,2773,2773,2772,2766,2774,2773,2772,2773,2767,2772
[M3.2] raw stage=Dry block=48 us=2773,2772,2773,2766,2773,2774,2773,2773,2767,2767,2773,2773,2774,2767,2767,2772
[M3.2] raw stage=Dry block=64 us=2773,2773,2773,2767,2773,2774,2773,2773,2767,2773,2773,2772,2773,2766,2773,2773
[M3.2] raw stage=Dry block=80 us=2772,2774,2767,2774,2773,2773,2772,2766,2773,2774,2772,2773,2766,2773,2772,2773
[M3.2] raw stage=Dry block=96 us=2774,2767,2766,2773,2772,2773,2771,2767,2773,2772,2773,2773,2766,2773,2774,2774
[M3.2] raw stage=Dry block=112 us=2773,2767,2773,2773,2772,2773,2768,2772,2773,2773,2773,2767,2773,2774,2773,2772
[M3.2] raw stage=Dry block=128 us=2767,2773,2773,2773,2773,2766,2773,2773,2773,2773,2767,2767,2773,2773,2773,2773
[M3.2] raw stage=Dry block=144 us=2766,2773,2773,2774,2772,2767,2773,2773,2772,2773,2767,2773,2773,2772,2773,2767
[M3.2] raw stage=Dry block=160 us=2772,2773,2773,2773,2767,2772,2772,2772,2773,2767,2773,2773,2773,2772,2767,2773
[M3.2] raw stage=Dry block=176 us=2774,2773,2773,2767,2766,2773,2773,2773,2773,2767,2773,2772,2773,2773,2767,2775
[M3.2] raw stage=Dry block=192 us=2773,2773,2772,2766,2773,2773,2774,2773,2767,2772,2772,2773,2773,2768,2772,2773
[M3.2] raw stage=Dry block=208 us=2773,2772,2766,2773,2773,2773,2773,2768,2766,2773,2773,2773,2767,2766,2773,2773
[M3.2] raw stage=Dry block=224 us=2772,2773,2767,2773,2773,2773,2773,2767,2773,2772,2774,2773,2767,2773,2773,2772
[M3.2] raw stage=Dry block=240 us=2772,2766,2773,2772,2773,2773,2767,2773,2773,2773,2773,2767,2773,2773,2772,2773
[M3.2] raw stage=Dry block=256 us=2767,2766,2774,2774,2773,2767,2766,2774,2772,2773,2773,2767,2772,2773,2773,2773
[M3.2] raw stage=Dry block=272 us=2767,2773,2772,2773,2773,2766,2773,2773,2773,2772,2766,2773,2772,2774,2773,2767
[M3.2] raw stage=Dry block=288 us=2772,2772,2772,2773,2767,2772,2773,2773,2772,2766,2766,2773,2774,2773,2767,2766
[M3.2] raw stage=Dry block=304 us=2772,2772,2773,2773,2767,2773,2773,2773,2773,2768,2773,2773,2773,2773,2766,2773
[M3.2] raw stage=Dry block=320 us=2773,2773,2773,2767,2773,2773,2773,2773,2767,2773,2773,2773,2773,2767,2772,2773
[M3.2] raw stage=Dry block=336 us=2773,2772,2767,2767,2773,2773,2773,2774,2766,2773,2772,2773,2772,2766,2773,2773
[M3.2] raw stage=Dry block=352 us=2772,2773,2767,2772,2772,2773,2773,2767,2772,2773,2773,2773,2767,2773,2772,2774
[M3.2] raw stage=Dry block=368 us=2773,2767,2773,2773,2773,2773,2767,2773,2773,2773,2773,2767,2767,2773,2773,2772
[M3.2] raw stage=Dry block=384 us=2773,2766,2773,2773,2773,2773,2766,2773,2773,2773,2774,2767,2773,2773,2772,2773
[M3.2] raw stage=Dry block=400 us=2766,2773,2772,2773,2772,2766,2772,2773,2773,2773,2767,2773,2772,2772,2772,2767
[M3.2] raw stage=Dry block=416 us=2773,2773,2772,2773,2767,2767,2774,2773,2773,2773,2766,2773,2772,2772,2775,2767
[M3.2] raw stage=Dry block=432 us=2773,2773,2773,2774,2767,2773,2773,2773,2773,2767,2772,2773,2772,2774,2766,2773
[M3.2] raw stage=Dry block=448 us=2774,2773,2772,2767,2773,2773,2773,2773,2766,2766,2772,2773,2772,2767,2767,2772
[M3.2] raw stage=Dry block=464 us=2773,2773,2773,2767,2772,2772,2772,2772,2766,2773,2773,2774,2774,2766,2773,2772
[M3.2] raw stage=Dry block=480 us=2773,2773,2766,2773,2772,2772,2773,2766,2774,2773,2772,2773,2766,2772,2772,2773
[M3.2] raw stage=Dry block=496 us=2773,2767,2766,2772,2773,2772,2768,2768,2773,2773,2773,2773,2767,2773,2773,2773
[M3.2] raw stage=Dry block=512 us=2773,2766,2772,2773,2773
[M3.2] voices=16 blocks=517 active_min=16 active_max=16 budget_us=5804.989 render_misses=0 cycle_misses=116 write_failures=0 timeouts=0
[M3.2] render us min=2717 avg=2772.63 p50=2773 p95=2774 p99=2774 max=3511
[M3.2] qualify stage=Dry category=SAFE p99_delta=0 max_delta=0 p99_budget_pct=47.79 max_budget_pct=60.48
[M3.2] headroom stage=Dry p99_us=3030.989 worst_us=2293.989 pcm_ok=1
[M3.2] write us min=23 avg=2967.48 p50=2996 p95=3003 p99=3003 max=3007
[M3.2] cycle us min=2776 avg=5775.47 p50=5804 p95=5805 p99=5809 max=5812
[M3.2] PCM peak_L=4651 peak_R=5594 peak_mono=4734 nonzero_frames=132293 silent_blocks=0 rail_frames=0
[M3.2] stage=Reverb mask=1 init=OK
[M3.2] raw stage=Reverb block=0 us=4265,3526,3532,3599,3598,3649,3619,3570,3611,3637,3572,3581,3580,3594,3575,3609
[M3.2] raw stage=Reverb block=16 us=3597,3571,3613,3570,3589,3628,3568,3668,3637,3640,3648,3628,3615,3629,3607,3622
[M3.2] raw stage=Reverb block=32 us=3601,3631,3644,3604,3636,3588,3622,3611,3586,3600,3599,3651,3643,3639,3595,3608
[M3.2] raw stage=Reverb block=48 us=3624,3665,3646,3653,3623,3660,3649,3681,3648,3660,3656,3620,3636,3598,3602,3608
[M3.2] raw stage=Reverb block=64 us=3672,3636,3625,3670,3645,3642,3623,3657,3627,3627,3635,3643,3625,3609,3617,3643
[M3.2] raw stage=Reverb block=80 us=3628,3622,3621,3639,3587,3638,3615,3618,3620,3630,3640,3661,3662,3621,3666,3654
[M3.2] raw stage=Reverb block=96 us=3626,3650,3607,3622,3614,3597,3621,3593,3585,3617,3597,3626,3582,3625,3612,3625
[M3.2] raw stage=Reverb block=112 us=3604,3649,3620,3597,3623,3648,3614,3597,3631,3662,3612,3625,3626,3654,3643,3625
[M3.2] raw stage=Reverb block=128 us=3599,3623,3650,3601,3578,3630,3600,3652,3621,3660,3630,3605,3627,3608,3649,3633
[M3.2] raw stage=Reverb block=144 us=3626,3612,3650,3621,3627,3655,3625,3664,3631,3659,3643,3632,3603,3675,3624,3641
[M3.2] raw stage=Reverb block=160 us=3621,3633,3627,3626,3602,3577,3645,3620,3627,3604,3618,3609,3626,3598,3610,3640
[M3.2] raw stage=Reverb block=176 us=3680,3608,3635,3615,3627,3629,3619,3631,3622,3611,3630,3632,3686,3632,3614,3640
[M3.2] raw stage=Reverb block=192 us=3681,3634,3637,3615,3628,3646,3635,3595,3640,3649,3612,3667,3611,3616,3603,3640
[M3.2] raw stage=Reverb block=208 us=3691,3666,3647,3639,3628,3602,3661,3612,3603,3622,3625,3615,3634,3634,3630,3690
[M3.2] raw stage=Reverb block=224 us=3651,3633,3678,3616,3638,3598,3648,3594,3596,3642,3609,3607,3626,3612,3610,3603
[M3.2] raw stage=Reverb block=240 us=3646,3625,3590,3621,3634,3636,3641,3624,3639,3616,3618,3608,3656,3650,3646,3660
[M3.2] raw stage=Reverb block=256 us=3576,3659,3610,3667,3635,3653,3588,3639,3636,3577,3633,3588,3613,3631,3641,3619
[M3.2] raw stage=Reverb block=272 us=3603,3611,3597,3643,3616,3635,3637,3651,3630,3661,3624,3651,3604,3642,3628,3600
[M3.2] raw stage=Reverb block=288 us=3602,3634,3605,3580,3589,3613,3601,3606,3611,3580,3599,3597,3640,3608,3616,3631
[M3.2] raw stage=Reverb block=304 us=3609,3647,3651,3597,3632,3598,3657,3622,3628,3630,3636,3622,3626,3611,3653,3622
[M3.2] raw stage=Reverb block=320 us=3626,3630,3628,3602,3660,3637,3613,3618,3625,3630,3604,3663,3619,3612,3619,3628
[M3.2] raw stage=Reverb block=336 us=3605,3594,3558,3628,3662,3622,3630,3656,3670,3600,3618,3611,3630,3613,3619,3595
[M3.2] raw stage=Reverb block=352 us=3644,3596,3573,3576,3593,3641,3609,3615,3651,3619,3644,3620,3625,3597,3618,3638
[M3.2] raw stage=Reverb block=368 us=3638,3626,3620,3619,3603,3622,3645,3594,3600,3623,3625,3619,3615,3638,3614,3631
[M3.2] raw stage=Reverb block=384 us=3658,3615,3637,3622,3632,3677,3588,3610,3641,3606,3632,3609,3612,3620,3663,3634
[M3.2] raw stage=Reverb block=400 us=3650,3650,3599,3621,3614,3580,3581,3640,3613,3616,3597,3611,3597,3635,3633,3610
[M3.2] raw stage=Reverb block=416 us=3645,3646,3651,3640,3624,3684,3610,3622,3635,3640,3638,3596,3662,3629,3641,3612
[M3.2] raw stage=Reverb block=432 us=3664,3645,3659,3609,3597,3637,3634,3626,3655,3620,3635,3619,3599,3618,3631,3672
[M3.2] raw stage=Reverb block=448 us=3695,3618,3616,3617,3616,3654,3672,3638,3614,3636,3657,3617,3666,3645,3602,3653
[M3.2] raw stage=Reverb block=464 us=3632,3617,3624,3608,3590,3631,3650,3636,3635,3617,3627,3665,3611,3616,3609,3627
[M3.2] raw stage=Reverb block=480 us=3615,3628,3636,3617,3621,3609,3629,3620,3636,3615,3631,3652,3640,3614,3669,3608
[M3.2] raw stage=Reverb block=496 us=3613,3596,3616,3612,3626,3648,3619,3593,3595,3657,3609,3623,3652,3658,3621,3666
[M3.2] raw stage=Reverb block=512 us=3648,3616,3582,3606,3595
[M3.2] voices=16 blocks=517 active_min=16 active_max=16 budget_us=5804.989 render_misses=0 cycle_misses=157 write_failures=0 timeouts=0
[M3.2] render us min=3526 avg=3626.06 p50=3625 p95=3665 p99=3684 max=4265
[M3.2] qualify stage=Reverb category=SAFE p99_delta=910 max_delta=754 p99_budget_pct=63.46 max_budget_pct=73.47
[M3.2] headroom stage=Reverb p99_us=2120.989 worst_us=1539.989 pcm_ok=1
[M3.2] write us min=24 avg=2124.57 p50=2142 p95=2181 p99=2195 max=2211
[M3.2] cycle us min=3590 avg=5786.90 p50=5804 p95=5807 p99=5810 max=5814
[M3.2] PCM peak_L=5948 peak_R=6861 peak_mono=5880 nonzero_frames=132293 silent_blocks=0 rail_frames=0
[M3.2] stage=Delay mask=2 init=OK
[M3.2] raw stage=Delay block=0 us=3592,2857,2833,2862,2901,2888,2887,2881,2890,2888,2891,2890,2889,2889,2889,2890
[M3.2] raw stage=Delay block=16 us=2901,2887,2891,2892,2887,2889,2889,2891,2892,2890,2890,2893,2883,2889,2889,2888
[M3.2] raw stage=Delay block=32 us=2889,2884,2894,2890,2891,2890,2884,2886,2890,2888,2888,2881,2888,2889,2891,2889
[M3.2] raw stage=Delay block=48 us=2898,2889,2889,2892,2887,2887,2886,2888,2887,2894,2886,2886,2888,2891,2887,2887
[M3.2] raw stage=Delay block=64 us=2887,2889,2888,2887,2886,2881,2886,2888,2885,2887,2880,2888,2886,2887,2887,2882
[M3.2] raw stage=Delay block=80 us=2892,2891,2892,2887,2881,2889,2886,2887,2887,2888,2888,2888,2889,2890,2890,2888
[M3.2] raw stage=Delay block=96 us=2891,2891,2891,2891,2887,2887,2887,2889,2886,2879,2887,2891,2889,2892,2883,2890
[M3.2] raw stage=Delay block=112 us=2894,2891,2889,2882,2886,2887,2886,2887,2881,2890,2886,2886,2887,2882,2889,2888
[M3.2] raw stage=Delay block=128 us=2891,2889,2893,2886,2887,2886,2886,2887,2887,2886,2886,2892,2890,2888,2888,2888
[M3.2] raw stage=Delay block=144 us=2892,2890,2884,2887,2887,2889,2887,2881,2886,2890,2888,2887,2884,2890,2889,2888
[M3.2] raw stage=Delay block=160 us=2888,2884,2897,2889,2887,2888,2880,2886,2889,2889,2887,2891,2891,2893,2891,2889
[M3.2] raw stage=Delay block=176 us=2895,2891,2890,2887,2886,2887,2886,2886,2886,2890,2886,2880,2888,2888,2888,2889
[M3.2] raw stage=Delay block=192 us=2884,2889,2889,2888,2885,2880,2887,2886,2888,2886,2880,2892,2890,2890,2888,2883
[M3.2] raw stage=Delay block=208 us=2895,2890,2890,2890,2888,2889,2886,2888,2886,2889,2888,2887,2889,2888,2889,2889
[M3.2] raw stage=Delay block=224 us=2887,2889,2892,2890,2880,2888,2887,2886,2888,2882,2887,2889,2890,2889,2883,2890
[M3.2] raw stage=Delay block=240 us=2899,2891,2889,2883,2887,2888,2885,2887,2880,2890,2888,2886,2888,2888,2888,2888
[M3.2] raw stage=Delay block=256 us=2890,2889,2886,2890,2887,2885,2888,2886,2887,2886,2885,2889,2891,2881,2887,2890
[M3.2] raw stage=Delay block=272 us=2894,2890,2885,2887,2887,2889,2887,2881,2887,2887,2889,2887,2883,2892,2888,2889
[M3.2] raw stage=Delay block=288 us=2887,2885,2896,2886,2886,2887,2887,2887,2887,2889,2886,2890,2890,2891,2890,2887
[M3.2] raw stage=Delay block=304 us=2899,2883,2889,2889,2886,2888,2879,2887,2886,2890,2890,2880,2886,2888,2890,2888
[M3.2] raw stage=Delay block=320 us=2883,2890,2887,2891,2886,2880,2886,2885,2886,2888,2886,2888,2891,2890,2887,2891
[M3.2] raw stage=Delay block=336 us=2893,2889,2889,2886,2888,2885,2886,2888,2885,2891,2888,2886,2887,2887,2887,2879
[M3.2] raw stage=Delay block=352 us=2885,2887,2886,2885,2878,2885,2886,2884,2886,2879,2885,2884,2884,2885,2879,2887
[M3.2] raw stage=Delay block=368 us=2889,2889,2885,2885,2886,2885,2885,2886,2885,2890,2892,2884,2886,2887,2887,2885
[M3.2] raw stage=Delay block=384 us=2886,2886,2885,2878,2884,2884,2884,2886,2886,2892,2893,2889,2887,2880,2886,2886
[M3.2] raw stage=Delay block=400 us=2888,2889,2881,2886,2889,2890,2891,2882,2890,2888,2898,2887,2886,2886,2886,2887
[M3.2] raw stage=Delay block=416 us=2887,2888,2886,2887,2886,2889,2887,2890,2892,2893,2888,2895,2880,2889,2890,2886
[M3.2] raw stage=Delay block=432 us=2887,2880,2891,2888,2887,2888,2882,2888,2890,2888,2891,2882,2887,2887,2887,2886
[M3.2] raw stage=Delay block=448 us=2881,2887,2887,2890,2891,2892,2890,2888,2892,2891,2891,2889,2886,2887,2887,2886
[M3.2] raw stage=Delay block=464 us=2887,2888,2887,2886,2889,2884,2887,2890,2888,2894,2891,2887,2887,2887,2886,2881
[M3.2] raw stage=Delay block=480 us=2886,2887,2887,2889,2881,2890,2887,2890,2894,2894,2890,2891,2886,2888,2889,2886
[M3.2] raw stage=Delay block=496 us=2888,2886,2887,2886,2890,2887,2890,2888,2891,2888,2890,2888,2887,2886,2883,2886
[M3.2] raw stage=Delay block=512 us=2887,2889,2886,2884,2891
[M3.2] voices=16 blocks=517 active_min=16 active_max=16 budget_us=5804.989 render_misses=0 cycle_misses=103 write_failures=0 timeouts=0
[M3.2] render us min=2833 avg=2888.77 p50=2887 p95=2892 p99=2898 max=3592
[M3.2] qualify stage=Delay category=SAFE p99_delta=124 max_delta=81 p99_budget_pct=49.92 max_budget_pct=61.88
[M3.2] headroom stage=Delay p99_us=2906.989 worst_us=2212.989 pcm_ok=1
[M3.2] write us min=24 avg=2863.18 p50=2881 p95=2886 p99=2889 max=2894
[M3.2] cycle us min=2891 avg=5787.33 p50=5804 p95=5805 p99=5810 max=5815
[M3.2] PCM peak_L=4725 peak_R=6074 peak_mono=5133 nonzero_frames=132278 silent_blocks=0 rail_frames=0
[M3.2] stage=Chorus mask=4 init=OK
[M3.2] raw stage=Chorus block=0 us=3824,3058,3029,3055,3080,3078,3078,3078,3078,3078,3078,3078,3078,3078,3085,3079
[M3.2] raw stage=Chorus block=16 us=3092,3089,3082,3083,3078,3077,3078,3077,3084,3077,3078,3078,3080,3079,3078,3078
[M3.2] raw stage=Chorus block=32 us=3090,3090,3082,3077,3077,3078,3078,3077,3077,3077,3078,3156,3139,3143,3137,3137
[M3.2] raw stage=Chorus block=48 us=3149,3148,3147,3135,3137,3137,3136,3143,3136,3136,3135,3136,3144,3137,3137,3137
[M3.2] raw stage=Chorus block=64 us=3151,3156,3143,3136,3136,3136,3135,3137,3137,3137,3137,3137,3134,3135,3137,3137
[M3.2] raw stage=Chorus block=80 us=3149,3154,3142,3138,3137,3137,3142,3134,3134,3135,3134,3143,3135,3134,3134,3134
[M3.2] raw stage=Chorus block=96 us=3155,3148,3142,3136,3133,3141,3136,3138,3138,3138,3145,3138,3139,3140,3141,3140
[M3.2] raw stage=Chorus block=112 us=3152,3148,3141,3136,3136,3136,3137,3136,3137,3136,3136,3136,3136,3137,3137,3143
[M3.2] raw stage=Chorus block=128 us=3149,3197,3181,3181,3187,3181,3181,3181,3182,3188,3181,3182,3184,3182,3187,3178
[M3.2] raw stage=Chorus block=144 us=3184,3184,3177,3185,3179,3182,3182,3181,3185,3189,3181,3184,3187,3184,3192,3184
[M3.2] raw stage=Chorus block=160 us=3188,3188,3183,3188,3183,3182,3182,3182,3190,3183,3182,3182,3183,3188,3188,3186
[M3.2] raw stage=Chorus block=176 us=3189,3188,3192,3182,3182,3181,3181,3186,3180,3181,3181,3182,3190,3182,3183,3187
[M3.2] raw stage=Chorus block=192 us=3189,3189,3189,3184,3184,3185,3185,3190,3180,3179,3182,3181,3191,3185,3184,3188
[M3.2] raw stage=Chorus block=208 us=3188,3193,3181,3183,3183,3183,3190,3183,3179,3179,3179,3186,3182,3179,3180,3182
[M3.2] raw stage=Chorus block=224 us=3198,3189,3185,3180,3178,3186,3179,3179,3180,3178,3180,3185,3181,3180,3180,3182
[M3.2] raw stage=Chorus block=240 us=3198,3190,3180,3174,3173,3181,3173,3172,3173,3174,3179,3174,3176,3173,3174,3184
[M3.2] raw stage=Chorus block=256 us=3187,3183,3180,3174,3181,3173,3173,3174,3173,3180,3173,3173,3176,3173,3173,3177
[M3.2] raw stage=Chorus block=272 us=3187,3184,3179,3180,3186,3179,3180,3179,3179,3185,3179,3178,3182,3181,3187,3183
[M3.2] raw stage=Chorus block=288 us=3192,3189,3185,3186,3180,3179,3179,3179,3185,3179,3178,3178,3180,3184,3172,3175
[M3.2] raw stage=Chorus block=304 us=3186,3186,3189,3177,3177,3178,3177,3177,3177,3178,3178,3177,3178,3183,3176,3180
[M3.2] raw stage=Chorus block=320 us=3190,3190,3188,3177,3177,3176,3178,3183,3175,3176,3175,3175,3183,3176,3177,3177
[M3.2] raw stage=Chorus block=336 us=3189,3195,3180,3176,3176,3176,3182,3176,3157,3077,3077,3083,3077,3078,3079,3077
[M3.2] raw stage=Chorus block=352 us=3090,3091,3082,3077,3077,3077,3078,3076,3078,3076,3077,3077,3077,3078,3078,3080
[M3.2] raw stage=Chorus block=368 us=3091,3091,3082,3077,3078,3077,3077,3077,3078,3077,3084,3078,3079,3079,3078,3085
[M3.2] raw stage=Chorus block=384 us=3090,3089,3082,3086,3143,3136,3136,3136,3136,3136,3139,3139,3140,3140,3139,3138
[M3.2] raw stage=Chorus block=400 us=3152,3150,3142,3137,3143,3137,3137,3137,3137,3143,3136,3137,3138,3139,3144,3138
[M3.2] raw stage=Chorus block=416 us=3150,3147,3141,3141,3134,3135,3134,3135,3139,3134,3133,3133,3133,3140,3136,3134
[M3.2] raw stage=Chorus block=432 us=3147,3144,3140,3135,3133,3134,3134,3134,3134,3134,3134,3133,3135,3141,3136,3138
[M3.2] raw stage=Chorus block=448 us=3153,3150,3151,3140,3140,3138,3139,3145,3136,3135,3136,3136,3142,3137,3137,3137
[M3.2] raw stage=Chorus block=464 us=3148,3154,3141,3136,3136,3136,3142,3135,3135,3137,3179,3182,3189,3180,3184,3181
[M3.2] raw stage=Chorus block=480 us=3189,3195,3181,3181,3181,3181,3186,3180,3181,3180,3180,3187,3185,3184,3186,3184
[M3.2] raw stage=Chorus block=496 us=3196,3189,3181,3181,3181,3187,3182,3182,3181,3181,3187,3181,3183,3183,3187,3182
[M3.2] raw stage=Chorus block=512 us=3189,3188,3183,3181,3182
[M3.2] voices=16 blocks=517 active_min=16 active_max=16 budget_us=5804.989 render_misses=0 cycle_misses=65 write_failures=0 timeouts=0
[M3.2] render us min=3029 avg=3152.07 p50=3172 p95=3189 p99=3195 max=3824
[M3.2] qualify stage=Chorus category=SAFE p99_delta=421 max_delta=313 p99_budget_pct=55.04 max_budget_pct=65.87
[M3.2] headroom stage=Chorus p99_us=2609.989 worst_us=1980.989 pcm_ok=1
[M3.2] write us min=23 avg=2599.56 p50=2596 p95=2691 p99=2692 max=2697
[M3.2] cycle us min=3087 avg=5787.12 p50=5804 p95=5805 p99=5809 max=5810
[M3.2] PCM peak_L=5831 peak_R=6721 peak_mono=5690 nonzero_frames=132304 silent_blocks=0 rail_frames=0
[M3.2] stage=Flanger mask=8 init=OK
[M3.2] raw stage=Flanger block=0 us=3833,3061,3035,3069,3094,3091,3090,3091,3090,3091,3090,3090,3091,3091,3091,3098
[M3.2] raw stage=Flanger block=16 us=3096,3094,3091,3091,3097,3090,3091,3090,3091,3097,3091,3091,3094,3091,3098,3091
[M3.2] raw stage=Flanger block=32 us=3096,3093,3091,3091,3091,3090,3092,3090,3091,3091,3091,3090,3091,3091,3091,3090
[M3.2] raw stage=Flanger block=48 us=3095,3093,3092,3090,3091,3092,3090,3091,3097,3090,3090,3091,3091,3097,3091,3091
[M3.2] raw stage=Flanger block=64 us=3095,3093,3098,3092,3091,3092,3091,3097,3090,3090,3090,3091,3091,3091,3090,3090
[M3.2] raw stage=Flanger block=80 us=3096,3093,3092,3092,3091,3091,3091,3090,3091,3091,3090,3091,3091,3090,3091,3091
[M3.2] raw stage=Flanger block=96 us=3096,3100,3091,3091,3092,3091,3097,3090,3091,3090,3091,3139,3146,3145,3146,3146
[M3.2] raw stage=Flanger block=112 us=3159,3148,3146,3145,3145,3145,3146,3145,3145,3145,3145,3146,3145,3146,3145,3146
[M3.2] raw stage=Flanger block=128 us=3158,3148,3146,3145,3145,3152,3145,3146,3144,3145,3150,3146,3146,3148,3145,3152
[M3.2] raw stage=Flanger block=144 us=3152,3148,3147,3147,3151,3145,3145,3145,3145,3151,3146,3146,3145,3146,3145,3145
[M3.2] raw stage=Flanger block=160 us=3152,3148,3147,3146,3146,3146,3145,3144,3145,3151,3144,3145,3145,3146,3148,3142
[M3.2] raw stage=Flanger block=176 us=3150,3144,3143,3148,3142,3141,3142,3142,3147,3142,3141,3142,3142,3148,3142,3143
[M3.2] raw stage=Flanger block=192 us=3148,3144,3142,3142,3142,3142,3142,3141,3141,3141,3141,3142,3142,3143,3141,3142
[M3.2] raw stage=Flanger block=208 us=3148,3144,3148,3142,3142,3142,3141,3149,3142,3141,3142,3141,3149,3141,3142,3142
[M3.2] raw stage=Flanger block=224 us=3149,3151,3143,3143,3141,3142,3148,3142,3142,3141,3142,3141,3141,3142,3142,3141
[M3.2] raw stage=Flanger block=240 us=3149,3145,3143,3142,3142,3142,3141,3141,3142,3142,3141,3148,3141,3142,3141,3142
[M3.2] raw stage=Flanger block=256 us=3157,3148,3146,3146,3145,3151,3145,3145,3145,3145,3150,3145,3144,3146,3146,3152
[M3.2] raw stage=Flanger block=272 us=3153,3148,3145,3145,3146,3145,3146,3145,3145,3145,3145,3144,3146,3147,3146,3152
[M3.2] raw stage=Flanger block=288 us=3152,3148,3146,3146,3152,3145,3145,3145,3145,3151,3144,3146,3146,3146,3151,3145
[M3.2] raw stage=Flanger block=304 us=3152,3149,3146,3153,3145,3146,3145,3145,3151,3146,3145,3145,3145,3146,3144,3146
[M3.2] raw stage=Flanger block=320 us=3152,3147,3147,3196,3178,3178,3179,3179,3186,3180,3179,3178,3178,3186,3180,3180
[M3.2] raw stage=Flanger block=336 us=3186,3180,3186,3179,3179,3177,3179,3185,3178,3178,3178,3177,3185,3178,3179,3178
[M3.2] raw stage=Flanger block=352 us=3186,3188,3181,3180,3179,3180,3181,3186,3179,3179,3179,3179,3186,3181,3179,3180
[M3.2] raw stage=Flanger block=368 us=3186,3186,3178,3179,3180,3178,3185,3179,3179,3179,3179,3186,3180,3181,3179,3180
[M3.2] raw stage=Flanger block=384 us=3191,3179,3178,3179,3177,3184,3178,3178,3178,3178,3186,3180,3180,3180,3180,3180
[M3.2] raw stage=Flanger block=400 us=3191,3181,3180,3180,3180,3185,3179,3179,3180,3179,3185,3178,3178,3179,3178,3184
[M3.2] raw stage=Flanger block=416 us=3185,3181,3179,3178,3185,3181,3180,3180,3179,3186,3180,3179,3179,3180,3187,3179
[M3.2] raw stage=Flanger block=432 us=3185,3183,3180,3181,3180,3179,3178,3179,3179,3184,3178,3179,3179,3180,3186,3181
[M3.2] raw stage=Flanger block=448 us=3186,3182,3181,3187,3181,3179,3180,3179,3185,3179,3179,3180,3179,3185,3179,3179
[M3.2] raw stage=Flanger block=464 us=3185,3182,3186,3179,3179,3179,3179,3184,3179,3179,3180,3180,3180,3180,3180,3180
[M3.2] raw stage=Flanger block=480 us=3186,3184,3187,3180,3179,3180,3179,3186,3181,3180,3179,3179,3184,3180,3179,3181
[M3.2] raw stage=Flanger block=496 us=3185,3189,3180,3180,3180,3179,3186,3181,3180,3179,3179,3185,3179,3180,3180,3180
[M3.2] raw stage=Flanger block=512 us=3191,3181,3180,3179,3179
[M3.2] voices=16 blocks=517 active_min=16 active_max=16 budget_us=5804.989 render_misses=0 cycle_misses=108 write_failures=0 timeouts=0
[M3.2] render us min=3035 avg=3148.91 p50=3146 p95=3186 p99=3189 max=3833
[M3.2] qualify stage=Flanger category=SAFE p99_delta=415 max_delta=322 p99_budget_pct=54.94 max_budget_pct=66.03
[M3.2] headroom stage=Flanger p99_us=2615.989 worst_us=1971.989 pcm_ok=1
[M3.2] write us min=24 avg=2602.54 p50=2621 p95=2678 p99=2679 max=2683
[M3.2] cycle us min=3093 avg=5786.95 p50=5804 p95=5805 p99=5809 max=5811
[M3.2] PCM peak_L=6272 peak_R=6752 peak_mono=5637 nonzero_frames=132293 silent_blocks=0 rail_frames=0
[M3.2] stage=Tremolo mask=16 init=OK
[M3.2] raw stage=Tremolo block=0 us=3917,3143,3115,3147,3175,3169,3174,3221,3224,3224,3223,3224,3210,3210,3209,3208
[M3.2] raw stage=Tremolo block=16 us=3213,3223,3224,3223,3224,3240,3242,3242,3243,3242,3248,3243,3219,3164,3164,3170
[M3.2] raw stage=Tremolo block=32 us=3163,3164,3164,3171,3225,3226,3220,3218,3214,3211,3219,3212,3212,3213,3219,3225
[M3.2] raw stage=Tremolo block=48 us=3219,3219,3243,3250,3257,3250,3250,3251,3251,3211,3169,3170,3170,3168,3177,3169
[M3.2] raw stage=Tremolo block=64 us=3191,3223,3224,3230,3224,3209,3207,3207,3213,3207,3216,3225,3224,3230,3231,3241
[M3.2] raw stage=Tremolo block=80 us=3242,3243,3243,3249,3242,3242,3177,3166,3173,3167,3167,3167,3166,3209,3219,3220
[M3.2] raw stage=Tremolo block=96 us=3220,3218,3218,3212,3213,3212,3212,3223,3219,3219,3219,3230,3257,3256,3250,3251
[M3.2] raw stage=Tremolo block=112 us=3249,3257,3245,3170,3169,3170,3177,3170,3171,3169,3223,3224,3231,3224,3215,3206
[M3.2] raw stage=Tremolo block=128 us=3206,3214,3207,3207,3224,3224,3230,3224,3235,3242,3242,3249,3243,3241,3243,3208
[M3.2] raw stage=Tremolo block=144 us=3170,3163,3164,3164,3163,3170,3179,3220,3219,3219,3226,3214,3211,3212,3211,3212
[M3.2] raw stage=Tremolo block=160 us=3220,3219,3220,3219,3220,3254,3250,3250,3251,3251,3256,3250,3193,3170,3168,3174
[M3.2] raw stage=Tremolo block=176 us=3169,3169,3172,3201,3230,3223,3224,3223,3206,3213,3207,3206,3207,3217,3230,3225
[M3.2] raw stage=Tremolo block=192 us=3224,3229,3242,3248,3248,3242,3243,3241,3242,3163,3163,3163,3164,3164,3164,3164
[M3.2] raw stage=Tremolo block=208 us=3210,3219,3220,3225,3217,3212,3212,3213,3218,3212,3219,3219,3220,3225,3235,3250
[M3.2] raw stage=Tremolo block=224 us=3250,3250,3257,3251,3248,3228,3171,3177,3171,3170,3171,3169,3184,3230,3224,3224
[M3.2] raw stage=Tremolo block=240 us=3224,3215,3216,3206,3207,3207,3211,3230,3224,3224,3223,3239,3247,3241,3241,3242
[M3.2] raw stage=Tremolo block=256 us=3242,3247,3197,3163,3163,3164,3170,3164,3164,3186,3219,3225,3219,3218,3213,3212
[M3.2] raw stage=Tremolo block=272 us=3219,3212,3211,3215,3219,3226,3225,3221,3251,3250,3251,3255,3250,3252,3251,3181
[M3.2] raw stage=Tremolo block=288 us=3174,3169,3170,3169,3171,3174,3207,3224,3224,3223,3226,3208,3208,3207,3207,3213
[M3.2] raw stage=Tremolo block=304 us=3219,3224,3224,3224,3236,3242,3242,3241,3241,3249,3248,3230,3164,3164,3169,3163
[M3.2] raw stage=Tremolo block=320 us=3163,3163,3163,3218,3226,3219,3220,3215,3212,3218,3211,3211,3212,3219,3226,3219
[M3.2] raw stage=Tremolo block=336 us=3220,3239,3251,3257,3251,3250,3250,3251,3219,3170,3169,3168,3169,3174,3170,3183
[M3.2] raw stage=Tremolo block=352 us=3223,3224,3231,3230,3210,3207,3207,3213,3213,3212,3223,3224,3224,3230,3241,3243
[M3.2] raw stage=Tremolo block=368 us=3242,3241,3247,3241,3242,3187,3166,3172,3165,3166,3167,3167,3203,3219,3219,3219
[M3.2] raw stage=Tremolo block=384 us=3218,3218,3212,3212,3212,3212,3222,3218,3219,3220,3228,3256,3257,3250,3250,3250
[M3.2] raw stage=Tremolo block=400 us=3250,3256,3170,3170,3170,3170,3174,3170,3171,3215,3224,3230,3224,3217,3207,3207
[M3.2] raw stage=Tremolo block=416 us=3214,3207,3207,3222,3224,3231,3224,3234,3241,3242,3249,3241,3241,3241,3220,3169
[M3.2] raw stage=Tremolo block=432 us=3163,3164,3164,3164,3169,3171,3219,3218,3218,3219,3220,3211,3212,3212,3212,3219
[M3.2] raw stage=Tremolo block=448 us=3220,3219,3219,3219,3250,3250,3250,3251,3251,3256,3251,3203,3169,3170,3178,3169
[M3.2] raw stage=Tremolo block=464 us=3170,3169,3192,3230,3224,3224,3225,3208,3213,3207,3208,3208,3216,3230,3230,3224
[M3.2] raw stage=Tremolo block=480 us=3226,3242,3242,3248,3242,3242,3242,3241,3180,3164,3163,3163,3163,3169,3163,3203
[M3.2] raw stage=Tremolo block=496 us=3219,3219,3225,3217,3212,3211,3213,3219,3212,3218,3219,3218,3224,3230,3251,3250
[M3.2] raw stage=Tremolo block=512 us=3251,3256,3257,3251,3237
[M3.2] voices=16 blocks=517 active_min=16 active_max=16 budget_us=5804.989 render_misses=0 cycle_misses=56 write_failures=0 timeouts=0
[M3.2] render us min=3115 avg=3214.38 p50=3219 p95=3251 p99=3257 max=3917
[M3.2] qualify stage=Tremolo category=SAFE p99_delta=483 max_delta=406 p99_budget_pct=56.11 max_budget_pct=67.48
[M3.2] headroom stage=Tremolo p99_us=2547.989 worst_us=1887.989 pcm_ok=1
[M3.2] write us min=24 avg=2537.18 p50=2550 p95=2605 p99=2606 max=2611
[M3.2] cycle us min=3173 avg=5787.04 p50=5804 p95=5805 p99=5810 max=5810
[M3.2] PCM peak_L=6029 peak_R=7435 peak_mono=5774 nonzero_frames=132294 silent_blocks=0 rail_frames=0
[M3.2] stage=RingMod mask=32 init=OK
[M3.2] raw stage=RingMod block=0 us=3795,3083,3061,3045,3084,3109,3101,3054,3101,3111,3061,3085,3110,3090,3061,3106
[M3.2] raw stage=RingMod block=16 us=3111,3058,3089,3110,3080,3069,3114,3110,3054,3093,3110,3070,3080,3110,3109,3050
[M3.2] raw stage=RingMod block=32 us=3104,3112,3065,3081,3109,3107,3055,3100,3111,3061,3092,3110,3091,3061,3105,3110
[M3.2] raw stage=RingMod block=48 us=3058,3088,3109,3080,3068,3108,3110,3054,3094,3110,3070,3078,3109,3109,3051,3097
[M3.2] raw stage=RingMod block=64 us=3110,3066,3081,3110,3107,3055,3101,3111,3062,3091,3110,3092,3060,3105,3116,3058
[M3.2] raw stage=RingMod block=80 us=3088,3110,3082,3074,3108,3110,3054,3093,3110,3072,3077,3109,3109,3049,3096,3110
[M3.2] raw stage=RingMod block=96 us=3067,3081,3109,3102,3054,3100,3111,3062,3084,3110,3092,3059,3104,3116,3059,3090
[M3.2] raw stage=RingMod block=112 us=3110,3083,3073,3108,3110,3054,3093,3116,3072,3077,3109,3110,3051,3096,3110,3067
[M3.2] raw stage=RingMod block=128 us=3080,3110,3103,3053,3100,3112,3063,3084,3110,3095,3059,3104,3112,3059,3088,3109
[M3.2] raw stage=RingMod block=144 us=3083,3066,3108,3111,3054,3093,3116,3072,3076,3109,3110,3057,3096,3110,3067,3080
[M3.2] raw stage=RingMod block=160 us=3115,3104,3054,3099,3112,3063,3084,3109,3093,3060,3104,3110,3059,3087,3110,3083
[M3.2] raw stage=RingMod block=176 us=3067,3108,3112,3055,3092,3109,3073,3076,3109,3109,3051,3095,3111,3067,3081,3117
[M3.2] raw stage=RingMod block=192 us=3104,3052,3100,3111,3070,3084,3111,3094,3059,3110,3110,3059,3088,3111,3085,3066
[M3.2] raw stage=RingMod block=208 us=3107,3110,3055,3091,3110,3074,3074,3110,3109,3051,3096,3110,3069,3080,3116,3104
[M3.2] raw stage=RingMod block=224 us=3052,3099,3111,3064,3083,3111,3095,3058,3111,3110,3060,3086,3110,3091,3065,3107
[M3.2] raw stage=RingMod block=240 us=3110,3056,3098,3110,3075,3075,3109,3110,3052,3095,3110,3069,3080,3110,3106,3053
[M3.2] raw stage=RingMod block=256 us=3100,3110,3065,3084,3110,3097,3058,3109,3110,3060,3087,3109,3092,3065,3107,3110
[M3.2] raw stage=RingMod block=272 us=3057,3097,3110,3076,3073,3109,3116,3051,3095,3110,3067,3085,3110,3107,3052,3099
[M3.2] raw stage=RingMod block=288 us=3111,3064,3083,3109,3097,3057,3102,3110,3061,3086,3111,3088,3064,3107,3111,3055
[M3.2] raw stage=RingMod block=304 us=3091,3110,3076,3074,3109,3116,3053,3094,3111,3070,3086,3110,3107,3051,3099,3117
[M3.2] raw stage=RingMod block=320 us=3064,3083,3109,3097,3056,3102,3111,3061,3087,3110,3087,3063,3106,3110,3056,3090
[M3.2] raw stage=RingMod block=336 us=3110,3077,3072,3109,3111,3052,3094,3111,3069,3080,3109,3108,3051,3098,3117,3064
[M3.2] raw stage=RingMod block=352 us=3082,3110,3099,3062,3102,3110,3061,3086,3116,3088,3063,3106,3111,3058,3090,3110
[M3.2] raw stage=RingMod block=368 us=3078,3072,3108,3110,3054,3094,3110,3069,3079,3110,3108,3051,3099,3111,3065,3082
[M3.2] raw stage=RingMod block=384 us=3110,3099,3056,3102,3110,3061,3085,3115,3089,3063,3107,3110,3063,3090,3109,3079
[M3.2] raw stage=RingMod block=400 us=3071,3115,3110,3053,3093,3109,3069,3079,3110,3109,3049,3097,3110,3065,3082,3110
[M3.2] raw stage=RingMod block=416 us=3100,3055,3101,3110,3061,3087,3111,3090,3062,3106,3110,3057,3090,3109,3081,3070
[M3.2] raw stage=RingMod block=432 us=3114,3110,3054,3094,3110,3075,3079,3109,3109,3049,3103,3110,3066,3083,3110,3100
[M3.2] raw stage=RingMod block=448 us=3056,3101,3110,3062,3086,3109,3090,3061,3105,3110,3057,3089,3109,3080,3070,3114
[M3.2] raw stage=RingMod block=464 us=3109,3053,3093,3110,3070,3078,3109,3109,3049,3103,3111,3067,3082,3109,3107,3054
[M3.2] raw stage=RingMod block=480 us=3102,3111,3062,3091,3110,3091,3061,3105,3111,3057,3089,3109,3080,3068,3109,3111
[M3.2] raw stage=RingMod block=496 us=3054,3093,3109,3070,3079,3109,3111,3051,3097,3110,3066,3081,3109,3109,3055,3101
[M3.2] raw stage=RingMod block=512 us=3111,3062,3091,3110,3091
[M3.2] voices=16 blocks=517 active_min=16 active_max=16 budget_us=5804.989 render_misses=0 cycle_misses=102 write_failures=0 timeouts=0
[M3.2] render us min=3045 avg=3090.66 p50=3094 p95=3111 p99=3116 max=3795
[M3.2] qualify stage=RingMod category=SAFE p99_delta=342 max_delta=284 p99_budget_pct=53.68 max_budget_pct=65.37
[M3.2] headroom stage=RingMod p99_us=2688.989 worst_us=2009.989 pcm_ok=1
[M3.2] write us min=23 avg=2660.98 p50=2674 p95=2715 p99=2719 max=2720
[M3.2] cycle us min=3119 avg=5787.08 p50=5804 p95=5805 p99=5810 max=5811
[M3.2] PCM peak_L=6590 peak_R=6992 peak_mono=6203 nonzero_frames=132292 silent_blocks=0 rail_frames=0
[M3.2] stage=Distortion mask=64 init=OK
[M3.2] raw stage=Distortion block=0 us=3651,2919,2895,2924,2950,2950,2948,2945,2949,2946,2947,2948,2939,2946,2949,2948
[M3.2] raw stage=Distortion block=16 us=2950,2941,2948,2946,2947,2946,2946,2945,2947,2948,2945,2949,2951,2949,2945,2945
[M3.2] raw stage=Distortion block=32 us=2947,2949,2944,2948,2949,2949,2948,2948,2946,2949,2946,2947,2947,2944,2946,2944
[M3.2] raw stage=Distortion block=48 us=2942,2945,2950,2946,2951,2940,2948,2950,2950,2946,2939,2948,2952,2946,2943,2944
[M3.2] raw stage=Distortion block=64 us=2948,2948,2947,2948,2948,2948,2951,2951,2946,2948,2948,2950,2949,2950,2948,2942
[M3.2] raw stage=Distortion block=80 us=2946,2949,2949,2947,2949,2947,2948,2949,2951,2941,2948,2949,2946,2946,2943,2950
[M3.2] raw stage=Distortion block=96 us=2946,2950,2946,2938,2949,2949,2944,2948,2948,2947,2946,2949,2947,2944,2947,2943
[M3.2] raw stage=Distortion block=112 us=2948,2953,2950,2948,2948,2945,2947,2946,2950,2947,2946,2944,2948,2945,2948,2946
[M3.2] raw stage=Distortion block=128 us=2947,2946,2942,2946,2948,2949,2947,2940,2944,2950,2947,2946,2945,2949,2948,2946
[M3.2] raw stage=Distortion block=144 us=2945,2946,2949,2951,2949,2947,2947,2949,2946,2943,2945,2944,2948,2947,2951,2951
[M3.2] raw stage=Distortion block=160 us=2945,2948,2948,2945,2946,2946,2946,2948,2946,2949,2949,2944,2948,2947,2945,2944
[M3.2] raw stage=Distortion block=176 us=2942,2947,2948,2941,2950,2943,2945,2948,2947,2950,2948,2945,2949,2951,2947,2949
[M3.2] raw stage=Distortion block=192 us=2947,2945,2945,2942,2946,2948,2943,2949,2948,2949,2951,2951,2950,2950,2948,2947
[M3.2] raw stage=Distortion block=208 us=2944,2949,2948,2947,2943,2948,2946,2944,2944,2943,2948,2950,2948,2948,2951,2945
[M3.2] raw stage=Distortion block=224 us=2943,2948,2952,2949,2946,2949,2948,2948,2948,2949,2943,2944,2944,2946,2947,2950
[M3.2] raw stage=Distortion block=240 us=2946,2946,2951,2951,2946,2943,2948,2948,2951,2947,2942,2946,2945,2941,2947,2945
[M3.2] raw stage=Distortion block=256 us=2948,2944,2943,2950,2948,2947,2948,2951,2946,2947,2944,2944,2948,2950,2953,2945
[M3.2] raw stage=Distortion block=272 us=2946,2947,2945,2948,2948,2946,2947,2946,2948,2945,2949,2948,2945,2946,2949,2945
[M3.2] raw stage=Distortion block=288 us=2944,2941,2947,2948,2950,2951,2939,2949,2951,2943,2946,2943,2947,2947,2944,2945
[M3.2] raw stage=Distortion block=304 us=2947,2944,2947,2945,2947,2949,2948,2945,2944,2949,2947,2942,2949,2947,2947,2947
[M3.2] raw stage=Distortion block=320 us=2947,2949,2946,2947,2949,2947,2946,2946,2947,2945,2942,2947,2945,2950,2946,2942
[M3.2] raw stage=Distortion block=336 us=2949,2951,2948,2947,2950,2948,2946,2948,2945,2946,2948,2945,2949,2949,2952,2951
[M3.2] raw stage=Distortion block=352 us=2948,2946,2947,2947,2946,2946,2953,2946,2942,2946,2946,2949,2947,2949,2949,2949
[M3.2] raw stage=Distortion block=368 us=2947,2947,2948,2945,2948,2947,2943,2949,2937,2944,2944,2948,2951,2952,2951,2948
[M3.2] raw stage=Distortion block=384 us=2948,2947,2946,2946,2947,2946,2944,2949,2948,2946,2952,2947,2945,2947,2947,2946
[M3.2] raw stage=Distortion block=400 us=2950,2951,2948,2946,2945,2950,2946,2949,2947,2946,2946,2950,2939,2947,2947,2951
[M3.2] raw stage=Distortion block=416 us=2945,2938,2948,2946,2948,2947,2950,2945,2949,2950,2950,2946,2947,2949,2947,2946
[M3.2] raw stage=Distortion block=432 us=2945,2946,2945,2950,2950,2947,2948,2949,2948,2949,2948,2946,2943,2950,2949,2947
[M3.2] raw stage=Distortion block=448 us=2948,2951,2944,2947,2951,2942,2950,2947,2946,2948,2943,2945,2944,2948,2951,2950
[M3.2] raw stage=Distortion block=464 us=2946,2945,2950,2949,2951,2950,2948,2947,2944,2945,2949,2949,2945,2949,2948,2946
[M3.2] raw stage=Distortion block=480 us=2947,2949,2946,2952,2952,2948,2946,2949,2947,2939,2945,2950,2946,2946,2941,2947
[M3.2] raw stage=Distortion block=496 us=2950,2943,2950,2944,2948,2944,2947,2953,2948,2947,2947,2942,2950,2946,2946,2947
[M3.2] raw stage=Distortion block=512 us=2949,2945,2946,2946,2950
[M3.2] voices=16 blocks=517 active_min=16 active_max=16 budget_us=5804.989 render_misses=0 cycle_misses=65 write_failures=0 timeouts=0
[M3.2] render us min=2895 avg=2948.14 p50=2947 p95=2951 p99=2952 max=3651
[M3.2] qualify stage=Distortion category=SAFE p99_delta=178 max_delta=140 p99_budget_pct=50.85 max_budget_pct=62.89
[M3.2] headroom stage=Distortion p99_us=2852.989 worst_us=2153.989 pcm_ok=1
[M3.2] write us min=23 avg=2803.17 p50=2821 p95=2825 p99=2827 max=2830
[M3.2] cycle us min=2953 avg=5786.97 p50=5804 p95=5805 p99=5810 max=5811
[M3.2] PCM peak_L=6235 peak_R=7177 peak_mono=6318 nonzero_frames=132321 silent_blocks=0 rail_frames=0
[M3.2] stage=Bitcrusher mask=128 init=OK
[M3.2] raw stage=Bitcrusher block=0 us=4157,3322,3304,3332,3366,3355,3354,3354,3361,3362,3355,3355,3355,3356,3362,3357
[M3.2] raw stage=Bitcrusher block=16 us=3355,3355,3356,3361,3356,3356,3355,3355,3362,3361,3354,3354,3357,3363,3362,3355
[M3.2] raw stage=Bitcrusher block=32 us=3355,3355,3362,3362,3355,3355,3355,3361,3361,3353,3354,3352,3358,3359,3353,3352
[M3.2] raw stage=Bitcrusher block=48 us=3352,3359,3359,3352,3353,3353,3352,3359,3353,3352,3352,3353,3360,3352,3355,3354
[M3.2] raw stage=Bitcrusher block=64 us=3353,3359,3360,3353,3352,3353,3360,3359,3352,3352,3353,3359,3359,3353,3354,3354
[M3.2] raw stage=Bitcrusher block=80 us=3361,3362,3356,3356,3356,3361,3363,3355,3356,3356,3361,3362,3354,3355,3356,3356
[M3.2] raw stage=Bitcrusher block=96 us=3363,3355,3355,3355,3356,3362,3361,3355,3355,3355,3361,3362,3354,3354,3356,3362
[M3.2] raw stage=Bitcrusher block=112 us=3361,3356,3355,3356,3361,3362,3356,3354,3355,3361,3361,3355,3355,3354,3361,3361
[M3.2] raw stage=Bitcrusher block=128 us=3355,3355,3354,3361,3361,3355,3355,3354,3353,3360,3352,3352,3353,3352,3360,3358
[M3.2] raw stage=Bitcrusher block=144 us=3353,3352,3353,3360,3359,3353,3353,3352,3359,3362,3357,3354,3355,3362,3362,3356
[M3.2] raw stage=Bitcrusher block=160 us=3355,3355,3361,3361,3356,3355,3353,3358,3359,3353,3352,3354,3360,3361,3352,3355
[M3.2] raw stage=Bitcrusher block=176 us=3355,3354,3362,3355,3354,3353,3354,3361,3361,3355,3355,3355,3362,3361,3355,3356
[M3.2] raw stage=Bitcrusher block=192 us=3355,3362,3361,3355,3355,3355,3363,3362,3356,3355,3356,3361,3362,3357,3354,3354
[M3.2] raw stage=Bitcrusher block=208 us=3361,3362,3355,3354,3355,3355,3361,3356,3354,3355,3354,3359,3352,3353,3353,3353
[M3.2] raw stage=Bitcrusher block=224 us=3360,3361,3355,3356,3354,3361,3361,3355,3355,3354,3362,3361,3353,3353,3352,3359
[M3.2] raw stage=Bitcrusher block=240 us=3359,3352,3353,3352,3361,3362,3356,3355,3355,3362,3361,3356,3355,3355,3354,3362
[M3.2] raw stage=Bitcrusher block=256 us=3356,3355,3357,3356,3362,3355,3356,3355,3356,3361,3362,3354,3355,3355,3361,3362
[M3.2] raw stage=Bitcrusher block=272 us=3357,3355,3356,3361,3362,3356,3356,3355,3361,3362,3355,3355,3354,3362,3362,3356
[M3.2] raw stage=Bitcrusher block=288 us=3355,3355,3362,3361,3355,3354,3354,3354,3361,3352,3352,3353,3353,3358,3352,3353
[M3.2] raw stage=Bitcrusher block=304 us=3355,3355,3361,3362,3355,3356,3356,3362,3361,3356,3357,3355,3362,3361,3355,3356
[M3.2] raw stage=Bitcrusher block=320 us=3355,3361,3362,3354,3355,3355,3361,3361,3355,3355,3355,3360,3361,3354,3355,3356
[M3.2] raw stage=Bitcrusher block=336 us=3356,3362,3356,3356,3356,3355,3362,3363,3356,3356,3355,3362,3362,3356,3356,3356
[M3.2] raw stage=Bitcrusher block=352 us=3362,3363,3356,3355,3355,3361,3362,3355,3355,3355,3362,3362,3356,3356,3355,3363
[M3.2] raw stage=Bitcrusher block=368 us=3362,3355,3355,3355,3362,3361,3355,3355,3355,3354,3362,3355,3356,3356,3356,3362
[M3.2] raw stage=Bitcrusher block=384 us=3362,3355,3355,3356,3362,3362,3355,3354,3355,3362,3364,3355,3355,3355,3362,3361
[M3.2] raw stage=Bitcrusher block=400 us=3356,3356,3356,3363,3362,3356,3356,3355,3363,3362,3356,3355,3355,3362,3361,3356
[M3.2] raw stage=Bitcrusher block=416 us=3356,3355,3356,3362,3356,3356,3356,3356,3361,3362,3356,3355,3355,3362,3364,3355
[M3.2] raw stage=Bitcrusher block=432 us=3355,3355,3362,3362,3355,3355,3355,3362,3362,3355,3355,3355,3362,3362,3356,3355
[M3.2] raw stage=Bitcrusher block=448 us=3356,3361,3361,3356,3357,3355,3356,3361,3356,3354,3355,3356,3362,3357,3356,3355
[M3.2] raw stage=Bitcrusher block=464 us=3355,3361,3361,3354,3352,3354,3361,3359,3352,3352,3353,3361,3361,3354,3354,3355
[M3.2] raw stage=Bitcrusher block=480 us=3361,3362,3352,3353,3352,3359,3358,3352,3353,3352,3359,3359,3352,3352,3351,3352
[M3.2] raw stage=Bitcrusher block=496 us=3359,3352,3352,3353,3353,3359,3353,3353,3352,3353,3358,3358,3352,3352,3354,3358
[M3.2] raw stage=Bitcrusher block=512 us=3360,3353,3352,3350,3357
[M3.2] voices=16 blocks=517 active_min=16 active_max=16 budget_us=5804.989 render_misses=0 cycle_misses=102 write_failures=0 timeouts=0
[M3.2] render us min=3304 avg=3358.16 p50=3356 p95=3362 p99=3363 max=4157
[M3.2] qualify stage=Bitcrusher category=SAFE p99_delta=589 max_delta=646 p99_budget_pct=57.93 max_budget_pct=71.61
[M3.2] headroom stage=Bitcrusher p99_us=2441.989 worst_us=1647.989 pcm_ok=1
[M3.2] write us min=23 avg=2393.17 p50=2413 p95=2417 p99=2419 max=2423
[M3.2] cycle us min=3364 avg=5786.98 p50=5804 p95=5805 p99=5809 max=5810
[M3.2] PCM peak_L=6455 peak_R=7773 peak_mono=6580 nonzero_frames=132308 silent_blocks=0 rail_frames=0
[M3.2] stage=A mask=7 init=OK
[M3.2] raw stage=A block=0 us=4755,3991,4002,4058,4070,4072,4142,4051,4100,4109,4049,4070,4055,4040,4036,4077
[M3.2] raw stage=A block=16 us=4082,4046,4079,4039,4042,4069,4086,4121,4088,4101,4098,4085,4094,4106,4076,4079
[M3.2] raw stage=A block=32 us=4096,4108,4123,4078,4100,4061,4084,4063,4063,4068,4094,4225,4221,4184,4143,4147
[M3.2] raw stage=A block=48 us=4162,4200,4189,4170,4162,4181,4176,4180,4164,4194,4193,4172,4179,4171,4152,4160
[M3.2] raw stage=A block=64 us=4214,4185,4188,4226,4184,4172,4160,4198,4149,4208,4156,4179,4183,4145,4171,4167
[M3.2] raw stage=A block=80 us=4195,4179,4207,4192,4132,4192,4149,4155,4138,4144,4151,4204,4189,4147,4198,4175
[M3.2] raw stage=A block=96 us=4192,4173,4139,4151,4143,4139,4160,4140,4116,4152,4152,4175,4138,4181,4154,4158
[M3.2] raw stage=A block=112 us=4163,4161,4155,4141,4171,4198,4164,4145,4168,4227,4182,4162,4173,4175,4186,4153
[M3.2] raw stage=A block=128 us=4145,4219,4223,4178,4174,4209,4171,4200,4145,4225,4217,4192,4213,4173,4205,4194
[M3.2] raw stage=A block=144 us=4194,4197,4212,4185,4221,4208,4191,4227,4178,4220,4222,4219,4202,4248,4183,4196
[M3.2] raw stage=A block=160 us=4207,4205,4190,4207,4161,4184,4191,4178,4202,4200,4234,4200,4214,4203,4226,4218
[M3.2] raw stage=A block=176 us=4262,4177,4202,4192,4205,4182,4214,4177,4219,4177,4201,4219,4267,4210,4181,4183
[M3.2] raw stage=A block=192 us=4251,4214,4221,4202,4204,4197,4225,4191,4207,4234,4157,4229,4212,4202,4178,4219
[M3.2] raw stage=A block=208 us=4242,4226,4222,4201,4219,4163,4241,4216,4167,4169,4222,4159,4232,4202,4200,4233
[M3.2] raw stage=A block=224 us=4213,4216,4214,4175,4192,4183,4224,4170,4184,4216,4191,4196,4235,4174,4178,4161
[M3.2] raw stage=A block=240 us=4218,4216,4181,4180,4199,4185,4220,4172,4163,4184,4166,4176,4217,4187,4179,4229
[M3.2] raw stage=A block=256 us=4171,4224,4183,4194,4198,4243,4164,4188,4199,4134,4205,4197,4191,4213,4189,4171
[M3.2] raw stage=A block=272 us=4195,4192,4156,4201,4194,4175,4202,4214,4211,4231,4199,4198,4174,4190,4204,4187
[M3.2] raw stage=A block=288 us=4206,4195,4173,4174,4161,4187,4165,4182,4206,4144,4163,4136,4224,4182,4203,4203
[M3.2] raw stage=A block=304 us=4187,4218,4205,4168,4216,4149,4229,4170,4220,4212,4191,4167,4182,4170,4200,4183
[M3.2] raw stage=A block=320 us=4217,4196,4201,4187,4199,4181,4181,4197,4187,4189,4170,4224,4203,4194,4188,4181
[M3.2] raw stage=A block=336 us=4171,4168,4137,4184,4203,4188,4182,4242,4200,4080,4094,4061,4104,4055,4085,4044
[M3.2] raw stage=A block=352 us=4130,4064,4062,4059,4067,4103,4072,4088,4104,4072,4092,4089,4095,4074,4081,4094
[M3.2] raw stage=A block=368 us=4157,4107,4095,4065,4049,4109,4113,4103,4084,4099,4102,4050,4111,4098,4112,4087
[M3.2] raw stage=A block=384 us=4124,4081,4097,4136,4176,4204,4133,4140,4164,4172,4182,4161,4141,4167,4218,4137
[M3.2] raw stage=A block=400 us=4186,4168,4152,4185,4160,4139,4174,4194,4156,4152,4160,4176,4149,4164,4172,4172
[M3.2] raw stage=A block=416 us=4189,4167,4147,4166,4160,4216,4151,4181,4178,4181,4178,4127,4192,4165,4200,4154
[M3.2] raw stage=A block=432 us=4179,4181,4225,4156,4165,4169,4164,4133,4181,4142,4181,4132,4130,4129,4166,4189
[M3.2] raw stage=A block=448 us=4224,4179,4197,4177,4159,4179,4196,4189,4170,4169,4182,4173,4174,4166,4135,4166
[M3.2] raw stage=A block=464 us=4158,4155,4177,4141,4162,4173,4139,4168,4178,4154,4212,4190,4173,4192,4189,4226
[M3.2] raw stage=A block=480 us=4206,4215,4222,4211,4165,4161,4208,4193,4192,4154,4217,4224,4189,4165,4229,4177
[M3.2] raw stage=A block=496 us=4199,4184,4214,4165,4201,4198,4191,4156,4185,4214,4175,4201,4224,4220,4162,4216
[M3.2] raw stage=A block=512 us=4225,4198,4164,4184,4183
[M3.2] voices=16 blocks=517 active_min=16 active_max=16 budget_us=5804.989 render_misses=0 cycle_misses=172 write_failures=0 timeouts=0
[M3.2] render us min=3991 avg=4169.80 p50=4178 p95=4225 p99=4243 max=4755
[M3.2] qualify stage=A category=TIGHT p99_delta=1469 max_delta=1244 p99_budget_pct=73.09 max_budget_pct=81.91
[M3.2] headroom stage=A p99_us=1561.989 worst_us=1049.989 pcm_ok=1
[M3.2] write us min=24 avg=1580.26 p50=1588 p95=1696 p99=1719 max=1732
[M3.2] cycle us min=4050 avg=5786.77 p50=5804 p95=5808 p99=5811 max=5813
[M3.2] PCM peak_L=7100 peak_R=8466 peak_mono=7072 nonzero_frames=132305 silent_blocks=0 rail_frames=0
[M3.2] stage=B mask=28 init=OK
[M3.2] raw stage=B block=0 us=4606,3782,3739,3778,3795,3797,3796,3852,3856,3848,3853,3850,3847,3847,3849,3847
[M3.2] raw stage=B block=16 us=3868,3870,3860,3854,3854,3865,3873,3874,3874,3868,3874,3874,3858,3801,3795,3801
[M3.2] raw stage=B block=32 us=3819,3814,3804,3800,3853,3853,3854,3853,3841,3844,3847,3905,3911,3911,3921,3918
[M3.2] raw stage=B block=48 us=3936,3928,3936,3938,3939,3939,3938,3939,3939,3890,3855,3856,3858,3856,3858,3856
[M3.2] raw stage=B block=64 us=3900,3929,3915,3920,3918,3908,3901,3895,3900,3900,3905,3909,3905,3912,3915,3930
[M3.2] raw stage=B block=80 us=3954,3947,3937,3931,3930,3929,3859,3854,3855,3854,3854,3847,3856,3893,3912,3911
[M3.2] raw stage=B block=96 us=3932,3922,3907,3901,3901,3900,3897,3915,3918,3918,3917,3939,4004,4003,3999,3994
[M3.2] raw stage=B block=112 us=4015,4010,3991,3910,3908,3904,3909,3909,3909,3909,3970,3972,3974,3974,3972,3970
[M3.2] raw stage=B block=128 us=3992,4010,4007,4011,4021,4020,4013,4016,4037,4050,4056,4046,4040,4038,4052,4017
[M3.2] raw stage=B block=144 us=3974,3969,3961,3963,3956,3962,3978,4022,4022,4022,4018,4001,3998,3999,3999,3998
[M3.2] raw stage=B block=160 us=4024,4025,4022,4023,4023,4037,4037,4038,4041,4041,4040,4036,3984,3962,3952,3951
[M3.2] raw stage=B block=176 us=3971,3966,3959,3990,4021,4026,4026,4024,4004,4005,4006,4004,4004,4018,4028,4031
[M3.2] raw stage=B block=192 us=4043,4040,4035,4036,4036,4038,4040,4039,4039,3966,3967,3967,3962,3958,3957,3961
[M3.2] raw stage=B block=208 us=4017,4020,4012,4010,4007,4002,4001,4007,4009,4010,4015,4015,4017,4008,4020,4041
[M3.2] raw stage=B block=224 us=4057,4051,4036,4032,4031,4008,3942,3949,3949,3949,3949,3949,3959,4016,4018,4021
[M3.2] raw stage=B block=240 us=4036,4023,4012,4008,4004,4003,4004,4015,4020,4020,4019,4030,4038,4033,4029,4032
[M3.2] raw stage=B block=256 us=4057,4050,3989,3951,3957,3956,3951,3955,3952,3977,4012,4012,4012,4011,4003,4006
[M3.2] raw stage=B block=272 us=4021,4015,4007,4013,4019,4018,4019,4021,4041,4040,4040,4040,4044,4043,4042,3967
[M3.2] raw stage=B block=288 us=3975,3964,3958,3950,3949,3949,3994,4014,4015,4016,4014,4014,4016,4013,4010,4008
[M3.2] raw stage=B block=304 us=4034,4032,4019,4013,4022,4043,4042,4042,4042,4044,4044,4031,3964,3962,3956,3961
[M3.2] raw stage=B block=320 us=3972,3971,3964,4035,4040,4041,4042,4038,4040,4043,4042,4043,4045,4054,4051,4052
[M3.2] raw stage=B block=336 us=4068,4082,4090,4079,4074,4074,4074,4075,4016,3884,3883,3883,3880,3886,3894,3907
[M3.2] raw stage=B block=352 us=3973,3972,3950,3946,3940,3939,3939,3939,3938,3943,3952,3953,3955,3954,3973,3970
[M3.2] raw stage=B block=368 us=3985,3980,3972,3968,3969,3917,3895,3886,3885,3885,3888,3890,3923,3947,3950,3952
[M3.2] raw stage=B block=384 us=3965,3956,3945,3948,3997,3997,4001,4005,4005,4005,4016,4029,4033,4031,4033,4030
[M3.2] raw stage=B block=400 us=4052,4045,3953,3944,3943,3943,3943,3944,3947,3998,4013,4017,4017,4009,3998,3993
[M3.2] raw stage=B block=416 us=4014,4008,4000,4005,4004,4005,4006,4013,4020,4024,4025,4025,4027,4025,4008,3943
[M3.2] raw stage=B block=432 us=3963,3959,3956,3950,3948,3954,4005,4006,4005,4010,4001,3996,3999,3999,4001,3997
[M3.2] raw stage=B block=448 us=4038,4032,4025,4007,4022,4025,4026,4025,4026,4024,4025,3978,3944,3944,3946,3945
[M3.2] raw stage=B block=464 us=3972,3964,3977,4009,4011,4015,4015,3995,3997,3998,4037,4040,4046,4048,4050,4049
[M3.2] raw stage=B block=480 us=4069,4081,4070,4063,4061,4062,4061,4061,3997,3988,3987,3987,3988,3988,3990,4027
[M3.2] raw stage=B block=496 us=4063,4070,4053,4046,4040,4040,4048,4043,4041,4042,4041,4042,4043,4049,4060,4055
[M3.2] raw stage=B block=512 us=4084,4085,4074,4068,4057
[M3.2] voices=16 blocks=517 active_min=16 active_max=16 budget_us=5804.989 render_misses=0 cycle_misses=71 write_failures=0 timeouts=0
[M3.2] render us min=3739 avg=3977.43 p50=3998 p95=4057 p99=4081 max=4606
[M3.2] qualify stage=B category=SAFE p99_delta=1307 max_delta=1095 p99_budget_pct=70.30 max_budget_pct=79.35
[M3.2] headroom stage=B p99_us=1723.989 worst_us=1198.989 pcm_ok=1
[M3.2] write us min=24 avg=1774.17 p50=1769 p95=1914 p99=1968 max=1975
[M3.2] cycle us min=3799 avg=5787.23 p50=5804 p95=5805 p99=5810 max=5811
[M3.2] PCM peak_L=8704 peak_R=9727 peak_mono=7500 nonzero_frames=132316 silent_blocks=0 rail_frames=0
[M3.2] stage=C mask=195 init=OK
[M3.2] raw stage=C block=0 us=5260,4448,4438,4490,4517,4509,4501,4462,4569,4542,4477,4493,4493,4472,4450,4508
[M3.2] raw stage=C block=16 us=4500,4473,4534,4462,4476,4504,4505,4575,4533,4528,4552,4544,4542,4530,4505,4515
[M3.2] raw stage=C block=32 us=4518,4555,4552,4505,4528,4506,4532,4493,4493,4495,4521,4554,4576,4536,4524,4551
[M3.2] raw stage=C block=48 us=4528,4567,4549,4547,4549,4584,4572,4563,4558,4576,4566,4561,4534,4537,4523,4544
[M3.2] raw stage=C block=64 us=4587,4533,4548,4623,4580,4541,4521,4563,4537,4584,4545,4570,4542,4507,4556,4541
[M3.2] raw stage=C block=80 us=4566,4526,4569,4561,4480,4564,4518,4530,4548,4522,4540,4582,4572,4550,4571,4570
[M3.2] raw stage=C block=96 us=4542,4556,4519,4534,4537,4521,4526,4517,4493,4531,4501,4545,4514,4533,4537,4512
[M3.2] raw stage=C block=112 us=4505,4557,4557,4526,4524,4546,4517,4502,4547,4595,4536,4523,4554,4538,4543,4540
[M3.2] raw stage=C block=128 us=4508,4549,4571,4534,4500,4545,4531,4554,4505,4566,4534,4538,4573,4501,4546,4526
[M3.2] raw stage=C block=144 us=4542,4526,4575,4532,4553,4540,4538,4567,4524,4552,4572,4572,4538,4585,4533,4541
[M3.2] raw stage=C block=160 us=4536,4521,4515,4536,4501,4506,4523,4515,4511,4506,4551,4531,4547,4537,4558,4554
[M3.2] raw stage=C block=176 us=4592,4532,4538,4509,4554,4545,4554,4540,4563,4555,4545,4549,4624,4540,4523,4544
[M3.2] raw stage=C block=192 us=4589,4547,4533,4524,4561,4543,4556,4521,4547,4577,4500,4588,4506,4538,4527,4550
[M3.2] raw stage=C block=208 us=4569,4560,4550,4563,4562,4498,4563,4494,4505,4544,4576,4521,4554,4560,4566,4588
[M3.2] raw stage=C block=224 us=4533,4521,4569,4527,4543,4539,4554,4532,4529,4544,4520,4535,4555,4515,4518,4495
[M3.2] raw stage=C block=240 us=4540,4562,4530,4542,4557,4529,4562,4536,4542,4543,4501,4509,4559,4563,4545,4597
[M3.2] raw stage=C block=256 us=4508,4593,4530,4575,4530,4574,4519,4527,4536,4485,4526,4527,4557,4537,4525,4500
[M3.2] raw stage=C block=272 us=4540,4518,4516,4539,4535,4523,4554,4560,4539,4557,4546,4558,4519,4531,4559,4515
[M3.2] raw stage=C block=288 us=4534,4535,4504,4475,4507,4525,4533,4536,4564,4511,4522,4495,4589,4527,4529,4566
[M3.2] raw stage=C block=304 us=4532,4548,4559,4520,4550,4529,4577,4503,4536,4536,4559,4532,4567,4525,4547,4550
[M3.2] raw stage=C block=320 us=4535,4522,4558,4537,4572,4542,4556,4557,4524,4522,4514,4556,4537,4528,4525,4530
[M3.2] raw stage=C block=336 us=4489,4504,4467,4541,4587,4539,4562,4559,4581,4512,4532,4509,4559,4528,4543,4502
[M3.2] raw stage=C block=352 us=4532,4487,4479,4484,4534,4539,4538,4509,4555,4532,4564,4526,4532,4517,4528,4520
[M3.2] raw stage=C block=368 us=4577,4534,4552,4524,4472,4536,4545,4535,4537,4532,4539,4521,4549,4540,4543,4515
[M3.2] raw stage=C block=384 us=4561,4518,4529,4541,4553,4556,4495,4545,4547,4533,4550,4525,4522,4541,4586,4521
[M3.2] raw stage=C block=400 us=4551,4546,4529,4547,4506,4520,4537,4544,4544,4514,4526,4510,4527,4511,4516,4563
[M3.2] raw stage=C block=416 us=4531,4544,4543,4563,4543,4560,4519,4554,4548,4564,4581,4520,4595,4534,4556,4525
[M3.2] raw stage=C block=432 us=4557,4566,4592,4547,4528,4542,4553,4521,4563,4518,4560,4525,4504,4505,4525,4561
[M3.2] raw stage=C block=448 us=4607,4550,4536,4538,4546,4542,4595,4556,4542,4565,4588,4536,4551,4551,4533,4540
[M3.2] raw stage=C block=464 us=4534,4519,4542,4510,4525,4583,4543,4534,4570,4521,4559,4552,4492,4521,4535,4563
[M3.2] raw stage=C block=480 us=4536,4509,4539,4534,4506,4491,4551,4529,4565,4526,4558,4551,4548,4503,4571,4516
[M3.2] raw stage=C block=496 us=4513,4493,4572,4520,4560,4556,4536,4533,4533,4539,4514,4526,4575,4568,4520,4568
[M3.2] raw stage=C block=512 us=4535,4541,4528,4547,4527
[M3.2] voices=16 blocks=517 active_min=16 active_max=16 budget_us=5804.989 render_misses=0 cycle_misses=172 write_failures=0 timeouts=0
[M3.2] render us min=4438 avg=4538.58 p50=4537 p95=4581 p99=4595 max=5260
[M3.2] qualify stage=C category=TIGHT p99_delta=1821 max_delta=1749 p99_budget_pct=79.16 max_budget_pct=90.61
[M3.2] headroom stage=C p99_us=1209.989 worst_us=544.989 pcm_ok=1
[M3.2] write us min=24 avg=1211.31 p50=1229 p95=1271 p99=1293 max=1314
[M3.2] cycle us min=4498 avg=5786.96 p50=5804 p95=5807 p99=5810 max=5814
[M3.2] PCM peak_L=9407 peak_R=11102 peak_mono=9708 nonzero_frames=132325 silent_blocks=0 rail_frames=0
[M3.2] stage=D mask=255 init=OK
[M3.2] raw stage=D block=0 us=6676,5888,5853,5896,5920,5940,5927,5912,5993,6043,5906,5967,5978,5963,5893,6004
[M3.2] raw stage=D block=16 us=6014,5952,5978,5975,5922,5957,6004,6051,5995,6025,6055,6013,5998,5996,5966,5909
[M3.2] raw stage=D block=32 us=5977,5984,5959,5945,5984,5963,5959,5967,5994,5962,5964,6087,6110,6062,6078,6090
[M3.2] raw stage=D block=48 us=6061,6079,6136,6095,6071,6128,6108,6078,6105,6107,6048,6041,6090,6037,6006,6021
[M3.2] raw stage=D block=64 us=6133,6056,6060,6170,6097,6018,6061,6123,6005,6082,6088,6141,6051,6103,6119,6082
[M3.2] raw stage=D block=80 us=6164,6123,6136,6084,6042,6135,5949,6008,6023,5966,6015,6041,6058,5992,6109,6114
[M3.2] raw stage=D block=96 us=6110,6090,6073,6046,6015,6053,6085,6013,6017,6047,6041,6062,6153,6206,6101,6116
[M3.2] raw stage=D block=112 us=6175,6159,6163,6091,6089,6031,6065,6061,6048,6112,6154,6166,6095,6146,6136,6099
[M3.2] raw stage=D block=128 us=6108,6181,6183,6124,6156,6220,6111,6182,6225,6210,6170,6214,6244,6208,6186,6171
[M3.2] raw stage=D block=144 us=6139,6082,6153,6141,6093,6113,6133,6178,6149,6210,6221,6133,6180,6218,6139,6158
[M3.2] raw stage=D block=160 us=6192,6176,6112,6179,6157,6146,6150,6190,6205,6156,6231,6221,6133,6156,6166,6148
[M3.2] raw stage=D block=176 us=6150,6100,6108,6119,6172,6172,6156,6127,6208,6203,6126,6194,6273,6179,6157,6219
[M3.2] raw stage=D block=192 us=6262,6164,6215,6206,6172,6216,6219,6170,6148,6155,6097,6115,6110,6175,6102,6091
[M3.2] raw stage=D block=208 us=6197,6193,6168,6155,6219,6101,6153,6171,6125,6101,6165,6173,6168,6148,6199,6229
[M3.2] raw stage=D block=224 us=6155,6214,6249,6164,6159,6152,6131,6029,6102,6131,6082,6133,6157,6169,6123,6154
[M3.2] raw stage=D block=240 us=6216,6159,6131,6175,6124,6094,6178,6177,6127,6158,6148,6114,6205,6240,6191,6222
[M3.2] raw stage=D block=256 us=6172,6254,6101,6116,6135,6174,6043,6067,6131,6032,6157,6185,6161,6169,6172,6160
[M3.2] raw stage=D block=272 us=6131,6162,6112,6129,6149,6167,6170,6129,6177,6227,6164,6175,6209,6195,6171,6145
[M3.2] raw stage=D block=288 us=6128,6096,6050,6099,6081,6063,6126,6169,6131,6121,6149,6130,6156,6205,6176,6166
[M3.2] raw stage=D block=304 us=6175,6243,6180,6116,6231,6182,6184,6168,6205,6145,6196,6205,6174,6062,6129,6148
[M3.2] raw stage=D block=320 us=6099,6123,6146,6193,6201,6183,6225,6156,6163,6208,6178,6170,6217,6289,6145,6194
[M3.2] raw stage=D block=336 us=6226,6193,6172,6250,6258,6203,6221,6310,6170,6014,6030,6036,6022,6019,6065,5986
[M3.2] raw stage=D block=352 us=6132,6090,6099,6022,6104,6088,6043,6081,6132,6074,6075,6112,6172,6074,6115,6162
[M3.2] raw stage=D block=368 us=6178,6147,6150,6142,6048,6073,6069,6026,6026,6052,6064,6001,6103,6155,6092,6088
[M3.2] raw stage=D block=384 us=6148,6085,6058,6117,6210,6175,6146,6183,6169,6135,6190,6229,6143,6201,6254,6154
[M3.2] raw stage=D block=400 us=6214,6236,6109,6096,6127,6106,6089,6140,6122,6180,6115,6206,6223,6142,6144,6169
[M3.2] raw stage=D block=416 us=6167,6117,6164,6202,6142,6193,6171,6186,6165,6197,6243,6121,6238,6204,6200,6089
[M3.2] raw stage=D block=432 us=6137,6135,6110,6170,6143,6108,6142,6164,6210,6107,6207,6171,6111,6135,6177,6181
[M3.2] raw stage=D block=448 us=6181,6190,6215,6145,6184,6220,6252,6191,6248,6278,6178,6134,6147,6140,6061,6119
[M3.2] raw stage=D block=464 us=6110,6077,6152,6199,6129,6187,6169,6181,6132,6112,6243,6173,6158,6199,6212,6199
[M3.2] raw stage=D block=480 us=6283,6267,6184,6223,6206,6203,6192,6222,6169,6085,6168,6192,6156,6105,6202,6227
[M3.2] raw stage=D block=496 us=6144,6179,6239,6163,6184,6206,6216,6122,6177,6265,6147,6196,6286,6268,6149,6245
[M3.2] raw stage=D block=512 us=6252,6202,6183,6249,6208
[M3.2] voices=16 blocks=517 active_min=16 active_max=16 budget_us=5804.989 render_misses=517 cycle_misses=517 write_failures=0 timeouts=0
[M3.2] render us min=5853 avg=6131.48 p50=6145 p95=6240 p99=6278 max=6676
[M3.2] qualify stage=D category=FAIL p99_delta=3504 max_delta=3165 p99_budget_pct=108.15 max_budget_pct=115.00
[M3.2] headroom stage=D p99_us=-473.011 worst_us=-871.011 pcm_ok=1
[M3.2] write us min=25 avg=28.73 p50=27 p95=36 p99=40 max=57
[M3.2] cycle us min=5915 avg=6196.78 p50=6210 p95=6305 p99=6343 max=6776
[M3.2] PCM peak_L=13357 peak_R=15677 peak_mono=13079 nonzero_frames=132336 silent_blocks=0 rail_frames=0
[M3.2] DMA underrun/starvation metric unavailable: I2S TX sent/queue-overflow events do not reliably identify playback starvation.
[M3.2] write=ESP_OK drain_errors=0 shutdown=ESP_OK result=FAIL (PCM/render timing + transport API only; audible unverified)
[MEM] after shutdown PSRAM total=33554432 free=32744116 largest=32505844 internal_free=470096
