ESP-ROM:esp32p4-eco2-20240710
Build:Jul 10 2024
rst:0x17 (CHIP_USB_UART_RESET),boot:0x30c (SPI_FAST_FLASH_BOOT)
Core0 Saved PC:0x40004482
Core1 Saved PC:0x4ff02cca
SPI mode:DIO, clock div:1
load:0x4ff33ce0,len:0x11dc
load:0x4ff29ed0,len:0xccc
load:0x4ff2cbd0,len:0x3568
entry 0x4ff29ed0
[M41 SELECT] send L for 60-second NativeDirty run, otherwise short reference/alternatives/transitions; selection window 5 seconds
[MEM] M41 before display PSRAM total=33554432 free=33551856 largest=33030132 internal_free=521728
[M41] display_begin=ESP_OK pipeline=NativeQueued fence=2 CPU_MHz=360 init_core=0 native_fbs=3 logical_fbs=0
[MEM] M41 after display PSRAM total=33554432 free=31247280 largest=30932980 internal_free=520192
[M41] touch=ESP_OK address=0x5d id=911
[MEM] M41 after touch PSRAM total=33554432 free=31246012 largest=30932980 internal_free=519996
PSRAM PRE DELAY: 31246012
PSRAM POST DELAY: 30885556
[MEM] M41 after Delay PSRAM total=33554432 free=30885556 largest=30408692 internal_free=519996
[AUDIO] I2C init OK
[AUDIO] ES8311 found at 0x18
[AUDIO] I2S init 44100/16 OK, MCLK=11289600 Hz
[AUDIO] ES8311 playback configured (capture serial port disabled)
[AUDIO] PA GPIO11 enabled
[M41] audio_begin=ESP_OK shared_bus_unchanged=1 voices=16 Delay=88200 rate=44100 frames=256
[MEM] M41 tasks transport and capture storage live PSRAM total=33554432 free=30843520 largest=30408692 internal_free=514424
[M41 READY] LONG 60 seconds: touch four corners, center, drag and rapid taps audio starts after this message; no serial output until stopped
[MEM] M41 after stress before audio shutdown PSRAM total=33554432 free=30843520 largest=30408692 internal_free=505856
[M41] phase=17 name=LONG_LIGHT audio_core=0 audio_priority=24 ui_core=0 ui_priority=2 touch_core=1 touch_priority=3 window_s=59.984103
[M41] blocks=10336 active_min=16 active_max=16 render_misses=0 write_errors=0 timeouts=0 nonzero=2644708 silent=0 rails=0 peak_L=4757 peak_R=6074
[M41] raw phase=17 block=0 us=3920,3128,3084,3149,3143,3161,3153,3844,3947,3922,3919,3960,3913,3973,3909,3917
[M41] raw phase=17 block=16 us=3906,3929,3922,3927,3944,3867,3939,3961,3682,3907,3912,3902,3891,3921,3968,3912
[M41] raw phase=17 block=32 us=3985,3918,3911,3956,3931,3924,3847,3968,3921,3919,3950,3918,3954,3912,3924,3936
[M41] raw phase=17 block=48 us=3710,3948,3521,3192,3155,3162,3970,3424,3191,3155,3164,3160,3930,3540,3174,3166
[M41] raw phase=17 block=64 us=3153,3851,3896,3352,3178,3154,3178,3955,3407,3186,3158,3170,3159,3930,3528,3172
[M41] raw phase=17 block=80 us=3161,3153,3526,3938,3374,3165,3162,3181,3943,3482,3178,3156,3168,3160,3986,3465
[M41] raw phase=17 block=96 us=3167,3153,3157,3169,3924,3512,3167,3156,3167,3945,3691,3192,3166,3155,3161,3985
[M41] raw phase=17 block=112 us=3400,3188,3154,3157,3159,3931,3540,3168,3169,3156,3878,3926,3344,3175,3152,3161
[M41] raw phase=17 block=128 us=3962,3405,3179,3155,3162,3166,3934,3512,3173,3165,3161,3582,3948,3388,3175,3155
[M41] raw phase=17 block=144 us=3172,3935,3836,3257,3159,3170,3163,4011,3438,3175,3172,3158,3166,3915,3539,3176
[M41] raw phase=17 block=160 us=3155,3165,3300,3968,3436,3161,3163,3165,3978,3456,3169,3154,3155,3169,3930,3616
[M41] raw phase=17 block=176 us=3167,3150,3156,3157,3951,3551,3181,3164,3163,3729,3920,3446,3161,3156,3165,3936
[M41] raw phase=17 block=192 us=3533,3161,3161,3161,3153,3957,3513,3176,3163,3167,3154,3924,3529,3170,3163,3161
[M41] raw phase=17 block=208 us=3887,3918,3375,3171,3156,3167,3929,3507,3190,3157,3165,3153,3923,3558,3176,3170
[M41] raw phase=17 block=224 us=3160,3167,3921,3539,3169,3153,3170,3643,3947,3365,3156,3174,3164,3964,3528,3158
[M41] raw phase=17 block=240 us=3154,3167,3163,3922,3553,3160,3163,3172,3162,3961,3507,3172,3152,3152,3887,3838
[M41] raw phase=17 block=256 us=3356,3162,3163,3157,3925,3552,3166,3165,3161,3155,3952,3524,3178,3152,3152,3156
[M41] raw phase=17 block=272 us=3929,3519,3163,3169,3157,3933,3826,3213,3175,3164,3171,3927,3505,3187,3157,3175
[M41] raw phase=17 block=288 us=3155,3925,3556,3161,3173,3153,3466,3946,3460,3183,3163,3165,3829,3880,3329,3163
[M41] raw phase=17 block=304 us=3176,3155,3957,3507,3172,3165,3158,3177,3948,3533,3167,3165,3165,3170,3973,3487
[M41] raw phase=17 block=320 us=3172,3162,3159,3976,3772,3227,3157,3156,3176,3921,3543,3166,3156,3165,3153,3975
[M41] raw phase=17 block=336 us=3504,3181,3163,3155,3447,3933,3415,3172,3157,3151,3928,3578,3161,3166,3149,3150
[M41] raw phase=17 block=352 us=3967,3510,3197,3157,3161,3151,3927,3542,3160,3165,3150,3784,3954,3369,3180,3149
[M41] raw phase=17 block=368 us=3166,3927,3546,3180,3156,3163,3158,3935,3521,3161,3167,3151,3166,3921,3536,3161
[M41] raw phase=17 block=384 us=3154,3169,3515,3995,3330,3158,3170,3159,3978,3498,3162,3170,3157,3166,3938,3561
[M41] raw phase=17 block=400 us=3174,3159,3156,3156,3982,3465,3175,3156,3155,3794,3913,3347,3161,3158,3161,3935
[M41] raw phase=17 block=416 us=3563,3169,3179,3157,3154,3969,3517,3193,3155,3153,3161,3943,3482,3170,3166,3166
[M41] raw phase=17 block=432 us=3900,3946,3244,3175,3164,3156,3935,3518,3193,3161,3167,3152,3943,3473,3163,3170
[M41] raw phase=17 block=448 us=3153,3292,3949,3380,3183,3158,3164,3799,3935,3345,3172,3168,3158,3981,3471,3164
[M41] raw phase=17 block=464 us=3161,3161,3176,3949,3408,3166,3156,3166,3165,3974,3446,3171,3157,3161,3959,3785
[M41] raw phase=17 block=480 us=3320,3170,3166,3174,3935,3467,3171,3161,3159,3159,3966,3463,3199,3156,3153,3290
[M41] raw phase=17 block=496 us=3943,3500,3162,3166,3155,3929,3652,3181,3169,3155,3163,3972,3423,3183,3155,3168
[M41] raw phase=17 block=512 us=3158,3932,3523,3165,3173,3103,3681,3878,3378,3184,3152,3182,3926,3742,3251,3164
[M41] raw phase=17 block=528 us=3183,3163,3950,3466,3176,3183,3153,3162,3918,3518,3178,3159,3169,3349,3968,3411
[M41] raw phase=17 block=544 us=3175,3167,3162,3973,3439,3177,3155,3159,3164,3916,3548,3175,3157,3152,3153,3962
[M41] raw phase=17 block=560 us=3529,3197,3155,3162,3733,3887,3422,3162,3153,3164,3923,3506,3174,3166,3163,3153
[M41] raw phase=17 block=576 us=3959,3521,3192,3155,3160,3154,3924,3563,3167,3172,3160,3877,3930,3355,3191,3162
[M41] raw phase=17 block=592 us=3170,3941,3553,3196,3158,3161,3152,3926,3606,3170,3166,3163,3178,3916,3496,3190
[M41] raw phase=17 block=608 us=3162,3163,3649,3922,3367,3168,3169,3161,3964,3495,3170,3163,3163,3168,3918,3540
[M41] raw phase=17 block=624 us=3169,3157,3179,3154,3957,3465,3178,3161,3159,3892,3887,3349,3166,3162,3155,3919
[M41] raw phase=17 block=640 us=3540,3177,3158,3163,3158,3953,3538,3188,3152,3151,3184,3930,3522,3168,3166,3158
[M41] raw phase=17 block=656 us=3930,3762,3216,3167,3157,3157,3945,3501,3177,3155,3161,3164,3930,3561,3184,3169
[M41] raw phase=17 block=672 us=3164,3464,3954,3424,3189,3167,3165,3851,3871,3304,3163,3172,3157,3959,3489,3174
[M41] raw phase=17 block=688 us=3176,3152,3160,3924,3539,3156,3158,3163,3182,3958,3475,3158,3164,3151,3964,3736
[M41] raw phase=17 block=704 us=3210,3153,3146,3160,3916,3542,3156,3158,3151,3156,3961,3463,3176,3154,3156,3520
[M41] raw phase=17 block=720 us=3940,3405,3158,3154,3150,3911,3562,3162,3170,3150,3152,3962,3522,3188,3156,3160
[M41] raw phase=17 block=736 us=3154,3933,3599,3165,3169,3156,3851,3950,3389,3183,3159,3168,3934,3500,3193,3161
[M41] raw phase=17 block=752 us=3171,3153,3938,3524,3161,3169,3157,3175,3920,3510,3171,3152,3177,3522,3968,3355
[M41] raw phase=17 block=768 us=3174,3172,3157,3963,3512,3174,3166,3157,3177,3937,3534,3172,3152,3163,3157,3973
[M41] raw phase=17 block=784 us=3471,3180,3155,3158,3863,3882,3368,3170,3158,3156,3932,3539,3176,3168,3155,3154
[M41] raw phase=17 block=800 us=3961,3467,3192,3161,3155,3163,3944,3415,3170,3169,3164,3896,3901,3244,3172,3164
[M41] raw phase=17 block=816 us=3154,3940,3464,3184,3152,3166,3157,3943,3461,3188,3177,3161,3322,3940,3396,3194
[M41] raw phase=17 block=832 us=3156,3162,3818,3861,3370,3167,3165,3161,3975,3436,3182,3154,3152,3169,3942,3421
[M41] raw phase=17 block=848 us=3167,3155,3169,3164,3957,3492,3168,3161,3163,3961,3826,3273,3159,3162,3170,3948
[M41] raw phase=17 block=864 us=3452,3171,3158,3154,3164,3973,3478,3200,3168,3158,3326,3938,3417,3168,3157,3156
[M41] raw phase=17 block=880 us=3933,3545,3180,3165,3159,3159,3978,3900,3985,3902,3967,3923,3902,3961,3931,3759
[M41] raw phase=17 block=896 us=3854,3934,3883,3908,3960,3922,3974,3928,3923,3970,3930,3981,3860,3880,3934,3927
[M41] raw phase=17 block=912 us=3970,3926,3970,3931,3932,3948,3936,3566,3938,3516,3170,3951,3503,3172,3161,3152
[M41] raw phase=17 block=928 us=3165,3956,3540,3191,3154,3179,3886,3884,3382,3179,3169,3170,3967,3433,3180,3167
[M41] raw phase=17 block=944 us=3156,3169,3951,3532,3179,3163,3164,3648,3953,3363,3175,3168,3157,4002,3423,3180
[M41] raw phase=17 block=960 us=3158,3154,3170,3932,3510,3180,3155,3158,3188,3992,3426,3182,3156,3151,3983,3665
[M41] raw phase=17 block=976 us=3201,3159,3154,3166,3946,3503,3168,3163,3153,3161,3974,3539,3194,3154,3161,3932
[M41] raw phase=17 block=992 us=3860,3338,3161,3171,3166,3946,3499,3176,3176,3158,3170,3931,3544,3194,3154,3166
[M41] raw phase=17 block=1008 us=3716,3928,3436,3165,3170,3166,3976,3429,3182,3170,3156,3176,3925,3493,3181,3157
[M41] raw phase=17 block=1024 us=3170,3271,3969,3447,3166,3153,3163,3988,3603,3220,3096,3096,3112,3924,3423,3167
[M41] raw phase=17 block=1040 us=3155,3158,3156,3973,3497,3177,3154,3150,3935,3863,3310,3166,3149,3157,3937,3474
[M41] raw phase=17 block=1056 us=3168,3160,3147,3158,3964,3512,3181,3153,3167,3719,3905,3424,3168,3158,3161,3942
[M41] raw phase=17 block=1072 us=3474,3168,3162,3150,3167,3934,3453,3166,3149,3165,3347,3947,3435,3170,3166,3164
[M41] raw phase=17 block=1088 us=3977,3559,3175,3159,3163,3168,3945,3493,3171,3159,3161,3160,3968,3553,3175,3153
[M41] raw phase=17 block=1104 us=3155,3963,3830,3321,3168,3155,3170,3945,3456,3179,3169,3158,3163,3963,3542,3179
[M41] raw phase=17 block=1120 us=3156,3158,3863,3889,3370,3169,3165,3163,3944,3474,3167,3164,3158,3168,3972,3469
[M41] raw phase=17 block=1136 us=3196,3157,3174,3454,3935,3515,3171,3167,3154,3957,3564,3177,3165,3163,3168,3942
[M41] raw phase=17 block=1152 us=3481,3190,3164,3168,3152,3973,3530,3181,3167,3153,3964,3815,3293,3163,3157,3174
[M41] raw phase=17 block=1168 us=3942,3506,3173,3154,3157,3162,3965,3519,3175,3153,3154,3849,3885,3382,3165,3160
[M41] raw phase=17 block=1184 us=3170,3949,3480,3171,3164,3154,3165,3969,3458,3191,3157,3160,3470,3937,3415,3157
[M41] raw phase=17 block=1200 us=3171,3155,3941,3492,3177,3172,3158,3169,3935,3497,3195,3153,3167,3155,3915,3504
[M41] raw phase=17 block=1216 us=3166,3176,3158,3977,3663,3222,3166,3156,3171,3945,3460,3170,3157,3165,3157,3976
[M41] raw phase=17 block=1232 us=3529,3162,3157,3165,3900,3912,3409,3158,3155,3179,3947,3415,3175,3157,3161,3159
[M41] raw phase=17 block=1248 us=3982,3496,3188,3163,3154,3587,3928,3431,3172,3158,3153,3947,3454,3180,3169,3157
[M41] raw phase=17 block=1264 us=3166,3971,3450,3198,3158,3167,3154,3922,3556,3163,3162,3154,3795,3882,3364,3172
[M41] raw phase=17 block=1280 us=3162,3177,3952,3466,3173,3154,3166,3167,3955,3542,3174,3165,3166,3165,3921,3555
[M41] raw phase=17 block=1296 us=3165,3165,3172,3539,3964,3445,3172,3166,3161,3968,3500,3164,3153,3154,3168,3930
[M41] raw phase=17 block=1312 us=3531,3182,3161,3156,3155,3969,3499,3187,3153,3163,3825,3911,3435,3166,3158,3154
[M41] raw phase=17 block=1328 us=3913,3569,3166,3171,3156,3161,3957,3537,3186,3157,3169,3157,3917,3558,3167,3165
[M41] raw phase=17 block=1344 us=3163,3944,3870,3314,3173,3160,3168,3920,3520,3182,3163,3170,3155,3930,3561,3187
[M41] raw phase=17 block=1360 us=3166,3158,3291,3942,3466,3189,3154,3164,3756,3883,3366,3159,3177,3163,3956,3530
[M41] raw phase=17 block=1376 us=3164,3159,3164,3165,3926,3536,3162,3150,3158,3151,3956,3513,3157,3149,3156,3928
[M41] raw phase=17 block=1392 us=3858,3351,3158,3166,3161,3918,3521,3158,3157,3154,3150,3953,3489,3193,3151,3151
[M41] raw phase=17 block=1408 us=3248,3945,3468,3156,3167,3152,3916,3728,3170,3165,3158,3167,3960,3522,3181,3149
[M41] raw phase=17 block=1424 us=3160,3155,3928,3599,3169,3171,3155,3558,3961,3365,3173,3162,3172,3915,3864,3301
[M41] raw phase=17 block=1440 us=3164,3172,3156,3981,3511,3163,3172,3156,3165,3933,3493,3177,3169,3172,3272,3985
[M41] raw phase=17 block=1456 us=3420,3168,3174,3155,3978,3478,3174,3155,3160,3166,3933,3569,3160,3164,3153,3155
[M41] raw phase=17 block=1472 us=3979,3519,3188,3163,3157,3670,3938,3416,3155,3156,3163,3941,3574,3173,3172,3163
[M41] raw phase=17 block=1488 us=3154,3979,3530,3180,3168,3157,3159,3937,3575,3180,3175,3155,3855,3873,3298,3174
[M41] raw phase=17 block=1504 us=3160,3166,3936,3516,3190,3166,3171,3156,3935,3553,3175,3167,3156,3171,3944,3455
[M41] raw phase=17 block=1520 us=3167,3153,3163,3609,3977,3307,3173,3165,3168,3991,3525,3167,3163,3161,3164,3930
[M41] raw phase=17 block=1536 us=3534,3170,3164,3163,3154,3983,3399,3176,3154,3160,3889,3917,3356,3176,3157,3108
[M41] raw phase=17 block=1552 us=3879,3450,3156,3162,3154,3154,3978,3458,3178,3168,3165,3175,3933,3445,3183,3167
[M41] raw phase=17 block=1568 us=3155,3928,3809,3229,3178,3161,3166,3948,3465,3174,3156,3179,3167,3933,3418,3177
[M41] raw phase=17 block=1584 us=3162,3157,3452,3932,3365,3179,3164,3165,3864,3875,3303,3176,3170,3160,3960,3396
[M41] raw phase=17 block=1600 us=3181,3168,3155,3169,3946,3449,3173,3156,3173,3169,3961,3491,3167,3157,3159,3961
[M41] raw phase=17 block=1616 us=3718,3189,3161,3156,3177,3944,3412,3172,3159,3156,3164,3977,3496,3180,3156,3160
[M41] raw phase=17 block=1632 us=3526,3939,3423,3169,3163,3161,3932,3408,3169,3172,3157,3160,3957,3458,3198,3156
[M41] raw phase=17 block=1648 us=3165,3151,3928,3556,3163,3165,3156,3825,3923,3363,3180,3154,3170,3931,3459,3183
[M41] raw phase=17 block=1664 us=3155,3167,3151,3918,3528,3172,3164,3160,3170,3921,3513,3177,3158,3177,3521,3987
[M41] raw phase=17 block=1680 us=3416,3160,3174,3158,3951,3456,3174,3161,3157,3167,3938,3577,3177,3157,3175,3154
[M41] raw phase=17 block=1696 us=3960,3537,3172,3154,3163,3858,3914,3417,3164,3160,3156,3913,3551,3167,3170,3154
[M41] raw phase=17 block=1712 us=3157,3960,3555,3189,3160,3161,3161,3923,3616,3172,3170,3152,3903,3877,3304,3169
[M41] raw phase=17 block=1728 us=3155,3149,3916,3505,3173,3157,3173,3149,3915,3514,3175,3157,3152,3288,3934,3438
[M41] raw phase=17 block=1744 us=3171,3152,3157,3798,3919,3342,3157,3168,3156,3950,3508,3167,3151,3156,3161,3918
[M41] raw phase=17 block=1760 us=3893,3906,3909,3958,3923,3979,3927,3900,3760,3929,3926,3868,3973,3926,3927,3965
[M41] raw phase=17 block=1776 us=3925,3972,3927,3942,3947,3906,3744,3922,3955,3942,3927,3952,3937,3965,3925,3921
[M41] raw phase=17 block=1792 us=3666,3930,3494,3167,3165,3159,3933,3554,3176,3167,3155,3925,3883,3340,3177,3156
[M41] raw phase=17 block=1808 us=3182,3949,3455,3164,3155,3172,3157,3964,3485,3162,3156,3157,3672,3918,3412,3162
[M41] raw phase=17 block=1824 us=3162,3172,3947,3428,3183,3159,3157,3169,3979,3449,3185,3154,3164,3236,3940,3455
[M41] raw phase=17 block=1840 us=3168,3165,3157,3939,3666,3189,3175,3153,3164,3990,3468,3197,3157,3166,3160,3939
[M41] raw phase=17 block=1856 us=3565,3175,3171,3157,3935,3900,3306,3181,3153,3179,3949,3436,3184,3158,3168,3163
[M41] raw phase=17 block=1872 us=3936,3539,3171,3166,3154,3834,3858,3383,3164,3155,3179,3936,3458,3168,3156,3172
[M41] raw phase=17 block=1888 us=3165,3980,3473,3175,3166,3156,3357,3935,3463,3171,3156,3164,3936,3638,3186,3155
[M41] raw phase=17 block=1904 us=3155,3166,4002,3454,3203,3153,3155,3162,3938,3588,3169,3165,3154,3945,3882,3273
[M41] raw phase=17 block=1920 us=3168,3155,3165,3978,3426,3193,3156,3162,3168,3946,3568,3169,3166,3163,3810,3900
[M41] raw phase=17 block=1936 us=3371,3181,3171,3173,3942,3440,3182,3154,3164,3164,3995,3464,3186,3172,3156,3475
[M41] raw phase=17 block=1952 us=3931,3451,3168,3155,3172,3946,3553,3190,3156,3156,3162,4003,3457,3183,3157,3155
[M41] raw phase=17 block=1968 us=3161,3946,3611,3175,3157,3158,3942,3756,3216,3166,3152,3173,3976,3426,3195,3154
[M41] raw phase=17 block=1984 us=3154,3159,3933,3578,3171,3169,3158,3858,3958,3360,3184,3161,3175,3952,3432,3188
[M41] raw phase=17 block=2000 us=3161,3171,3164,3948,3517,3178,3168,3155,3490,3918,3452,3187,3155,3168,3944,3499
[M41] raw phase=17 block=2016 us=3168,3156,3166,3163,3990,3468,3178,3157,3159,3164,3935,3520,3162,3159,3163,3934
[M41] raw phase=17 block=2032 us=3781,3218,3168,3159,3175,3992,3449,3204,3157,3164,3171,3937,3587,3164,3163,3154
[M41] raw phase=17 block=2048 us=3886,3937,3364,3187,3155,3163,3989,3386,3201,3154,3166,3159,3938,3546,3181,3171
[M41] raw phase=17 block=2064 us=3154,3564,3949,3391,3121,3091,3102,3910,3477,3184,3150,3158,3157,3937,3497,3178
[M41] raw phase=17 block=2080 us=3159,3146,3179,3925,3470,3160,3150,3166,3930,3713,3183,3149,3165,3162,3976,3432
[M41] raw phase=17 block=2096 us=3170,3158,3152,3167,3931,3570,3163,3152,3160,3890,3882,3305,3162,3152,3159,3981
[M41] raw phase=17 block=2112 us=3444,3186,3153,3154,3160,3931,3525,3170,3163,3158,3626,3980,3373,3175,3155,3153
[M41] raw phase=17 block=2128 us=3966,3473,3184,3155,3166,3167,3941,3557,3176,3166,3160,3268,3943,3474,3185,3157
[M41] raw phase=17 block=2144 us=3168,3945,3659,3189,3156,3165,3164,4010,3432,3176,3183,3157,3170,3930,3507,3165
[M41] raw phase=17 block=2160 us=3155,3168,3911,3914,3312,3161,3157,3165,3983,3405,3179,3157,3159,3169,3931,3517
[M41] raw phase=17 block=2176 us=3165,3156,3156,3705,3968,3361,3177,3157,3169,3976,3426,3194,3155,3155,3160,3944
[M41] raw phase=17 block=2192 us=3510,3174,3167,3163,3269,3967,3447,3179,3162,3166,3936,3618,3206,3171,3170,3160
[M41] raw phase=17 block=2208 us=3945,3471,3179,3169,3160,3169,3945,3551,3196,3156,3170,3941,3816,3305,3169,3162
[M41] raw phase=17 block=2224 us=3162,3965,3430,3180,3161,3155,3171,3941,3555,3166,3156,3165,3833,3931,3341,3169
[M41] raw phase=17 block=2240 us=3156,3168,3979,3450,3187,3160,3161,3170,3923,3520,3180,3166,3153,3345,3985,3404
[M41] raw phase=17 block=2256 us=3181,3152,3155,3977,3585,3204,3157,3165,3162,3939,3517,3172,3165,3155,3160,3969
[M41] raw phase=17 block=2272 us=3544,3183,3156,3163,3937,3815,3290,3163,3165,3172,3948,3462,3171,3169,3154,3179
[M41] raw phase=17 block=2288 us=3932,3601,3166,3153,3172,3858,3924,3367,3164,3169,3167,3985,3451,3182,3165,3156
[M41] raw phase=17 block=2304 us=3171,3934,3522,3168,3154,3168,3416,3967,3377,3167,3160,3162,3983,3486,3200,3153
[M41] raw phase=17 block=2320 us=3154,3164,3938,3514,3182,3164,3155,3153,3968,3516,3172,3156,3161,3982,3701,3258
[M41] raw phase=17 block=2336 us=3159,3165,3169,3950,3457,3170,3169,3154,3159,3958,3531,3186,3152,3169,3862,3912
[M41] raw phase=17 block=2352 us=3355,3177,3173,3164,4001,3422,3167,3172,3154,3173,3933,3517,3177,3160,3167,3504
[M41] raw phase=17 block=2368 us=3984,3394,3173,3164,3159,3986,3463,3177,3154,3158,3173,3944,3500,3166,3161,3152
[M41] raw phase=17 block=2384 us=3150,3953,3509,3180,3153,3158,3685,3920,3404,3167,3156,3171,3947,3499,3179,3168
[M41] raw phase=17 block=2400 us=3161,3159,3972,3530,3189,3159,3155,3156,3928,3584,3177,3171,3159,3901,3953,3341
[M41] raw phase=17 block=2416 us=3170,3153,3170,3929,3482,3197,3152,3159,3151,3907,3534,3166,3161,3150,3160,3914
[M41] raw phase=17 block=2432 us=3505,3165,3151,3168,3621,3951,3387,3161,3158,3158,3958,3493,3168,3151,3154,3160
[M41] raw phase=17 block=2448 us=3912,3569,3158,3157,3170,3152,3960,3503,3160,3148,3159,3923,3878,3373,3162,3153
[M41] raw phase=17 block=2464 us=3157,3931,3515,3174,3166,3163,3158,3964,3497,3184,3156,3160,3156,3925,3525,3169
[M41] raw phase=17 block=2480 us=3160,3154,3907,3876,3225,3171,3165,3168,3938,3551,3190,3154,3177,3155,3922,3594
[M41] raw phase=17 block=2496 us=3179,3174,3156,3457,3945,3460,3188,3152,3171,3855,3915,3329,3169,3173,3159,3966
[M41] raw phase=17 block=2512 us=3485,3178,3163,3162,3165,3933,3507,3171,3157,3165,3166,3972,3480,3161,3165,3156
[M41] raw phase=17 block=2528 us=3968,3736,3250,3165,3168,3175,3924,3504,3176,3158,3163,3155,3974,3514,3188,3169
[M41] raw phase=17 block=2544 us=3155,3423,3953,3406,3166,3167,3161,3922,3553,3165,3174,3151,3157,3954,3551,3196
[M41] raw phase=17 block=2560 us=3159,3164,3159,3946,3566,3164,3174,3153,3718,3927,3389,3181,3160,3163,3922,3498
[M41] raw phase=17 block=2576 us=3186,3157,3165,3165,3953,3518,3174,3172,3154,3109,3882,3426,3151,3161,3178,3465
[M41] raw phase=17 block=2592 us=3979,3416,3169,3176,3160,3970,3512,3167,3169,3154,3166,3936,3527,3173,3163,3160
[M41] raw phase=17 block=2608 us=3159,3959,3539,3172,3152,3157,3805,3877,3356,3160,3162,3157,3935,3531,3166,3177
[M41] raw phase=17 block=2624 us=3155,3157,3964,3573,3194,3151,3157,3155,3932,3949,3914,3958,3918,3916,3991,3913
[M41] raw phase=17 block=2640 us=3971,3776,3915,3907,3874,3959,3939,3964,3926,3918,3949,3917,3959,3923,3946,3865
[M41] raw phase=17 block=2656 us=3920,4001,3921,3966,3941,3929,3937,3922,3954,3602,3963,3491,3162,3461,3934,3405
[M41] raw phase=17 block=2672 us=3175,3163,3160,3934,3490,3201,3172,3156,3162,3968,3460,3197,3158,3163,3153,3917
[M41] raw phase=17 block=2688 us=3549,3162,3171,3159,3940,3766,3212,3166,3152,3179,3942,3448,3189,3156,3171,3167
[M41] raw phase=17 block=2704 us=3959,3576,3177,3168,3154,3936,3899,3376,3166,3153,3178,3950,3449,3170,3159,3161
[M41] raw phase=17 block=2720 us=3160,3964,3459,3189,3158,3157,3568,3936,3428,3167,3159,3154,3944,3468,3175,3174
[M41] raw phase=17 block=2736 us=3155,3164,3962,3495,3186,3158,3159,3175,3927,3486,3164,3167,3154,3924,3744,3191
[M41] raw phase=17 block=2752 us=3172,3157,3177,3961,3441,3180,3150,3169,3158,3930,3540,3156,3166,3152,3906,3818
[M41] raw phase=17 block=2768 us=3321,3179,3154,3166,3936,3449,3178,3151,3159,3157,3956,3507,3152,3157,3147,3689
[M41] raw phase=17 block=2784 us=3918,3383,3158,3154,3159,3932,3472,3163,3149,3151,3159,3960,3472,3190,3150,3154
[M41] raw phase=17 block=2800 us=3244,3917,3455,3161,3158,3159,3933,3648,3192,3167,3169,3161,3964,3443,3190,3163
[M41] raw phase=17 block=2816 us=3153,3160,3934,3584,3169,3164,3151,3912,3893,3334,3170,3154,3169,3944,3467,3193
[M41] raw phase=17 block=2832 us=3156,3165,3160,3926,3530,3169,3167,3155,3800,3914,3384,3174,3160,3180,3949,3470
[M41] raw phase=17 block=2848 us=3171,3154,3168,3166,3971,3474,3182,3153,3162,3367,3921,3521,3157,3165,3168,3942
[M41] raw phase=17 block=2864 us=3708,3178,3157,3154,3162,3986,3470,3181,3153,3157,3161,3951,3590,3178,3170,3155
[M41] raw phase=17 block=2880 us=3924,3891,3329,3174,3153,3166,3977,3418,3180,3156,3168,3158,3927,3573,3165,3173
[M41] raw phase=17 block=2896 us=3155,3801,3893,3386,3180,3156,3181,3947,3405,3175,3160,3173,3163,3950,3470,3167
[M41] raw phase=17 block=2912 us=3164,3155,3442,3933,3468,3165,3164,3171,3933,3603,3180,3159,3163,3167,3985,3440
[M41] raw phase=17 block=2928 us=3186,3155,3156,3168,3940,3615,3165,3153,3153,3936,3846,3262,3172,3157,3167,3985
[M41] raw phase=17 block=2944 us=3391,3189,3162,3160,3159,3930,3554,3175,3165,3156,3822,3895,3357,3185,3159,3171
[M41] raw phase=17 block=2960 us=3949,3400,3189,3162,3174,3161,3938,3523,3171,3169,3161,3478,3938,3411,3197,3155
[M41] raw phase=17 block=2976 us=3166,3933,3532,3186,3157,3168,3167,3985,3460,3174,3167,3152,3163,3929,3552,3170
[M41] raw phase=17 block=2992 us=3156,3166,3943,3752,3224,3152,3157,3163,3988,3467,3203,3161,3157,3180,3931,3564
[M41] raw phase=17 block=3008 us=3169,3155,3161,3855,3929,3330,3176,3160,3165,3988,3406,3194,3163,3157,3163,3933
[M41] raw phase=17 block=3024 us=3521,3186,3165,3154,3450,3992,3358,3187,3154,3165,3942,3476,3208,3157,3166,3161
[M41] raw phase=17 block=3040 us=3933,3480,3174,3169,3157,3165,3920,3494,3176,3152,3171,3938,3709,3194,3157,3170
[M41] raw phase=17 block=3056 us=3172,3995,3440,3181,3154,3161,3170,3945,3604,3165,3157,3167,3903,3946,3340,3166
[M41] raw phase=17 block=3072 us=3156,3162,3978,3387,3192,3164,3154,3164,3939,3529,3181,3164,3157,3631,3983,3391
[M41] raw phase=17 block=3088 us=3185,3153,3163,3974,3440,3186,3153,3169,3159,3929,3520,3180,3175,3153,3118,3895
[M41] raw phase=17 block=3104 us=3380,3153,3148,3158,3933,3676,3177,3155,3160,3155,3957,3439,3159,3162,3156,3164
[M41] raw phase=17 block=3120 us=3930,3568,3164,3156,3160,3416,3963,3389,3169,3159,3159,3992,3418,3180,3148,3151
[M41] raw phase=17 block=3136 us=3164,3931,3529,3158,3149,3153,3150,3946,3498,3167,3150,3165,3828,3925,3380,3165
[M41] raw phase=17 block=3152 us=3154,3163,3947,3499,3178,3166,3155,3157,3952,3539,3176,3154,3161,3155,3929,3538
[M41] raw phase=17 block=3168 us=3168,3169,3163,3914,3861,3324,3178,3158,3175,3940,3498,3190,3154,3164,3152,3929
[M41] raw phase=17 block=3184 us=3553,3159,3172,3164,3226,3917,3505,3179,3154,3171,3698,3926,3363,3164,3171,3155
[M41] raw phase=17 block=3200 us=3952,3509,3165,3153,3163,3176,3928,3589,3177,3158,3178,3157,3954,3514,3164,3163
[M41] raw phase=17 block=3216 us=3155,3903,3856,3330,3178,3160,3172,3934,3543,3182,3159,3160,3155,3958,3501,3190
[M41] raw phase=17 block=3232 us=3153,3160,3218,3930,3483,3163,3172,3158,3924,3799,3182,3168,3164,3160,3950,3526
[M41] raw phase=17 block=3248 us=3187,3157,3169,3167,3928,3614,3171,3170,3159,3562,3922,3419,3184,3170,3165,3890
[M41] raw phase=17 block=3264 us=3835,3319,3166,3175,3161,3961,3470,3173,3167,3154,3165,3926,3513,3185,3156,3167
[M41] raw phase=17 block=3280 us=3226,3974,3437,3176,3164,3158,3968,3507,3172,3154,3154,3171,3922,3555,3162,3156
[M41] raw phase=17 block=3296 us=3153,3162,3969,3507,3184,3164,3164,3510,3950,3408,3163,3164,3156,3914,3557,3164
[M41] raw phase=17 block=3312 us=3164,3154,3154,3960,3523,3196,3175,3165,3155,3935,3562,3178,3171,3154,3844,3902
[M41] raw phase=17 block=3328 us=3364,3180,3162,3169,3933,3517,3193,3154,3173,3152,3939,3522,3173,3172,3164,3175
[M41] raw phase=17 block=3344 us=3934,3534,3171,3165,3171,3634,3940,3375,3162,3164,3158,3985,3508,3160,3162,3164
[M41] raw phase=17 block=3360 us=3172,3933,3561,3164,3172,3166,3156,3958,3440,3178,3159,3159,3870,3898,3337,3165
[M41] raw phase=17 block=3376 us=3166,3154,3945,3555,3168,3177,3156,3154,3962,3517,3190,3153,3152,3156,3939,3503
[M41] raw phase=17 block=3392 us=3161,3165,3157,3932,3882,3223,3179,3163,3163,3943,3485,3181,3154,3169,3155,3930
[M41] raw phase=17 block=3408 us=3502,3164,3170,3166,3373,3961,3359,3194,3159,3161,3858,3890,3356,3169,3168,3162
[M41] raw phase=17 block=3424 us=3969,3495,3171,3171,3157,3166,3938,3450,3176,3161,3167,3161,3969,3440,3169,3159
[M41] raw phase=17 block=3440 us=3154,3969,3746,3277,3160,3159,3178,3929,3455,3164,3153,3155,3154,3967,3373,3192
[M41] raw phase=17 block=3456 us=3164,3148,3406,3929,3420,3160,3148,3150,3914,3490,3170,3161,3150,3155,3972,3398
[M41] raw phase=17 block=3472 us=3196,3149,3164,3159,3913,3508,3178,3165,3152,3718,3945,3369,3179,3148,3170,3939
[M41] raw phase=17 block=3488 us=3391,3178,3151,3159,3165,3954,3459,3170,3164,3164,3164,3921,3523,3182,3167,3167
[M41] raw phase=17 block=3504 us=3461,3973,3899,3930,3976,3920,3976,3903,3931,3952,3784,3976,3852,3892,3937,3938
[M41] raw phase=17 block=3520 us=3964,3923,3986,3927,3939,3922,3928,3917,3928,3999,3922,3896,3971,3951,3976,3939
[M41] raw phase=17 block=3536 us=3977,3928,3542,3953,3551,3195,3156,3160,3988,3431,3194,3154,3163,3164,3953,3492
[M41] raw phase=17 block=3552 us=3180,3163,3155,3203,3916,3485,3187,3161,3162,3948,3625,3199,3171,3168,3174,3980
[M41] raw phase=17 block=3568 us=3462,3179,3168,3156,3170,3939,3568,3170,3160,3166,3922,3896,3313,3166,3163,3163
[M41] raw phase=17 block=3584 us=3982,3410,3197,3156,3155,3170,3935,3541,3171,3152,3153,3604,3983,3362,3185,3154
[M41] raw phase=17 block=3600 us=3159,3988,3405,3195,3153,3163,3161,3933,3515,3172,3171,3154,3243,3971,3449,3192
[M41] raw phase=17 block=3616 us=3157,3163,3946,3583,3159,3097,3145,3164,3938,3471,3174,3168,3158,3172,3935,3586
[M41] raw phase=17 block=3632 us=3185,3155,3178,3914,3889,3313,3164,3166,3164,3983,3426,3177,3153,3154,3178,3933
[M41] raw phase=17 block=3648 us=3572,3169,3158,3177,3741,3946,3353,3171,3161,3166,3979,3382,3193,3162,3161,3173
[M41] raw phase=17 block=3664 us=3943,3491,3186,3157,3157,3272,3974,3417,3185,3153,3157,3963,3624,3205,3157,3169
[M41] raw phase=17 block=3680 us=3159,3937,3511,3180,3169,3153,3158,3952,3561,3175,3157,3165,3924,3864,3312,3160
[M41] raw phase=17 block=3696 us=3163,3168,3950,3440,3172,3164,3160,3170,3934,3558,3165,3163,3165,3814,3955,3352
[M41] raw phase=17 block=3712 us=3168,3165,3166,3972,3453,3169,3161,3159,3170,3936,3501,3179,3155,3157,3348,3979
[M41] raw phase=17 block=3728 us=3430,3175,3156,3162,3969,3538,3201,3153,3157,3161,3940,3496,3175,3169,3160,3167
[M41] raw phase=17 block=3744 us=3969,3518,3178,3156,3157,3967,3808,3263,3155,3164,3167,3947,3484,3181,3167,3162
[M41] raw phase=17 block=3760 us=3169,3941,3525,3177,3164,3163,3881,3859,3368,3172,3165,3164,3975,3444,3181,3165
[M41] raw phase=17 block=3776 us=3153,3169,3941,3537,3172,3154,3167,3427,3971,3380,3159,3159,3156,3979,3473,3179
[M41] raw phase=17 block=3792 us=3152,3148,3167,3933,3489,3163,3149,3149,3155,3967,3480,3168,3147,3155,3958,3766
[M41] raw phase=17 block=3808 us=3226,3158,3161,3158,3933,3460,3164,3168,3149,3154,3955,3540,3182,3154,3162,3863
[M41] raw phase=17 block=3824 us=3909,3378,3164,3164,3157,3940,3464,3172,3160,3150,3164,3915,3488,3180,3158,3171
[M41] raw phase=17 block=3840 us=3521,3930,3431,3160,3167,3159,3978,3460,3174,3157,3163,3179,3941,3487,3170,3155
[M41] raw phase=17 block=3856 us=3174,3154,3951,3485,3166,3164,3155,3968,3718,3206,3166,3159,3173,3937,3453,3165
[M41] raw phase=17 block=3872 us=3157,3153,3160,3967,3536,3194,3157,3158,3878,3839,3347,3165,3173,3162,3940,3473
[M41] raw phase=17 block=3888 us=3174,3171,3156,3160,3961,3560,3194,3159,3166,3634,3935,3398,3167,3162,3160,3945
[M41] raw phase=17 block=3904 us=3455,3163,3165,3166,3172,3939,3471,3180,3158,3161,3246,3983,3441,3172,3174,3158
[M41] raw phase=17 block=3920 us=3971,3632,3183,3163,3152,3175,3940,3482,3182,3159,3157,3161,3974,3533,3166,3154
[M41] raw phase=17 block=3936 us=3153,3940,3869,3353,3165,3161,3166,3940,3467,3167,3166,3155,3167,3963,3511,3181
[M41] raw phase=17 block=3952 us=3161,3154,3697,3919,3407,3169,3168,3173,3932,3465,3182,3168,3160,3172,3935,3476
[M41] raw phase=17 block=3968 us=3192,3159,3165,3282,3929,3447,3177,3169,3152,3978,3579,3194,3166,3155,3172,3938
[M41] raw phase=17 block=3984 us=3475,3182,3157,3171,3162,3974,3593,3174,3158,3158,3973,3869,3343,3164,3154,3173
[M41] raw phase=17 block=4000 us=3931,3500,3168,3157,3159,3170,3972,3526,3185,3160,3164,3842,3898,3424,3162,3160
[M41] raw phase=17 block=4016 us=3159,3941,3396,3169,3172,3155,3170,3971,3474,3197,3157,3166,3324,3934,3498,3178
[M41] raw phase=17 block=4032 us=3168,3154,3936,3620,3191,3175,3156,3178,3941,3469,3187,3155,3168,3159,3928,3564
[M41] raw phase=17 block=4048 us=3165,3165,3153,3976,3817,3298,3157,3160,3182,3944,3469,3174,3155,3175,3159,3981
[M41] raw phase=17 block=4064 us=3525,3160,3160,3157,3842,3884,3398,3163,3159,3175,3949,3484,3168,3155,3158,3166
[M41] raw phase=17 block=4080 us=3981,3450,3202,3153,3154,3410,3942,3421,3163,3168,3156,3940,3555,3183,3170,3156
[M41] raw phase=17 block=4096 us=3160,3981,3447,3186,3160,3171,3164,3941,3570,3168,3163,3161,3934,3735,3257,3170
[M41] raw phase=17 block=4112 us=3160,3176,3946,3485,3173,3156,3169,3163,3992,3513,3163,3172,3158,3912,3898,3357
[M41] raw phase=17 block=4128 us=3165,3159,3174,3941,3473,3193,3156,3157,3104,3908,3412,3144,3149,3148,3465,3933
[M41] raw phase=17 block=4144 us=3380,3160,3153,3150,3929,3479,3168,3159,3146,3155,3970,3462,3189,3146,3151,3156
[M41] raw phase=17 block=4160 us=3918,3537,3153,3160,3159,3930,3752,3211,3162,3158,3156,3940,3444,3176,3155,3163
[M41] raw phase=17 block=4176 us=3157,3927,3558,3167,3161,3155,3935,3912,3389,3169,3162,3178,3948,3431,3175,3159
[M41] raw phase=17 block=4192 us=3162,3161,3968,3480,3175,3155,3152,3628,3932,3421,3159,3159,3163,3949,3479,3175
[M41] raw phase=17 block=4208 us=3159,3156,3168,3990,3450,3189,3160,3159,3183,3934,3472,3164,3161,3154,3946,3712
[M41] raw phase=17 block=4224 us=3194,3171,3154,3167,3975,3454,3184,3153,3165,3159,3934,3550,3175,3165,3157,3883
[M41] raw phase=17 block=4240 us=3890,3302,3176,3160,3170,3956,3443,3180,3160,3163,3161,3944,3537,3167,3167,3158
[M41] raw phase=17 block=4256 us=3173,3928,3520,3180,3155,3178,3662,3944,3386,3163,3170,3165,3980,3452,3177,3158
[M41] raw phase=17 block=4272 us=3157,3166,3922,3560,3167,3153,3165,3154,3964,3499,3181,3154,3161,3906,3862,3388
[M41] raw phase=17 block=4288 us=3162,3155,3159,3943,3556,3164,3165,3155,3155,3966,3516,3175,3156,3160,3162,3920
[M41] raw phase=17 block=4304 us=3578,3181,3162,3168,3909,3886,3295,3169,3157,3153,3944,3521,3178,3158,3180,3157
[M41] raw phase=17 block=4320 us=3927,3593,3181,3173,3160,3385,3941,3451,3184,3155,3165,3852,3877,3361,3161,3171
[M41] raw phase=17 block=4336 us=3160,3951,3519,3160,3166,3158,3162,3918,3537,3162,3153,3170,3163,3965,3511,3166
[M41] raw phase=17 block=4352 us=3155,3161,3969,3909,3273,3156,3168,3173,3928,3539,3175,3156,3166,3161,3964,3547
[M41] raw phase=17 block=4368 us=3181,3165,3160,3412,3939,3447,3169,3164,3166,3932,3898,3942,3938,3926,3930,3945
[M41] raw phase=17 block=4384 us=3933,3960,3650,3951,3884,3887,3938,3920,3981,3919,3915,3959,3920,3986,3933,3910
[M41] raw phase=17 block=4400 us=3854,3932,3971,3916,3963,3923,3932,3936,3915,3975,3520,3962,3599,3172,3159,3172
[M41] raw phase=17 block=4416 us=3985,3421,3186,3155,3161,3173,3934,3557,3159,3164,3153,3856,3919,3348,3180,3155
[M41] raw phase=17 block=4432 us=3168,3981,3405,3181,3155,3163,3157,3935,3469,3178,3167,3153,3431,3967,3404,3188
[M41] raw phase=17 block=4448 us=3154,3169,3943,3496,3188,3154,3163,3163,3936,3483,3183,3163,3158,3172,3935,3536
[M41] raw phase=17 block=4464 us=3184,3152,3174,3944,3767,3236,3153,3164,3165,3985,3433,3178,3153,3157,3174,3944
[M41] raw phase=17 block=4480 us=3568,3163,3156,3161,3887,3888,3352,3172,3154,3157,3991,3408,3197,3148,3149,3160
[M41] raw phase=17 block=4496 us=3927,3526,3176,3161,3149,3490,3973,3388,3173,3148,3152,3981,3499,3197,3150,3165
[M41] raw phase=17 block=4512 us=3157,3929,3525,3176,3161,3148,3155,3934,3497,3174,3150,3168,3932,3678,3203,3158
[M41] raw phase=17 block=4528 us=3179,3160,4005,3440,3174,3173,3158,3175,3935,3534,3183,3159,3164,3896,3909,3337
[M41] raw phase=17 block=4544 us=3161,3165,3167,3986,3428,3173,3156,3162,3175,3926,3562,3169,3162,3153,3650,3976
[M41] raw phase=17 block=4560 us=3460,3180,3153,3161,3987,3482,3214,3157,3155,3170,3937,3519,3169,3165,3163,3205
[M41] raw phase=17 block=4576 us=3968,3465,3186,3163,3155,3950,3643,3206,3171,3176,3161,3946,3447,3184,3163,3157
[M41] raw phase=17 block=4592 us=3170,3935,3546,3191,3159,3168,3902,3853,3310,3172,3163,3164,3985,3400,3162,3159
[M41] raw phase=17 block=4608 us=3155,3168,3933,3551,3167,3155,3167,3698,3982,3352,3171,3152,3170,3999,3425,3181
[M41] raw phase=17 block=4624 us=3156,3163,3171,3944,3551,3179,3162,3159,3308,3978,3472,3189,3152,3157,3977,3653
[M41] raw phase=17 block=4640 us=3214,3161,3166,3163,3951,3490,3178,3167,3158,3160,3974,3558,3190,3098,3109,3875
[M41] raw phase=17 block=4656 us=3843,3345,3166,3169,3164,3943,3425,3174,3174,3160,3177,3938,3529,3171,3157,3165
[M41] raw phase=17 block=4672 us=3765,3903,3336,3162,3168,3166,3989,3443,3178,3154,3163,3172,3925,3532,3169,3160
[M41] raw phase=17 block=4688 us=3171,3336,3976,3447,3165,3159,3159,3974,3580,3211,3155,3155,3164,3942,3501,3166
[M41] raw phase=17 block=4704 us=3163,3151,3160,3972,3521,3179,3157,3161,3968,3804,3301,3159,3166,3160,3953,3453
[M41] raw phase=17 block=4720 us=3178,3169,3152,3168,3952,3532,3193,3163,3176,3861,3880,3383,3169,3174,3160,3963
[M41] raw phase=17 block=4736 us=3416,3169,3171,3155,3170,3927,3496,3181,3159,3170,3472,3981,3437,3165,3166,3152
[M41] raw phase=17 block=4752 us=3972,3533,3186,3158,3154,3173,3939,3517,3168,3158,3153,3155,3980,3535,3186,3153
[M41] raw phase=17 block=4768 us=3152,3982,3752,3256,3156,3152,3173,3945,3498,3171,3164,3162,3159,3956,3546,3182
[M41] raw phase=17 block=4784 us=3163,3154,3882,3887,3348,3176,3176,3163,3953,3429,3178,3165,3157,3172,3929,3526
[M41] raw phase=17 block=4800 us=3190,3152,3164,3469,3938,3413,3164,3164,3154,3966,3460,3164,3156,3154,3171,3936
[M41] raw phase=17 block=4816 us=3497,3166,3155,3165,3163,3963,3483,3160,3152,3159,3969,3725,3223,3148,3154,3171
[M41] raw phase=17 block=4832 us=3938,3464,3169,3150,3148,3156,3957,3547,3177,3156,3150,3935,3867,3344,3170,3160
[M41] raw phase=17 block=4848 us=3160,3936,3430,3174,3159,3150,3160,3953,3472,3175,3147,3157,3557,3929,3400,3165
[M41] raw phase=17 block=4864 us=3169,3152,3930,3462,3170,3159,3154,3180,3928,3491,3179,3155,3166,3188,3947,3459
[M41] raw phase=17 block=4880 us=3174,3167,3162,3966,3700,3180,3157,3166,3173,3948,3494,3169,3160,3163,3159,3968
[M41] raw phase=17 block=4896 us=3507,3179,3154,3161,3913,3860,3350,3159,3160,3162,3950,3443,3165,3168,3156,3166
[M41] raw phase=17 block=4912 us=3977,3480,3182,3157,3157,3714,3922,3439,3161,3165,3163,3940,3452,3176,3172,3155
[M41] raw phase=17 block=4928 us=3172,3956,3464,3179,3158,3172,3273,3924,3475,3178,3170,3156,3952,3634,3187,3177
[M41] raw phase=17 block=4944 us=3158,3174,3948,3453,3177,3158,3162,3159,3970,3571,3162,3166,3153,3956,3860,3334
[M41] raw phase=17 block=4960 us=3158,3160,3175,3947,3475,3168,3156,3154,3158,3977,3511,3183,3152,3156,3801,3937
[M41] raw phase=17 block=4976 us=3381,3171,3154,3167,3951,3428,3169,3165,3161,3160,3973,3456,3198,3163,3154,3154
[M41] raw phase=17 block=4992 us=3938,3556,3171,3168,3156,3862,3917,3324,3178,3153,3178,3950,3477,3201,3158,3170
[M41] raw phase=17 block=5008 us=3163,3939,3602,3175,3166,3153,3185,3920,3519,3169,3155,3173,3784,3945,3420,3171
[M41] raw phase=17 block=5024 us=3167,3170,3984,3501,3164,3154,3162,3162,3933,3527,3174,3154,3176,3161,3969,3492
[M41] raw phase=17 block=5040 us=3177,3166,3160,3920,3855,3377,3172,3156,3154,3927,3537,3163,3156,3153,3155,3968
[M41] raw phase=17 block=5056 us=3517,3197,3157,3166,3175,3924,3519,3164,3172,3152,3933,3783,3224,3174,3154,3171
[M41] raw phase=17 block=5072 us=3970,3535,3180,3153,3170,3161,3923,3568,3175,3169,3168,3505,3943,3444,3189,3163
[M41] raw phase=17 block=5088 us=3170,3868,3881,3345,3175,3171,3153,3954,3507,3172,3166,3160,3164,3924,3550,3173
[M41] raw phase=17 block=5104 us=3162,3165,3844,3988,3408,3165,3154,3157,3966,3593,3180,3156,3163,3172,3926,3603
[M41] raw phase=17 block=5120 us=3164,3163,3155,3163,3980,3519,3187,3154,3162,3514,3953,3395,3160,3169,3167,3923
[M41] raw phase=17 block=5136 us=3560,3174,3173,3160,3155,3956,3500,3188,3154,3166,3154,3939,3548,3167,3173,3162
[M41] raw phase=17 block=5152 us=3774,3933,3358,3172,3163,3164,3913,3538,3188,3155,3163,3155,3932,3553,3167,3169
[M41] raw phase=17 block=5168 us=3158,3170,3859,3456,3094,3137,3169,3872,3913,3263,3154,3168,3150,3953,3526,3159
[M41] raw phase=17 block=5184 us=3155,3151,3156,3931,3567,3171,3155,3160,3297,3966,3436,3160,3156,3149,3793,3918
[M41] raw phase=17 block=5200 us=3368,3165,3152,3147,3924,3560,3162,3170,3156,3156,3955,3469,3173,3156,3153,3161
[M41] raw phase=17 block=5216 us=3931,3523,3164,3163,3161,3900,3849,3229,3176,3166,3155,3945,3488,3184,3169,3166
[M41] raw phase=17 block=5232 us=3154,3930,3559,3173,3162,3156,3386,3945,3379,3193,3159,3162,3935,3680,3175,3165
[M41] raw phase=17 block=5248 us=3167,3153,3966,3864,3909,3958,3909,3952,3926,3930,3924,3784,3905,3899,3969,3855
[M41] raw phase=17 block=5264 us=3922,3951,3919,3986,3914,3953,3933,3919,3949,3728,3964,3923,3912,3956,3931,3964
[M41] raw phase=17 block=5280 us=3920,3972,3930,3584,3959,3516,3173,3171,3946,3484,3177,3164,3162,3284,3940,3446
[M41] raw phase=17 block=5296 us=3162,3163,3162,3934,3664,3185,3170,3165,3166,3993,3448,3174,3156,3159,3169,3937
[M41] raw phase=17 block=5312 us=3580,3167,3151,3152,3937,3857,3323,3177,3157,3167,3979,3452,3184,3159,3152,3157
[M41] raw phase=17 block=5328 us=3937,3549,3172,3165,3155,3824,3951,3394,3175,3156,3169,3963,3390,3183,3160,3169
[M41] raw phase=17 block=5344 us=3161,3932,3508,3175,3169,3153,3356,3940,3373,3173,3156,3163,3943,3555,3186,3159
[M41] raw phase=17 block=5360 us=3167,3162,3974,3453,3186,3164,3153,3173,3929,3533,3171,3156,3169,3914,3883,3248
[M41] raw phase=17 block=5376 us=3160,3156,3163,3980,3422,3189,3154,3156,3181,3928,3553,3168,3155,3159,3818,3948
[M41] raw phase=17 block=5392 us=3345,3185,3151,3164,3981,3446,3193,3155,3155,3165,3937,3529,3175,3169,3151,3459
[M41] raw phase=17 block=5408 us=3962,3407,3183,3154,3164,3929,3524,3204,3157,3166,3160,3945,3445,3177,3171,3157
[M41] raw phase=17 block=5424 us=3164,3928,3529,3172,3155,3170,3932,3771,3244,3159,3163,3160,3983,3395,3172,3155
[M41] raw phase=17 block=5440 us=3152,3180,3939,3602,3171,3155,3173,3875,3929,3392,3165,3161,3162,3993,3424,3179
[M41] raw phase=17 block=5456 us=3160,3155,3161,3944,3494,3179,3159,3157,3536,3966,3420,3179,3152,3159,3964,3466
[M41] raw phase=17 block=5472 us=3194,3154,3169,3159,3944,3477,3175,3173,3167,3162,3945,3477,3188,3156,3167,3930
[M41] raw phase=17 block=5488 us=3727,3217,3162,3171,3167,3961,3422,3172,3170,3166,3173,3931,3534,3170,3159,3165
[M41] raw phase=17 block=5504 us=3873,3906,3340,3162,3167,3163,3991,3386,3178,3154,3151,3165,3937,3556,3169,3148
[M41] raw phase=17 block=5520 us=3154,3567,3997,3384,3169,3148,3148,3981,3442,3179,3151,3149,3160,3931,3494,3169
[M41] raw phase=17 block=5536 us=3159,3149,3177,3974,3478,3183,3153,3161,3959,3659,3201,3148,3167,3156,3937,3455
[M41] raw phase=17 block=5552 us=3166,3170,3154,3167,3925,3540,3167,3154,3166,3897,3844,3308,3164,3172,3158,3976
[M41] raw phase=17 block=5568 us=3413,3192,3171,3153,3171,3926,3514,3161,3158,3167,3724,3971,3393,3162,3158,3163
[M41] raw phase=17 block=5584 us=3977,3452,3194,3156,3159,3181,3935,3541,3178,3155,3158,3273,3976,3443,3185,3155
[M41] raw phase=17 block=5600 us=3161,3984,3620,3217,3156,3159,3163,3945,3478,3179,3177,3156,3161,3989,3540,3190
[M41] raw phase=17 block=5616 us=3156,3173,3924,3868,3357,3163,3170,3165,3939,3441,3171,3164,3156,3173,3922,3548
[M41] raw phase=17 block=5632 us=3185,3163,3168,3787,3912,3401,3177,3164,3162,3982,3413,3167,3157,3157,3181,3931
[M41] raw phase=17 block=5648 us=3569,3179,3163,3172,3307,3975,3437,3170,3162,3156,3970,3566,3201,3163,3153,3173
[M41] raw phase=17 block=5664 us=3942,3526,3177,3157,3157,3159,3988,3573,3195,3155,3153,3970,3837,3346,3166,3167
[M41] raw phase=17 block=5680 us=3163,3946,3506,3177,3166,3163,3163,3899,3498,3119,3132,3164,3866,3893,3389,3176
[M41] raw phase=17 block=5696 us=3166,3169,3951,3439,3168,3162,3165,3168,3943,3504,3185,3159,3164,3453,3980,3380
[M41] raw phase=17 block=5712 us=3169,3170,3158,3965,3484,3180,3161,3156,3174,3939,3508,3184,3152,3154,3150,3970
[M41] raw phase=17 block=5728 us=3542,3185,3159,3153,3969,3807,3273,3165,3154,3160,3943,3509,3170,3163,3153,3167
[M41] raw phase=17 block=5744 us=3975,3518,3187,3154,3162,3154,3922,3554,3167,3170,3160,3924,3900,3288,3172,3161
[M41] raw phase=17 block=5760 us=3173,3946,3472,3184,3161,3163,3151,3925,3547,3182,3169,3153,3326,3948,3470,3182
[M41] raw phase=17 block=5776 us=3158,3173,3948,3651,3183,3157,3163,3152,3971,3463,3157,3153,3156,3171,3920,3543
[M41] raw phase=17 block=5792 us=3177,3156,3187,3563,3983,3381,3167,3153,3161,3931,3891,3332,3155,3167,3169,3928
[M41] raw phase=17 block=5808 us=3560,3159,3162,3161,3155,3953,3504,3188,3154,3160,3296,3931,3516,3158,3171,3152
[M41] raw phase=17 block=5824 us=3924,3726,3187,3166,3152,3155,3939,3489,3173,3153,3173,3154,3926,3578,3165,3168
[M41] raw phase=17 block=5840 us=3158,3606,3966,3379,3168,3158,3173,3929,3534,3167,3153,3182,3154,3990,3495,3168
[M41] raw phase=17 block=5856 us=3174,3157,3164,3909,3530,3164,3151,3158,3850,3919,3324,3160,3169,3149,3940,3507
[M41] raw phase=17 block=5872 us=3159,3149,3155,3158,3911,3560,3161,3148,3150,3148,3948,3523,3181,3149,3150,3581
[M41] raw phase=17 block=5888 us=3955,3400,3158,3157,3158,3916,3569,3163,3160,3154,3153,3942,3497,3169,3157,3150
[M41] raw phase=17 block=5904 us=3157,3941,3545,3175,3171,3158,3863,3930,3379,3171,3166,3167,3920,3503,3191,3157
[M41] raw phase=17 block=5920 us=3162,3155,3926,3515,3160,3175,3160,3163,3933,3476,3174,3159,3164,3906,3834,3249
[M41] raw phase=17 block=5936 us=3153,3169,3159,3966,3500,3162,3164,3163,3170,3940,3585,3166,3169,3164,3381,3978
[M41] raw phase=17 block=5952 us=3429,3170,3151,3154,3872,3895,3346,3155,3164,3162,3947,3554,3179,3173,3155,3154
[M41] raw phase=17 block=5968 us=3971,3493,3180,3162,3156,3154,3935,3503,3168,3168,3155,3921,3845,3180,3176,3157
[M41] raw phase=17 block=5984 us=3166,3952,3486,3183,3162,3172,3153,3930,3555,3166,3176,3157,3405,3945,3353,3194
[M41] raw phase=17 block=6000 us=3158,3167,3943,3585,3163,3167,3171,3156,3975,3501,3174,3165,3155,3169,3934,3494
[M41] raw phase=17 block=6016 us=3166,3156,3166,3719,3938,3318,3176,3159,3156,3979,3505,3183,3160,3157,3181,3929
[M41] raw phase=17 block=6032 us=3504,3163,3162,3157,3156,4004,3392,3186,3162,3162,3469,3938,3396,3169,3173,3162
[M41] raw phase=17 block=6048 us=3921,3512,3169,3179,3155,3154,3973,3423,3203,3156,3170,3160,3936,3469,3170,3171
[M41] raw phase=17 block=6064 us=3156,3764,3966,3405,3195,3158,3168,3931,3482,3184,3161,3167,3162,3938,3436,3173
[M41] raw phase=17 block=6080 us=3164,3155,3177,3931,3523,3169,3158,3172,3923,3918,3251,3163,3172,3166,3980,3391
[M41] raw phase=17 block=6096 us=3169,3164,3161,3170,3936,3483,3173,3158,3171,3267,3971,3427,3160,3155,3160,3866
[M41] raw phase=17 block=6112 us=3879,3380,3164,3154,3162,3919,3475,3168,3170,3154,3160,3964,3841,3980,3898,3914
[M41] raw phase=17 block=6128 us=3984,3877,3991,3940,3763,3886,3930,3923,3926,3966,3927,3947,3938,3924,3964,3930
[M41] raw phase=17 block=6144 us=3977,3901,3659,3957,3932,3973,3941,3964,3936,3930,3979,3887,3728,3918,3496,3171
[M41] raw phase=17 block=6160 us=3938,3600,3171,3165,3155,3893,3888,3334,3188,3165,3179,3952,3433,3180,3164,3166
[M41] raw phase=17 block=6176 us=3158,3939,3548,3187,3165,3154,3647,3946,3424,3180,3157,3172,3945,3416,3167,3158
[M41] raw phase=17 block=6192 us=3161,3163,3981,3449,3177,3155,3155,3207,3936,3501,3159,3152,3111,3876,3623,3171
[M41] raw phase=17 block=6208 us=3151,3148,3163,3981,3449,3175,3149,3158,3163,3927,3581,3168,3153,3148,3883,3884
[M41] raw phase=17 block=6224 us=3287,3180,3151,3157,3967,3425,3190,3155,3163,3156,3924,3573,3172,3161,3149,3731
[M41] raw phase=17 block=6240 us=3924,3423,3172,3153,3170,3936,3437,3176,3154,3169,3164,3930,3585,3179,3171,3151
[M41] raw phase=17 block=6256 us=3347,3934,3498,3163,3153,3174,3937,3671,3183,3157,3179,3160,3986,3453,3171,3160
[M41] raw phase=17 block=6272 us=3156,3175,3941,3588,3166,3157,3165,3931,3880,3282,3175,3154,3164,3981,3375,3189
[M41] raw phase=17 block=6288 us=3161,3160,3168,3934,3558,3162,3167,3153,3763,3942,3372,3178,3156,3167,3983,3476
[M41] raw phase=17 block=6304 us=3189,3158,3171,3169,3933,3507,3176,3164,3159,3345,3952,3455,3179,3157,3170,3935
[M41] raw phase=17 block=6320 us=3617,3177,3164,3178,3160,3997,3407,3180,3169,3158,3170,3935,3529,3178,3155,3164
[M41] raw phase=17 block=6336 us=3938,3800,3274,3157,3159,3166,3972,3414,3176,3154,3152,3170,3938,3528,3167,3153
[M41] raw phase=17 block=6352 us=3157,3825,3952,3370,3181,3153,3162,3983,3438,3181,3159,3154,3166,3944,3505,3172
[M41] raw phase=17 block=6368 us=3166,3162,3425,3969,3413,3182,3169,3155,3934,3507,3197,3164,3166,3161,3941,3481
[M41] raw phase=17 block=6384 us=3179,3167,3163,3166,3952,3545,3186,3153,3161,3932,3802,3224,3157,3167,3165,3981
[M41] raw phase=17 block=6400 us=3457,3172,3157,3156,3171,3932,3556,3164,3155,3165,3863,3958,3349,3160,3155,3169
[M41] raw phase=17 block=6416 us=3989,3413,3181,3155,3162,3170,3934,3546,3175,3159,3156,3528,3977,3393,3188,3156
[M41] raw phase=17 block=6432 us=3154,3971,3487,3200,3160,3164,3164,3940,3489,3181,3165,3154,3154,3956,3514,3175
[M41] raw phase=17 block=6448 us=3158,3166,3952,3754,3247,3162,3170,3163,3940,3465,3172,3168,3154,3177,3935,3527
[M41] raw phase=17 block=6464 us=3164,3155,3175,3910,3875,3308,3169,3184,3162,3985,3392,3179,3160,3157,3171,3942
[M41] raw phase=17 block=6480 us=3504,3185,3159,3170,3319,3969,3380,3172,3155,3156,3905,3852,3375,3170,3159,3160
[M41] raw phase=17 block=6496 us=3942,3501,3174,3167,3154,3159,3973,3530,3183,3155,3157,3164,3924,3563,3170,3165
[M41] raw phase=17 block=6512 us=3167,3939,3822,3270,3170,3157,3169,3951,3530,3176,3159,3174,3156,3923,3585,3172
[M41] raw phase=17 block=6528 us=3173,3164,3467,3951,3438,3183,3159,3171,3940,3618,3180,3153,3165,3152,3968,3513
[M41] raw phase=17 block=6544 us=3171,3170,3160,3164,3917,3512,3168,3149,3165,3634,3961,3349,3157,3153,3147,3946
[M41] raw phase=17 block=6560 us=3797,3257,3153,3150,3162,3916,3542,3163,3154,3163,3150,3954,3499,3189,3156,3154
[M41] raw phase=17 block=6576 us=3415,3934,3495,3172,3150,3148,3922,3535,3169,3158,3157,3159,3962,3518,3179,3151
[M41] raw phase=17 block=6592 us=3165,3159,3913,3561,3176,3166,3154,3691,3975,3373,3179,3162,3170,3914,3559,3163
[M41] raw phase=17 block=6608 us=3157,3171,3161,3934,3533,3169,3169,3161,3167,3935,3505,3173,3162,3164,3861,3933
[M41] raw phase=17 block=6624 us=3281,3163,3177,3158,3972,3503,3172,3151,3164,3169,3930,3540,3169,3157,3157,3189
[M41] raw phase=17 block=6640 us=3989,3483,3182,3165,3159,3703,3939,3392,3170,3164,3162,3920,3577,3170,3165,3155
[M41] raw phase=17 block=6656 us=3161,3976,3511,3180,3165,3161,3158,3932,3545,3169,3184,3157,3843,3926,3302,3178
[M41] raw phase=17 block=6672 us=3157,3164,3923,3487,3195,3157,3165,3155,3940,3544,3168,3173,3156,3209,3940,3468
[M41] raw phase=17 block=6688 us=3181,3154,3167,3932,3731,3191,3161,3172,3160,3981,3497,3175,3162,3153,3173,3937
[M41] raw phase=17 block=6704 us=3548,3167,3161,3175,3528,3953,3382,3164,3168,3157,3926,3884,3333,3169,3161,3165
[M41] raw phase=17 block=6720 us=3939,3479,3115,3106,3137,3153,3967,3494,3195,3155,3161,3219,3938,3411,3167,3168
[M41] raw phase=17 block=6736 us=3153,3930,3764,3169,3175,3157,3155,3962,3494,3175,3157,3171,3164,3924,3501,3170
[M41] raw phase=17 block=6752 us=3164,3160,3480,3943,3318,3183,3157,3166,3936,3500,3172,3162,3178,3153,3985,3478
[M41] raw phase=17 block=6768 us=3171,3168,3154,3169,3941,3443,3175,3160,3165,3846,3953,3315,3173,3161,3159,3953
[M41] raw phase=17 block=6784 us=3541,3179,3158,3155,3164,3936,3512,3169,3158,3158,3173,3986,3417,3186,3158,3161
[M41] raw phase=17 block=6800 us=3586,3925,3420,3171,3154,3154,3924,3524,3169,3163,3164,3166,3977,3443,3189,3162
[M41] raw phase=17 block=6816 us=3166,3159,3932,3501,3177,3167,3156,3878,3938,3337,3182,3155,3166,3938,3393,3186
[M41] raw phase=17 block=6832 us=3157,3163,3160,3913,3461,3166,3163,3159,3169,3925,3526,3177,3154,3164,3932,3732
[M41] raw phase=17 block=6848 us=3183,3155,3167,3179,3976,3398,3186,3155,3164,3171,3930,3507,3169,3161,3168,3386
[M41] raw phase=17 block=6864 us=3976,3379,3161,3157,3160,3912,3903,3364,3162,3159,3163,3923,3475,3181,3163,3161
[M41] raw phase=17 block=6880 us=3151,3944,3546,3181,3157,3159,3153,3918,3546,3169,3167,3154,3919,3699,3227,3168
[M41] raw phase=17 block=6896 us=3154,3155,3926,3483,3172,3150,3167,3147,3918,3532,3163,3173,3153,3396,3943,3377
[M41] raw phase=17 block=6912 us=3178,3149,3171,3916,3573,3174,3151,3160,3148,3942,3468,3167,3161,3157,3158,3911
[M41] raw phase=17 block=6928 us=3538,3162,3152,3169,3730,3950,3361,3156,3148,3150,3962,3487,3190,3153,3152,3175
[M41] raw phase=17 block=6944 us=3930,3579,3177,3159,3168,3159,3957,3526,3186,3163,3152,3486,3934,3469,3162,3154
[M41] raw phase=17 block=6960 us=3152,3923,3566,3170,3169,3163,3158,3956,3515,3197,3156,3169,3154,3919,3526,3181
[M41] raw phase=17 block=6976 us=3162,3155,3741,3917,3389,3168,3165,3166,3926,3539,3174,3156,3169,3159,3939,3533
[M41] raw phase=17 block=6992 us=3177,3165,3164,3170,3937,3933,3959,3898,3986,3894,3967,3932,3899,3792,3898,3943
[M41] raw phase=17 block=7008 us=3879,3868,3953,3930,3966,3917,3949,3918,3945,3954,3868,3905,3917,3945,3935,3919
[M41] raw phase=17 block=7024 us=3973,3934,3981,3926,3942,3536,3921,3593,3173,3164,3930,3815,3324,3164,3168,3168
[M41] raw phase=17 block=7040 us=3942,3440,3178,3173,3159,3170,3931,3513,3172,3156,3168,3699,3931,3374,3165,3173
[M41] raw phase=17 block=7056 us=3169,3975,3422,3180,3157,3163,3174,3927,3522,3164,3162,3171,3271,3976,3449,3173
[M41] raw phase=17 block=7072 us=3156,3155,3986,3681,3218,3156,3155,3161,3955,3490,3173,3168,3154,3159,3977,3550
[M41] raw phase=17 block=7088 us=3194,3157,3159,3943,3850,3384,3165,3166,3161,3948,3464,3166,3171,3158,3167,3953
[M41] raw phase=17 block=7104 us=3511,3193,3163,3177,3796,3905,3427,3169,3172,3162,3967,3426,3171,3174,3154,3173
[M41] raw phase=17 block=7120 us=3947,3479,3178,3159,3169,3320,3984,3396,3176,3167,3155,3982,3552,3197,3154,3156
[M41] raw phase=17 block=7136 us=3171,3953,3498,3170,3160,3153,3158,3983,3548,3186,3153,3158,3953,3815,3335,3158
[M41] raw phase=17 block=7152 us=3154,3166,3950,3486,3174,3170,3162,3167,3969,3531,3191,3153,3156,3846,3924,3395
[M41] raw phase=17 block=7168 us=3171,3181,3169,3947,3446,3178,3168,3154,3175,3948,3471,3208,3159,3164,3481,3945
[M41] raw phase=17 block=7184 us=3436,3174,3165,3157,3983,3482,3172,3164,3157,3173,3934,3471,3174,3154,3166,3153
[M41] raw phase=17 block=7200 us=3979,3511,3182,3160,3156,3986,3796,3303,3160,3154,3176,3939,3483,3169,3155,3162
[M41] raw phase=17 block=7216 us=3162,3977,3560,3188,3169,3152,3940,3901,3383,3176,3153,3165,3942,3470,3187,3166
[M41] raw phase=17 block=7232 us=3157,3165,3972,3465,3186,3147,3105,3449,3867,3385,3155,3165,3149,3925,3454,3167
[M41] raw phase=17 block=7248 us=3159,3150,3165,3938,3463,3182,3149,3161,3159,3933,3504,3159,3172,3156,3981,3691
[M41] raw phase=17 block=7264 us=3228,3157,3165,3172,3940,3436,3164,3159,3158,3153,3965,3539,3175,3151,3154,3903
[M41] raw phase=17 block=7280 us=3850,3372,3166,3161,3163,3938,3465,3183,3166,3155,3164,3985,3540,3184,3157,3152
[M41] raw phase=17 block=7296 us=3547,3939,3430,3171,3163,3154,3944,3481,3175,3166,3156,3172,3964,3478,3191,3160
[M41] raw phase=17 block=7312 us=3174,3187,3923,3510,3162,3168,3158,3959,3633,3193,3176,3158,3173,3950,3454,3171
[M41] raw phase=17 block=7328 us=3164,3161,3161,3959,3528,3172,3165,3157,3931,3819,3327,3164,3156,3176,3942,3487
[M41] raw phase=17 block=7344 us=3167,3157,3156,3161,3965,3542,3176,3156,3154,3726,3925,3467,3166,3159,3165,3947
[M41] raw phase=17 block=7360 us=3461,3177,3163,3153,3162,3970,3465,3193,3157,3160,3254,3940,3481,3168,3174,3156
[M41] raw phase=17 block=7376 us=3944,3671,3197,3171,3156,3175,3948,3499,3203,3163,3167,3162,3947,3578,3178,3163
[M41] raw phase=17 block=7392 us=3152,3970,3804,3317,3173,3150,3175,3939,3427,3170,3157,3171,3164,3979,3504,3175
[M41] raw phase=17 block=7408 us=3151,3151,3784,3928,3435,3157,3155,3185,3949,3479,3171,3156,3165,3163,3980,3466
[M41] raw phase=17 block=7424 us=3189,3160,3154,3317,3934,3469,3165,3157,3154,3933,3616,3189,3168,3162,3165,3979
[M41] raw phase=17 block=7440 us=3447,3185,3155,3167,3159,3942,3615,3164,3170,3154,3898,3853,3352,3171,3155,3173
[M41] raw phase=17 block=7456 us=3947,3418,3177,3156,3166,3167,3958,3523,3160,3165,3165,3872,3913,3408,3161,3161
[M41] raw phase=17 block=7472 us=3172,3941,3429,3172,3172,3165,3160,3977,3457,3176,3160,3162,3361,3933,3415,3156
[M41] raw phase=17 block=7488 us=3156,3153,3935,3560,3184,3165,3155,3166,3988,3458,3183,3157,3159,3160,3934,3563
[M41] raw phase=17 block=7504 us=3166,3163,3156,3915,3873,3265,3167,3154,3174,3980,3441,3192,3159,3177,3158,3939
[M41] raw phase=17 block=7520 us=3592,3175,3161,3156,3873,3920,3335,3181,3154,3174,3944,3451,3177,3161,3164,3160
[M41] raw phase=17 block=7536 us=3974,3467,3186,3164,3152,3511,3942,3410,3165,3155,3168,3940,3534,3170,3157,3157
[M41] raw phase=17 block=7552 us=3163,3985,3462,3189,3155,3154,3174,3918,3561,3170,3152,3152,3948,3820,3227,3172
[M41] raw phase=17 block=7568 us=3154,3170,3984,3448,3193,3153,3160,3161,3936,3572,3171,3174,3149,3906,3893,3340
[M41] raw phase=17 block=7584 us=3180,3151,3168,3940,3429,3204,3153,3163,3157,3931,3489,3166,3158,3148,3199,3915
[M41] raw phase=17 block=7600 us=3458,3179,3150,3161,3929,3642,3171,3154,3160,3154,3989,3441,3172,3150,3150,3165
[M41] raw phase=17 block=7616 us=3915,3577,3159,3153,3168,3599,3965,3393,3161,3155,3158,3944,3867,3366,3172,3158
[M41] raw phase=17 block=7632 us=3170,3943,3560,3181,3162,3157,3156,3953,3548,3183,3152,3165,3224,3920,3524,3168
[M41] raw phase=17 block=7648 us=3165,3161,3937,3546,3174,3175,3158,3158,3961,3572,3196,3153,3162,3159,3933,3586
[M41] raw phase=17 block=7664 us=3167,3161,3170,3572,3941,3377,3191,3162,3165,3916,3518,3169,3160,3165,3153,3971
[M41] raw phase=17 block=7680 us=3523,3175,3164,3162,3176,3927,3494,3160,3157,3170,3859,3925,3371,3166,3157,3157
[M41] raw phase=17 block=7696 us=3960,3507,3195,3161,3166,3169,3931,3589,3160,3156,3158,3164,3964,3526,3194,3155
[M41] raw phase=17 block=7712 us=3168,3606,3934,3439,3171,3172,3155,3930,3574,3170,3171,3160,3161,3962,3557,3191
[M41] raw phase=17 block=7728 us=3156,3161,3159,3931,3553,3178,3163,3156,3796,3927,3339,3179,3165,3163,3928,3512
[M41] raw phase=17 block=7744 us=3186,3154,3173,3157,3941,3524,3177,3169,3154,3174,3940,3472,3115,3107,3157,3891
[M41] raw phase=17 block=7760 us=3882,3254,3164,3174,3159,3963,3488,3158,3152,3152,3164,3930,3565,3159,3169,3167
[M41] raw phase=17 block=7776 us=3322,3976,3417,3167,3163,3156,3863,3888,3387,3166,3158,3159,3920,3539,3169,3164
[M41] raw phase=17 block=7792 us=3157,3156,3977,3537,3188,3161,3158,3160,3942,3555,3171,3169,3154,3920,3887,3237
[M41] raw phase=17 block=7808 us=3170,3156,3161,3960,3487,3179,3161,3174,3155,3934,3544,3170,3181,3154,3380,3934
[M41] raw phase=17 block=7824 us=3426,3183,3157,3169,3952,3611,3183,3164,3167,3153,3970,3515,3170,3169,3159,3166
[M41] raw phase=17 block=7840 us=3925,3531,3168,3161,3168,3743,3979,3366,3166,3164,3154,3970,3484,3179,3161,3158
[M41] raw phase=17 block=7856 us=3176,3932,3541,3163,3157,3171,3157,3961,3475,3179,3161,3154,3379,3927,3964,3935
[M41] raw phase=17 block=7872 us=3942,3923,3921,3984,3943,3943,3686,3897,3947,3800,3981,3925,3965,3941,3911,3957
[M41] raw phase=17 block=7888 us=3925,3953,3916,3648,3983,3931,3979,3917,3962,3940,3926,3958,3920,3796,3895,3927
[M41] raw phase=17 block=7904 us=3342,3160,3976,3478,3188,3165,3157,3161,3933,3507,3176,3164,3155,3164,3949,3491
[M41] raw phase=17 block=7920 us=3193,3152,3155,3968,3688,3237,3150,3159,3157,3937,3494,3167,3161,3159,3164,3933
[M41] raw phase=17 block=7936 us=3542,3172,3157,3161,3910,3847,3345,3162,3165,3156,3977,3445,3178,3157,3150,3164
[M41] raw phase=17 block=7952 us=3933,3569,3165,3154,3161,3568,3955,3371,3160,3150,3151,3980,3452,3185,3151,3152
[M41] raw phase=17 block=7968 us=3168,3933,3490,3175,3156,3152,3179,3977,3477,3176,3154,3168,3970,3671,3207,3153
[M41] raw phase=17 block=7984 us=3160,3163,3944,3465,3173,3173,3151,3159,3967,3541,3183,3155,3171,3908,3905,3349
[M41] raw phase=17 block=8000 us=3163,3172,3162,3946,3426,3175,3164,3156,3173,3937,3521,3188,3163,3173,3687,3916
[M41] raw phase=17 block=8016 us=3420,3166,3167,3167,3984,3423,3171,3157,3156,3177,3947,3494,3176,3160,3172,3240
[M41] raw phase=17 block=8032 us=3976,3450,3172,3159,3160,3981,3649,3201,3162,3154,3172,3948,3497,3165,3155,3156
[M41] raw phase=17 block=8048 us=3159,3955,3528,3187,3155,3153,3966,3854,3318,3165,3167,3163,3949,3454,3169,3164
[M41] raw phase=17 block=8064 us=3157,3168,3978,3503,3181,3154,3161,3754,3917,3398,3166,3168,3172,3943,3445,3170
[M41] raw phase=17 block=8080 us=3165,3163,3176,3933,3534,3175,3153,3162,3361,3992,3459,3161,3172,3158,3999,3584
[M41] raw phase=17 block=8096 us=3179,3164,3155,3171,3944,3486,3178,3153,3161,3162,3984,3521,3167,3160,3154,3968
[M41] raw phase=17 block=8112 us=3769,3334,3157,3157,3169,3929,3460,3167,3162,3155,3160,3973,3504,3183,3156,3158
[M41] raw phase=17 block=8128 us=3846,3922,3395,3162,3166,3169,3944,3477,3185,3166,3165,3178,3936,3487,3191,3159
[M41] raw phase=17 block=8144 us=3166,3384,3937,3471,3172,3171,3150,3990,3522,3185,3164,3151,3174,3953,3486,3170
[M41] raw phase=17 block=8160 us=3155,3167,3151,3976,3547,3162,3160,3157,3965,3794,3246,3162,3161,3183,3934,3484
[M41] raw phase=17 block=8176 us=3169,3155,3154,3165,3972,3521,3188,3156,3166,3910,3938,3390,3176,3166,3164,3945
[M41] raw phase=17 block=8192 us=3447,3178,3178,3153,3165,3974,3476,3193,3157,3164,3513,3927,3465,3167,3166,3156
[M41] raw phase=17 block=8208 us=3936,3490,3186,3170,3159,3173,3943,3499,3196,3164,3164,3154,3927,3574,3170,3163
[M41] raw phase=17 block=8224 us=3157,3981,3757,3213,3153,3156,3178,3951,3462,3173,3154,3175,3161,3987,3552,3167
[M41] raw phase=17 block=8240 us=3159,3159,3962,3847,3373,3163,3154,3172,3951,3412,3178,3162,3161,3168,3983,3467
[M41] raw phase=17 block=8256 us=3205,3154,3154,3530,3917,3406,3172,3168,3155,3940,3522,3172,3167,3153,3158,3977
[M41] raw phase=17 block=8272 us=3394,3131,3094,3137,3182,3911,3541,3163,3159,3153,3929,3699,3212,3167,3149,3168
[M41] raw phase=17 block=8288 us=3932,3450,3163,3147,3168,3155,3987,3503,3171,3164,3151,3934,3848,3322,3165,3147
[M41] raw phase=17 block=8304 us=3170,3937,3444,3168,3147,3151,3158,3972,3475,3164,3148,3158,3617,3941,3394,3163
[M41] raw phase=17 block=8320 us=3157,3155,3945,3440,3177,3169,3153,3164,3975,3501,3179,3157,3152,3217,3934,3489
[M41] raw phase=17 block=8336 us=3166,3163,3161,3934,3709,3183,3164,3163,3168,3946,3469,3180,3160,3165,3159,3937
[M41] raw phase=17 block=8352 us=3609,3177,3173,3162,3363,3934,3464,3179,3153,3173,3939,3608,3183,3154,3162,3158
[M41] raw phase=17 block=8368 us=3970,3481,3170,3153,3157,3171,3928,3561,3167,3152,3174,3734,3919,3388,3157,3154
[M41] raw phase=17 block=8384 us=3168,3975,3476,3189,3161,3166,3163,3921,3557,3171,3164,3153,3155,3957,3538,3187
[M41] raw phase=17 block=8400 us=3155,3161,3351,3943,3527,3169,3168,3161,3940,3598,3179,3165,3155,3153,3952,3534
[M41] raw phase=17 block=8416 us=3182,3156,3169,3161,3933,3569,3176,3166,3160,3629,3927,3382,3178,3154,3170,3930
[M41] raw phase=17 block=8432 us=3517,3175,3154,3177,3155,3944,3491,3167,3177,3160,3170,3917,3512,3166,3155,3162
[M41] raw phase=17 block=8448 us=3868,3888,3313,3175,3168,3162,3978,3512,3167,3158,3161,3165,3920,3599,3168,3153
[M41] raw phase=17 block=8464 us=3161,3169,3947,3489,3186,3153,3156,3704,3896,3422,3155,3163,3166,3916,3558,3174
[M41] raw phase=17 block=8480 us=3164,3167,3156,3950,3506,3191,3156,3152,3155,3943,3572,3160,3182,3157,3861,3931
[M41] raw phase=17 block=8496 us=3339,3184,3165,3170,3934,3514,3191,3157,3163,3153,3916,3600,3169,3164,3157,3172
[M41] raw phase=17 block=8512 us=3935,3515,3177,3166,3165,3918,3776,3211,3160,3163,3165,3950,3508,3160,3155,3152
[M41] raw phase=17 block=8528 us=3164,3942,3562,3160,3167,3176,3430,3989,3356,3161,3167,3159,3886,3855,3349,3169
[M41] raw phase=17 block=8544 us=3155,3154,3933,3533,3169,3169,3156,3152,3961,3517,3180,3159,3154,3181,3927,3497
[M41] raw phase=17 block=8560 us=3167,3167,3155,3923,3774,3171,3172,3161,3160,3957,3528,3178,3168,3166,3160,3938
[M41] raw phase=17 block=8576 us=3563,3164,3166,3167,3512,3948,3410,3178,3159,3167,3939,3501,3162,3172,3168,3153
[M41] raw phase=17 block=8592 us=3970,3496,3180,3174,3155,3172,3937,3495,3161,3158,3169,3818,3921,3322,3169,3161
[M41] raw phase=17 block=8608 us=3154,3980,3486,3183,3166,3159,3161,3925,3522,3167,3149,3150,3156,3973,3440,3182
[M41] raw phase=17 block=8624 us=3149,3156,3545,3946,3372,3166,3161,3149,3931,3522,3174,3166,3151,3151,3960,3487
[M41] raw phase=17 block=8640 us=3192,3155,3158,3158,3937,3458,3168,3161,3154,3795,3959,3363,3180,3152,3166,3928
[M41] raw phase=17 block=8656 us=3474,3188,3148,3161,3153,3950,3420,3170,3170,3156,3183,3934,3466,3185,3160,3174
[M41] raw phase=17 block=8672 us=3904,3882,3269,3165,3173,3156,3971,3424,3168,3164,3156,3172,3936,3440,3177,3156
[M41] raw phase=17 block=8688 us=3169,3308,3976,3373,3173,3155,3157,3920,3872,3374,3171,3157,3166,3936,3425,3171
[M41] raw phase=17 block=8704 us=3167,3152,3159,3974,3467,3199,3158,3156,3159,3925,3547,3179,3167,3164,3929,3780
[M41] raw phase=17 block=8720 us=3211,3175,3176,3165,3953,3442,3179,3155,3164,3151,3921,3576,3182,3178,3163,3426
[M41] raw phase=17 block=8736 us=3939,3468,3192,3155,3173,3925,3821,3968,3936,3946,3916,3940,3922,3929,3769,3904
[M41] raw phase=17 block=8752 us=3981,3887,3799,3928,3922,3976,3919,3974,3930,3921,3950,3904,3762,3937,3991,3929
[M41] raw phase=17 block=8768 us=3928,3965,3927,3959,3925,3934,3472,3929,3502,3174,3996,3443,3170,3158,3164,3173
[M41] raw phase=17 block=8784 us=3941,3577,3177,3153,3167,3762,3899,3297,3151,3152,3168,3988,3393,3197,3156,3166
[M41] raw phase=17 block=8800 us=3171,3934,3521,3172,3154,3153,3351,3982,3360,3177,3154,3158,3975,3496,3194,3165
[M41] raw phase=17 block=8816 us=3166,3165,3944,3462,3187,3165,3153,3153,3976,3527,3184,3157,3164,3923,3793,3286
[M41] raw phase=17 block=8832 us=3155,3169,3166,3961,3447,3177,3170,3154,3179,3935,3522,3180,3155,3171,3895,3924
[M41] raw phase=17 block=8848 us=3373,3165,3165,3163,3971,3405,3174,3155,3159,3173,3931,3508,3178,3165,3169,3445
[M41] raw phase=17 block=8864 us=3978,3362,3173,3156,3155,3983,3465,3201,3156,3154,3160,3949,3491,3177,3168,3153
[M41] raw phase=17 block=8880 us=3157,3961,3480,3193,3155,3153,3979,3741,3235,3158,3168,3162,3942,3463,3175,3163
[M41] raw phase=17 block=8896 us=3156,3166,3950,3529,3181,3155,3175,3888,3905,3370,3175,3177,3164,3968,3423,3179
[M41] raw phase=17 block=8912 us=3173,3155,3175,3936,3496,3181,3156,3160,3608,3974,3458,3161,3167,3160,3982,3441
[M41] raw phase=17 block=8928 us=3177,3154,3155,3169,3943,3499,3172,3153,3158,3163,3971,3466,3177,3160,3158,3976
[M41] raw phase=17 block=8944 us=3659,3216,3161,3159,3167,3941,3462,3168,3167,3163,3160,3965,3532,3179,3156,3152
[M41] raw phase=17 block=8960 us=3899,3878,3326,3163,3159,3162,3943,3459,3168,3163,3149,3164,3937,3494,3186,3146
[M41] raw phase=17 block=8976 us=3160,3638,3922,3380,3154,3160,3149,3974,3411,3174,3151,3156,3168,3932,3479,3175
[M41] raw phase=17 block=8992 us=3150,3163,3244,3972,3461,3160,3154,3158,3980,3618,3198,3149,3161,3173,3949,3474
[M41] raw phase=17 block=9008 us=3166,3157,3154,3159,3968,3537,3187,3161,3156,3952,3878,3325,3168,3165,3159,3946
[M41] raw phase=17 block=9024 us=3485,3175,3170,3152,3162,3968,3507,3179,3154,3166,3805,3889,3443,3160,3166,3168
[M41] raw phase=17 block=9040 us=3937,3477,3179,3165,3162,3174,3957,3474,3173,3154,3161,3301,3951,3444,3158,3166
[M41] raw phase=17 block=9056 us=3164,3974,3627,3191,3162,3164,3175,3945,3493,3171,3166,3165,3159,3977,3561,3177
[M41] raw phase=17 block=9072 us=3156,3155,3961,3869,3368,3163,3162,3163,3951,3462,3175,3163,3155,3158,3977,3511
[M41] raw phase=17 block=9088 us=3177,3157,3156,3154,3930,3567,3171,3165,3164,3940,3764,3225,3165,3155,3167,3968
[M41] raw phase=17 block=9104 us=3442,3189,3155,3171,3158,3936,3551,3174,3168,3153,3472,3942,3435,3183,3156,3169
[M41] raw phase=17 block=9120 us=3942,3446,3191,3154,3165,3158,3973,3512,3177,3167,3155,3167,3920,3550,3168,3158
[M41] raw phase=17 block=9136 us=3174,3827,3930,3369,3161,3158,3168,3987,3528,3204,3156,3153,3171,3924,3571,3169
[M41] raw phase=17 block=9152 us=3157,3172,3156,3970,3534,3195,3167,3163,3448,3931,3460,3163,3157,3154,3920,3538
[M41] raw phase=17 block=9168 us=3173,3166,3155,3158,3963,3503,3191,3152,3169,3157,3920,3561,3178,3168,3152,3746
[M41] raw phase=17 block=9184 us=3925,3377,3183,3154,3167,3931,3505,3189,3156,3176,3167,3948,3556,3162,3164,3168
[M41] raw phase=17 block=9200 us=3167,3934,3535,3174,3164,3171,3892,3955,3287,3167,3173,3158,3967,3527,3167,3158
[M41] raw phase=17 block=9216 us=3163,3168,3918,3555,3175,3161,3156,3251,3976,3461,3192,3157,3156,3807,3906,3388
[M41] raw phase=17 block=9232 us=3165,3167,3157,3926,3564,3175,3169,3154,3161,3967,3524,3187,3157,3166,3157,3931
[M41] raw phase=17 block=9248 us=3562,3165,3175,3159,3918,3921,3306,3183,3170,3169,3920,3516,3188,3159,3167,3154
[M41] raw phase=17 block=9264 us=3945,3531,3175,3175,3156,3256,3959,3450,3175,3161,3172,3923,3692,3179,3158,3165
[M41] raw phase=17 block=9280 us=3152,3968,3521,3170,3157,3155,3168,3932,3539,3164,3165,3169,3524,3996,3336,3156
[M41] raw phase=17 block=9296 us=3156,3166,3954,3898,3321,3163,3172,3169,3928,3551,3102,3109,3095,3127,3970,3445
[M41] raw phase=17 block=9312 us=3183,3156,3152,3252,3927,3437,3149,3159,3147,3927,3496,3153,3165,3152,3148,3939
[M41] raw phase=17 block=9328 us=3526,3179,3158,3161,3152,3924,3563,3169,3160,3148,3593,3950,3357,3179,3157,3172
[M41] raw phase=17 block=9344 us=3933,3513,3164,3155,3166,3156,3963,3515,3168,3170,3159,3166,3939,3451,3176,3163
[M41] raw phase=17 block=9360 us=3163,3849,3951,3296,3171,3167,3158,3960,3520,3163,3163,3156,3166,3920,3516,3167
[M41] raw phase=17 block=9376 us=3156,3158,3156,3983,3385,3181,3158,3155,3659,3934,3416,3167,3162,3165,3934,3544
[M41] raw phase=17 block=9392 us=3162,3170,3159,3152,3973,3415,3198,3162,3157,3162,3931,3443,3179,3165,3160,3866
[M41] raw phase=17 block=9408 us=3844,3344,3174,3154,3164,3940,3415,3179,3156,3170,3163,3932,3452,3176,3175,3156
[M41] raw phase=17 block=9424 us=3174,3934,3471,3178,3155,3168,3930,3780,3210,3159,3173,3167,3988,3417,3178,3156
[M41] raw phase=17 block=9440 us=3161,3173,3936,3495,3169,3166,3165,3389,3983,3381,3167,3155,3159,3917,3887,3355
[M41] raw phase=17 block=9456 us=3177,3157,3160,3933,3463,3173,3169,3155,3160,3964,3521,3185,3156,3155,3166,3916
[M41] raw phase=17 block=9472 us=3516,3167,3169,3159,3922,3765,3187,3169,3156,3168,3953,3467,3167,3158,3170,3156
[M41] raw phase=17 block=9488 us=3925,3570,3171,3165,3163,3526,3924,3384,3194,3159,3173,3930,3447,3170,3168,3168
[M41] raw phase=17 block=9504 us=3153,3958,3479,3174,3165,3155,3163,3921,3536,3174,3155,3174,3785,3977,3359,3168
[M41] raw phase=17 block=9520 us=3159,3159,3945,3505,3174,3153,3156,3163,3921,3564,3160,3158,3161,3154,3968,3570
[M41] raw phase=17 block=9536 us=3195,3161,3172,3525,3920,3470,3159,3164,3152,3918,3534,3169,3171,3166,3158,3952
[M41] raw phase=17 block=9552 us=3519,3200,3160,3172,3158,3919,3545,3167,3163,3152,3784,3918,3362,3173,3161,3170
[M41] raw phase=17 block=9568 us=3920,3529,3188,3162,3166,3155,3922,3544,3174,3167,3163,3173,3919,3547,3169,3162
[M41] raw phase=17 block=9584 us=3174,3905,3874,3305,3158,3178,3157,3948,3515,3172,3164,3161,3169,3929,3520,3176
[M41] raw phase=17 block=9600 us=3157,3164,3275,3976,3457,3165,3165,3157,3826,3910,3428,3164,3164,3155,3923,3911
[M41] raw phase=17 block=9616 us=3912,3977,3913,3920,3956,3934,3962,3687,3932,3911,3897,3970,3929,3972,3927,3922
[M41] raw phase=17 block=9632 us=3981,3934,3962,3924,3923,3698,3923,3968,3921,3957,3941,3928,3950,3917,3986,3673
[M41] raw phase=17 block=9648 us=3970,3525,3164,3161,3154,3983,3491,3158,3158,3152,3896,3885,3417,3163,3151,3157
[M41] raw phase=17 block=9664 us=3945,3429,3173,3156,3149,3154,3964,3483,3202,3148,3151,3460,3928,3423,3163,3168
[M41] raw phase=17 block=9680 us=3154,3923,3496,3168,3163,3148,3167,3967,3478,3185,3152,3160,3150,3914,3539,3177
[M41] raw phase=17 block=9696 us=3164,3164,3950,3700,3238,3172,3168,3174,3946,3441,3167,3168,3164,3161,3978,3539
[M41] raw phase=17 block=9712 us=3183,3163,3156,3927,3884,3364,3166,3158,3176,3944,3462,3174,3160,3156,3163,3971
[M41] raw phase=17 block=9728 us=3502,3190,3154,3155,3606,3932,3408,3167,3157,3163,3946,3478,3167,3164,3156,3168
[M41] raw phase=17 block=9744 us=3993,3450,3193,3157,3163,3168,3928,3494,3162,3171,3158,3940,3759,3181,3174,3156
[M41] raw phase=17 block=9760 us=3172,3947,3463,3200,3155,3165,3164,3944,3595,3169,3167,3153,3943,3907,3317,3176
[M41] raw phase=17 block=9776 us=3158,3176,3946,3451,3172,3154,3171,3163,3995,3497,3173,3155,3155,3688,3920,3425
[M41] raw phase=17 block=9792 us=3168,3160,3185,3948,3489,3185,3165,3167,3164,3977,3485,3197,3160,3155,3246,3934
[M41] raw phase=17 block=9808 us=3515,3159,3158,3155,3937,3699,3189,3177,3158,3167,3982,3436,3205,3153,3166,3106
[M41] raw phase=17 block=9824 us=3881,3519,3145,3170,3152,3922,3896,3331,3184,3156,3173,3948,3407,3177,3157,3167
[M41] raw phase=17 block=9840 us=3169,3949,3517,3166,3163,3163,3806,3891,3412,3165,3156,3171,3939,3473,3177,3159
[M41] raw phase=17 block=9856 us=3170,3159,3977,3455,3166,3164,3159,3320,3934,3493,3171,3157,3153,3944,3624,3188
[M41] raw phase=17 block=9872 us=3158,3153,3164,3986,3452,3188,3156,3156,3162,3924,3571,3163,3163,3156,3899,3838
[M41] raw phase=17 block=9888 us=3262,3170,3154,3167,3984,3437,3189,3163,3173,3167,3934,3575,3173,3160,3163,3804
[M41] raw phase=17 block=9904 us=3918,3365,3175,3160,3170,3945,3425,3173,3160,3164,3169,3980,3504,3186,3162,3154
[M41] raw phase=17 block=9920 us=3334,3931,3408,3164,3151,3168,3936,3586,3186,3155,3158,3161,3981,3465,3180,3155
[M41] raw phase=17 block=9936 us=3155,3169,3941,3553,3165,3152,3157,3903,3873,3227,3175,3160,3166,3980,3411,3183
[M41] raw phase=17 block=9952 us=3156,3158,3162,3939,3536,3174,3173,3156,3843,3946,3368,3177,3156,3173,3948,3417
[M41] raw phase=17 block=9968 us=3184,3155,3166,3162,3933,3509,3184,3171,3156,3484,3933,3420,3176,3157,3170,3938
[M41] raw phase=17 block=9984 us=3523,3170,3153,3166,3163,3989,3455,3169,3153,3150,3164,3923,3553,3161,3151,3167
[M41] raw phase=17 block=10000 us=3924,3788,3203,3154,3153,3155,3981,3411,3185,3147,3151,3166,3932,3540,3152,3149
[M41] raw phase=17 block=10016 us=3152,3867,3918,3351,3183,3149,3160,3962,3418,3186,3150,3164,3154,3933,3536,3169
[M41] raw phase=17 block=10032 us=3169,3152,3553,3955,3444,3174,3154,3164,3933,3496,3186,3155,3164,3167,3959,3501
[M41] raw phase=17 block=10048 us=3184,3166,3156,3176,3920,3494,3173,3155,3171,3935,3761,3191,3153,3174,3163,3981
[M41] raw phase=17 block=10064 us=3410,3172,3163,3152,3172,3941,3556,3176,3155,3154,3902,3939,3330,3162,3159,3165
[M41] raw phase=17 block=10080 us=3993,3411,3179,3155,3153,3167,3933,3546,3171,3161,3154,3578,3967,3400,3181,3155
[M41] raw phase=17 block=10096 us=3156,3971,3445,3181,3155,3161,3170,3934,3536,3170,3164,3161,3235,3924,3485,3183
[M41] raw phase=17 block=10112 us=3166,3164,3942,3655,3180,3165,3168,3164,3980,3437,3184,3168,3153,3171,3946,3534
[M41] raw phase=17 block=10128 us=3167,3156,3174,3917,3913,3320,3158,3154,3161,3982,3452,3185,3151,3156,3171,3943
[M41] raw phase=17 block=10144 us=3575,3169,3160,3153,3710,3938,3397,3178,3155,3172,3995,3429,3198,3152,3163,3162
[M41] raw phase=17 block=10160 us=3935,3490,3184,3178,3154,3277,3964,3479,3188,3155,3165,3947,3644,3216,3162,3173
[M41] raw phase=17 block=10176 us=3166,3940,3473,3188,3166,3154,3169,3942,3546,3184,3153,3168,3920,3873,3312,3171
[M41] raw phase=17 block=10192 us=3164,3168,3982,3457,3167,3152,3160,3179,3931,3599,3167,3161,3168,3823,3973,3443
[M41] raw phase=17 block=10208 us=3175,3158,3162,3984,3457,3199,3157,3158,3173,3940,3494,3176,3163,3155,3153,3967
[M41] raw phase=17 block=10224 us=3506,3211,3156,3152,3306,3948,3488,3163,3167,3163,3937,3477,3174,3168,3162,3165
[M41] raw phase=17 block=10240 us=3978,3556,3187,3154,3164,3160,3917,3585,3168,3161,3161,3584,3940,3378,3174,3156
[M41] raw phase=17 block=10256 us=3178,3939,3585,3160,3155,3170,3159,3989,3522,3166,3174,3160,3170,3929,3531,3181
[M41] raw phase=17 block=10272 us=3157,3170,3842,3933,3356,3165,3164,3157,3974,3522,3164,3158,3155,3165,3918,3575
[M41] raw phase=17 block=10288 us=3164,3158,3164,3159,3960,3515,3187,3154,3150,3569,3939,3390,3164,3156,3163,3928
[M41] raw phase=17 block=10304 us=3563,3174,3166,3169,3164,3956,3530,3187,3161,3161,3152,3931,3574,3180,3165,3161
[M41] raw phase=17 block=10320 us=3863,3979,3357,3175,3164,3166,3925,3547,3184,3153,3174,3160,3924,3553,3171,3170
[M41] render min=3084 avg=3401.67 p50=3177 p95=3964 p99=3984 max=4011 headroom_worst_us=1793.989
[M41] UI requested_fps=30 frames=1772 achieved_fps=29.541 skipped=26 errors=0 pages=12 submitted=1773 refresh_hz=60.466 core_observed=0 audio_core_observed=0
[M41] part=repair avg=6411.99 max=52582
[M41] part=draw avg=3795.83 max=74114
[M41] part=ppa avg=0.00 max=0
[M41] part=cache avg=2035.39 max=4576
[M41] part=submit avg=47.37 max=3663
[M41] part=wait avg=16710.54 max=26714
[M41] part=present avg=19057.34 max=27268
[M41] part=total avg=29277.94 max=122374
[M41] part=dirty_bytes avg=119497.57 max=768000
[M41] part=repair_bytes avg=127197.78 max=768000
[M41] part=cache_span_bytes avg=515873.41 max=768000
[M41] touch polls=5999 hz=100.010 errors=0 presses=0 releases=0 drags=0 activity_blocks=0 activity_misses=0
[M41] memory ps_before=30843520 ps_after=30843520 largest_before=30408692 largest_after=30408692 internal_before=505856 internal_after=505856
[M41] touch_coverage_bits=0 event_count=0 overflow=0 shared_codec=ESP_OK shared_touch=ESP_OK
[M41] heap_loss psram=0 internal=0 largest_before=30408692 largest_after=30408692 workers=3 drain_errors=0 shutdown=ESP_OK result=PASS
[MEM] M41 after audio shutdown PSRAM total=33554432 free=30843568 largest=30408692 internal_free=511132
