[M6 budget] total=33554432 display=2304000 fx_delay=352800 samples=0 reserve=4194304 free=28616312 largest=28311540 internal=245668
E (3634) sdmmc_common: sdmmc_init_ocr: send_op_cond (1) returned 0x107
E (3634) vfs_fat_sdmmc: sdmmc_card_init failed (0x107).
[  1376][E][SD_MMC.cpp:307] begin(): Failed to initialize the card (0x107). Make sure SD card lines have pull-up resistors in place.
[M6 SD] mounted=0 width=4 clock_khz=20000 mount_us=258920 capacity=0 status=NO CARD / MOUNT ERROR
[M5] blocks=13782 p50=2866 p95=3304 p99=3412 max=4125 misses=0 failures=0 timeouts=0 peak=4121 nonzero=6926097 rails=0 active_min=0 active_max=16
[M8 groove] parents=9362 passed=8899 skipped=463 ratchets=25519 pending_max=48 velocity_min=1 velocity_max=127 swing_changes=8
[M8 worst] blocks=2068 bpm=240 voices=16 ratchet=4 swing=50 delay=1 max=3695 triggers=12304 triggers_per_second=1024
[MEM] M8 after 60s PSRAM total=33554432 free=28616312 largest=28311540 internal_free=244660
[M10 locks] locked=8862 unlocked=37 pitch=8830 volume=8781 pan=8823 wave=0 pattern_bytes=3106 bank_bytes=49696 engine_bytes=52616
[M11 tone] cutoff=569 resonance=569 send=570 cutoff_min=0 cutoff_max=127 resonance_min=0 resonance_max=127 send_min=0 send_max=127 blocks=573 max=3695 dense=2068 dense_max=3695
[M12 locks] cutoff=8832 resonance=8825 send=8822 coefficients=7141 avoided=42267 send_changes=6898 coefficient_blocks=818 coefficient_max=3671 edit_blocks=174 edit_max=3506 commands=136 step_bytes=9 event_bytes=20 voice_bytes=384 idle_residue=16
[M17 chain] starts=5 advances=119 repeats=18 loops=1 stops=1 switches=117 min_length=1 max_length=16 boundary_max=3436 seen=4294967295 entry_bytes=2 chain_bytes=66 engine_bytes=52616
[M18 performance] override_requests=6 override_accepts=2 override_loops=7 override_cancels=5 returns=4 fill_requests=6 fill_accepts=5 fill_completions=5 fill_to_override=2 fill_to_arrangement=3 mute_edits=17 solo_edits=49 boundaries=18 boundary_max=3482 state_bytes=352 engine_bytes=52616 publication_bytes=24
[M181 repeat] requests=3 accepts=1 cancelled=2 x2_windows=8 x4_windows=8 x8_windows=99 hits=13409 x8_hits=12672 changes=3 releases=1 empty=0 captured_max=16 suppressed=15 worst=4122 capture_bytes=324 repeat_bytes=336
[M181 x8] blocks=1067 worst=4122 active_min=16 active_max=16 coefficients=0 avoided=12704 chokes=0 full_blocks=1066
[M181 runtime] requested=0 active=0 count=0 ui_presses=1 ui_releases=1 ui_edits=10
[M18 runtime] override_target=0 override_active=0 fill_pending=0 fill_active=0 return_pattern=0 return_end=0 mutes=0 solos=0 ui_bytes=116
[M18 UI] entries=13 pads=7 fills=3 toggles=64 switches=1
[M17 UI] entries=18 edits=10 rows=9 scrolls=2
[M16 project] state_bytes=53192 file_bytes=52704 snapshot_blocks=51 snapshot_max=3514 apply_blocks=312 apply_max=1985 fixtures=3 fixture_errors=0 dirty=1 physical_pending=1
[M13 dense] blocks=2068 active_min=16
[M13 playback] triggers=48219 reverse=11704 gate=24988 releases=5548 ends=77 choke_ops=1920 choked=922 retriggers=46929 region_min=1 region_max=65536 max=4125 choke_max=3553 retrigger_max=4077 voice_bytes=64 track_bytes=116 event_bytes=20
[M15 locks] locked=7195 unlocked=1590 unsliced=114 requested_min=0 requested_max=15 resolved_min=0 resolved_max=15 clamped=429 edits=213 ui_edits=40 align=1 requested_seen=65535 resolved_seen=65535
[M14 slices] triggers=47694 auditions=22 index_min=0 index_max=15 frames_min=1 frames_max=65536 active_changes=42 divides=104 adds=20 deletes=22 resets=21 edit_blocks=365 edit_max=3521 slice_bytes=4 bank_bytes=66 sample_bytes=1556
[M10 worst] blocks=2068 max=3695
[M9 tools] rotate=24 reverse=21 copy_track=23 clear_track=13 duplicate=20 euclidean=14 randomize=17 mutate=14 reroll=13 blocks=142 dense_blocks=59 max=3695
[M5 UI] seconds=81.073 submitted=1663 completed=1663 dirty_avg=181481 dirty_max=768000 full=192 preparation_max_us=116299 touch_errors=0 rejected=0 pads=3 steps=6 drags=70 pages=19 transport=0 bpm=0 skipped=164
[M7 patterns] switches=119 loops=340 selections=28 copies=4 clears=4 lengths=16 solos=6 mutes=6 normal_frames=1471 dirty_avg=104927 dirty_max=502784 pattern_bytes=3106 command_bytes=12
[M7 applied] long_to_short=1 short_to_long=1 queue_replacements=3 copies=4 clears=4 lengths=62 solos=5 mutes=5 steps=6
[M9 UI] entries=3 copies=3 randomize=6 cell_max=16 edit_full=0
[M12 UI] entries=17 edits=46 widgets_max=2 edit_full=0
[M11 UI] entries=12 edits=28 widgets_max=1 edit_full=0
[M10 UI] entries=32 edits=96 widgets_max=2 edit_full=0
[M13 UI] entries=16 edits=29 widgets_max=3 edit_full=0
[M14 UI] entries=96 edits=232 edit_full=0 waveform_first_us=106602 waveform_redraw_max_us=17240 slice_redraw_max_us=67171 build_count=17 build_max_us=360191 large_us=360191 cache_bytes=1440 page_max_us=116289 drag_dirty_max=280576
[M5 memory] ps_before=28616312 ps_after=28616312 internal_before=244660 internal_after=244660 largest_before=28311540 largest_after=28311540
