PSRAM PRE DELAY: 31246012
PSRAM POST DELAY: 30885556
[AUDIO] I2C init OK
[AUDIO] ES8311 found at 0x18
[AUDIO] I2S init 44100/16 OK, MCLK=11289600 Hz
[AUDIO] ES8311 playback configured (capture serial port disabled)
[AUDIO] PA GPIO11 enabled
[M13 fixture] voices=16 frames=65536 bytes=2097152 psram=1
[M6 budget] total=33554432 display=2304000 fx_delay=352800 samples=0 reserve=4194304 free=24290932 largest=24117236 internal=244996
E (3903) sdmmc_common: sdmmc_init_ocr: send_op_cond (1) returned 0x107
E (3903) vfs_fat_sdmmc: sdmmc_card_init failed (0x107).
[  1509][E][SD_MMC.cpp:307] begin(): Failed to initialize the card (0x107). Make sure SD card lines have pull-up resistors in place.
[M6 SD] mounted=0 width=4 clock_khz=20000 mount_us=261122 capacity=0 status=NO CARD / MOUNT ERROR
[M5] blocks=13782 p50=2919 p95=3432 p99=3545 max=4617 misses=0 failures=0 timeouts=0 peak=4010 nonzero=6979897 rails=0 active_min=0 active_max=16
[M8 groove] parents=9165 passed=8717 skipped=448 ratchets=25004 pending_max=48 velocity_min=1 velocity_max=127 swing_changes=8
[M8 worst] blocks=2068 bpm=240 voices=16 ratchet=4 swing=50 delay=1 max=3720 triggers=12304 triggers_per_second=1024
[MEM] M8 after 60s PSRAM total=33554432 free=24290932 largest=24117236 internal_free=243988
[M10 locks] locked=8685 unlocked=32 pitch=8658 volume=8631 pan=8650 wave=0 pattern_bytes=3106 bank_bytes=49696 engine_bytes=52616
[M11 tone] cutoff=559 resonance=560 send=560 cutoff_min=0 cutoff_max=127 resonance_min=0 resonance_max=127 send_min=0 send_max=127 blocks=558 max=3675 dense=2068 dense_max=3720
[M12 locks] cutoff=8665 resonance=8652 send=8651 coefficients=6879 avoided=41803 send_changes=6638 coefficient_blocks=788 coefficient_max=3675 edit_blocks=173 edit_max=3675 commands=135 step_bytes=9 event_bytes=20 voice_bytes=384 idle_residue=16
[M17 chain] starts=5 advances=127 repeats=18 loops=1 stops=1 switches=126 min_length=1 max_length=16 boundary_max=3549 seen=4294967295 entry_bytes=2 chain_bytes=66 engine_bytes=52616
[M18 performance] override_requests=6 override_accepts=3 override_loops=6 override_cancels=5 returns=4 fill_requests=6 fill_accepts=5 fill_completions=5 fill_to_override=2 fill_to_arrangement=3 mute_edits=17 solo_edits=49 boundaries=18 boundary_max=3617 state_bytes=352 engine_bytes=52616 publication_bytes=24
[M181 repeat] requests=3 accepts=1 cancelled=2 x2_windows=8 x4_windows=8 x8_windows=99 hits=13409 x8_hits=12672 changes=3 releases=1 empty=0 captured_max=16 suppressed=15 worst=4617 capture_bytes=324 repeat_bytes=336
[M181 x8] blocks=1067 worst=4617 active_min=16 active_max=16 coefficients=0 avoided=12704 chokes=0 full_blocks=1066
[M181 runtime] requested=0 active=0 count=0 ui_presses=1 ui_releases=1 ui_edits=2
[M18 runtime] override_target=0 override_active=0 fill_pending=0 fill_active=0 return_pattern=0 return_end=0 mutes=0 solos=0 ui_bytes=116
[M19 analysis] requests=3 completed=3 cancelled=1 stale_discarded=1 frames=2514260 candidates=0 selected=1 proposals=3 apply=1 cancel=1 min_count=1 max_count=1 sensitivity=1 target=8 duration_max_us=1090095 chunk_max_us=68556
[M19 overlap] blocks=316 worst=4617 misses=0 x8_blocks=316 ui_interval_max_us=102803 detector_bytes=616 candidate_bytes=512 proposal_bytes=84 status_bytes=100 storage_stack=7000 stack_free_min=4412
[M19 timing] one_second_us=22989 loop_us=92917 large_us=1090095 chunk_max_us=4933 completed=3 pcm_bytes=4194304
[M18 UI] entries=13 pads=7 fills=3 toggles=64 switches=1
[M17 UI] entries=18 edits=10 rows=9 scrolls=2
[M16 project] state_bytes=53192 file_bytes=52704 snapshot_blocks=51 snapshot_max=3366 apply_blocks=312 apply_max=2040 fixtures=3 fixture_errors=0 dirty=1 physical_pending=1
[M13 dense] blocks=2068 active_min=16
[M13 playback] triggers=47512 reverse=11151 gate=24332 releases=5242 ends=65 choke_ops=1686 choked=788 retriggers=46374 region_min=1 region_max=65536 max=4617 choke_max=3675 retrigger_max=4454 voice_bytes=64 track_bytes=116 event_bytes=20
[M15 locks] locked=7093 unlocked=1522 unsliced=102 requested_min=0 requested_max=15 resolved_min=0 resolved_max=15 clamped=424 edits=209 ui_edits=40 align=1 requested_seen=65535 resolved_seen=65535
[M14 slices] triggers=47045 auditions=20 index_min=0 index_max=15 frames_min=1 frames_max=65536 active_changes=42 divides=105 adds=21 deletes=21 resets=20 edit_blocks=364 edit_max=3675 slice_bytes=4 bank_bytes=66 sample_bytes=1556
[M10 worst] blocks=2068 max=3720
[M9 tools] rotate=26 reverse=21 copy_track=23 clear_track=14 duplicate=21 euclidean=14 randomize=17 mutate=12 reroll=13 blocks=145 dense_blocks=60 max=3720
[M5 UI] seconds=81.022 submitted=1564 completed=1564 dirty_avg=188781 dirty_max=768000 full=190 preparation_max_us=128399 touch_errors=0 rejected=0 pads=3 steps=6 drags=72 pages=18 transport=0 bpm=0 skipped=208
[M7 patterns] switches=128 loops=348 selections=27 copies=4 clears=4 lengths=16 solos=6 mutes=6 normal_frames=1374 dirty_avg=108686 dirty_max=641536 pattern_bytes=3106 command_bytes=12
[M7 applied] long_to_short=1 short_to_long=1 queue_replacements=3 copies=4 clears=3 lengths=62 solos=5 mutes=4 steps=4
[M9 UI] entries=3 copies=3 randomize=6 cell_max=16 edit_full=0
[M12 UI] entries=16 edits=45 widgets_max=2 edit_full=0
[M11 UI] entries=11 edits=29 widgets_max=1 edit_full=0
[M10 UI] entries=32 edits=95 widgets_max=2 edit_full=0
[M13 UI] entries=16 edits=30 widgets_max=3 edit_full=0
[M14 UI] entries=94 edits=230 edit_full=0 waveform_first_us=123163 waveform_redraw_max_us=22419 slice_redraw_max_us=74726 build_count=17 build_max_us=359678 large_us=359678 cache_bytes=1440 page_max_us=128392 drag_dirty_max=280576
[M5 memory] ps_before=24290932 ps_after=24290932 internal_before=243988 internal_after=243988 largest_before=24117236 largest_after=24117236
