
# HOST SESSION UTC 2026-10-09T21:54:23.924012+00:00 mode=direct_1_REPEAT

# HOST ESPrun reset
esptool v5.1.0
Serial port COM13:
Connecting...
Connected to ESP32-P4 on COM13:
Chip type:          ESP32-P4 (revision v1.3)
Features:           Dual Core + LP Core, 400MHz
Crystal frequency:  40MHz
USB mode:           USB-Serial/JTAG
MAC:                80:f1:b2:d3:cc:86

Uploading stub flasher...
Running stub flasher...
Stub flasher running.

Warning: ESP32-P4 has no chip ID. Reading MAC address instead.
MAC:                80:f1:b2:d3:cc:86

Hard resetting via RTS pin...
PSRAM PRE DELAY: 31246012
PSRAM POST DELAY: 30885556
[AUDIO] I2C init OK
[AUDIO] ES8311 found at 0x18
[AUDIO] I2S init 44100/16 OK, MCLK=11289600 Hz
[AUDIO] ES8311 playback configured (capture serial port disabled)
[AUDIO] PA GPIO11 enabled
[M6 budget] total=33554432 display=2304000 fx_delay=352800 samples=0 reserve=4194304 free=30779004 largest=30408692 internal=201884
[M6 SD] mounted=1 width=4 clock_khz=20000 mount_us=247113 capacity=8053063680 status=SD READY
[M6 index] files=9 entries=9 limited=0 scan_us=28611 ps_free=30752712 largest=30408692 internal=200248

# HOST INDEX
[Q COMMAND] INDEX
[M213 index] index=0 name=m19p_impulses.wav
[M213 index] index=1 name=m19p_kick.wav
[M213 index] index=2 name=m19p_snare.wav
[M213 index] index=3 name=m19p_mixed.wav
[M213 index] index=4 name=m19p_stereo.wav
[M213 index] index=5 name=m19p_large.wav
[M213 index] index=6 name=m19p_bad_depth.wav
[M213 index] index=7 name=m19p_truncated.wav
[M213 index] index=8 name=m19p_oneshot.wav

# HOST CMD 0 0 0 0 0
[Q COMMAND] CMD 0 0 0 0 0
[Q ACK] sent=1

# HOST LOAD 0 3
[Q COMMAND] LOAD 0 3
[Q ACK] load=1
[M6 read] bytes=352800 read_us=685831 bytes_per_second=514412 original_channels=1 rate=44100 total_psram=33554432
[M6 load] track=0 file_bytes=352844 pcm_bytes=352800 load_publish_us=1199840 payload=352863 transient=352800 peak_payload=352863 ps_free=30392872 largest=29884404 internal=198968 display=2304000 fx_delay=352800 reserve=4194304
[M6.1 replacement] retired_clear=1 ps_delta=360452 status=READY
[M213 address] track=0 pcm=0x482abe00 base=0x482abdfc bytes=352863 owner_usable_bytes=360436 frames=176400 mod64=0 mod128=0 mod256=0 mod4096=3584 mod131072=48640 external=1 requested_caps=1028 free=30392872 largest=29884404

# HOST LOAD 1 3
[Q COMMAND] LOAD 1 3
[Q ACK] load=1
[M6 read] bytes=352800 read_us=759207 bytes_per_second=464695 original_channels=1 rate=44100 total_psram=33554432
[M6 load] track=1 file_bytes=352844 pcm_bytes=352800 load_publish_us=1267216 payload=705790 transient=352800 peak_payload=705790 ps_free=30032420 largest=29884404 internal=197364 display=2304000 fx_delay=352800 reserve=4194304
[M6.1 replacement] retired_clear=1 ps_delta=360452 status=READY
[M213 address] track=1 pcm=0x48303e40 base=0x48303e00 bytes=352927 owner_usable_bytes=360436 frames=176400 mod64=0 mod128=64 mod256=64 mod4096=3648 mod131072=15936 external=1 requested_caps=1028 free=30032420 largest=29884404

# HOST LOAD 2 3
[Q COMMAND] LOAD 2 3
[Q ACK] load=1
[M6 read] bytes=352800 read_us=677533 bytes_per_second=520712 original_channels=1 rate=44100 total_psram=33554432
[M6 load] track=2 file_bytes=352844 pcm_bytes=352800 load_publish_us=1190046 payload=1058781 transient=352800 peak_payload=1058781 ps_free=29671968 largest=29360116 internal=195760 display=2304000 fx_delay=352800 reserve=4194304
[M6.1 replacement] retired_clear=1 ps_delta=360452 status=READY
[M213 address] track=2 pcm=0x4835bec0 base=0x4835be04 bytes=352991 owner_usable_bytes=360436 frames=176400 mod64=0 mod128=64 mod256=192 mod4096=3776 mod131072=114368 external=1 requested_caps=1028 free=29671968 largest=29360116

# HOST LOAD 3 3
[Q COMMAND] LOAD 3 3
[Q ACK] load=1
[M6 read] bytes=352800 read_us=701171 bytes_per_second=503158 original_channels=1 rate=44100 total_psram=33554432
[M6 load] track=3 file_bytes=352844 pcm_bytes=352800 load_publish_us=1213180 payload=1411836 transient=352800 peak_payload=1411836 ps_free=29311516 largest=28835828 internal=194156 display=2304000 fx_delay=352800 reserve=4194304
[M6.1 replacement] retired_clear=1 ps_delta=360452 status=READY
[M213 address] track=3 pcm=0x483b3f00 base=0x483b3e08 bytes=353055 owner_usable_bytes=360436 frames=176400 mod64=0 mod128=0 mod256=0 mod4096=3840 mod131072=81664 external=1 requested_caps=1028 free=29311516 largest=28835828

# HOST LOAD 4 3
[Q COMMAND] LOAD 4 3
[Q ACK] load=1
[M6 read] bytes=352800 read_us=763992 bytes_per_second=461784 original_channels=1 rate=44100 total_psram=33554432
[M6 load] track=4 file_bytes=352844 pcm_bytes=352800 load_publish_us=1307426 payload=1764955 transient=352800 peak_payload=1764955 ps_free=28951064 largest=28835828 internal=192552 display=2304000 fx_delay=352800 reserve=4194304
[M6.1 replacement] retired_clear=1 ps_delta=360452 status=READY
[M213 address] track=4 pcm=0x4840bf40 base=0x4840be0c bytes=353119 owner_usable_bytes=360436 frames=176400 mod64=0 mod128=64 mod256=64 mod4096=3904 mod131072=48960 external=1 requested_caps=1028 free=28951064 largest=28835828

# HOST LOAD 5 3
[Q COMMAND] LOAD 5 3
[Q ACK] load=1
[M6 read] bytes=352800 read_us=683315 bytes_per_second=516306 original_channels=1 rate=44100 total_psram=33554432
[M6 load] track=5 file_bytes=352844 pcm_bytes=352800 load_publish_us=1197445 payload=2118138 transient=352800 peak_payload=2118138 ps_free=28590612 largest=28311540 internal=190948 display=2304000 fx_delay=352800 reserve=4194304
[M6.1 replacement] retired_clear=1 ps_delta=360452 status=READY
[M213 address] track=5 pcm=0x48463f80 base=0x48463e10 bytes=353183 owner_usable_bytes=360436 frames=176400 mod64=0 mod128=0 mod256=128 mod4096=3968 mod131072=16256 external=1 requested_caps=1028 free=28590612 largest=28311540

# HOST LOAD 6 3
[Q COMMAND] LOAD 6 3
[Q ACK] load=1
[M6 read] bytes=352800 read_us=701546 bytes_per_second=502889 original_channels=1 rate=44100 total_psram=33554432
[M6 load] track=6 file_bytes=352844 pcm_bytes=352800 load_publish_us=1215556 payload=2471385 transient=352800 peak_payload=2471385 ps_free=28230160 largest=27787252 internal=189344 display=2304000 fx_delay=352800 reserve=4194304
[M6.1 replacement] retired_clear=1 ps_delta=360452 status=READY
[M213 address] track=6 pcm=0x484bbfc0 base=0x484bbe14 bytes=353247 owner_usable_bytes=360436 frames=176400 mod64=0 mod128=64 mod256=192 mod4096=4032 mod131072=114624 external=1 requested_caps=1028 free=28230160 largest=27787252

# HOST LOAD 7 3
[Q COMMAND] LOAD 7 3
[Q ACK] load=1
[M6 read] bytes=352800 read_us=770094 bytes_per_second=458125 original_channels=1 rate=44100 total_psram=33554432
[M6 load] track=7 file_bytes=352844 pcm_bytes=352800 load_publish_us=1288103 payload=2824696 transient=352800 peak_payload=2824696 ps_free=27869708 largest=27787252 internal=187740 display=2304000 fx_delay=352800 reserve=4194304
[M6.1 replacement] retired_clear=1 ps_delta=360452 status=READY
[M213 address] track=7 pcm=0x48514000 base=0x48513e18 bytes=353311 owner_usable_bytes=360436 frames=176400 mod64=0 mod128=0 mod256=0 mod4096=0 mod131072=81920 external=1 requested_caps=1028 free=27869708 largest=27787252

# HOST LOAD 8 3
[Q COMMAND] LOAD 8 3
[Q ACK] load=1
[M6 read] bytes=352800 read_us=694944 bytes_per_second=507666 original_channels=1 rate=44100 total_psram=33554432
[M6 load] track=8 file_bytes=352844 pcm_bytes=352800 load_publish_us=1240001 payload=3178071 transient=352800 peak_payload=3178071 ps_free=27509256 largest=27262964 internal=186136 display=2304000 fx_delay=352800 reserve=4194304
[M6.1 replacement] retired_clear=1 ps_delta=360452 status=READY
[M213 address] track=8 pcm=0x4856c040 base=0x4856be1c bytes=353375 owner_usable_bytes=360436 frames=176400 mod64=0 mod128=64 mod256=64 mod4096=64 mod131072=49216 external=1 requested_caps=1028 free=27509256 largest=27262964

# HOST LOAD 9 3
[Q COMMAND] LOAD 9 3
[Q ACK] load=1
[M6 read] bytes=352800 read_us=697215 bytes_per_second=506013 original_channels=1 rate=44100 total_psram=33554432
[M6 load] track=9 file_bytes=352844 pcm_bytes=352800 load_publish_us=1239868 payload=3531510 transient=352800 peak_payload=3531510 ps_free=27148804 largest=26738676 internal=184532 display=2304000 fx_delay=352800 reserve=4194304
[M6.1 replacement] retired_clear=1 ps_delta=360452 status=READY
[M213 address] track=9 pcm=0x485c4080 base=0x485c3e20 bytes=353439 owner_usable_bytes=360436 frames=176400 mod64=0 mod128=0 mod256=128 mod4096=128 mod131072=16512 external=1 requested_caps=1028 free=27148804 largest=26738676

# HOST LOAD 10 3
[Q COMMAND] LOAD 10 3
[Q ACK] load=1
[M6 read] bytes=352800 read_us=698578 bytes_per_second=505025 original_channels=1 rate=44100 total_psram=33554432
[M6 load] track=10 file_bytes=352844 pcm_bytes=352800 load_publish_us=1239711 payload=3885013 transient=352800 peak_payload=3885013 ps_free=26788352 largest=26738676 internal=182928 display=2304000 fx_delay=352800 reserve=4194304
[M6.1 replacement] retired_clear=1 ps_delta=360452 status=READY
[M213 address] track=10 pcm=0x4861c0c0 base=0x4861be24 bytes=353503 owner_usable_bytes=360436 frames=176400 mod64=0 mod128=64 mod256=192 mod4096=192 mod131072=114880 external=1 requested_caps=1028 free=26788352 largest=26738676

# HOST LOAD 11 3
[Q COMMAND] LOAD 11 3
[Q ACK] load=1
[M6 read] bytes=352800 read_us=701620 bytes_per_second=502836 original_channels=1 rate=44100 total_psram=33554432
[M6 load] track=11 file_bytes=352844 pcm_bytes=352800 load_publish_us=1219629 payload=4238580 transient=352800 peak_payload=4238580 ps_free=26427900 largest=26214388 internal=181324 display=2304000 fx_delay=352800 reserve=4194304
[M6.1 replacement] retired_clear=1 ps_delta=360452 status=READY
[M213 address] track=11 pcm=0x48674100 base=0x48673e28 bytes=353567 owner_usable_bytes=360436 frames=176400 mod64=0 mod128=0 mod256=0 mod4096=256 mod131072=82176 external=1 requested_caps=1028 free=26427900 largest=26214388

# HOST LOAD 12 3
[Q COMMAND] LOAD 12 3
[Q ACK] load=1
[M6 read] bytes=352800 read_us=771894 bytes_per_second=457057 original_channels=1 rate=44100 total_psram=33554432
[M6 load] track=12 file_bytes=352844 pcm_bytes=352800 load_publish_us=1288669 payload=4592211 transient=352800 peak_payload=4592211 ps_free=26067448 largest=25690100 internal=179720 display=2304000 fx_delay=352800 reserve=4194304
[M6.1 replacement] retired_clear=1 ps_delta=360452 status=READY
[M213 address] track=12 pcm=0x486cc140 base=0x486cbe2c bytes=353631 owner_usable_bytes=360436 frames=176400 mod64=0 mod128=64 mod256=64 mod4096=320 mod131072=49472 external=1 requested_caps=1028 free=26067448 largest=25690100

# HOST LOAD 13 3
[Q COMMAND] LOAD 13 3
[Q ACK] load=1
[M6 read] bytes=352800 read_us=707823 bytes_per_second=498429 original_channels=1 rate=44100 total_psram=33554432
[M6 load] track=13 file_bytes=352844 pcm_bytes=352800 load_publish_us=1253607 payload=4945906 transient=352800 peak_payload=4945906 ps_free=25706996 largest=25690100 internal=178116 display=2304000 fx_delay=352800 reserve=4194304
[M6.1 replacement] retired_clear=1 ps_delta=360452 status=READY
[M213 address] track=13 pcm=0x48724180 base=0x48723e30 bytes=353695 owner_usable_bytes=360436 frames=176400 mod64=0 mod128=0 mod256=128 mod4096=384 mod131072=16768 external=1 requested_caps=1028 free=25706996 largest=25690100

# HOST LOAD 14 3
[Q COMMAND] LOAD 14 3
[Q ACK] load=1
[M6 read] bytes=352800 read_us=772349 bytes_per_second=456788 original_channels=1 rate=44100 total_psram=33554432
[M6 load] track=14 file_bytes=352844 pcm_bytes=352800 load_publish_us=1292358 payload=5299665 transient=352800 peak_payload=5299665 ps_free=25346544 largest=25165812 internal=176512 display=2304000 fx_delay=352800 reserve=4194304
[M6.1 replacement] retired_clear=1 ps_delta=360452 status=READY
[M213 address] track=14 pcm=0x4877c1c0 base=0x4877be34 bytes=353759 owner_usable_bytes=360436 frames=176400 mod64=0 mod128=64 mod256=192 mod4096=448 mod131072=115136 external=1 requested_caps=1028 free=25346544 largest=25165812

# HOST LOAD 15 3
[Q COMMAND] LOAD 15 3
[Q ACK] load=1
[M6 read] bytes=352800 read_us=769780 bytes_per_second=458312 original_channels=1 rate=44100 total_psram=33554432
[M6 load] track=15 file_bytes=352844 pcm_bytes=352800 load_publish_us=1290100 payload=5653488 transient=352800 peak_payload=5653488 ps_free=24986092 largest=24641524 internal=174908 display=2304000 fx_delay=352800 reserve=4194304
[M6.1 replacement] retired_clear=1 ps_delta=360452 status=READY
[M213 address] track=15 pcm=0x487d4200 base=0x487d3e38 bytes=353823 owner_usable_bytes=360436 frames=176400 mod64=0 mod128=0 mod256=0 mod4096=512 mod131072=82432 external=1 requested_caps=1028 free=24986092 largest=24641524

# HOST CMD 60 0 0 0 0
[Q COMMAND] CMD 60 0 0 0 0
[Q ACK] sent=1

# HOST CMD 13 0 0 0 0
[Q COMMAND] CMD 13 0 0 0 0
[Q ACK] sent=1

# HOST CMD 17 0 0 0 0
[Q COMMAND] CMD 17 0 0 0 0
[Q ACK] sent=1

# HOST CMD 1 0 240 0 0
[Q COMMAND] CMD 1 0 240 0 0
[Q ACK] sent=1

# HOST CMD 15 0 16 0 0
[Q COMMAND] CMD 15 0 16 0 0
[Q ACK] sent=1

# HOST CMD 10 0 0 0 0
[Q COMMAND] CMD 10 0 0 0 0
[Q ACK] sent=1

# HOST CMD 12 0 0 0 0
[Q COMMAND] CMD 12 0 0 0 0
[Q ACK] sent=1

# HOST CMD 47 0 0 0 0
[Q COMMAND] CMD 47 0 0 0 0
[Q ACK] sent=1

# HOST CMD 6 0 59 0 0
[Q COMMAND] CMD 6 0 59 0 0
[Q ACK] sent=1

# HOST CMD 55 0 4 0 0
[Q COMMAND] CMD 55 0 4 0 0
[Q ACK] sent=1

# HOST CMD 51 0 1 0 0
[Q COMMAND] CMD 51 0 1 0 0
[Q ACK] sent=1

# HOST CMD 2 0 0 0 0
[Q COMMAND] CMD 2 0 0 0 0
[Q ACK] sent=1

# HOST CMD 31 0 59 0 0
[Q COMMAND] CMD 31 0 59 0 0
[Q ACK] sent=1

# HOST CMD 38 0 0 0 0
[Q COMMAND] CMD 38 0 0 0 0
[Q ACK] sent=1

# HOST CMD 2 0 1 0 1
[Q COMMAND] CMD 2 0 1 0 1
[Q ACK] sent=1

# HOST CMD 31 0 59 0 1
[Q COMMAND] CMD 31 0 59 0 1
[Q ACK] sent=1

# HOST CMD 38 0 1 0 1
[Q COMMAND] CMD 38 0 1 0 1
[Q ACK] sent=1

# HOST CMD 2 0 2 0 2
[Q COMMAND] CMD 2 0 2 0 2
[Q ACK] sent=1

# HOST CMD 31 0 59 0 2
[Q COMMAND] CMD 31 0 59 0 2
[Q ACK] sent=1

# HOST CMD 38 0 2 0 2
[Q COMMAND] CMD 38 0 2 0 2
[Q ACK] sent=1

# HOST CMD 2 0 3 0 3
[Q COMMAND] CMD 2 0 3 0 3
[Q ACK] sent=1

# HOST CMD 31 0 59 0 3
[Q COMMAND] CMD 31 0 59 0 3
[Q ACK] sent=1

# HOST CMD 38 0 3 0 3
[Q COMMAND] CMD 38 0 3 0 3
[Q ACK] sent=1

# HOST CMD 2 0 4 0 4
[Q COMMAND] CMD 2 0 4 0 4
[Q ACK] sent=1

# HOST CMD 31 0 59 0 4
[Q COMMAND] CMD 31 0 59 0 4
[Q ACK] sent=1

# HOST CMD 38 0 0 0 4
[Q COMMAND] CMD 38 0 0 0 4
[Q ACK] sent=1

# HOST CMD 2 0 5 0 5
[Q COMMAND] CMD 2 0 5 0 5
[Q ACK] sent=1

# HOST CMD 31 0 59 0 5
[Q COMMAND] CMD 31 0 59 0 5
[Q ACK] sent=1

# HOST CMD 38 0 1 0 5
[Q COMMAND] CMD 38 0 1 0 5
[Q ACK] sent=1

# HOST CMD 2 0 6 0 6
[Q COMMAND] CMD 2 0 6 0 6
[Q ACK] sent=1

# HOST CMD 31 0 59 0 6
[Q COMMAND] CMD 31 0 59 0 6
[Q ACK] sent=1

# HOST CMD 38 0 2 0 6
[Q COMMAND] CMD 38 0 2 0 6
[Q ACK] sent=1

# HOST CMD 2 0 7 0 7
[Q COMMAND] CMD 2 0 7 0 7
[Q ACK] sent=1

# HOST CMD 31 0 59 0 7
[Q COMMAND] CMD 31 0 59 0 7
[Q ACK] sent=1

# HOST CMD 38 0 3 0 7
[Q COMMAND] CMD 38 0 3 0 7
[Q ACK] sent=1

# HOST CMD 2 0 8 0 8
[Q COMMAND] CMD 2 0 8 0 8
[Q ACK] sent=1

# HOST CMD 31 0 59 0 8
[Q COMMAND] CMD 31 0 59 0 8
[Q ACK] sent=1

# HOST CMD 38 0 0 0 8
[Q COMMAND] CMD 38 0 0 0 8
[Q ACK] sent=1

# HOST CMD 2 0 9 0 9
[Q COMMAND] CMD 2 0 9 0 9
[Q ACK] sent=1

# HOST CMD 31 0 59 0 9
[Q COMMAND] CMD 31 0 59 0 9
[Q ACK] sent=1

# HOST CMD 38 0 1 0 9
[Q COMMAND] CMD 38 0 1 0 9
[Q ACK] sent=1

# HOST CMD 2 0 10 0 10
[Q COMMAND] CMD 2 0 10 0 10
[Q ACK] sent=1

# HOST CMD 31 0 59 0 10
[Q COMMAND] CMD 31 0 59 0 10
[Q ACK] sent=1

# HOST CMD 38 0 2 0 10
[Q COMMAND] CMD 38 0 2 0 10
[Q ACK] sent=1

# HOST CMD 2 0 11 0 11
[Q COMMAND] CMD 2 0 11 0 11
[Q ACK] sent=1

# HOST CMD 31 0 59 0 11
[Q COMMAND] CMD 31 0 59 0 11
[Q ACK] sent=1

# HOST CMD 38 0 3 0 11
[Q COMMAND] CMD 38 0 3 0 11
[Q ACK] sent=1

# HOST CMD 2 0 12 0 12
[Q COMMAND] CMD 2 0 12 0 12
[Q ACK] sent=1

# HOST CMD 31 0 59 0 12
[Q COMMAND] CMD 31 0 59 0 12
[Q ACK] sent=1

# HOST CMD 38 0 0 0 12
[Q COMMAND] CMD 38 0 0 0 12
[Q ACK] sent=1

# HOST CMD 2 0 13 0 13
[Q COMMAND] CMD 2 0 13 0 13
[Q ACK] sent=1

# HOST CMD 31 0 59 0 13
[Q COMMAND] CMD 31 0 59 0 13
[Q ACK] sent=1

# HOST CMD 38 0 1 0 13
[Q COMMAND] CMD 38 0 1 0 13
[Q ACK] sent=1

# HOST CMD 2 0 14 0 14
[Q COMMAND] CMD 2 0 14 0 14
[Q ACK] sent=1

# HOST CMD 31 0 59 0 14
[Q COMMAND] CMD 31 0 59 0 14
[Q ACK] sent=1

# HOST CMD 38 0 2 0 14
[Q COMMAND] CMD 38 0 2 0 14
[Q ACK] sent=1

# HOST CMD 2 0 15 0 15
[Q COMMAND] CMD 2 0 15 0 15
[Q ACK] sent=1

# HOST CMD 31 0 59 0 15
[Q COMMAND] CMD 31 0 59 0 15
[Q ACK] sent=1

# HOST CMD 38 0 3 0 15
[Q COMMAND] CMD 38 0 3 0 15
[Q ACK] sent=1

# HOST CMD 10 1 0 0 0
[Q COMMAND] CMD 10 1 0 0 0
[Q ACK] sent=1

# HOST CMD 12 1 0 0 0
[Q COMMAND] CMD 12 1 0 0 0
[Q ACK] sent=1

# HOST CMD 47 1 0 0 0
[Q COMMAND] CMD 47 1 0 0 0
[Q ACK] sent=1

# HOST CMD 6 1 59 0 0
[Q COMMAND] CMD 6 1 59 0 0
[Q ACK] sent=1

# HOST CMD 55 1 4 0 0
[Q COMMAND] CMD 55 1 4 0 0
[Q ACK] sent=1

# HOST CMD 51 1 1 0 0
[Q COMMAND] CMD 51 1 1 0 0
[Q ACK] sent=1

# HOST CMD 2 1 0 0 0
[Q COMMAND] CMD 2 1 0 0 0
[Q ACK] sent=1

# HOST CMD 31 1 59 0 0
[Q COMMAND] CMD 31 1 59 0 0
[Q ACK] sent=1

# HOST CMD 38 1 0 0 0
[Q COMMAND] CMD 38 1 0 0 0
[Q ACK] sent=1

# HOST CMD 2 1 1 0 1
[Q COMMAND] CMD 2 1 1 0 1
[Q ACK] sent=1

# HOST CMD 31 1 59 0 1
[Q COMMAND] CMD 31 1 59 0 1
[Q ACK] sent=1

# HOST CMD 38 1 1 0 1
[Q COMMAND] CMD 38 1 1 0 1
[Q ACK] sent=1

# HOST CMD 2 1 2 0 2
[Q COMMAND] CMD 2 1 2 0 2
[Q ACK] sent=1

# HOST CMD 31 1 59 0 2
[Q COMMAND] CMD 31 1 59 0 2
[Q ACK] sent=1

# HOST CMD 38 1 2 0 2
[Q COMMAND] CMD 38 1 2 0 2
[Q ACK] sent=1

# HOST CMD 2 1 3 0 3
[Q COMMAND] CMD 2 1 3 0 3
[Q ACK] sent=1

# HOST CMD 31 1 59 0 3
[Q COMMAND] CMD 31 1 59 0 3
[Q ACK] sent=1

# HOST CMD 38 1 3 0 3
[Q COMMAND] CMD 38 1 3 0 3
[Q ACK] sent=1

# HOST CMD 2 1 4 0 4
[Q COMMAND] CMD 2 1 4 0 4
[Q ACK] sent=1

# HOST CMD 31 1 59 0 4
[Q COMMAND] CMD 31 1 59 0 4
[Q ACK] sent=1

# HOST CMD 38 1 0 0 4
[Q COMMAND] CMD 38 1 0 0 4
[Q ACK] sent=1

# HOST CMD 2 1 5 0 5
[Q COMMAND] CMD 2 1 5 0 5
[Q ACK] sent=1

# HOST CMD 31 1 59 0 5
[Q COMMAND] CMD 31 1 59 0 5
[Q ACK] sent=1

# HOST CMD 38 1 1 0 5
[Q COMMAND] CMD 38 1 1 0 5
[Q ACK] sent=1

# HOST CMD 2 1 6 0 6
[Q COMMAND] CMD 2 1 6 0 6
[Q ACK] sent=1

# HOST CMD 31 1 59 0 6
[Q COMMAND] CMD 31 1 59 0 6
[Q ACK] sent=1

# HOST CMD 38 1 2 0 6
[Q COMMAND] CMD 38 1 2 0 6
[Q ACK] sent=1

# HOST CMD 2 1 7 0 7
[Q COMMAND] CMD 2 1 7 0 7
[Q ACK] sent=1

# HOST CMD 31 1 59 0 7
[Q COMMAND] CMD 31 1 59 0 7
[Q ACK] sent=1

# HOST CMD 38 1 3 0 7
[Q COMMAND] CMD 38 1 3 0 7
[Q ACK] sent=1

# HOST CMD 2 1 8 0 8
[Q COMMAND] CMD 2 1 8 0 8
[Q ACK] sent=1

# HOST CMD 31 1 59 0 8
[Q COMMAND] CMD 31 1 59 0 8
[Q ACK] sent=1

# HOST CMD 38 1 0 0 8
[Q COMMAND] CMD 38 1 0 0 8
[Q ACK] sent=1

# HOST CMD 2 1 9 0 9
[Q COMMAND] CMD 2 1 9 0 9
[Q ACK] sent=1

# HOST CMD 31 1 59 0 9
[Q COMMAND] CMD 31 1 59 0 9
[Q ACK] sent=1

# HOST CMD 38 1 1 0 9
[Q COMMAND] CMD 38 1 1 0 9
[Q ACK] sent=1

# HOST CMD 2 1 10 0 10
[Q COMMAND] CMD 2 1 10 0 10
[Q ACK] sent=1

# HOST CMD 31 1 59 0 10
[Q COMMAND] CMD 31 1 59 0 10
[Q ACK] sent=1

# HOST CMD 38 1 2 0 10
[Q COMMAND] CMD 38 1 2 0 10
[Q ACK] sent=1

# HOST CMD 2 1 11 0 11
[Q COMMAND] CMD 2 1 11 0 11
[Q ACK] sent=1

# HOST CMD 31 1 59 0 11
[Q COMMAND] CMD 31 1 59 0 11
[Q ACK] sent=1

# HOST CMD 38 1 3 0 11
[Q COMMAND] CMD 38 1 3 0 11
[Q ACK] sent=1

# HOST CMD 2 1 12 0 12
[Q COMMAND] CMD 2 1 12 0 12
[Q ACK] sent=1

# HOST CMD 31 1 59 0 12
[Q COMMAND] CMD 31 1 59 0 12
[Q ACK] sent=1

# HOST CMD 38 1 0 0 12
[Q COMMAND] CMD 38 1 0 0 12
[Q ACK] sent=1

# HOST CMD 2 1 13 0 13
[Q COMMAND] CMD 2 1 13 0 13
[Q ACK] sent=1

# HOST CMD 31 1 59 0 13
[Q COMMAND] CMD 31 1 59 0 13
[Q ACK] sent=1

# HOST CMD 38 1 1 0 13
[Q COMMAND] CMD 38 1 1 0 13
[Q ACK] sent=1

# HOST CMD 2 1 14 0 14
[Q COMMAND] CMD 2 1 14 0 14
[Q ACK] sent=1

# HOST CMD 31 1 59 0 14
[Q COMMAND] CMD 31 1 59 0 14
[Q ACK] sent=1

# HOST CMD 38 1 2 0 14
[Q COMMAND] CMD 38 1 2 0 14
[Q ACK] sent=1

# HOST CMD 2 1 15 0 15
[Q COMMAND] CMD 2 1 15 0 15
[Q ACK] sent=1

# HOST CMD 31 1 59 0 15
[Q COMMAND] CMD 31 1 59 0 15
[Q ACK] sent=1

# HOST CMD 38 1 3 0 15
[Q COMMAND] CMD 38 1 3 0 15
[Q ACK] sent=1

# HOST CMD 10 2 0 0 0
[Q COMMAND] CMD 10 2 0 0 0
[Q ACK] sent=1

# HOST CMD 12 2 0 0 0
[Q COMMAND] CMD 12 2 0 0 0
[Q ACK] sent=1

# HOST CMD 47 2 0 0 0
[Q COMMAND] CMD 47 2 0 0 0
[Q ACK] sent=1

# HOST CMD 6 2 59 0 0
[Q COMMAND] CMD 6 2 59 0 0
[Q ACK] sent=1

# HOST CMD 55 2 4 0 0
[Q COMMAND] CMD 55 2 4 0 0
[Q ACK] sent=1

# HOST CMD 51 2 1 0 0
[Q COMMAND] CMD 51 2 1 0 0
[Q ACK] sent=1

# HOST CMD 2 2 0 0 0
[Q COMMAND] CMD 2 2 0 0 0
[Q ACK] sent=1

# HOST CMD 31 2 59 0 0
[Q COMMAND] CMD 31 2 59 0 0
[Q ACK] sent=1

# HOST CMD 38 2 0 0 0
[Q COMMAND] CMD 38 2 0 0 0
[Q ACK] sent=1

# HOST CMD 2 2 1 0 1
[Q COMMAND] CMD 2 2 1 0 1
[Q ACK] sent=1

# HOST CMD 31 2 59 0 1
[Q COMMAND] CMD 31 2 59 0 1
[Q ACK] sent=1

# HOST CMD 38 2 1 0 1
[Q COMMAND] CMD 38 2 1 0 1
[Q ACK] sent=1

# HOST CMD 2 2 2 0 2
[Q COMMAND] CMD 2 2 2 0 2
[Q ACK] sent=1

# HOST CMD 31 2 59 0 2
[Q COMMAND] CMD 31 2 59 0 2
[Q ACK] sent=1

# HOST CMD 38 2 2 0 2
[Q COMMAND] CMD 38 2 2 0 2
[Q ACK] sent=1

# HOST CMD 2 2 3 0 3
[Q COMMAND] CMD 2 2 3 0 3
[Q ACK] sent=1

# HOST CMD 31 2 59 0 3
[Q COMMAND] CMD 31 2 59 0 3
[Q ACK] sent=1

# HOST CMD 38 2 3 0 3
[Q COMMAND] CMD 38 2 3 0 3
[Q ACK] sent=1

# HOST CMD 2 2 4 0 4
[Q COMMAND] CMD 2 2 4 0 4
[Q ACK] sent=1

# HOST CMD 31 2 59 0 4
[Q COMMAND] CMD 31 2 59 0 4
[Q ACK] sent=1

# HOST CMD 38 2 0 0 4
[Q COMMAND] CMD 38 2 0 0 4
[Q ACK] sent=1

# HOST CMD 2 2 5 0 5
[Q COMMAND] CMD 2 2 5 0 5
[Q ACK] sent=1

# HOST CMD 31 2 59 0 5
[Q COMMAND] CMD 31 2 59 0 5
[Q ACK] sent=1

# HOST CMD 38 2 1 0 5
[Q COMMAND] CMD 38 2 1 0 5
[Q ACK] sent=1

# HOST CMD 2 2 6 0 6
[Q COMMAND] CMD 2 2 6 0 6
[Q ACK] sent=1

# HOST CMD 31 2 59 0 6
[Q COMMAND] CMD 31 2 59 0 6
[Q ACK] sent=1

# HOST CMD 38 2 2 0 6
[Q COMMAND] CMD 38 2 2 0 6
[Q ACK] sent=1

# HOST CMD 2 2 7 0 7
[Q COMMAND] CMD 2 2 7 0 7
[Q ACK] sent=1

# HOST CMD 31 2 59 0 7
[Q COMMAND] CMD 31 2 59 0 7
[Q ACK] sent=1

# HOST CMD 38 2 3 0 7
[Q COMMAND] CMD 38 2 3 0 7
[Q ACK] sent=1

# HOST CMD 2 2 8 0 8
[Q COMMAND] CMD 2 2 8 0 8
[Q ACK] sent=1

# HOST CMD 31 2 59 0 8
[Q COMMAND] CMD 31 2 59 0 8
[Q ACK] sent=1

# HOST CMD 38 2 0 0 8
[Q COMMAND] CMD 38 2 0 0 8
[Q ACK] sent=1

# HOST CMD 2 2 9 0 9
[Q COMMAND] CMD 2 2 9 0 9
[Q ACK] sent=1

# HOST CMD 31 2 59 0 9
[Q COMMAND] CMD 31 2 59 0 9
[Q ACK] sent=1

# HOST CMD 38 2 1 0 9
[Q COMMAND] CMD 38 2 1 0 9
[Q ACK] sent=1

# HOST CMD 2 2 10 0 10
[Q COMMAND] CMD 2 2 10 0 10
[Q ACK] sent=1

# HOST CMD 31 2 59 0 10
[Q COMMAND] CMD 31 2 59 0 10
[Q ACK] sent=1

# HOST CMD 38 2 2 0 10
[Q COMMAND] CMD 38 2 2 0 10
[Q ACK] sent=1

# HOST CMD 2 2 11 0 11
[Q COMMAND] CMD 2 2 11 0 11
[Q ACK] sent=1

# HOST CMD 31 2 59 0 11
[Q COMMAND] CMD 31 2 59 0 11
[Q ACK] sent=1

# HOST CMD 38 2 3 0 11
[Q COMMAND] CMD 38 2 3 0 11
[Q ACK] sent=1

# HOST CMD 2 2 12 0 12
[Q COMMAND] CMD 2 2 12 0 12
[Q ACK] sent=1

# HOST CMD 31 2 59 0 12
[Q COMMAND] CMD 31 2 59 0 12
[Q ACK] sent=1

# HOST CMD 38 2 0 0 12
[Q COMMAND] CMD 38 2 0 0 12
[Q ACK] sent=1

# HOST CMD 2 2 13 0 13
[Q COMMAND] CMD 2 2 13 0 13
[Q ACK] sent=1

# HOST CMD 31 2 59 0 13
[Q COMMAND] CMD 31 2 59 0 13
[Q ACK] sent=1

# HOST CMD 38 2 1 0 13
[Q COMMAND] CMD 38 2 1 0 13
[Q ACK] sent=1

# HOST CMD 2 2 14 0 14
[Q COMMAND] CMD 2 2 14 0 14
[Q ACK] sent=1

# HOST CMD 31 2 59 0 14
[Q COMMAND] CMD 31 2 59 0 14
[Q ACK] sent=1

# HOST CMD 38 2 2 0 14
[Q COMMAND] CMD 38 2 2 0 14
[Q ACK] sent=1

# HOST CMD 2 2 15 0 15
[Q COMMAND] CMD 2 2 15 0 15
[Q ACK] sent=1

# HOST CMD 31 2 59 0 15
[Q COMMAND] CMD 31 2 59 0 15
[Q ACK] sent=1

# HOST CMD 38 2 3 0 15
[Q COMMAND] CMD 38 2 3 0 15
[Q ACK] sent=1

# HOST CMD 10 3 0 0 0
[Q COMMAND] CMD 10 3 0 0 0
[Q ACK] sent=1

# HOST CMD 12 3 0 0 0
[Q COMMAND] CMD 12 3 0 0 0
[Q ACK] sent=1

# HOST CMD 47 3 0 0 0
[Q COMMAND] CMD 47 3 0 0 0
[Q ACK] sent=1

# HOST CMD 6 3 59 0 0
[Q COMMAND] CMD 6 3 59 0 0
[Q ACK] sent=1

# HOST CMD 55 3 4 0 0
[Q COMMAND] CMD 55 3 4 0 0
[Q ACK] sent=1

# HOST CMD 51 3 1 0 0
[Q COMMAND] CMD 51 3 1 0 0
[Q ACK] sent=1

# HOST CMD 2 3 0 0 0
[Q COMMAND] CMD 2 3 0 0 0
[Q ACK] sent=1

# HOST CMD 31 3 59 0 0
[Q COMMAND] CMD 31 3 59 0 0
[Q ACK] sent=1

# HOST CMD 38 3 0 0 0
[Q COMMAND] CMD 38 3 0 0 0
[Q ACK] sent=1

# HOST CMD 2 3 1 0 1
[Q COMMAND] CMD 2 3 1 0 1
[Q ACK] sent=1

# HOST CMD 31 3 59 0 1
[Q COMMAND] CMD 31 3 59 0 1
[Q ACK] sent=1

# HOST CMD 38 3 1 0 1
[Q COMMAND] CMD 38 3 1 0 1
[Q ACK] sent=1

# HOST CMD 2 3 2 0 2
[Q COMMAND] CMD 2 3 2 0 2
[Q ACK] sent=1

# HOST CMD 31 3 59 0 2
[Q COMMAND] CMD 31 3 59 0 2
[Q ACK] sent=1

# HOST CMD 38 3 2 0 2
[Q COMMAND] CMD 38 3 2 0 2
[Q ACK] sent=1

# HOST CMD 2 3 3 0 3
[Q COMMAND] CMD 2 3 3 0 3
[Q ACK] sent=1

# HOST CMD 31 3 59 0 3
[Q COMMAND] CMD 31 3 59 0 3
[Q ACK] sent=1

# HOST CMD 38 3 3 0 3
[Q COMMAND] CMD 38 3 3 0 3
[Q ACK] sent=1

# HOST CMD 2 3 4 0 4
[Q COMMAND] CMD 2 3 4 0 4
[Q ACK] sent=1

# HOST CMD 31 3 59 0 4
[Q COMMAND] CMD 31 3 59 0 4
[Q ACK] sent=1

# HOST CMD 38 3 0 0 4
[Q COMMAND] CMD 38 3 0 0 4
[Q ACK] sent=1

# HOST CMD 2 3 5 0 5
[Q COMMAND] CMD 2 3 5 0 5
[Q ACK] sent=1

# HOST CMD 31 3 59 0 5
[Q COMMAND] CMD 31 3 59 0 5
[Q ACK] sent=1

# HOST CMD 38 3 1 0 5
[Q COMMAND] CMD 38 3 1 0 5
[Q ACK] sent=1

# HOST CMD 2 3 6 0 6
[Q COMMAND] CMD 2 3 6 0 6
[Q ACK] sent=1

# HOST CMD 31 3 59 0 6
[Q COMMAND] CMD 31 3 59 0 6
[Q ACK] sent=1

# HOST CMD 38 3 2 0 6
[Q COMMAND] CMD 38 3 2 0 6
[Q ACK] sent=1

# HOST CMD 2 3 7 0 7
[Q COMMAND] CMD 2 3 7 0 7
[Q ACK] sent=1

# HOST CMD 31 3 59 0 7
[Q COMMAND] CMD 31 3 59 0 7
[Q ACK] sent=1

# HOST CMD 38 3 3 0 7
[Q COMMAND] CMD 38 3 3 0 7
[Q ACK] sent=1

# HOST CMD 2 3 8 0 8
[Q COMMAND] CMD 2 3 8 0 8
[Q ACK] sent=1

# HOST CMD 31 3 59 0 8
[Q COMMAND] CMD 31 3 59 0 8
[Q ACK] sent=1

# HOST CMD 38 3 0 0 8
[Q COMMAND] CMD 38 3 0 0 8
[Q ACK] sent=1

# HOST CMD 2 3 9 0 9
[Q COMMAND] CMD 2 3 9 0 9
[Q ACK] sent=1

# HOST CMD 31 3 59 0 9
[Q COMMAND] CMD 31 3 59 0 9
[Q ACK] sent=1

# HOST CMD 38 3 1 0 9
[Q COMMAND] CMD 38 3 1 0 9
[Q ACK] sent=1

# HOST CMD 2 3 10 0 10
[Q COMMAND] CMD 2 3 10 0 10
[Q ACK] sent=1

# HOST CMD 31 3 59 0 10
[Q COMMAND] CMD 31 3 59 0 10
[Q ACK] sent=1

# HOST CMD 38 3 2 0 10
[Q COMMAND] CMD 38 3 2 0 10
[Q ACK] sent=1

# HOST CMD 2 3 11 0 11
[Q COMMAND] CMD 2 3 11 0 11
[Q ACK] sent=1

# HOST CMD 31 3 59 0 11
[Q COMMAND] CMD 31 3 59 0 11
[Q ACK] sent=1

# HOST CMD 38 3 3 0 11
[Q COMMAND] CMD 38 3 3 0 11
[Q ACK] sent=1

# HOST CMD 2 3 12 0 12
[Q COMMAND] CMD 2 3 12 0 12
[Q ACK] sent=1

# HOST CMD 31 3 59 0 12
[Q COMMAND] CMD 31 3 59 0 12
[Q ACK] sent=1

# HOST CMD 38 3 0 0 12
[Q COMMAND] CMD 38 3 0 0 12
[Q ACK] sent=1

# HOST CMD 2 3 13 0 13
[Q COMMAND] CMD 2 3 13 0 13
[Q ACK] sent=1

# HOST CMD 31 3 59 0 13
[Q COMMAND] CMD 31 3 59 0 13
[Q ACK] sent=1

# HOST CMD 38 3 1 0 13
[Q COMMAND] CMD 38 3 1 0 13
[Q ACK] sent=1

# HOST CMD 2 3 14 0 14
[Q COMMAND] CMD 2 3 14 0 14
[Q ACK] sent=1

# HOST CMD 31 3 59 0 14
[Q COMMAND] CMD 31 3 59 0 14
[Q ACK] sent=1

# HOST CMD 38 3 2 0 14
[Q COMMAND] CMD 38 3 2 0 14
[Q ACK] sent=1

# HOST CMD 2 3 15 0 15
[Q COMMAND] CMD 2 3 15 0 15
[Q ACK] sent=1

# HOST CMD 31 3 59 0 15
[Q COMMAND] CMD 31 3 59 0 15
[Q ACK] sent=1

# HOST CMD 38 3 3 0 15
[Q COMMAND] CMD 38 3 3 0 15
[Q ACK] sent=1

# HOST CMD 10 4 0 0 0
[Q COMMAND] CMD 10 4 0 0 0
[Q ACK] sent=1

# HOST CMD 12 4 0 0 0
[Q COMMAND] CMD 12 4 0 0 0
[Q ACK] sent=1

# HOST CMD 47 4 0 0 0
[Q COMMAND] CMD 47 4 0 0 0
[Q ACK] sent=1

# HOST CMD 6 4 59 0 0
[Q COMMAND] CMD 6 4 59 0 0
[Q ACK] sent=1

# HOST CMD 55 4 4 0 0
[Q COMMAND] CMD 55 4 4 0 0
[Q ACK] sent=1

# HOST CMD 51 4 1 0 0
[Q COMMAND] CMD 51 4 1 0 0
[Q ACK] sent=1

# HOST CMD 2 4 0 0 0
[Q COMMAND] CMD 2 4 0 0 0
[Q ACK] sent=1

# HOST CMD 31 4 59 0 0
[Q COMMAND] CMD 31 4 59 0 0
[Q ACK] sent=1

# HOST CMD 38 4 0 0 0
[Q COMMAND] CMD 38 4 0 0 0
[Q ACK] sent=1

# HOST CMD 2 4 1 0 1
[Q COMMAND] CMD 2 4 1 0 1
[Q ACK] sent=1

# HOST CMD 31 4 59 0 1
[Q COMMAND] CMD 31 4 59 0 1
[Q ACK] sent=1

# HOST CMD 38 4 1 0 1
[Q COMMAND] CMD 38 4 1 0 1
[Q ACK] sent=1

# HOST CMD 2 4 2 0 2
[Q COMMAND] CMD 2 4 2 0 2
[Q ACK] sent=1

# HOST CMD 31 4 59 0 2
[Q COMMAND] CMD 31 4 59 0 2
[Q ACK] sent=1

# HOST CMD 38 4 2 0 2
[Q COMMAND] CMD 38 4 2 0 2
[Q ACK] sent=1

# HOST CMD 2 4 3 0 3
[Q COMMAND] CMD 2 4 3 0 3
[Q ACK] sent=1

# HOST CMD 31 4 59 0 3
[Q COMMAND] CMD 31 4 59 0 3
[Q ACK] sent=1

# HOST CMD 38 4 3 0 3
[Q COMMAND] CMD 38 4 3 0 3
[Q ACK] sent=1
[M5] blocks=10337 p50=1770 p95=1873 p99=1912 max=1979 misses=0 failures=0 timeouts=0 peak=0 nonzero=0 rails=0 active_min=0 active_max=0
[M8 groove] parents=0 passed=0 skipped=0 ratchets=0 pending_max=0 velocity_min=127 velocity_max=0 swing_changes=0
[MEM] M8 after 60s PSRAM total=33554432 free=24986092 largest=24641524 internal_free=174908
[M10 locks] locked=0 unlocked=0 p
# HOST CMD 2 4 4 0 4
itch=0 volume=0 pan=0 wave=0 pattern_bytes=3106 bank_bytes=49696 engine_bytes=52616
[M11 tone] cutoff=0 resonance=0 send=0 cutoff_min=127 cutoff_max=0 resonance_min=127 resonance_max=0 send_min=127 send_max=0 blocks=0 max=0 dense=0 dense_max=0
[Q COMMAND] CMD 2 4 4 0 4
[M12 locks] cutoff=0 resonance=0 send=0 coefficients=0 avoided=21 send_changes=0 coefficient_blocks=0 coefficient_max=0 edit_blocks=0 edit_max=0 commands=0 step_bytes=9 event_bytes=20 voice_bytes=384 idle_residue=0
[M17 chain] starts=0 advances=0 repeats=0 loops=0 stops=0 switches=0 min_length=16 max_length=0 boundary_max=0 seen=0 entry_bytes=2 chain_bytes=66 engine_bytes=52616
[M18 performance] override_requests=0 override_accepts=0 override_loops=0 override_cancels=0 retu
# HOST CMD 31 4 59 0 4
rns=0 fill_requests=0 fill_accepts=0 fill_completions=0 fill_to_override=0 fill_to_arrangement=0 mute_edits=0 solo_edits=0 boundaries=0 boundary_max=0 state_bytes=352 engine_bytes=52616 publication_bytes=24
[M181 repeat] requests=0 accepts=0 cancelled=0 x2_windows=0 x4_windows=0 x8_windows=0 hits=0 x8_hits=0 changes=0 releases=0 empty=0 captured_max=0 suppressed=0 worst=0 capture_bytes=324 repeat_bytes=336
[M181 x8] blocks=0 worst=0 active_min=0 active_max=0 coefficients=0 avoided=0 chokes=0 full_blocks=0
[M181 runtime] requested=0 active=0 count=0 ui_presses=0 ui_releases=0 ui_edits=0
[M18 runtime] override_target=0 override_active=0 fill_pending=0 fill_active=0 return_pattern=0 return_end=0 mutes=0 solos=0 ui_bytes=116

# HOST CMD 38 4 0 0 4
[Q ACK] sent=1
[M19 analysis] requests=0 completed=0 cancelled=0 stale_discarded=0 frames=0 candidates=0 selected=0 proposals=0 apply=0 cancel=0 min_count=0 max_count=0 sensitivity=0 target=0 duration_max_us=0 chunk_max_us=0
[M19 overlap] blocks=0 worst=0 misses=0 x8_blocks=0 ui_interval_max_us=0 detector_bytes=616 candidate_bytes=512 proposal_bytes=84 status_bytes=100 storage_stack=7000 stack_free_min=0
[M18 UI] entries=0 pads=0 fills=0 toggles=0 switches=0
[Q COMMAND] CMD 31 4 59 0 4
[M17 UI] entries=0 edits=0 rows=0 scrolls=0
[Q ACK] sent=1
[M16 project] state_bytes=53192 file_bytes=52704 snapshot_blocks=0 snapshot_max=0 apply_blocks=0 apply_max=0 fixtures=0 fixture_e
# HOST CMD 2 4 5 0 5
rrors=0 dirty=1 physical_pending=1
[M13 dense] blocks=2068 active_min=0
[M13 playback] triggers=0 reverse=0 gate=0 releases=0 ends=0 choke_ops=0 choked=0 retriggers=0 region_min=0 region_max=0 max=1979 choke_max=0 retrigger_max=0 voice_bytes=64 track_bytes=116 event_bytes=20
[Q COMMAND] CMD 38 4 0 0 4
[M15 locks] locked=0 unlocked=0 unsliced=0 requested_min=0 requested_max=0 resolved_min=0 resolved_max=0 clamped=0 edits=68 ui_edits=0 align=1 requested_seen=0 resolved_seen=0
[Q ACK] sent=1
[M14 slices] triggers=0 auditions=0 index_min=0 index_max=0 frames_min=0 frames_max=0 active_changes=0 divides=5 adds=0 deletes=0 resets=0 edit_blocks=76 edit_max=1856 slice_bytes=4 bank_bytes=
# HOST CMD 31 4 59 0 5
66 sample_bytes=1556
[M10 worst] blocks=0 max=0
[Q COMMAND] CMD 2 4 5 0 5
[M9 tools] rotate=0 reverse=0 copy_track=0 clear_track=0 duplicate=0 euclidean=0 randomize=0 mutate=0 reroll=0 blocks=0 dense_blocks=0 max=0
[Q ACK] sent=1
[Q COMMAND] CMD 31 4 59 0 5
[Q ACK] sent=1

# HOST CMD 38 4 1 0 5
[Q COMMAND] CMD 38 4 1 0 5
[Q ACK] sent=1

# HOST CMD 2 4 6 0 6
[Q COMMAND] CMD 2 4 6 0 6
[Q ACK] sent=1

# HOST CMD 31 4 59 0 6
[Q COMMAND] CMD 31 4 59 0 6
[Q ACK] sent=1

# HOST CMD 38 4 2 0 6
[Q COMMAND] CMD 38 4 2 0 6
[Q ACK] sent=1

# HOST CMD 2 4 7 0 7
[Q COMMAND] CMD 2 4 7 0 7
[Q ACK] sent=1

# HOST CMD 31 4 59 0 7
[Q COMMAND] CMD 31 4 59 0 7
[Q ACK] sent=1

# HOST CMD 38 4 3 0 7
[Q COMMAND] CMD 38 4 3 0 7
[Q ACK] sent=1

# HOST CMD 2 4 8 0 8
[Q COMMAND] CMD 2 4 8 0 8
[Q ACK] sent=1

# HOST CMD 31 4 59 0 8
[Q COMMAND] CMD 31 4 59 0 8
[Q ACK] sent=1

# HOST CMD 38 4 0 0 8
[Q COMMAND] CMD 38 4 0 0 8
[Q ACK] sent=1

# HOST CMD 2 4 9 0 9
[Q COMMAND] CMD 2 4 9 0 9
[Q ACK] sent=1

# HOST CMD 31 4 59 0 9
[Q COMMAND] CMD 31 4 59 0 9
[Q ACK] sent=1

# HOST CMD 38 4 1 0 9
[Q COMMAND] CMD 38 4 1 0 9
[Q ACK] sent=1

# HOST CMD 2 4 10 0 10
[Q COMMAND] CMD 2 4 10 0 10
[Q ACK] sent=1

# HOST CMD 31 4 59 0 10
[Q COMMAND] CMD 31 4 59 0 10
[Q ACK] sent=1

# HOST CMD 38 4 2 0 10
[Q COMMAND] CMD 38 4 2 0 10
[Q ACK] sent=1

# HOST CMD 2 4 11 0 11
[Q COMMAND] CMD 2 4 11 0 11
[Q ACK] sent=1

# HOST CMD 31 4 59 0 11
[Q COMMAND] CMD 31 4 59 0 11
[Q ACK] sent=1

# HOST CMD 38 4 3 0 11
[Q COMMAND] CMD 38 4 3 0 11
[Q ACK] sent=1

# HOST CMD 2 4 12 0 12
[Q COMMAND] CMD 2 4 12 0 12
[Q ACK] sent=1

# HOST CMD 31 4 59 0 12
[Q COMMAND] CMD 31 4 59 0 12
[Q ACK] sent=1
[M5 UI] seconds=63.005 submitted=296 completed=296 dirty_avg=176605 dirty_max=768000 full=33 preparation_max_us=73191 touch_errors=0 rejected=0 pads=0 steps=0 drags=0 pages=0 transport=0 bpm=0 skipped=33
[M7 patterns] switches=0 loops=0 selections=0 copies=0 clears=0 lengths=0 solos=0 mutes=0 normal_frames=263 dirty_avg=102400 dirt
# HOST CMD 38 4 0 0 12
y_max=102400 pattern_bytes=3106 command_bytes=12
[M7 applied] long_to_short=0 short_to_long=0 queue_replacements=0 copies=0 clears=1 lengths=1 solos=5 mutes=5 steps=77
[M9 UI] entries=0 copies=0 randomize=0 cell_max=0 edit_full=0
[M12 UI] entries=0 edits=0 widgets_max=0 edit_full=0
[M11 UI] entries=0 edits=0 widgets_max=0 edit_full=0
[M10 UI] entries=0 edits=0 widgets_max=0 edit_full=0
[M13 UI] entries=0 edits=0 widgets_max=0 edit_full=0
[M14 UI] entries=0 edits=0 edit_full=0 waveform_first_us=0 waveform_redraw_max_us=0 slice_redraw_max_us=0 build_count=16 build_max_us=426787 large_us=0 cache_bytes=1440 page_max_us=0 drag_dirty_max=0
[M5 memory] ps_before=30753324 ps
# HOST CMD 2 4 13 0 13
_after=24986092 internal_before=200572 internal_after=174908 largest_before=30408692 largest_after=24641524
[Q COMMAND] CMD 38 4 0 0 12
[Q ACK] sent=1
[Q COMMAND] CMD 2 4 13 0 13
[Q ACK] sent=1

# HOST CMD 31 4 59 0 13
[Q COMMAND] CMD 31 4 59 0 13
[Q ACK] sent=1

# HOST CMD 38 4 1 0 13
[Q COMMAND] CMD 38 4 1 0 13
[Q ACK] sent=1

# HOST CMD 2 4 14 0 14
[Q COMMAND] CMD 2 4 14 0 14
[Q ACK] sent=1

# HOST CMD 31 4 59 0 14
[Q COMMAND] CMD 31 4 59 0 14
[Q ACK] sent=1

# HOST CMD 38 4 2 0 14
[Q COMMAND] CMD 38 4 2 0 14
[Q ACK] sent=1

# HOST CMD 2 4 15 0 15
[Q COMMAND] CMD 2 4 15 0 15
[Q ACK] sent=1

# HOST CMD 31 4 59 0 15
[Q COMMAND] CMD 31 4 59 0 15
[Q ACK] sent=1

# HOST CMD 38 4 3 0 15
[Q COMMAND] CMD 38 4 3 0 15
[Q ACK] sent=1

# HOST CMD 10 5 0 0 0
[Q COMMAND] CMD 10 5 0 0 0
[Q ACK] sent=1

# HOST CMD 12 5 0 0 0
[Q COMMAND] CMD 12 5 0 0 0
[Q ACK] sent=1

# HOST CMD 47 5 0 0 0
[Q COMMAND] CMD 47 5 0 0 0
[Q ACK] sent=1

# HOST CMD 6 5 59 0 0
[Q COMMAND] CMD 6 5 59 0 0
[Q ACK] sent=1

# HOST CMD 55 5 4 0 0
[Q COMMAND] CMD 55 5 4 0 0
[Q ACK] sent=1

# HOST CMD 51 5 1 0 0
[Q COMMAND] CMD 51 5 1 0 0
[Q ACK] sent=1

# HOST CMD 2 5 0 0 0
[Q COMMAND] CMD 2 5 0 0 0
[Q ACK] sent=1

# HOST CMD 31 5 59 0 0
[Q COMMAND] CMD 31 5 59 0 0
[Q ACK] sent=1

# HOST CMD 38 5 0 0 0
[Q COMMAND] CMD 38 5 0 0 0
[Q ACK] sent=1

# HOST CMD 2 5 1 0 1
[Q COMMAND] CMD 2 5 1 0 1
[Q ACK] sent=1

# HOST CMD 31 5 59 0 1
[Q COMMAND] CMD 31 5 59 0 1
[Q ACK] sent=1

# HOST CMD 38 5 1 0 1
[Q COMMAND] CMD 38 5 1 0 1
[Q ACK] sent=1

# HOST CMD 2 5 2 0 2
[Q COMMAND] CMD 2 5 2 0 2
[Q ACK] sent=1

# HOST CMD 31 5 59 0 2
[Q COMMAND] CMD 31 5 59 0 2
[Q ACK] sent=1

# HOST CMD 38 5 2 0 2
[Q COMMAND] CMD 38 5 2 0 2
[Q ACK] sent=1

# HOST CMD 2 5 3 0 3
[Q COMMAND] CMD 2 5 3 0 3
[Q ACK] sent=1

# HOST CMD 31 5 59 0 3
[Q COMMAND] CMD 31 5 59 0 3
[Q ACK] sent=1

# HOST CMD 38 5 3 0 3
[Q COMMAND] CMD 38 5 3 0 3
[Q ACK] sent=1

# HOST CMD 2 5 4 0 4
[Q COMMAND] CMD 2 5 4 0 4
[Q ACK] sent=1

# HOST CMD 31 5 59 0 4
[Q COMMAND] CMD 31 5 59 0 4
[Q ACK] sent=1

# HOST CMD 38 5 0 0 4
[Q COMMAND] CMD 38 5 0 0 4
[Q ACK] sent=1

# HOST CMD 2 5 5 0 5
[Q COMMAND] CMD 2 5 5 0 5
[Q ACK] sent=1

# HOST CMD 31 5 59 0 5
[Q COMMAND] CMD 31 5 59 0 5
[Q ACK] sent=1

# HOST CMD 38 5 1 0 5
[Q COMMAND] CMD 38 5 1 0 5
[Q ACK] sent=1

# HOST CMD 2 5 6 0 6
[Q COMMAND] CMD 2 5 6 0 6
[Q ACK] sent=1

# HOST CMD 31 5 59 0 6
[Q COMMAND] CMD 31 5 59 0 6
[Q ACK] sent=1

# HOST CMD 38 5 2 0 6
[Q COMMAND] CMD 38 5 2 0 6
[Q ACK] sent=1

# HOST CMD 2 5 7 0 7
[Q COMMAND] CMD 2 5 7 0 7
[Q ACK] sent=1

# HOST CMD 31 5 59 0 7
[Q COMMAND] CMD 31 5 59 0 7
[Q ACK] sent=1

# HOST CMD 38 5 3 0 7
[Q COMMAND] CMD 38 5 3 0 7
[Q ACK] sent=1

# HOST CMD 2 5 8 0 8
[Q COMMAND] CMD 2 5 8 0 8
[Q ACK] sent=1

# HOST CMD 31 5 59 0 8
[Q COMMAND] CMD 31 5 59 0 8
[Q ACK] sent=1

# HOST CMD 38 5 0 0 8
[Q COMMAND] CMD 38 5 0 0 8
[Q ACK] sent=1

# HOST CMD 2 5 9 0 9
[Q COMMAND] CMD 2 5 9 0 9
[Q ACK] sent=1

# HOST CMD 31 5 59 0 9
[Q COMMAND] CMD 31 5 59 0 9
[Q ACK] sent=1

# HOST CMD 38 5 1 0 9
[Q COMMAND] CMD 38 5 1 0 9
[Q ACK] sent=1

# HOST CMD 2 5 10 0 10
[Q COMMAND] CMD 2 5 10 0 10
[Q ACK] sent=1

# HOST CMD 31 5 59 0 10
[Q COMMAND] CMD 31 5 59 0 10
[Q ACK] sent=1

# HOST CMD 38 5 2 0 10
[Q COMMAND] CMD 38 5 2 0 10
[Q ACK] sent=1

# HOST CMD 2 5 11 0 11
[Q COMMAND] CMD 2 5 11 0 11
[Q ACK] sent=1

# HOST CMD 31 5 59 0 11
[Q COMMAND] CMD 31 5 59 0 11
[Q ACK] sent=1

# HOST CMD 38 5 3 0 11
[Q COMMAND] CMD 38 5 3 0 11
[Q ACK] sent=1

# HOST CMD 2 5 12 0 12
[Q COMMAND] CMD 2 5 12 0 12
[Q ACK] sent=1

# HOST CMD 31 5 59 0 12
[Q COMMAND] CMD 31 5 59 0 12
[Q ACK] sent=1

# HOST CMD 38 5 0 0 12
[Q COMMAND] CMD 38 5 0 0 12
[Q ACK] sent=1

# HOST CMD 2 5 13 0 13
[Q COMMAND] CMD 2 5 13 0 13
[Q ACK] sent=1

# HOST CMD 31 5 59 0 13
[Q COMMAND] CMD 31 5 59 0 13
[Q ACK] sent=1

# HOST CMD 38 5 1 0 13
[Q COMMAND] CMD 38 5 1 0 13
[Q ACK] sent=1

# HOST CMD 2 5 14 0 14
[Q COMMAND] CMD 2 5 14 0 14
[Q ACK] sent=1

# HOST CMD 31 5 59 0 14
[Q COMMAND] CMD 31 5 59 0 14
[Q ACK] sent=1

# HOST CMD 38 5 2 0 14
[Q COMMAND] CMD 38 5 2 0 14
[Q ACK] sent=1

# HOST CMD 2 5 15 0 15
[Q COMMAND] CMD 2 5 15 0 15
[Q ACK] sent=1

# HOST CMD 31 5 59 0 15
[Q COMMAND] CMD 31 5 59 0 15
[Q ACK] sent=1

# HOST CMD 38 5 3 0 15
[Q COMMAND] CMD 38 5 3 0 15
[Q ACK] sent=1

# HOST CMD 10 6 0 0 0
[Q COMMAND] CMD 10 6 0 0 0
[Q ACK] sent=1

# HOST CMD 12 6 0 0 0
[Q COMMAND] CMD 12 6 0 0 0
[Q ACK] sent=1

# HOST CMD 47 6 0 0 0
[Q COMMAND] CMD 47 6 0 0 0
[Q ACK] sent=1

# HOST CMD 6 6 59 0 0
[Q COMMAND] CMD 6 6 59 0 0
[Q ACK] sent=1

# HOST CMD 55 6 4 0 0
[Q COMMAND] CMD 55 6 4 0 0
[Q ACK] sent=1

# HOST CMD 51 6 1 0 0
[Q COMMAND] CMD 51 6 1 0 0
[Q ACK] sent=1

# HOST CMD 2 6 0 0 0
[Q COMMAND] CMD 2 6 0 0 0
[Q ACK] sent=1

# HOST CMD 31 6 59 0 0
[Q COMMAND] CMD 31 6 59 0 0
[Q ACK] sent=1

# HOST CMD 38 6 0 0 0
[Q COMMAND] CMD 38 6 0 0 0
[Q ACK] sent=1

# HOST CMD 2 6 1 0 1
[Q COMMAND] CMD 2 6 1 0 1
[Q ACK] sent=1

# HOST CMD 31 6 59 0 1
[Q COMMAND] CMD 31 6 59 0 1
[Q ACK] sent=1

# HOST CMD 38 6 1 0 1
[Q COMMAND] CMD 38 6 1 0 1
[Q ACK] sent=1

# HOST CMD 2 6 2 0 2
[Q COMMAND] CMD 2 6 2 0 2
[Q ACK] sent=1

# HOST CMD 31 6 59 0 2
[Q COMMAND] CMD 31 6 59 0 2
[Q ACK] sent=1

# HOST CMD 38 6 2 0 2
[Q COMMAND] CMD 38 6 2 0 2
[Q ACK] sent=1

# HOST CMD 2 6 3 0 3
[Q COMMAND] CMD 2 6 3 0 3
[Q ACK] sent=1

# HOST CMD 31 6 59 0 3
[Q COMMAND] CMD 31 6 59 0 3
[Q ACK] sent=1

# HOST CMD 38 6 3 0 3
[Q COMMAND] CMD 38 6 3 0 3
[Q ACK] sent=1

# HOST CMD 2 6 4 0 4
[Q COMMAND] CMD 2 6 4 0 4
[Q ACK] sent=1

# HOST CMD 31 6 59 0 4
[Q COMMAND] CMD 31 6 59 0 4
[Q ACK] sent=1

# HOST CMD 38 6 0 0 4
[Q COMMAND] CMD 38 6 0 0 4
[Q ACK] sent=1

# HOST CMD 2 6 5 0 5
[Q COMMAND] CMD 2 6 5 0 5
[Q ACK] sent=1

# HOST CMD 31 6 59 0 5
[Q COMMAND] CMD 31 6 59 0 5
[Q ACK] sent=1

# HOST CMD 38 6 1 0 5
[Q COMMAND] CMD 38 6 1 0 5
[Q ACK] sent=1

# HOST CMD 2 6 6 0 6
[Q COMMAND] CMD 2 6 6 0 6
[Q ACK] sent=1

# HOST CMD 31 6 59 0 6
[Q COMMAND] CMD 31 6 59 0 6
[Q ACK] sent=1

# HOST CMD 38 6 2 0 6
[Q COMMAND] CMD 38 6 2 0 6
[Q ACK] sent=1

# HOST CMD 2 6 7 0 7
[Q COMMAND] CMD 2 6 7 0 7
[Q ACK] sent=1

# HOST CMD 31 6 59 0 7
[Q COMMAND] CMD 31 6 59 0 7
[Q ACK] sent=1

# HOST CMD 38 6 3 0 7
[Q COMMAND] CMD 38 6 3 0 7
[Q ACK] sent=1

# HOST CMD 2 6 8 0 8
[Q COMMAND] CMD 2 6 8 0 8
[Q ACK] sent=1

# HOST CMD 31 6 59 0 8
[Q COMMAND] CMD 31 6 59 0 8
[Q ACK] sent=1

# HOST CMD 38 6 0 0 8
[Q COMMAND] CMD 38 6 0 0 8
[Q ACK] sent=1

# HOST CMD 2 6 9 0 9
[Q COMMAND] CMD 2 6 9 0 9
[Q ACK] sent=1

# HOST CMD 31 6 59 0 9
[Q COMMAND] CMD 31 6 59 0 9
[Q ACK] sent=1

# HOST CMD 38 6 1 0 9
[Q COMMAND] CMD 38 6 1 0 9
[Q ACK] sent=1

# HOST CMD 2 6 10 0 10
[Q COMMAND] CMD 2 6 10 0 10
[Q ACK] sent=1

# HOST CMD 31 6 59 0 10
[Q COMMAND] CMD 31 6 59 0 10
[Q ACK] sent=1

# HOST CMD 38 6 2 0 10
[Q COMMAND] CMD 38 6 2 0 10
[Q ACK] sent=1

# HOST CMD 2 6 11 0 11
[Q COMMAND] CMD 2 6 11 0 11
[Q ACK] sent=1

# HOST CMD 31 6 59 0 11
[Q COMMAND] CMD 31 6 59 0 11
[Q ACK] sent=1

# HOST CMD 38 6 3 0 11
[Q COMMAND] CMD 38 6 3 0 11
[Q ACK] sent=1

# HOST CMD 2 6 12 0 12
[Q COMMAND] CMD 2 6 12 0 12
[Q ACK] sent=1

# HOST CMD 31 6 59 0 12
[Q COMMAND] CMD 31 6 59 0 12
[Q ACK] sent=1

# HOST CMD 38 6 0 0 12
[Q COMMAND] CMD 38 6 0 0 12
[Q ACK] sent=1

# HOST CMD 2 6 13 0 13
[Q COMMAND] CMD 2 6 13 0 13
[Q ACK] sent=1

# HOST CMD 31 6 59 0 13
[Q COMMAND] CMD 31 6 59 0 13
[Q ACK] sent=1

# HOST CMD 38 6 1 0 13
[Q COMMAND] CMD 38 6 1 0 13
[Q ACK] sent=1

# HOST CMD 2 6 14 0 14
[Q COMMAND] CMD 2 6 14 0 14
[Q ACK] sent=1

# HOST CMD 31 6 59 0 14
[Q COMMAND] CMD 31 6 59 0 14
[Q ACK] sent=1

# HOST CMD 38 6 2 0 14
[Q COMMAND] CMD 38 6 2 0 14
[Q ACK] sent=1

# HOST CMD 2 6 15 0 15
[Q COMMAND] CMD 2 6 15 0 15
[Q ACK] sent=1

# HOST CMD 31 6 59 0 15
[Q COMMAND] CMD 31 6 59 0 15
[Q ACK] sent=1

# HOST CMD 38 6 3 0 15
[Q COMMAND] CMD 38 6 3 0 15
[Q ACK] sent=1

# HOST CMD 10 7 0 0 0
[Q COMMAND] CMD 10 7 0 0 0
[Q ACK] sent=1

# HOST CMD 12 7 0 0 0
[Q COMMAND] CMD 12 7 0 0 0
[Q ACK] sent=1

# HOST CMD 47 7 0 0 0
[Q COMMAND] CMD 47 7 0 0 0
[Q ACK] sent=1

# HOST CMD 6 7 59 0 0
[Q COMMAND] CMD 6 7 59 0 0
[Q ACK] sent=1

# HOST CMD 55 7 4 0 0
[Q COMMAND] CMD 55 7 4 0 0
[Q ACK] sent=1

# HOST CMD 51 7 1 0 0
[Q COMMAND] CMD 51 7 1 0 0
[Q ACK] sent=1

# HOST CMD 2 7 0 0 0
[Q COMMAND] CMD 2 7 0 0 0
[Q ACK] sent=1

# HOST CMD 31 7 59 0 0
[Q COMMAND] CMD 31 7 59 0 0
[Q ACK] sent=1

# HOST CMD 38 7 0 0 0
[Q COMMAND] CMD 38 7 0 0 0
[Q ACK] sent=1

# HOST CMD 2 7 1 0 1
[Q COMMAND] CMD 2 7 1 0 1
[Q ACK] sent=1

# HOST CMD 31 7 59 0 1
[Q COMMAND] CMD 31 7 59 0 1
[Q ACK] sent=1

# HOST CMD 38 7 1 0 1
[Q COMMAND] CMD 38 7 1 0 1
[Q ACK] sent=1

# HOST CMD 2 7 2 0 2
[Q COMMAND] CMD 2 7 2 0 2
[Q ACK] sent=1

# HOST CMD 31 7 59 0 2
[Q COMMAND] CMD 31 7 59 0 2
[Q ACK] sent=1

# HOST CMD 38 7 2 0 2
[Q COMMAND] CMD 38 7 2 0 2
[Q ACK] sent=1

# HOST CMD 2 7 3 0 3
[Q COMMAND] CMD 2 7 3 0 3
[Q ACK] sent=1

# HOST CMD 31 7 59 0 3
[Q COMMAND] CMD 31 7 59 0 3
[Q ACK] sent=1

# HOST CMD 38 7 3 0 3
[Q COMMAND] CMD 38 7 3 0 3
[Q ACK] sent=1

# HOST CMD 2 7 4 0 4
[Q COMMAND] CMD 2 7 4 0 4
[Q ACK] sent=1

# HOST CMD 31 7 59 0 4
[Q COMMAND] CMD 31 7 59 0 4
[Q ACK] sent=1

# HOST CMD 38 7 0 0 4
[Q COMMAND] CMD 38 7 0 0 4
[Q ACK] sent=1

# HOST CMD 2 7 5 0 5
[Q COMMAND] CMD 2 7 5 0 5
[Q ACK] sent=1

# HOST CMD 31 7 59 0 5
[Q COMMAND] CMD 31 7 59 0 5
[Q ACK] sent=1

# HOST CMD 38 7 1 0 5
[Q COMMAND] CMD 38 7 1 0 5
[Q ACK] sent=1

# HOST CMD 2 7 6 0 6
[Q COMMAND] CMD 2 7 6 0 6
[Q ACK] sent=1

# HOST CMD 31 7 59 0 6
[Q COMMAND] CMD 31 7 59 0 6
[Q ACK] sent=1

# HOST CMD 38 7 2 0 6
[Q COMMAND] CMD 38 7 2 0 6
[Q ACK] sent=1

# HOST CMD 2 7 7 0 7
[Q COMMAND] CMD 2 7 7 0 7
[Q ACK] sent=1

# HOST CMD 31 7 59 0 7
[Q COMMAND] CMD 31 7 59 0 7
[Q ACK] sent=1

# HOST CMD 38 7 3 0 7
[Q COMMAND] CMD 38 7 3 0 7
[Q ACK] sent=1

# HOST CMD 2 7 8 0 8
[Q COMMAND] CMD 2 7 8 0 8
[Q ACK] sent=1

# HOST CMD 31 7 59 0 8
[Q COMMAND] CMD 31 7 59 0 8
[Q ACK] sent=1

# HOST CMD 38 7 0 0 8
[Q COMMAND] CMD 38 7 0 0 8
[Q ACK] sent=1

# HOST CMD 2 7 9 0 9
[Q COMMAND] CMD 2 7 9 0 9
[Q ACK] sent=1

# HOST CMD 31 7 59 0 9
[Q COMMAND] CMD 31 7 59 0 9
[Q ACK] sent=1

# HOST CMD 38 7 1 0 9
[Q COMMAND] CMD 38 7 1 0 9
[Q ACK] sent=1

# HOST CMD 2 7 10 0 10
[Q COMMAND] CMD 2 7 10 0 10
[Q ACK] sent=1

# HOST CMD 31 7 59 0 10
[Q COMMAND] CMD 31 7 59 0 10
[Q ACK] sent=1

# HOST CMD 38 7 2 0 10
[Q COMMAND] CMD 38 7 2 0 10
[Q ACK] sent=1

# HOST CMD 2 7 11 0 11
[Q COMMAND] CMD 2 7 11 0 11
[Q ACK] sent=1

# HOST CMD 31 7 59 0 11
[Q COMMAND] CMD 31 7 59 0 11
[Q ACK] sent=1

# HOST CMD 38 7 3 0 11
[Q COMMAND] CMD 38 7 3 0 11
[Q ACK] sent=1

# HOST CMD 2 7 12 0 12
[Q COMMAND] CMD 2 7 12 0 12
[Q ACK] sent=1

# HOST CMD 31 7 59 0 12
[Q COMMAND] CMD 31 7 59 0 12
[Q ACK] sent=1

# HOST CMD 38 7 0 0 12
[Q COMMAND] CMD 38 7 0 0 12
[Q ACK] sent=1

# HOST CMD 2 7 13 0 13
[Q COMMAND] CMD 2 7 13 0 13
[Q ACK] sent=1

# HOST CMD 31 7 59 0 13
[Q COMMAND] CMD 31 7 59 0 13
[Q ACK] sent=1

# HOST CMD 38 7 1 0 13
[Q COMMAND] CMD 38 7 1 0 13
[Q ACK] sent=1

# HOST CMD 2 7 14 0 14
[Q COMMAND] CMD 2 7 14 0 14
[Q ACK] sent=1

# HOST CMD 31 7 59 0 14
[Q COMMAND] CMD 31 7 59 0 14
[Q ACK] sent=1

# HOST CMD 38 7 2 0 14
[Q COMMAND] CMD 38 7 2 0 14
[Q ACK] sent=1

# HOST CMD 2 7 15 0 15
[Q COMMAND] CMD 2 7 15 0 15
[Q ACK] sent=1

# HOST CMD 31 7 59 0 15
[Q COMMAND] CMD 31 7 59 0 15
[Q ACK] sent=1

# HOST CMD 38 7 3 0 15
[Q COMMAND] CMD 38 7 3 0 15
[Q ACK] sent=1

# HOST CMD 10 8 0 0 0
[Q COMMAND] CMD 10 8 0 0 0
[Q ACK] sent=1

# HOST CMD 12 8 0 0 0
[Q COMMAND] CMD 12 8 0 0 0
[Q ACK] sent=1

# HOST CMD 47 8 0 0 0
[Q COMMAND] CMD 47 8 0 0 0
[Q ACK] sent=1

# HOST CMD 6 8 59 0 0
[Q COMMAND] CMD 6 8 59 0 0
[Q ACK] sent=1

# HOST CMD 55 8 4 0 0
[Q COMMAND] CMD 55 8 4 0 0
[Q ACK] sent=1

# HOST CMD 51 8 1 0 0
[Q COMMAND] CMD 51 8 1 0 0
[Q ACK] sent=1

# HOST CMD 2 8 0 0 0
[Q COMMAND] CMD 2 8 0 0 0
[Q ACK] sent=1

# HOST CMD 31 8 59 0 0
[Q COMMAND] CMD 31 8 59 0 0
[Q ACK] sent=1

# HOST CMD 38 8 0 0 0
[Q COMMAND] CMD 38 8 0 0 0
[Q ACK] sent=1

# HOST CMD 2 8 1 0 1
[Q COMMAND] CMD 2 8 1 0 1
[Q ACK] sent=1

# HOST CMD 31 8 59 0 1
[Q COMMAND] CMD 31 8 59 0 1
[Q ACK] sent=1

# HOST CMD 38 8 1 0 1
[Q COMMAND] CMD 38 8 1 0 1
[Q ACK] sent=1

# HOST CMD 2 8 2 0 2
[Q COMMAND] CMD 2 8 2 0 2
[Q ACK] sent=1

# HOST CMD 31 8 59 0 2
[Q COMMAND] CMD 31 8 59 0 2
[Q ACK] sent=1

# HOST CMD 38 8 2 0 2
[Q COMMAND] CMD 38 8 2 0 2
[Q ACK] sent=1

# HOST CMD 2 8 3 0 3
[Q COMMAND] CMD 2 8 3 0 3
[Q ACK] sent=1

# HOST CMD 31 8 59 0 3
[Q COMMAND] CMD 31 8 59 0 3
[Q ACK] sent=1

# HOST CMD 38 8 3 0 3
[Q COMMAND] CMD 38 8 3 0 3
[Q ACK] sent=1

# HOST CMD 2 8 4 0 4
[Q COMMAND] CMD 2 8 4 0 4
[Q ACK] sent=1

# HOST CMD 31 8 59 0 4
[Q COMMAND] CMD 31 8 59 0 4
[Q ACK] sent=1

# HOST CMD 38 8 0 0 4
[Q COMMAND] CMD 38 8 0 0 4
[Q ACK] sent=1

# HOST CMD 2 8 5 0 5
[Q COMMAND] CMD 2 8 5 0 5
[Q ACK] sent=1

# HOST CMD 31 8 59 0 5
[Q COMMAND] CMD 31 8 59 0 5
[Q ACK] sent=1

# HOST CMD 38 8 1 0 5
[Q COMMAND] CMD 38 8 1 0 5
[Q ACK] sent=1

# HOST CMD 2 8 6 0 6
[Q COMMAND] CMD 2 8 6 0 6
[Q ACK] sent=1

# HOST CMD 31 8 59 0 6
[Q COMMAND] CMD 31 8 59 0 6
[Q ACK] sent=1

# HOST CMD 38 8 2 0 6
[Q COMMAND] CMD 38 8 2 0 6
[Q ACK] sent=1

# HOST CMD 2 8 7 0 7
[Q COMMAND] CMD 2 8 7 0 7
[Q ACK] sent=1

# HOST CMD 31 8 59 0 7
[Q COMMAND] CMD 31 8 59 0 7
[Q ACK] sent=1

# HOST CMD 38 8 3 0 7
[Q COMMAND] CMD 38 8 3 0 7
[Q ACK] sent=1

# HOST CMD 2 8 8 0 8
[Q COMMAND] CMD 2 8 8 0 8
[Q ACK] sent=1

# HOST CMD 31 8 59 0 8
[Q COMMAND] CMD 31 8 59 0 8
[Q ACK] sent=1

# HOST CMD 38 8 0 0 8
[Q COMMAND] CMD 38 8 0 0 8
[Q ACK] sent=1

# HOST CMD 2 8 9 0 9
[Q COMMAND] CMD 2 8 9 0 9
[Q ACK] sent=1

# HOST CMD 31 8 59 0 9
[Q COMMAND] CMD 31 8 59 0 9
[Q ACK] sent=1

# HOST CMD 38 8 1 0 9
[Q COMMAND] CMD 38 8 1 0 9
[Q ACK] sent=1

# HOST CMD 2 8 10 0 10
[Q COMMAND] CMD 2 8 10 0 10
[Q ACK] sent=1

# HOST CMD 31 8 59 0 10
[Q COMMAND] CMD 31 8 59 0 10
[Q ACK] sent=1

# HOST CMD 38 8 2 0 10
[Q COMMAND] CMD 38 8 2 0 10
[Q ACK] sent=1

# HOST CMD 2 8 11 0 11
[Q COMMAND] CMD 2 8 11 0 11
[Q ACK] sent=1

# HOST CMD 31 8 59 0 11
[Q COMMAND] CMD 31 8 59 0 11
[Q ACK] sent=1

# HOST CMD 38 8 3 0 11
[Q COMMAND] CMD 38 8 3 0 11
[Q ACK] sent=1

# HOST CMD 2 8 12 0 12
[Q COMMAND] CMD 2 8 12 0 12
[Q ACK] sent=1

# HOST CMD 31 8 59 0 12
[Q COMMAND] CMD 31 8 59 0 12
[Q ACK] sent=1

# HOST CMD 38 8 0 0 12
[Q COMMAND] CMD 38 8 0 0 12
[Q ACK] sent=1

# HOST CMD 2 8 13 0 13
[Q COMMAND] CMD 2 8 13 0 13
[Q ACK] sent=1

# HOST CMD 31 8 59 0 13
[Q COMMAND] CMD 31 8 59 0 13
[Q ACK] sent=1

# HOST CMD 38 8 1 0 13
[Q COMMAND] CMD 38 8 1 0 13
[Q ACK] sent=1

# HOST CMD 2 8 14 0 14
[Q COMMAND] CMD 2 8 14 0 14
[Q ACK] sent=1

# HOST CMD 31 8 59 0 14
[Q COMMAND] CMD 31 8 59 0 14
[Q ACK] sent=1

# HOST CMD 38 8 2 0 14
[Q COMMAND] CMD 38 8 2 0 14
[Q ACK] sent=1

# HOST CMD 2 8 15 0 15
[Q COMMAND] CMD 2 8 15 0 15
[Q ACK] sent=1

# HOST CMD 31 8 59 0 15
[Q COMMAND] CMD 31 8 59 0 15
[Q ACK] sent=1

# HOST CMD 38 8 3 0 15
[Q COMMAND] CMD 38 8 3 0 15
[Q ACK] sent=1

# HOST CMD 10 9 0 0 0
[Q COMMAND] CMD 10 9 0 0 0
[Q ACK] sent=1

# HOST CMD 12 9 0 0 0
[Q COMMAND] CMD 12 9 0 0 0
[Q ACK] sent=1

# HOST CMD 47 9 0 0 0
[Q COMMAND] CMD 47 9 0 0 0
[Q ACK] sent=1

# HOST CMD 6 9 59 0 0
[Q COMMAND] CMD 6 9 59 0 0
[Q ACK] sent=1

# HOST CMD 55 9 4 0 0
[Q COMMAND] CMD 55 9 4 0 0
[Q ACK] sent=1

# HOST CMD 51 9 1 0 0
[Q COMMAND] CMD 51 9 1 0 0
[Q ACK] sent=1

# HOST CMD 2 9 0 0 0
[Q COMMAND] CMD 2 9 0 0 0
[Q ACK] sent=1

# HOST CMD 31 9 59 0 0
[Q COMMAND] CMD 31 9 59 0 0
[Q ACK] sent=1

# HOST CMD 38 9 0 0 0
[Q COMMAND] CMD 38 9 0 0 0
[Q ACK] sent=1

# HOST CMD 2 9 1 0 1
[Q COMMAND] CMD 2 9 1 0 1
[Q ACK] sent=1

# HOST CMD 31 9 59 0 1
[Q COMMAND] CMD 31 9 59 0 1
[Q ACK] sent=1

# HOST CMD 38 9 1 0 1
[Q COMMAND] CMD 38 9 1 0 1
[Q ACK] sent=1

# HOST CMD 2 9 2 0 2
[Q COMMAND] CMD 2 9 2 0 2
[Q ACK] sent=1

# HOST CMD 31 9 59 0 2
[Q COMMAND] CMD 31 9 59 0 2
[Q ACK] sent=1

# HOST CMD 38 9 2 0 2
[Q COMMAND] CMD 38 9 2 0 2
[Q ACK] sent=1

# HOST CMD 2 9 3 0 3
[Q COMMAND] CMD 2 9 3 0 3
[Q ACK] sent=1

# HOST CMD 31 9 59 0 3
[Q COMMAND] CMD 31 9 59 0 3
[Q ACK] sent=1

# HOST CMD 38 9 3 0 3
[Q COMMAND] CMD 38 9 3 0 3
[Q ACK] sent=1

# HOST CMD 2 9 4 0 4
[Q COMMAND] CMD 2 9 4 0 4
[Q ACK] sent=1

# HOST CMD 31 9 59 0 4
[Q COMMAND] CMD 31 9 59 0 4
[Q ACK] sent=1

# HOST CMD 38 9 0 0 4
[Q COMMAND] CMD 38 9 0 0 4
[Q ACK] sent=1

# HOST CMD 2 9 5 0 5
[Q COMMAND] CMD 2 9 5 0 5
[Q ACK] sent=1

# HOST CMD 31 9 59 0 5
[Q COMMAND] CMD 31 9 59 0 5
[Q ACK] sent=1

# HOST CMD 38 9 1 0 5
[Q COMMAND] CMD 38 9 1 0 5
[Q ACK] sent=1

# HOST CMD 2 9 6 0 6
[Q COMMAND] CMD 2 9 6 0 6
[Q ACK] sent=1

# HOST CMD 31 9 59 0 6
[Q COMMAND] CMD 31 9 59 0 6
[Q ACK] sent=1

# HOST CMD 38 9 2 0 6
[Q COMMAND] CMD 38 9 2 0 6
[Q ACK] sent=1

# HOST CMD 2 9 7 0 7
[Q COMMAND] CMD 2 9 7 0 7
[Q ACK] sent=1

# HOST CMD 31 9 59 0 7
[Q COMMAND] CMD 31 9 59 0 7
[Q ACK] sent=1

# HOST CMD 38 9 3 0 7
[Q COMMAND] CMD 38 9 3 0 7
[Q ACK] sent=1

# HOST CMD 2 9 8 0 8
[Q COMMAND] CMD 2 9 8 0 8
[Q ACK] sent=1

# HOST CMD 31 9 59 0 8
[Q COMMAND] CMD 31 9 59 0 8
[Q ACK] sent=1

# HOST CMD 38 9 0 0 8
[Q COMMAND] CMD 38 9 0 0 8
[Q ACK] sent=1

# HOST CMD 2 9 9 0 9
[Q COMMAND] CMD 2 9 9 0 9
[Q ACK] sent=1

# HOST CMD 31 9 59 0 9
[Q COMMAND] CMD 31 9 59 0 9
[Q ACK] sent=1

# HOST CMD 38 9 1 0 9
[Q COMMAND] CMD 38 9 1 0 9
[Q ACK] sent=1

# HOST CMD 2 9 10 0 10
[Q COMMAND] CMD 2 9 10 0 10
[Q ACK] sent=1

# HOST CMD 31 9 59 0 10
[Q COMMAND] CMD 31 9 59 0 10
[Q ACK] sent=1

# HOST CMD 38 9 2 0 10
[Q COMMAND] CMD 38 9 2 0 10
[Q ACK] sent=1

# HOST CMD 2 9 11 0 11
[Q COMMAND] CMD 2 9 11 0 11
[Q ACK] sent=1

# HOST CMD 31 9 59 0 11
[Q COMMAND] CMD 31 9 59 0 11
[Q ACK] sent=1

# HOST CMD 38 9 3 0 11
[Q COMMAND] CMD 38 9 3 0 11
[Q ACK] sent=1

# HOST CMD 2 9 12 0 12
[Q COMMAND] CMD 2 9 12 0 12
[Q ACK] sent=1

# HOST CMD 31 9 59 0 12
[Q COMMAND] CMD 31 9 59 0 12
[Q ACK] sent=1

# HOST CMD 38 9 0 0 12
[Q COMMAND] CMD 38 9 0 0 12
[Q ACK] sent=1

# HOST CMD 2 9 13 0 13
[Q COMMAND] CMD 2 9 13 0 13
[Q ACK] sent=1

# HOST CMD 31 9 59 0 13
[Q COMMAND] CMD 31 9 59 0 13
[Q ACK] sent=1

# HOST CMD 38 9 1 0 13
[Q COMMAND] CMD 38 9 1 0 13
[Q ACK] sent=1

# HOST CMD 2 9 14 0 14
[Q COMMAND] CMD 2 9 14 0 14
[Q ACK] sent=1

# HOST CMD 31 9 59 0 14
[Q COMMAND] CMD 31 9 59 0 14
[Q ACK] sent=1

# HOST CMD 38 9 2 0 14
[Q COMMAND] CMD 38 9 2 0 14
[Q ACK] sent=1

# HOST CMD 2 9 15 0 15
[Q COMMAND] CMD 2 9 15 0 15
[Q ACK] sent=1

# HOST CMD 31 9 59 0 15
[Q COMMAND] CMD 31 9 59 0 15
[Q ACK] sent=1

# HOST CMD 38 9 3 0 15
[Q COMMAND] CMD 38 9 3 0 15
[Q ACK] sent=1

# HOST CMD 10 10 0 0 0
[Q COMMAND] CMD 10 10 0 0 0
[Q ACK] sent=1

# HOST CMD 12 10 0 0 0
[Q COMMAND] CMD 12 10 0 0 0
[Q ACK] sent=1

# HOST CMD 47 10 0 0 0
[Q COMMAND] CMD 47 10 0 0 0
[Q ACK] sent=1

# HOST CMD 6 10 59 0 0
[Q COMMAND] CMD 6 10 59 0 0
[Q ACK] sent=1

# HOST CMD 55 10 4 0 0
[Q COMMAND] CMD 55 10 4 0 0
[Q ACK] sent=1

# HOST CMD 51 10 1 0 0
[Q COMMAND] CMD 51 10 1 0 0
[Q ACK] sent=1

# HOST CMD 2 10 0 0 0
[Q COMMAND] CMD 2 10 0 0 0
[Q ACK] sent=1

# HOST CMD 31 10 59 0 0
[Q COMMAND] CMD 31 10 59 0 0
[Q ACK] sent=1

# HOST CMD 38 10 0 0 0
[Q COMMAND] CMD 38 10 0 0 0
[Q ACK] sent=1

# HOST CMD 2 10 1 0 1
[Q COMMAND] CMD 2 10 1 0 1
[Q ACK] sent=1

# HOST CMD 31 10 59 0 1
[Q COMMAND] CMD 31 10 59 0 1
[Q ACK] sent=1

# HOST CMD 38 10 1 0 1
[Q COMMAND] CMD 38 10 1 0 1
[Q ACK] sent=1

# HOST CMD 2 10 2 0 2
[Q COMMAND] CMD 2 10 2 0 2
[Q ACK] sent=1

# HOST CMD 31 10 59 0 2
[Q COMMAND] CMD 31 10 59 0 2
[Q ACK] sent=1

# HOST CMD 38 10 2 0 2
[Q COMMAND] CMD 38 10 2 0 2
[Q ACK] sent=1

# HOST CMD 2 10 3 0 3
[Q COMMAND] CMD 2 10 3 0 3
[Q ACK] sent=1

# HOST CMD 31 10 59 0 3
[Q COMMAND] CMD 31 10 59 0 3
[Q ACK] sent=1

# HOST CMD 38 10 3 0 3
[Q COMMAND] CMD 38 10 3 0 3
[Q ACK] sent=1

# HOST CMD 2 10 4 0 4
[Q COMMAND] CMD 2 10 4 0 4
[Q ACK] sent=1

# HOST CMD 31 10 59 0 4
[Q COMMAND] CMD 31 10 59 0 4
[Q ACK] sent=1

# HOST CMD 38 10 0 0 4
[Q COMMAND] CMD 38 10 0 0 4
[Q ACK] sent=1

# HOST CMD 2 10 5 0 5
[Q COMMAND] CMD 2 10 5 0 5
[Q ACK] sent=1

# HOST CMD 31 10 59 0 5
[Q COMMAND] CMD 31 10 59 0 5
[Q ACK] sent=1

# HOST CMD 38 10 1 0 5
[Q COMMAND] CMD 38 10 1 0 5
[Q ACK] sent=1

# HOST CMD 2 10 6 0 6
[Q COMMAND] CMD 2 10 6 0 6
[Q ACK] sent=1

# HOST CMD 31 10 59 0 6
[Q COMMAND] CMD 31 10 59 0 6
[Q ACK] sent=1

# HOST CMD 38 10 2 0 6
[Q COMMAND] CMD 38 10 2 0 6
[Q ACK] sent=1

# HOST CMD 2 10 7 0 7
[Q COMMAND] CMD 2 10 7 0 7
[Q ACK] sent=1

# HOST CMD 31 10 59 0 7
[Q COMMAND] CMD 31 10 59 0 7
[Q ACK] sent=1

# HOST CMD 38 10 3 0 7
[Q COMMAND] CMD 38 10 3 0 7
[Q ACK] sent=1

# HOST CMD 2 10 8 0 8
[Q COMMAND] CMD 2 10 8 0 8
[Q ACK] sent=1

# HOST CMD 31 10 59 0 8
[Q COMMAND] CMD 31 10 59 0 8
[Q ACK] sent=1

# HOST CMD 38 10 0 0 8
[Q COMMAND] CMD 38 10 0 0 8
[Q ACK] sent=1

# HOST CMD 2 10 9 0 9
[Q COMMAND] CMD 2 10 9 0 9
[Q ACK] sent=1

# HOST CMD 31 10 59 0 9
[Q COMMAND] CMD 31 10 59 0 9
[Q ACK] sent=1

# HOST CMD 38 10 1 0 9
[Q COMMAND] CMD 38 10 1 0 9
[Q ACK] sent=1

# HOST CMD 2 10 10 0 10
[Q COMMAND] CMD 2 10 10 0 10
[Q ACK] sent=1

# HOST CMD 31 10 59 0 10
[Q COMMAND] CMD 31 10 59 0 10
[Q ACK] sent=1

# HOST CMD 38 10 2 0 10
[Q COMMAND] CMD 38 10 2 0 10
[Q ACK] sent=1

# HOST CMD 2 10 11 0 11
[Q COMMAND] CMD 2 10 11 0 11
[Q ACK] sent=1

# HOST CMD 31 10 59 0 11
[Q COMMAND] CMD 31 10 59 0 11
[Q ACK] sent=1

# HOST CMD 38 10 3 0 11
[Q COMMAND] CMD 38 10 3 0 11
[Q ACK] sent=1

# HOST CMD 2 10 12 0 12
[Q COMMAND] CMD 2 10 12 0 12
[Q ACK] sent=1

# HOST CMD 31 10 59 0 12
[Q COMMAND] CMD 31 10 59 0 12
[Q ACK] sent=1

# HOST CMD 38 10 0 0 12
[Q COMMAND] CMD 38 10 0 0 12
[Q ACK] sent=1

# HOST CMD 2 10 13 0 13
[Q COMMAND] CMD 2 10 13 0 13
[Q ACK] sent=1

# HOST CMD 31 10 59 0 13
[Q COMMAND] CMD 31 10 59 0 13
[Q ACK] sent=1

# HOST CMD 38 10 1 0 13
[Q COMMAND] CMD 38 10 1 0 13
[Q ACK] sent=1

# HOST CMD 2 10 14 0 14
[Q COMMAND] CMD 2 10 14 0 14
[Q ACK] sent=1

# HOST CMD 31 10 59 0 14
[Q COMMAND] CMD 31 10 59 0 14
[Q ACK] sent=1

# HOST CMD 38 10 2 0 14
[Q COMMAND] CMD 38 10 2 0 14
[Q ACK] sent=1

# HOST CMD 2 10 15 0 15
[Q COMMAND] CMD 2 10 15 0 15
[Q ACK] sent=1

# HOST CMD 31 10 59 0 15
[Q COMMAND] CMD 31 10 59 0 15
[Q ACK] sent=1

# HOST CMD 38 10 3 0 15
[Q COMMAND] CMD 38 10 3 0 15
[Q ACK] sent=1

# HOST CMD 10 11 0 0 0
[Q COMMAND] CMD 10 11 0 0 0
[Q ACK] sent=1

# HOST CMD 12 11 0 0 0
[Q COMMAND] CMD 12 11 0 0 0
[Q ACK] sent=1

# HOST CMD 47 11 0 0 0
[Q COMMAND] CMD 47 11 0 0 0
[Q ACK] sent=1

# HOST CMD 6 11 59 0 0
[Q COMMAND] CMD 6 11 59 0 0
[Q ACK] sent=1

# HOST CMD 55 11 4 0 0
[Q COMMAND] CMD 55 11 4 0 0
[Q ACK] sent=1

# HOST CMD 51 11 1 0 0
[Q COMMAND] CMD 51 11 1 0 0
[Q ACK] sent=1

# HOST CMD 2 11 0 0 0
[Q COMMAND] CMD 2 11 0 0 0
[Q ACK] sent=1

# HOST CMD 31 11 59 0 0
[Q COMMAND] CMD 31 11 59 0 0
[Q ACK] sent=1

# HOST CMD 38 11 0 0 0
[Q COMMAND] CMD 38 11 0 0 0
[Q ACK] sent=1

# HOST CMD 2 11 1 0 1
[Q COMMAND] CMD 2 11 1 0 1
[Q ACK] sent=1

# HOST CMD 31 11 59 0 1
[Q COMMAND] CMD 31 11 59 0 1
[Q ACK] sent=1

# HOST CMD 38 11 1 0 1
[Q COMMAND] CMD 38 11 1 0 1
[Q ACK] sent=1

# HOST CMD 2 11 2 0 2
[Q COMMAND] CMD 2 11 2 0 2
[Q ACK] sent=1

# HOST CMD 31 11 59 0 2
[Q COMMAND] CMD 31 11 59 0 2
[Q ACK] sent=1

# HOST CMD 38 11 2 0 2
[Q COMMAND] CMD 38 11 2 0 2
[Q ACK] sent=1

# HOST CMD 2 11 3 0 3
[Q COMMAND] CMD 2 11 3 0 3
[Q ACK] sent=1

# HOST CMD 31 11 59 0 3
[Q COMMAND] CMD 31 11 59 0 3
[Q ACK] sent=1

# HOST CMD 38 11 3 0 3
[Q COMMAND] CMD 38 11 3 0 3
[Q ACK] sent=1

# HOST CMD 2 11 4 0 4
[Q COMMAND] CMD 2 11 4 0 4
[Q ACK] sent=1

# HOST CMD 31 11 59 0 4
[Q COMMAND] CMD 31 11 59 0 4
[Q ACK] sent=1

# HOST CMD 38 11 0 0 4
[Q COMMAND] CMD 38 11 0 0 4
[Q ACK] sent=1

# HOST CMD 2 11 5 0 5
[Q COMMAND] CMD 2 11 5 0 5
[Q ACK] sent=1

# HOST CMD 31 11 59 0 5
[Q COMMAND] CMD 31 11 59 0 5
[Q ACK] sent=1

# HOST CMD 38 11 1 0 5
[Q COMMAND] CMD 38 11 1 0 5
[Q ACK] sent=1

# HOST CMD 2 11 6 0 6
[Q COMMAND] CMD 2 11 6 0 6
[Q ACK] sent=1

# HOST CMD 31 11 59 0 6
[Q COMMAND] CMD 31 11 59 0 6
[Q ACK] sent=1

# HOST CMD 38 11 2 0 6
[Q COMMAND] CMD 38 11 2 0 6
[Q ACK] sent=1

# HOST CMD 2 11 7 0 7
[Q COMMAND] CMD 2 11 7 0 7
[Q ACK] sent=1

# HOST CMD 31 11 59 0 7
[Q COMMAND] CMD 31 11 59 0 7
[Q ACK] sent=1

# HOST CMD 38 11 3 0 7
[Q COMMAND] CMD 38 11 3 0 7
[Q ACK] sent=1

# HOST CMD 2 11 8 0 8
[Q COMMAND] CMD 2 11 8 0 8
[Q ACK] sent=1

# HOST CMD 31 11 59 0 8
[Q COMMAND] CMD 31 11 59 0 8
[Q ACK] sent=1

# HOST CMD 38 11 0 0 8
[Q COMMAND] CMD 38 11 0 0 8
[Q ACK] sent=1

# HOST CMD 2 11 9 0 9
[Q COMMAND] CMD 2 11 9 0 9
[Q ACK] sent=1

# HOST CMD 31 11 59 0 9
[Q COMMAND] CMD 31 11 59 0 9
[Q ACK] sent=1

# HOST CMD 38 11 1 0 9
[Q COMMAND] CMD 38 11 1 0 9
[Q ACK] sent=1

# HOST CMD 2 11 10 0 10
[Q COMMAND] CMD 2 11 10 0 10
[Q ACK] sent=1

# HOST CMD 31 11 59 0 10
[Q COMMAND] CMD 31 11 59 0 10
[Q ACK] sent=1

# HOST CMD 38 11 2 0 10
[Q COMMAND] CMD 38 11 2 0 10
[Q ACK] sent=1

# HOST CMD 2 11 11 0 11
[Q COMMAND] CMD 2 11 11 0 11
[Q ACK] sent=1

# HOST CMD 31 11 59 0 11
[Q COMMAND] CMD 31 11 59 0 11
[Q ACK] sent=1

# HOST CMD 38 11 3 0 11
[Q COMMAND] CMD 38 11 3 0 11
[Q ACK] sent=1

# HOST CMD 2 11 12 0 12
[Q COMMAND] CMD 2 11 12 0 12
[Q ACK] sent=1

# HOST CMD 31 11 59 0 12
[Q COMMAND] CMD 31 11 59 0 12
[Q ACK] sent=1

# HOST CMD 38 11 0 0 12
[Q COMMAND] CMD 38 11 0 0 12
[Q ACK] sent=1

# HOST CMD 2 11 13 0 13
[Q COMMAND] CMD 2 11 13 0 13
[Q ACK] sent=1

# HOST CMD 31 11 59 0 13
[Q COMMAND] CMD 31 11 59 0 13
[Q ACK] sent=1

# HOST CMD 38 11 1 0 13
[Q COMMAND] CMD 38 11 1 0 13
[Q ACK] sent=1

# HOST CMD 2 11 14 0 14
[Q COMMAND] CMD 2 11 14 0 14
[Q ACK] sent=1

# HOST CMD 31 11 59 0 14
[Q COMMAND] CMD 31 11 59 0 14
[Q ACK] sent=1

# HOST CMD 38 11 2 0 14
[Q COMMAND] CMD 38 11 2 0 14
[Q ACK] sent=1

# HOST CMD 2 11 15 0 15
[Q COMMAND] CMD 2 11 15 0 15
[Q ACK] sent=1

# HOST CMD 31 11 59 0 15
[Q COMMAND] CMD 31 11 59 0 15
[Q ACK] sent=1

# HOST CMD 38 11 3 0 15
[Q COMMAND] CMD 38 11 3 0 15
[Q ACK] sent=1

# HOST CMD 10 12 0 0 0
[Q COMMAND] CMD 10 12 0 0 0
[Q ACK] sent=1

# HOST CMD 12 12 0 0 0
[Q COMMAND] CMD 12 12 0 0 0
[Q ACK] sent=1

# HOST CMD 47 12 0 0 0
[Q COMMAND] CMD 47 12 0 0 0
[Q ACK] sent=1

# HOST CMD 6 12 59 0 0
[Q COMMAND] CMD 6 12 59 0 0
[Q ACK] sent=1

# HOST CMD 55 12 4 0 0
[Q COMMAND] CMD 55 12 4 0 0
[Q ACK] sent=1

# HOST CMD 51 12 1 0 0
[Q COMMAND] CMD 51 12 1 0 0
[Q ACK] sent=1

# HOST CMD 2 12 0 0 0
[Q COMMAND] CMD 2 12 0 0 0
[Q ACK] sent=1

# HOST CMD 31 12 59 0 0
[Q COMMAND] CMD 31 12 59 0 0
[Q ACK] sent=1

# HOST CMD 38 12 0 0 0
[Q COMMAND] CMD 38 12 0 0 0
[Q ACK] sent=1

# HOST CMD 2 12 1 0 1
[Q COMMAND] CMD 2 12 1 0 1
[Q ACK] sent=1

# HOST CMD 31 12 59 0 1
[Q COMMAND] CMD 31 12 59 0 1
[Q ACK] sent=1

# HOST CMD 38 12 1 0 1
[Q COMMAND] CMD 38 12 1 0 1
[Q ACK] sent=1

# HOST CMD 2 12 2 0 2
[Q COMMAND] CMD 2 12 2 0 2
[Q ACK] sent=1

# HOST CMD 31 12 59 0 2
[Q COMMAND] CMD 31 12 59 0 2
[Q ACK] sent=1

# HOST CMD 38 12 2 0 2
[Q COMMAND] CMD 38 12 2 0 2
[Q ACK] sent=1

# HOST CMD 2 12 3 0 3
[Q COMMAND] CMD 2 12 3 0 3
[Q ACK] sent=1

# HOST CMD 31 12 59 0 3
[Q COMMAND] CMD 31 12 59 0 3
[Q ACK] sent=1

# HOST CMD 38 12 3 0 3
[Q COMMAND] CMD 38 12 3 0 3
[Q ACK] sent=1

# HOST CMD 2 12 4 0 4
[Q COMMAND] CMD 2 12 4 0 4
[Q ACK] sent=1

# HOST CMD 31 12 59 0 4
[Q COMMAND] CMD 31 12 59 0 4
[Q ACK] sent=1

# HOST CMD 38 12 0 0 4
[Q COMMAND] CMD 38 12 0 0 4
[Q ACK] sent=1

# HOST CMD 2 12 5 0 5
[Q COMMAND] CMD 2 12 5 0 5
[Q ACK] sent=1

# HOST CMD 31 12 59 0 5
[Q COMMAND] CMD 31 12 59 0 5
[Q ACK] sent=1

# HOST CMD 38 12 1 0 5
[Q COMMAND] CMD 38 12 1 0 5
[Q ACK] sent=1

# HOST CMD 2 12 6 0 6
[Q COMMAND] CMD 2 12 6 0 6
[Q ACK] sent=1

# HOST CMD 31 12 59 0 6
[Q COMMAND] CMD 31 12 59 0 6
[Q ACK] sent=1

# HOST CMD 38 12 2 0 6
[Q COMMAND] CMD 38 12 2 0 6
[Q ACK] sent=1

# HOST CMD 2 12 7 0 7
[Q COMMAND] CMD 2 12 7 0 7
[Q ACK] sent=1

# HOST CMD 31 12 59 0 7
[Q COMMAND] CMD 31 12 59 0 7
[Q ACK] sent=1

# HOST CMD 38 12 3 0 7
[Q COMMAND] CMD 38 12 3 0 7
[Q ACK] sent=1

# HOST CMD 2 12 8 0 8
[Q COMMAND] CMD 2 12 8 0 8
[Q ACK] sent=1

# HOST CMD 31 12 59 0 8
[Q COMMAND] CMD 31 12 59 0 8
[Q ACK] sent=1

# HOST CMD 38 12 0 0 8
[Q COMMAND] CMD 38 12 0 0 8
[Q ACK] sent=1

# HOST CMD 2 12 9 0 9
[Q COMMAND] CMD 2 12 9 0 9
[Q ACK] sent=1

# HOST CMD 31 12 59 0 9
[Q COMMAND] CMD 31 12 59 0 9
[Q ACK] sent=1

# HOST CMD 38 12 1 0 9
[Q COMMAND] CMD 38 12 1 0 9
[Q ACK] sent=1

# HOST CMD 2 12 10 0 10
[Q COMMAND] CMD 2 12 10 0 10
[Q ACK] sent=1

# HOST CMD 31 12 59 0 10
[Q COMMAND] CMD 31 12 59 0 10
[Q ACK] sent=1

# HOST CMD 38 12 2 0 10
[Q COMMAND] CMD 38 12 2 0 10
[Q ACK] sent=1

# HOST CMD 2 12 11 0 11
[Q COMMAND] CMD 2 12 11 0 11
[Q ACK] sent=1

# HOST CMD 31 12 59 0 11
[Q COMMAND] CMD 31 12 59 0 11
[Q ACK] sent=1

# HOST CMD 38 12 3 0 11
[Q COMMAND] CMD 38 12 3 0 11
[Q ACK] sent=1

# HOST CMD 2 12 12 0 12
[Q COMMAND] CMD 2 12 12 0 12
[Q ACK] sent=1

# HOST CMD 31 12 59 0 12
[Q COMMAND] CMD 31 12 59 0 12
[Q ACK] sent=1

# HOST CMD 38 12 0 0 12
[Q COMMAND] CMD 38 12 0 0 12
[Q ACK] sent=1

# HOST CMD 2 12 13 0 13
[Q COMMAND] CMD 2 12 13 0 13
[Q ACK] sent=1

# HOST CMD 31 12 59 0 13
[Q COMMAND] CMD 31 12 59 0 13
[Q ACK] sent=1

# HOST CMD 38 12 1 0 13
[Q COMMAND] CMD 38 12 1 0 13
[Q ACK] sent=1

# HOST CMD 2 12 14 0 14
[Q COMMAND] CMD 2 12 14 0 14
[Q ACK] sent=1

# HOST CMD 31 12 59 0 14
[Q COMMAND] CMD 31 12 59 0 14
[Q ACK] sent=1

# HOST CMD 38 12 2 0 14
[Q COMMAND] CMD 38 12 2 0 14
[Q ACK] sent=1

# HOST CMD 2 12 15 0 15
[Q COMMAND] CMD 2 12 15 0 15
[Q ACK] sent=1

# HOST CMD 31 12 59 0 15
[Q COMMAND] CMD 31 12 59 0 15
[Q ACK] sent=1

# HOST CMD 38 12 3 0 15
[Q COMMAND] CMD 38 12 3 0 15
[Q ACK] sent=1

# HOST CMD 10 13 0 0 0
[Q COMMAND] CMD 10 13 0 0 0
[Q ACK] sent=1

# HOST CMD 12 13 0 0 0
[Q COMMAND] CMD 12 13 0 0 0
[Q ACK] sent=1

# HOST CMD 47 13 0 0 0
[Q COMMAND] CMD 47 13 0 0 0
[Q ACK] sent=1

# HOST CMD 6 13 59 0 0
[Q COMMAND] CMD 6 13 59 0 0
[Q ACK] sent=1

# HOST CMD 55 13 4 0 0
[Q COMMAND] CMD 55 13 4 0 0
[Q ACK] sent=1

# HOST CMD 51 13 1 0 0
[Q COMMAND] CMD 51 13 1 0 0
[Q ACK] sent=1

# HOST CMD 2 13 0 0 0
[Q COMMAND] CMD 2 13 0 0 0
[Q ACK] sent=1

# HOST CMD 31 13 59 0 0
[Q COMMAND] CMD 31 13 59 0 0
[Q ACK] sent=1

# HOST CMD 38 13 0 0 0
[Q COMMAND] CMD 38 13 0 0 0
[Q ACK] sent=1

# HOST CMD 2 13 1 0 1
[Q COMMAND] CMD 2 13 1 0 1
[Q ACK] sent=1

# HOST CMD 31 13 59 0 1
[Q COMMAND] CMD 31 13 59 0 1
[Q ACK] sent=1

# HOST CMD 38 13 1 0 1
[Q COMMAND] CMD 38 13 1 0 1
[Q ACK] sent=1

# HOST CMD 2 13 2 0 2
[Q COMMAND] CMD 2 13 2 0 2
[Q ACK] sent=1

# HOST CMD 31 13 59 0 2
[Q COMMAND] CMD 31 13 59 0 2
[Q ACK] sent=1

# HOST CMD 38 13 2 0 2
[Q COMMAND] CMD 38 13 2 0 2
[Q ACK] sent=1

# HOST CMD 2 13 3 0 3
[Q COMMAND] CMD 2 13 3 0 3
[Q ACK] sent=1

# HOST CMD 31 13 59 0 3
[Q COMMAND] CMD 31 13 59 0 3
[Q ACK] sent=1

# HOST CMD 38 13 3 0 3
[Q COMMAND] CMD 38 13 3 0 3
[Q ACK] sent=1

# HOST CMD 2 13 4 0 4
[Q COMMAND] CMD 2 13 4 0 4
[Q ACK] sent=1

# HOST CMD 31 13 59 0 4
[Q COMMAND] CMD 31 13 59 0 4
[Q ACK] sent=1

# HOST CMD 38 13 0 0 4
[Q COMMAND] CMD 38 13 0 0 4
[Q ACK] sent=1

# HOST CMD 2 13 5 0 5
[Q COMMAND] CMD 2 13 5 0 5
[Q ACK] sent=1

# HOST CMD 31 13 59 0 5
[Q COMMAND] CMD 31 13 59 0 5
[Q ACK] sent=1

# HOST CMD 38 13 1 0 5
[Q COMMAND] CMD 38 13 1 0 5
[Q ACK] sent=1

# HOST CMD 2 13 6 0 6
[Q COMMAND] CMD 2 13 6 0 6
[Q ACK] sent=1

# HOST CMD 31 13 59 0 6
[Q COMMAND] CMD 31 13 59 0 6
[Q ACK] sent=1

# HOST CMD 38 13 2 0 6
[Q COMMAND] CMD 38 13 2 0 6
[Q ACK] sent=1

# HOST CMD 2 13 7 0 7
[Q COMMAND] CMD 2 13 7 0 7
[Q ACK] sent=1

# HOST CMD 31 13 59 0 7
[Q COMMAND] CMD 31 13 59 0 7
[Q ACK] sent=1

# HOST CMD 38 13 3 0 7
[Q COMMAND] CMD 38 13 3 0 7
[Q ACK] sent=1

# HOST CMD 2 13 8 0 8
[Q COMMAND] CMD 2 13 8 0 8
[Q ACK] sent=1

# HOST CMD 31 13 59 0 8
[Q COMMAND] CMD 31 13 59 0 8
[Q ACK] sent=1

# HOST CMD 38 13 0 0 8
[Q COMMAND] CMD 38 13 0 0 8
[Q ACK] sent=1

# HOST CMD 2 13 9 0 9
[Q COMMAND] CMD 2 13 9 0 9
[Q ACK] sent=1

# HOST CMD 31 13 59 0 9
[Q COMMAND] CMD 31 13 59 0 9
[Q ACK] sent=1

# HOST CMD 38 13 1 0 9
[Q COMMAND] CMD 38 13 1 0 9
[Q ACK] sent=1

# HOST CMD 2 13 10 0 10
[Q COMMAND] CMD 2 13 10 0 10
[Q ACK] sent=1

# HOST CMD 31 13 59 0 10
[Q COMMAND] CMD 31 13 59 0 10
[Q ACK] sent=1

# HOST CMD 38 13 2 0 10
[Q COMMAND] CMD 38 13 2 0 10
[Q ACK] sent=1

# HOST CMD 2 13 11 0 11
[Q COMMAND] CMD 2 13 11 0 11
[Q ACK] sent=1

# HOST CMD 31 13 59 0 11
[Q COMMAND] CMD 31 13 59 0 11
[Q ACK] sent=1

# HOST CMD 38 13 3 0 11
[Q COMMAND] CMD 38 13 3 0 11
[Q ACK] sent=1

# HOST CMD 2 13 12 0 12
[Q COMMAND] CMD 2 13 12 0 12
[Q ACK] sent=1

# HOST CMD 31 13 59 0 12
[Q COMMAND] CMD 31 13 59 0 12
[Q ACK] sent=1

# HOST CMD 38 13 0 0 12
[Q COMMAND] CMD 38 13 0 0 12
[Q ACK] sent=1

# HOST CMD 2 13 13 0 13
[Q COMMAND] CMD 2 13 13 0 13
[Q ACK] sent=1

# HOST CMD 31 13 59 0 13
[Q COMMAND] CMD 31 13 59 0 13
[Q ACK] sent=1

# HOST CMD 38 13 1 0 13
[Q COMMAND] CMD 38 13 1 0 13
[Q ACK] sent=1

# HOST CMD 2 13 14 0 14
[Q COMMAND] CMD 2 13 14 0 14
[Q ACK] sent=1

# HOST CMD 31 13 59 0 14
[Q COMMAND] CMD 31 13 59 0 14
[Q ACK] sent=1

# HOST CMD 38 13 2 0 14
[Q COMMAND] CMD 38 13 2 0 14
[Q ACK] sent=1

# HOST CMD 2 13 15 0 15
[Q COMMAND] CMD 2 13 15 0 15
[Q ACK] sent=1

# HOST CMD 31 13 59 0 15
[Q COMMAND] CMD 31 13 59 0 15
[Q ACK] sent=1

# HOST CMD 38 13 3 0 15
[Q COMMAND] CMD 38 13 3 0 15
[Q ACK] sent=1

# HOST CMD 10 14 0 0 0
[Q COMMAND] CMD 10 14 0 0 0
[Q ACK] sent=1

# HOST CMD 12 14 0 0 0
[Q COMMAND] CMD 12 14 0 0 0
[Q ACK] sent=1

# HOST CMD 47 14 0 0 0
[Q COMMAND] CMD 47 14 0 0 0
[Q ACK] sent=1

# HOST CMD 6 14 59 0 0
[Q COMMAND] CMD 6 14 59 0 0
[Q ACK] sent=1

# HOST CMD 55 14 4 0 0
[Q COMMAND] CMD 55 14 4 0 0
[Q ACK] sent=1

# HOST CMD 51 14 1 0 0
[Q COMMAND] CMD 51 14 1 0 0
[Q ACK] sent=1

# HOST CMD 2 14 0 0 0
[Q COMMAND] CMD 2 14 0 0 0
[Q ACK] sent=1

# HOST CMD 31 14 59 0 0
[Q COMMAND] CMD 31 14 59 0 0
[Q ACK] sent=1

# HOST CMD 38 14 0 0 0
[Q COMMAND] CMD 38 14 0 0 0
[Q ACK] sent=1

# HOST CMD 2 14 1 0 1
[Q COMMAND] CMD 2 14 1 0 1
[Q ACK] sent=1

# HOST CMD 31 14 59 0 1
[Q COMMAND] CMD 31 14 59 0 1
[Q ACK] sent=1

# HOST CMD 38 14 1 0 1
[Q COMMAND] CMD 38 14 1 0 1
[Q ACK] sent=1

# HOST CMD 2 14 2 0 2
[Q COMMAND] CMD 2 14 2 0 2
[Q ACK] sent=1

# HOST CMD 31 14 59 0 2
[Q COMMAND] CMD 31 14 59 0 2
[Q ACK] sent=1

# HOST CMD 38 14 2 0 2
[Q COMMAND] CMD 38 14 2 0 2
[Q ACK] sent=1

# HOST CMD 2 14 3 0 3
[Q COMMAND] CMD 2 14 3 0 3
[Q ACK] sent=1

# HOST CMD 31 14 59 0 3
[Q COMMAND] CMD 31 14 59 0 3
[Q ACK] sent=1

# HOST CMD 38 14 3 0 3
[Q COMMAND] CMD 38 14 3 0 3
[Q ACK] sent=1

# HOST CMD 2 14 4 0 4
[Q COMMAND] CMD 2 14 4 0 4
[Q ACK] sent=1

# HOST CMD 31 14 59 0 4
[Q COMMAND] CMD 31 14 59 0 4
[Q ACK] sent=1

# HOST CMD 38 14 0 0 4
[Q COMMAND] CMD 38 14 0 0 4
[Q ACK] sent=1

# HOST CMD 2 14 5 0 5
[Q COMMAND] CMD 2 14 5 0 5
[Q ACK] sent=1

# HOST CMD 31 14 59 0 5
[Q COMMAND] CMD 31 14 59 0 5
[Q ACK] sent=1

# HOST CMD 38 14 1 0 5
[Q COMMAND] CMD 38 14 1 0 5
[Q ACK] sent=1

# HOST CMD 2 14 6 0 6
[Q COMMAND] CMD 2 14 6 0 6
[Q ACK] sent=1

# HOST CMD 31 14 59 0 6
[Q COMMAND] CMD 31 14 59 0 6
[Q ACK] sent=1

# HOST CMD 38 14 2 0 6
[Q COMMAND] CMD 38 14 2 0 6
[Q ACK] sent=1

# HOST CMD 2 14 7 0 7
[Q COMMAND] CMD 2 14 7 0 7
[Q ACK] sent=1

# HOST CMD 31 14 59 0 7
[Q COMMAND] CMD 31 14 59 0 7
[Q ACK] sent=1

# HOST CMD 38 14 3 0 7
[Q COMMAND] CMD 38 14 3 0 7
[Q ACK] sent=1

# HOST CMD 2 14 8 0 8
[Q COMMAND] CMD 2 14 8 0 8
[Q ACK] sent=1

# HOST CMD 31 14 59 0 8
[Q COMMAND] CMD 31 14 59 0 8
[Q ACK] sent=1

# HOST CMD 38 14 0 0 8
[Q COMMAND] CMD 38 14 0 0 8
[Q ACK] sent=1

# HOST CMD 2 14 9 0 9
[Q COMMAND] CMD 2 14 9 0 9
[Q ACK] sent=1

# HOST CMD 31 14 59 0 9
[Q COMMAND] CMD 31 14 59 0 9
[Q ACK] sent=1

# HOST CMD 38 14 1 0 9
[Q COMMAND] CMD 38 14 1 0 9
[Q ACK] sent=1

# HOST CMD 2 14 10 0 10
[Q COMMAND] CMD 2 14 10 0 10
[Q ACK] sent=1

# HOST CMD 31 14 59 0 10
[Q COMMAND] CMD 31 14 59 0 10
[Q ACK] sent=1

# HOST CMD 38 14 2 0 10
[Q COMMAND] CMD 38 14 2 0 10
[Q ACK] sent=1

# HOST CMD 2 14 11 0 11
[Q COMMAND] CMD 2 14 11 0 11
[Q ACK] sent=1

# HOST CMD 31 14 59 0 11
[Q COMMAND] CMD 31 14 59 0 11
[Q ACK] sent=1

# HOST CMD 38 14 3 0 11
[Q COMMAND] CMD 38 14 3 0 11
[Q ACK] sent=1

# HOST CMD 2 14 12 0 12
[Q COMMAND] CMD 2 14 12 0 12
[Q ACK] sent=1

# HOST CMD 31 14 59 0 12
[Q COMMAND] CMD 31 14 59 0 12
[Q ACK] sent=1

# HOST CMD 38 14 0 0 12
[Q COMMAND] CMD 38 14 0 0 12
[Q ACK] sent=1

# HOST CMD 2 14 13 0 13
[Q COMMAND] CMD 2 14 13 0 13
[Q ACK] sent=1

# HOST CMD 31 14 59 0 13
[Q COMMAND] CMD 31 14 59 0 13
[Q ACK] sent=1

# HOST CMD 38 14 1 0 13
[Q COMMAND] CMD 38 14 1 0 13
[Q ACK] sent=1

# HOST CMD 2 14 14 0 14
[Q COMMAND] CMD 2 14 14 0 14
[Q ACK] sent=1

# HOST CMD 31 14 59 0 14
[Q COMMAND] CMD 31 14 59 0 14
[Q ACK] sent=1

# HOST CMD 38 14 2 0 14
[Q COMMAND] CMD 38 14 2 0 14
[Q ACK] sent=1

# HOST CMD 2 14 15 0 15
[Q COMMAND] CMD 2 14 15 0 15
[Q ACK] sent=1

# HOST CMD 31 14 59 0 15
[Q COMMAND] CMD 31 14 59 0 15
[Q ACK] sent=1

# HOST CMD 38 14 3 0 15
[Q COMMAND] CMD 38 14 3 0 15
[Q ACK] sent=1

# HOST CMD 10 15 0 0 0
[Q COMMAND] CMD 10 15 0 0 0
[Q ACK] sent=1

# HOST CMD 12 15 0 0 0
[Q COMMAND] CMD 12 15 0 0 0
[Q ACK] sent=1

# HOST CMD 47 15 0 0 0
[Q COMMAND] CMD 47 15 0 0 0
[Q ACK] sent=1

# HOST CMD 6 15 59 0 0
[Q COMMAND] CMD 6 15 59 0 0
[Q ACK] sent=1

# HOST CMD 55 15 4 0 0
[Q COMMAND] CMD 55 15 4 0 0
[Q ACK] sent=1

# HOST CMD 51 15 1 0 0
[Q COMMAND] CMD 51 15 1 0 0
[Q ACK] sent=1

# HOST CMD 2 15 0 0 0
[Q COMMAND] CMD 2 15 0 0 0
[Q ACK] sent=1

# HOST CMD 31 15 59 0 0
[Q COMMAND] CMD 31 15 59 0 0
[Q ACK] sent=1

# HOST CMD 38 15 0 0 0
[Q COMMAND] CMD 38 15 0 0 0
[Q ACK] sent=1

# HOST CMD 2 15 1 0 1
[Q COMMAND] CMD 2 15 1 0 1
[Q ACK] sent=1

# HOST CMD 31 15 59 0 1
[Q COMMAND] CMD 31 15 59 0 1
[Q ACK] sent=1

# HOST CMD 38 15 1 0 1
[Q COMMAND] CMD 38 15 1 0 1
[Q ACK] sent=1

# HOST CMD 2 15 2 0 2
[Q COMMAND] CMD 2 15 2 0 2
[Q ACK] sent=1

# HOST CMD 31 15 59 0 2
[Q COMMAND] CMD 31 15 59 0 2
[Q ACK] sent=1

# HOST CMD 38 15 2 0 2
[Q COMMAND] CMD 38 15 2 0 2
[Q ACK] sent=1

# HOST CMD 2 15 3 0 3
[Q COMMAND] CMD 2 15 3 0 3
[Q ACK] sent=1

# HOST CMD 31 15 59 0 3
[Q COMMAND] CMD 31 15 59 0 3
[Q ACK] sent=1

# HOST CMD 38 15 3 0 3
[Q COMMAND] CMD 38 15 3 0 3
[Q ACK] sent=1

# HOST CMD 2 15 4 0 4
[Q COMMAND] CMD 2 15 4 0 4
[Q ACK] sent=1

# HOST CMD 31 15 59 0 4
[Q COMMAND] CMD 31 15 59 0 4
[Q ACK] sent=1

# HOST CMD 38 15 0 0 4
[Q COMMAND] CMD 38 15 0 0 4
[Q ACK] sent=1

# HOST CMD 2 15 5 0 5
[Q COMMAND] CMD 2 15 5 0 5
[Q ACK] sent=1

# HOST CMD 31 15 59 0 5
[Q COMMAND] CMD 31 15 59 0 5
[Q ACK] sent=1

# HOST CMD 38 15 1 0 5
[Q COMMAND] CMD 38 15 1 0 5
[Q ACK] sent=1

# HOST CMD 2 15 6 0 6
[Q COMMAND] CMD 2 15 6 0 6
[Q ACK] sent=1

# HOST CMD 31 15 59 0 6
[Q COMMAND] CMD 31 15 59 0 6
[Q ACK] sent=1

# HOST CMD 38 15 2 0 6
[Q COMMAND] CMD 38 15 2 0 6
[Q ACK] sent=1

# HOST CMD 2 15 7 0 7
[Q COMMAND] CMD 2 15 7 0 7
[Q ACK] sent=1

# HOST CMD 31 15 59 0 7
[Q COMMAND] CMD 31 15 59 0 7
[Q ACK] sent=1

# HOST CMD 38 15 3 0 7
[Q COMMAND] CMD 38 15 3 0 7
[Q ACK] sent=1

# HOST CMD 2 15 8 0 8
[Q COMMAND] CMD 2 15 8 0 8
[Q ACK] sent=1

# HOST CMD 31 15 59 0 8
[Q COMMAND] CMD 31 15 59 0 8
[Q ACK] sent=1

# HOST CMD 38 15 0 0 8
[Q COMMAND] CMD 38 15 0 0 8
[Q ACK] sent=1

# HOST CMD 2 15 9 0 9
[Q COMMAND] CMD 2 15 9 0 9
[Q ACK] sent=1

# HOST CMD 31 15 59 0 9
[Q COMMAND] CMD 31 15 59 0 9
[Q ACK] sent=1

# HOST CMD 38 15 1 0 9
[Q COMMAND] CMD 38 15 1 0 9
[Q ACK] sent=1

# HOST CMD 2 15 10 0 10
[Q COMMAND] CMD 2 15 10 0 10
[Q ACK] sent=1

# HOST CMD 31 15 59 0 10
[Q COMMAND] CMD 31 15 59 0 10
[Q ACK] sent=1

# HOST CMD 38 15 2 0 10
[Q COMMAND] CMD 38 15 2 0 10
[Q ACK] sent=1

# HOST CMD 2 15 11 0 11
[Q COMMAND] CMD 2 15 11 0 11
[Q ACK] sent=1

# HOST CMD 31 15 59 0 11
[Q COMMAND] CMD 31 15 59 0 11
[Q ACK] sent=1

# HOST CMD 38 15 3 0 11
[Q COMMAND] CMD 38 15 3 0 11
[Q ACK] sent=1

# HOST CMD 2 15 12 0 12
[Q COMMAND] CMD 2 15 12 0 12
[Q ACK] sent=1

# HOST CMD 31 15 59 0 12
[Q COMMAND] CMD 31 15 59 0 12
[Q ACK] sent=1

# HOST CMD 38 15 0 0 12
[Q COMMAND] CMD 38 15 0 0 12
[Q ACK] sent=1

# HOST CMD 2 15 13 0 13
[Q COMMAND] CMD 2 15 13 0 13
[Q ACK] sent=1

# HOST CMD 31 15 59 0 13
[Q COMMAND] CMD 31 15 59 0 13
[Q ACK] sent=1

# HOST CMD 38 15 1 0 13
[Q COMMAND] CMD 38 15 1 0 13
[Q ACK] sent=1

# HOST CMD 2 15 14 0 14
[Q COMMAND] CMD 2 15 14 0 14
[Q ACK] sent=1

# HOST CMD 31 15 59 0 14
[Q COMMAND] CMD 31 15 59 0 14
[Q ACK] sent=1

# HOST CMD 38 15 2 0 14
[Q COMMAND] CMD 38 15 2 0 14
[Q ACK] sent=1

# HOST CMD 2 15 15 0 15
[Q COMMAND] CMD 2 15 15 0 15
[Q ACK] sent=1

# HOST CMD 31 15 59 0 15
[Q COMMAND] CMD 31 15 59 0 15
[Q ACK] sent=1

# HOST CMD 38 15 3 0 15
[Q COMMAND] CMD 38 15 3 0 15
[Q ACK] sent=1

# HOST MEASURE 1
[Q COMMAND] MEASURE 1

# HOST CMD 0 0 1 0 0
[Q COMMAND] CMD 0 0 1 0 0
[Q ACK] sent=1

# HOST CMD 75 0 8 0 0
[Q COMMAND] CMD 75 0 8 0 0
[Q ACK] sent=1

# HOST LOAD 1 3
[Q COMMAND] LOAD 1 3
[Q ACK] load=1
[M6 read] bytes=352800 read_us=3483434 bytes_per_second=101279 original_channels=1 rate=44100 total_psram=33554432
[M6 load] track=1 file_bytes=352844 pcm_bytes=352800 load_publish_us=5475535 payload=5653488 transient=352800 peak_payload=6006415 ps_free=24986092 largest=24117236 internal=174640 display=2304000 fx_delay=352800 reserve=4194304
[M6.1 replacement] retired_clear=1 ps_delta=0 status=READY
[M213 address] track=1 pcm=0x4882be80 base=0x4882be3c bytes=352927 owner_usable_bytes=360436 frames=176400 mod64=0 mod128=0 mod256=128 mod4096=3712 mod131072=48768 external=1 requested_caps=1028 free=24986092 largest=24117236

# HOST CMD 77 0 0 0 0
[Q COMMAND] CMD 77 0 0 0 0
[Q ACK] sent=1

# HOST CMD 0 0 0 0 0
[Q COMMAND] CMD 0 0 0 0 0
[Q ACK] sent=1
[Q COMMAND] 
[Q ACK] invalid=1

# HOST STATE
[Q COMMAND] STATE
[Q STATE] bpm=240 swing=50 playing=0 mode=0 chain_length=0 chain_loop=0 project_busy=0 restoring=0 sample_busy=0 project_status=PROJECT READY sample_status=SAMPLE READY
[Q TRACK] track=0 source=1 pitch=59 synth_pitch=36 sample_pitch=59 mute=0 solo=0 start=0 end=65535 reverse=0 mode=0 choke=0 cutoff=0 resonance=0 send=127 slices=4 enabled=1 selected=0 frames=176400 waveform=0720701a name=m19p_mixed.wav
[Q SLICE] track=0 index=0 start=0 end=16383
[Q SLICE] track=0 index=1 start=16383 end=32767
[Q SLICE] track=0 index=2 start=32767 end=49151
[Q SLICE] track=0 index=3 start=49151 end=65535
[Q TRACK] track=1 source=1 pitch=59 synth_pitch=39 sample_pitch=59 mute=0 solo=0 start=0 end=65535 reverse=0 mode=0 choke=0 cutoff=0 resonance=0 send=127 slices=4 enabled=1 selected=0 frames=176400 waveform=0720701a name=m19p_mixed.wav
[Q SLICE] track=1 index=0 start=0 end=16383
[Q SLICE] track=1 index=1 start=16383 end=32767
[Q SLICE] track=1 index=2 start=32767 end=49151
[Q SLICE] track=1 index=3 start=49151 end=65535
[Q TRACK] track=2 source=1 pitch=59 synth_pitch=42 sample_pitch=59 mute=0 solo=0 start=0 end=65535 reverse=0 mode=0 choke=0 cutoff=0 resonance=0 send=127 slices=4 enabled=1 selected=0 frames=176400 waveform=0720701a name=m19p_mixed.wav
[Q SLICE] track=2 index=0 start=0 end=16383
[Q SLICE] track=2 index=1 start=16383 end=32767
[Q SLICE] track=2 index=2 start=32767 end=49151
[Q SLICE] track=2 index=3 start=49151 end=65535
[Q TRACK] track=3 source=1 pitch=59 synth_pitch=45 sample_pitch=59 mute=0 solo=0 start=0 end=65535 reverse=0 mode=0 choke=0 cutoff=0 resonance=0 send=127 slices=4 enabled=1 selected=0 frames=176400 waveform=0720701a name=m19p_mixed.wav
[Q SLICE] track=3 index=0 start=0 end=16383
[Q SLICE] track=3 index=1 start=16383 end=32767
[Q SLICE] track=3 index=2 start=32767 end=49151
[Q SLICE] track=3 index=3 start=49151 end=65535
[Q PATTERN] index=0 length=16 masks=ffff,ffff,ffff
[Q LOCK] pattern=0 step=0 mask=129 slice=0
[Q LOCK] pattern=0 step=1 mask=129 slice=1
[Q LOCK] pattern=0 step=2 mask=129 slice=2
[Q LOCK] pattern=0 step=3 mask=129 slice=3
[Q PATTERN] index=1 length=16 masks=0000,0000,0000
[Q LOCK] pattern=1 step=0 mask=0 slice=0
[Q LOCK] pattern=1 step=1 mask=0 slice=0
[Q LOCK] pattern=1 step=2 mask=0 slice=0
[Q LOCK] pattern=1 step=3 mask=0 slice=0
[Q PATTERN] index=2 length=16 masks=0000,0000,0000
[Q LOCK] pattern=2 step=0 mask=0 slice=0
[Q LOCK] pattern=2 step=1 mask=0 slice=0
[Q LOCK] pattern=2 step=2 mask=0 slice=0
[Q LOCK] pattern=2 step=3 mask=0 slice=0
[Q PATTERN] index=3 length=16 masks=0000,0000,0000
[Q LOCK] pattern=3 step=0 mask=0 slice=0
[Q LOCK] pattern=3 step=1 mask=0 slice=0
[Q LOCK] pattern=3 step=2 mask=0 slice=0
[Q LOCK] pattern=3 step=3 mask=0 slice=0
[Q TRANSIENT] state=0 request=0 progress=0 count=1 stale_discarded=0 apply=0 cancel=0 duration_max_us=0 chunk_max_us=0
[Q PROPOSAL] index=0 start=0 end=65535
[Q HEAP] tag=state internal=174640 free=24986092 largest=24117236
[Q PLAYBACK] triggers=19424 reverse=0 gate=0 releases=0 chokes=0 retriggers=19407 repeat_accepts=1 repeat_hits=18544 chain_loops=0

# HOST MEASURE 0
[Q COMMAND] MEASURE 0

# HOST METRICS
[Q COMMAND] METRICS
[Q METRICS] blocks=2384 stored=2384 p99=3661 max=3718 misses=0 failures=0 timeouts=0 nonzero=1177342 overlap=0 overlap_max=0 active_max=16

# HOST STORE 8
[Q COMMAND] STORE 8
[M213 address] track=0 pcm=0x482abe00 base=0x482abdfc bytes=352863 owner_usable_bytes=360436 frames=176400 mod64=0 mod128=0 mod256=0 mod4096=3584 mod131072=48640 external=1 requested_caps=1028 free=24986092 largest=24117236
[M213 address] track=1 pcm=0x4882be80 base=0x4882be3c bytes=352927 owner_usable_bytes=360436 frames=176400 mod64=0 mod128=0 mod256=128 mod4096=3712 mod131072=48768 external=1 requested_caps=1028 free=24986092 largest=24117236
[M213 address] track=2 pcm=0x4835bec0 base=0x4835be04 bytes=352991 owner_usable_bytes=360436 frames=176400 mod64=0 mod128=64 mod256=192 mod4096=3776 mod131072=114368 external=1 requested_caps=1028 free=24986092 largest=24117236
[M213 address] track=3 pcm=0x483b3f00 base=0x483b3e08 bytes=353055 owner_usable_bytes=360436 frames=176400 mod64=0 mod128=0 mod256=0 mod4096=3840 mod131072=81664 external=1 requested_caps=1028 free=24986092 largest=24117236
[M213 address] track=4 pcm=0x4840bf40 base=0x4840be0c bytes=353119 owner_usable_bytes=360436 frames=176400 mod64=0 mod128=64 mod256=64 mod4096=3904 mod131072=48960 external=1 requested_caps=1028 free=24986092 largest=24117236
[M213 address] track=5 pcm=0x48463f80 base=0x48463e10 bytes=353183 owner_usable_bytes=360436 frames=176400 mod64=0 mod128=0 mod256=128 mod4096=3968 mod131072=16256 external=1 requested_caps=1028 free=24986092 largest=24117236
[M213 address] track=6 pcm=0x484bbfc0 base=0x484bbe14 bytes=353247 owner_usable_bytes=360436 frames=176400 mod64=0 mod128=64 mod256=192 mod4096=4032 mod131072=114624 external=1 requested_caps=1028 free=24986092 largest=24117236
[M213 address] track=7 pcm=0x48514000 base=0x48513e18 bytes=353311 owner_usable_bytes=360436 frames=176400 mod64=0 mod128=0 mod256=0 mod4096=0 mod131072=81920 external=1 requested_caps=1028 free=24986092 largest=24117236
[M213 address] track=8 pcm=0x4856c040 base=0x4856be1c bytes=353375 owner_usable_bytes=360436 frames=176400 mod64=0 mod128=64 mod256=64 mod4096=64 mod131072=49216 external=1 requested_caps=1028 free=24986092 largest=24117236
[M213 address] track=9 pcm=0x485c4080 base=0x485c3e20 bytes=353439 owner_usable_bytes=360436 frames=176400 mod64=0 mod128=0 mod256=128 mod4096=128 mod131072=16512 external=1 requested_caps=1028 free=24986092 largest=24117236
[M213 address] track=10 pcm=0x4861c0c0 base=0x4861be24 bytes=353503 owner_usable_bytes=360436 frames=176400 mod64=0 mod128=64 mod256=192 mod4096=192 mod131072=114880 external=1 requested_caps=1028 free=24986092 largest=24117236
[M213 address] track=11 pcm=0x48674100 base=0x48673e28 bytes=353567 owner_usable_bytes=360436 frames=176400 mod64=0 mod128=0 mod256=0 mod4096=256 mod131072=82176 external=1 requested_caps=1028 free=24986092 largest=24117236
[M213 address] track=12 pcm=0x486cc140 base=0x486cbe2c bytes=353631 owner_usable_bytes=360436 frames=176400 mod64=0 mod128=64 mod256=64 mod4096=320 mod131072=49472 external=1 requested_caps=1028 free=24986092 largest=24117236
[M213 address] track=13 pcm=0x48724180 base=0x48723e30 bytes=353695 owner_usable_bytes=360436 frames=176400 mod64=0 mod128=0 mod256=128 mod4096=384 mod131072=16768 external=1 requested_caps=1028 free=24986092 largest=24117236
[M213 address] track=14 pcm=0x4877c1c0 base=0x4877be34 bytes=353759 owner_usable_bytes=360436 frames=176400 mod64=0 mod128=64 mod256=192 mod4096=448 mod131072=115136 external=1 requested_caps=1028 free=24986092 largest=24117236
[M213 address] track=15 pcm=0x487d4200 base=0x487d3e38 bytes=353823 owner_usable_bytes=360436 frames=176400 mod64=0 mod128=0 mod256=0 mod4096=512 mod131072=82432 external=1 requested_caps=1028 free=24986092 largest=24117236
[M213 locality] tag=1 order=0 eviction=0 repeats=32 reads=131072 us=4441 max=204 checksum=14336000 sweep=0 concurrent_audio=1 cold_proven=0
[M213 locality] tag=1 order=1 eviction=0 repeats=32 reads=131072 us=2340 max=80 checksum=14336000 sweep=0 concurrent_audio=1 cold_proven=0
[M213 locality] tag=1 order=2 eviction=0 repeats=32 reads=131072 us=6985 max=1999 checksum=14336000 sweep=0 concurrent_audio=1 cold_proven=0
[M213 locality] tag=1 order=0 eviction=1 repeats=32 reads=131072 us=8442 max=2324 checksum=14336000 sweep=524288 concurrent_audio=1 cold_proven=0
[M213 locality] tag=1 order=1 eviction=1 repeats=32 reads=131072 us=6456 max=2134 checksum=14336000 sweep=1048576 concurrent_audio=1 cold_proven=0
[M213 locality] tag=1 order=2 eviction=1 repeats=32 reads=131072 us=13479 max=2271 checksum=14336000 sweep=1572864 concurrent_audio=1 cold_proven=0
[M213 locality complete] tag=1
[M213 physical] tag=1 complete=1
[Q HEAP] tag=store_done internal=174640 free=24986092 largest=24117236 payload=5653488
[Q STORE DONE] op=8

# HOST M213 dense physical x8 Repeat COMPLETE
