ESP-ROM:esp32p4-eco2-20240710
Build:Jul 10 2024
rst:0x17 (CHIP_USB_UART_RESET),boot:0x30c (SPI_FAST_FLASH_BOOT)
Core0 Saved PC:0x4ff02cca
Core1 Saved PC:0x4ff02cca
SPI mode:DIO, clock div:1
load:0x4ff33ce0,len:0x11dc
load:0x4ff29ed0,len:0xccc
load:0x4ff2cbd0,len:0x3568
entry 0x4ff29ed0
[M41 SELECT] send L for 60-second NativeDirty run, otherwise short reference/alternatives/transitions; selection window 5 seconds
[MEM] M41 before display PSRAM total=33554432 free=33551856 largest=33030132 internal_free=521728
[M41] display_begin=ESP_OK pipeline=FullPpa fence=2 CPU_MHz=360 init_core=0 native_fbs=3 logical_fbs=1
[MEM] M41 after display PSRAM total=33554432 free=30478584 largest=30408692 internal_free=519924
[M41] touch=ESP_OK address=0x5d id=911
[MEM] M41 after touch PSRAM total=33554432 free=30477316 largest=30408692 internal_free=519720
PSRAM PRE DELAY: 30477316
PSRAM POST DELAY: 30116860
[MEM] M41 after Delay PSRAM total=33554432 free=30116860 largest=29884404 internal_free=519720
[AUDIO] I2C init OK
[AUDIO] ES8311 found at 0x18
[AUDIO] ES8311 playback configured (capture serial port disabled)
[AUDIO] PA GPIO11 enabled
[M41] audio_begin=ESP_OK shared_bus_unchanged=1 voices=16 Delay=88200 rate=44100 frames=256
[MEM] M41 tasks transport and capture storage live PSRAM total=33554432 free=30080968 largest=29884404 internal_free=514124
[M41 READY] SHORT 17 windows: four pipelines plus five transitions audio starts after this message; no serial output until stopped
[MEM] M41 after stress before audio shutdown PSRAM total=33554432 free=30080968 largest=29884404 internal_free=505556
[M41] phase=0 name=PPA_STATIC audio_core=0 audio_priority=24 ui_core=0 ui_priority=2 touch_core=1 touch_priority=3 window_s=2.984898
[M41] blocks=517 active_min=16 active_max=16 render_misses=0 write_errors=0 timeouts=0 nonzero=132278 silent=0 rails=0 peak_L=4725 peak_R=6074
[M41] raw phase=0 block=0 us=3913,3127,3092,3147,3144,3160,3155,3152,3152,3143,3153,3158,3148,3167,3145,3155
[M41] raw phase=0 block=16 us=3149,3145,3154,3149,3161,3145,3145,3146,3145,3160,3144,3155,3145,3146,3163,3146
[M41] raw phase=0 block=32 us=3159,3154,3152,3148,3154,3158,3145,3159,3144,3151,3157,3146,3162,3147,3158,3148
[M41] raw phase=0 block=48 us=3146,3160,3153,3166,3146,3153,3150,3149,3169,3158,3165,3157,3159,3169,3144,3158
[M41] raw phase=0 block=64 us=3146,3145,3152,3155,3155,3147,3164,3147,3146,3162,3151,3160,3152,3150,3153,3150
[M41] raw phase=0 block=80 us=3157,3153,3170,3150,3153,3149,3150,3171,3148,3165,3158,3157,3172,3163,3170,3149
[M41] raw phase=0 block=96 us=3153,3153,3151,3158,3155,3157,3158,3148,3160,3148,3159,3162,3152,3154,3167,3158
[M41] raw phase=0 block=112 us=3148,3165,3155,3150,3146,3149,3178,3152,3161,3153,3155,3169,3167,3157,3146,3152
[M41] raw phase=0 block=128 us=3153,3147,3164,3144,3156,3158,3151,3149,3147,3158,3154,3149,3151,3150,3169,3158
[M41] raw phase=0 block=144 us=3163,3151,3151,3154,3158,3161,3155,3162,3147,3157,3168,3157,3158,3152,3150,3156
[M41] raw phase=0 block=160 us=3147,3160,3147,3168,3163,3148,3148,3154,3159,3155,3158,3151,3154,3159,3161,3159
[M41] raw phase=0 block=176 us=3148,3148,3149,3156,3154,3154,3163,3151,3163,3162,3153,3167,3150,3155,3151,3144
[M41] raw phase=0 block=192 us=3158,3145,3155,3145,3148,3146,3150,3157,3156,3163,3146,3154,3165,3157,3170,3156
[M41] raw phase=0 block=208 us=3147,3149,3158,3159,3149,3156,3150,3155,3157,3153,3167,3158,3157,3155,3146,3158
[M41] raw phase=0 block=224 us=3151,3166,3148,3162,3154,3147,3159,3149,3158,3148,3153,3159,3151,3164,3160,3147
[M41] raw phase=0 block=240 us=3147,3161,3164,3147,3160,3148,3159,3165,3150,3164,3155,3165,3152,3152,3159,3145
[M41] raw phase=0 block=256 us=3165,3144,3153,3145,3148,3169,3148,3158,3152,3148,3167,3150,3163,3155,3157,3149
[M41] raw phase=0 block=272 us=3152,3162,3148,3158,3149,3151,3165,3152,3155,3160,3161,3158,3154,3166,3147,3163
[M41] raw phase=0 block=288 us=3148,3145,3145,3153,3166,3149,3158,3153,3153,3164,3158,3163,3149,3159,3162,3151
[M41] raw phase=0 block=304 us=3164,3149,3162,3156,3151,3162,3155,3161,3151,3153,3159,3163,3162,3156,3174,3146
[M41] raw phase=0 block=320 us=3145,3151,3148,3168,3151,3157,3150,3146,3164,3145,3160,3152,3158,3158,3159,3164
[M41] raw phase=0 block=336 us=3147,3159,3161,3147,3161,3153,3161,3153,3144,3146,3149,3165,3155,3153,3140,3143
[M41] raw phase=0 block=352 us=3150,3141,3156,3148,3157,3144,3149,3160,3140,3158,3142,3141,3147,3141,3155,3143
[M41] raw phase=0 block=368 us=3154,3150,3144,3143,3149,3160,3153,3149,3143,3147,3169,3168,3161,3141,3141,3142
[M41] raw phase=0 block=384 us=3147,3150,3143,3153,3143,3162,3157,3148,3164,3147,3155,3157,3149,3158,3152,3160
[M41] raw phase=0 block=400 us=3145,3149,3154,3156,3164,3154,3156,3145,3149,3163,3153,3158,3154,3148,3148,3164
[M41] raw phase=0 block=416 us=3158,3145,3163,3147,3156,3159,3146,3159,3148,3157,3155,3151,3161,3155,3158,3148
[M41] raw phase=0 block=432 us=3155,3153,3156,3173,3156,3163,3148,3149,3161,3154,3161,3152,3149,3146,3165,3161
[M41] raw phase=0 block=448 us=3147,3163,3146,3156,3163,3160,3165,3160,3153,3147,3149,3158,3148,3164,3151,3154
[M41] raw phase=0 block=464 us=3148,3149,3177,3160,3165,3159,3147,3155,3152,3156,3145,3154,3149,3147,3160,3150
[M41] raw phase=0 block=480 us=3161,3147,3154,3165,3155,3165,3156,3161,3148,3156,3159,3154,3170,3151,3150,3149
[M41] raw phase=0 block=496 us=3150,3170,3159,3172,3156,3155,3166,3155,3159,3146,3154,3153,3150,3164,3150,3162
[M41] raw phase=0 block=512 us=3154,3152,3160,3149,3162
[M41] render min=3092 avg=3155.80 p50=3154 p95=3167 p99=3172 max=3913 headroom_worst_us=1891.989
[M41] UI requested_fps=0 frames=0 achieved_fps=0.000 skipped=0 errors=0 pages=0 submitted=0 refresh_hz=60.304 core_observed=0 audio_core_observed=0
[M41] part=repair avg=0.00 max=0
[M41] part=draw avg=0.00 max=0
[M41] part=ppa avg=0.00 max=0
[M41] part=cache avg=0.00 max=0
[M41] part=submit avg=0.00 max=0
[M41] part=wait avg=0.00 max=0
[M41] part=present avg=0.00 max=0
[M41] part=total avg=0.00 max=0
[M41] part=dirty_bytes avg=0.00 max=0
[M41] part=repair_bytes avg=0.00 max=0
[M41] part=cache_span_bytes avg=0.00 max=0
[M41] touch polls=299 hz=100.171 errors=0 presses=0 releases=0 drags=0 activity_blocks=0 activity_misses=0
[M41] memory ps_before=30080968 ps_after=30080968 largest_before=29884404 largest_after=29884404 internal_before=505556 internal_after=505556
[M41] phase=1 name=PPA_LIGHT audio_core=0 audio_priority=24 ui_core=0 ui_priority=2 touch_core=1 touch_priority=3 window_s=3.001109
[M41] blocks=517 active_min=16 active_max=16 render_misses=0 write_errors=0 timeouts=0 nonzero=132288 silent=0 rails=0 peak_L=4757 peak_R=6035
[M41] raw phase=1 block=0 us=3117,3913,3804,3872,3961,3845,3933,3877,3687,3865,3914,3846,3870,3234,3167,3185
[M41] raw phase=1 block=16 us=3173,3154,3164,3151,3154,3820,3196,3171,3188,3167,3168,3154,3166,3161,3911,3195
[M41] raw phase=1 block=32 us=3196,3157,3152,3160,3152,3167,3673,3279,3169,3188,3176,3161,3170,3161,3174,3906
[M41] raw phase=1 block=48 us=3190,3210,3161,3153,3165,3154,3164,3250,3721,3179,3187,3156,3154,3164,3168,3164
[M41] raw phase=1 block=64 us=3848,3175,3208,3161,3164,3163,3155,3152,3160,3871,3183,3198,3153,3161,3168,3151
[M41] raw phase=1 block=80 us=3174,3819,3187,3201,3154,3166,3162,3164,3159,3160,3892,3190,3196,3161,3158,3154
[M41] raw phase=1 block=96 us=3155,3171,3821,3211,3196,3155,3154,3166,3162,3151,3173,3872,3194,3202,3159,3160
[M41] raw phase=1 block=112 us=3152,3161,3162,3794,3211,3174,3196,3153,3163,3152,3157,3169,3878,3202,3195,3155
[M41] raw phase=1 block=128 us=3166,3159,3171,3153,3554,3384,3179,3211,3156,3180,3157,3161,3173,3874,3223,3194
[M41] raw phase=1 block=144 us=3162,3154,3158,3164,3157,3216,3741,3184,3186,3159,3167,3157,3163,3165,3852,3207
[M41] raw phase=1 block=160 us=3205,3163,3156,3161,3151,3161,3162,3847,3205,3189,3167,3164,3149,3165,3161,3826
[M41] raw phase=1 block=176 us=3177,3195,3160,3148,3170,3151,3149,3162,3869,3210,3183,3159,3150,3146,3165,3147
[M41] raw phase=1 block=192 us=3876,3184,3192,3148,3149,3164,3150,3160,3155,3863,3200,3191,3163,3154,3158,3148
[M41] raw phase=1 block=208 us=3148,3796,3178,3175,3179,3148,3156,3149,3166,3158,3867,3192,3192,3176,3152,3164
[M41] raw phase=1 block=224 us=3153,3152,3488,3436,3178,3201,3177,3179,3158,3172,3161,3882,3190,3205,3154,3151
[M41] raw phase=1 block=240 us=3169,3153,3174,3185,3762,3178,3189,3180,3154,3167,3151,3162,3874,3175,3212,3153
[M41] raw phase=1 block=256 us=3152,3168,3158,3163,3150,3921,3190,3191,3164,3156,3164,3162,3160,3848,3184,3206
[M41] raw phase=1 block=272 us=3158,3163,3162,3152,3154,3161,3902,3191,3200,3159,3152,3169,3153,3169,3811,3187
[M41] raw phase=1 block=288 us=3175,3186,3171,3162,3163,3162,3165,3902,3193,3206,3164,3153,3153,3156,3164,3762
[M41] raw phase=1 block=304 us=3270,3165,3186,3159,3172,3170,3166,3173,3873,3201,3217,3153,3164,3151,3155,3155
[M41] raw phase=1 block=320 us=3397,3559,3179,3208,3159,3167,3163,3160,3178,3863,3210,3193,3156,3168,3168,3168
[M41] raw phase=1 block=336 us=3154,3161,3888,3197,3194,3157,3166,3151,3164,3178,3821,3214,3194,3159,3154,3158
[M41] raw phase=1 block=352 us=3163,3157,3175,3857,3187,3189,3163,3169,3154,3165,3154,3860,3230,3206,3167,3154
[M41] raw phase=1 block=368 us=3161,3159,3162,3173,3868,3211,3186,3166,3172,3158,3167,3153,3787,3195,3181,3198
[M41] raw phase=1 block=384 us=3157,3180,3157,3153,3161,3875,3224,3193,3171,3160,3151,3168,3151,3709,3288,3160
[M41] raw phase=1 block=400 us=3187,3154,3177,3158,3169,3166,3895,3205,3198,3165,3154,3162,3154,3153,3273,3667
[M41] raw phase=1 block=416 us=3198,3189,3153,3154,3155,3172,3167,3894,3193,3198,3176,3153,3170,3152,3153,3158
[M41] raw phase=1 block=432 us=3831,3210,3192,3168,3154,3156,3168,3165,3893,3191,3213,3155,3152,3172,3154,3176
[M41] raw phase=1 block=448 us=3157,3839,3184,3187,3174,3157,3167,3160,3151,3883,3183,3213,3155,3154,3172,3153
[M41] raw phase=1 block=464 us=3161,3161,3899,3190,3186,3165,3155,3165,3169,3158,3798,3184,3175,3186,3166,3161
[M41] raw phase=1 block=480 us=3152,3154,3166,3927,3187,3204,3159,3158,3168,3154,3168,3596,3320,3175,3189,3170
[M41] raw phase=1 block=496 us=3165,3164,3167,3161,3917,3192,3209,3167,3160,3163,3158,3167,3229,3746,3199,3190
[M41] raw phase=1 block=512 us=3154,3160,3162,3158,3172
[M41] render min=3117 avg=3262.18 p50=3168 p95=3873 p99=3914 max=3961 headroom_worst_us=1843.989
[M41] UI requested_fps=30 frames=59 achieved_fps=19.659 skipped=31 errors=0 pages=1 submitted=60 refresh_hz=60.644 core_observed=0 audio_core_observed=0
[M41] part=repair avg=15.37 max=22
[M41] part=draw avg=3552.78 max=66008
[M41] part=ppa avg=16585.77 max=21152
[M41] part=cache avg=0.00 max=0
[M41] part=submit avg=30.55 max=38
[M41] part=wait avg=30440.52 max=34766
[M41] part=present avg=47131.12 max=50717
[M41] part=total avg=50708.43 max=116710
[M41] part=dirty_bytes avg=768000.00 max=768000
[M41] part=repair_bytes avg=0.00 max=0
[M41] part=cache_span_bytes avg=0.00 max=0
[M41] touch polls=300 hz=99.963 errors=0 presses=0 releases=0 drags=0 activity_blocks=0 activity_misses=0
[M41] memory ps_before=30080968 ps_after=30080968 largest_before=29884404 largest_after=29884404 internal_before=505556 internal_after=505556
[M41] phase=2 name=PPA_HEAVY audio_core=0 audio_priority=24 ui_core=0 ui_priority=2 touch_core=1 touch_priority=3 window_s=3.001058
[M41] blocks=517 active_min=16 active_max=16 render_misses=0 write_errors=0 timeouts=0 nonzero=132287 silent=0 rails=0 peak_L=4757 peak_R=6035
[M41] raw phase=2 block=0 us=3807,3131,3145,3130,3158,3154,3150,3152,3148,4002,3840,3951,3858,3859,3947,3874
[M41] raw phase=2 block=16 us=3734,3851,3905,3825,3909,3915,3874,3898,3870,3880,3896,3915,3896,3870,3898,3877
[M41] raw phase=2 block=32 us=3877,3803,3178,3199,3156,3155,3150,3157,4007,3843,3923,3856,3901,3904,3887,3933
[M41] raw phase=2 block=48 us=3866,3873,3864,3901,3934,3613,3186,3189,3164,3165,3164,3172,3982,3896,3891,3851
[M41] raw phase=2 block=64 us=3928,3885,3904,3851,3883,3883,3899,3930,3874,3604,3179,3193,3169,3153,3166,3159
[M41] raw phase=2 block=80 us=3984,3821,3915,3911,3848,3917,3865,3879,3924,3877,3931,3900,3925,3613,3181,3199
[M41] raw phase=2 block=96 us=3163,3168,3156,3164,3980,3835,3927,3880,3915,3884,3872,3921,3923,3930,3883,3927
[M41] raw phase=2 block=112 us=3849,3658,3194,3189,3174,3155,3156,3158,3971,3889,3900,3914,3850,3892,3926,3854
[M41] raw phase=2 block=128 us=3936,3868,3877,3924,3866,3596,3180,3210,3164,3157,3157,3167,4011,3873,3922,3854
[M41] raw phase=2 block=144 us=3863,3945,3833,3946,3864,3869,3905,3896,3928,3488,3205,3204,3165,3168,3154,3177
[M41] raw phase=2 block=160 us=3973,3855,3899,3906,3897,3903,3908,3881,3892,3907,3879,3956,3871,3524,3181,3187
[M41] raw phase=2 block=176 us=3179,3156,3177,3195,3969,3904,3898,3924,3851,3945,3884,3902,3963,3891,3918,3884
[M41] raw phase=2 block=192 us=3858,3443,3177,3198,3167,3165,3154,3326,3976,3844,3955,3874,3923,3918,3874,3949
[M41] raw phase=2 block=208 us=3865,3942,3801,3917,3823,3206,3179,3186,3162,3165,3162,3468,3938,3917,3888,3902
[M41] raw phase=2 block=224 us=3853,3900,3947,3877,3944,3870,3815,3951,3819,3228,3168,3200,3156,3161,3166,3595
[M41] raw phase=2 block=240 us=3970,3851,3889,3895,3875,3972,3895,3883,3903,3888,3887,3890,3737,3191,3172,3187
[M41] raw phase=2 block=256 us=3156,3168,3163,3846,3879,3898,3951,3855,3918,3901,3941,3877,3862,3911,3847,3947
[M41] raw phase=2 block=272 us=3699,3196,3173,3187,3161,3157,3172,3949,3868,3942,3903,3920,3863,3898,3874,3872
[M41] raw phase=2 block=288 us=3899,3865,3921,3878,3755,3176,3176,3197,3153,3162,3155,3976,3883,3879,3964,3821
[M41] raw phase=2 block=304 us=3880,3886,3864,3899,3877,3911,3858,3873,3585,3168,3217,3159,3161,3152,3162,4023
[M41] raw phase=2 block=320 us=3848,3909,3883,3877,3898,3882,3925,3887,3912,3801,3907,3915,3531,3195,3191,3158
[M41] raw phase=2 block=336 us=3152,3154,3174,3974,3918,3843,3899,3905,3879,3921,3866,3881,3876,3861,3938,3859
[M41] raw phase=2 block=352 us=3573,3161,3191,3159,3152,3163,3154,4021,3815,3844,3940,3843,3923,3829,3868,3856
[M41] raw phase=2 block=368 us=3878,3885,3874,3915,3478,3167,3188,3159,3171,3155,3173,3988,3821,3914,3872,3907
[M41] raw phase=2 block=384 us=3854,3874,3921,3857,3938,3887,3946,3877,3562,3189,3196,3172,3157,3156,3162,3971
[M41] raw phase=2 block=400 us=3878,3849,3919,3875,3861,3910,3873,3924,3872,3944,3902,3875,3632,3168,3206,3162
[M41] raw phase=2 block=416 us=3159,3165,3163,4016,3863,3960,3838,3876,3924,3861,3937,3900,3902,3866,3907,3937
[M41] raw phase=2 block=432 us=3659,3201,3206,3168,3158,3168,3171,3969,3901,3872,3842,3936,3857,3928,3862,3870
[M41] raw phase=2 block=448 us=3935,3884,3954,3877,3573,3174,3201,3163,3154,3169,3164,3984,3861,3870,3938,3858
[M41] raw phase=2 block=464 us=3932,3851,3871,3976,3861,3951,3868,3926,3559,3177,3206,3161,3163,3155,3170,4020
[M41] raw phase=2 block=480 us=3869,3934,3867,3929,3889,3876,3933,3906,3922,3867,3908,3893,3606,3189,3202,3174
[M41] raw phase=2 block=496 us=3156,3163,3162,3983,3900,3881,3918,3863,3892,3927,3894,3926,3887,3864,3934,3874
[M41] raw phase=2 block=512 us=3701,3174,3221,3166,3159
[M41] render min=3130 avg=3664.26 p50=3868 p95=3963 p99=4007 max=4023 headroom_worst_us=1781.989
[M41] UI requested_fps=10 frames=25 achieved_fps=8.330 skipped=4 errors=0 pages=1 submitted=25 refresh_hz=60.312 core_observed=0 audio_core_observed=0
[M41] part=repair avg=13.88 max=18
[M41] part=draw avg=79775.24 max=144503
[M41] part=ppa avg=16992.88 max=21449
[M41] part=cache avg=0.00 max=0
[M41] part=submit avg=30.64 max=34
[M41] part=wait avg=21547.68 max=23158
[M41] part=present avg=38591.40 max=39663
[M41] part=total avg=118390.24 max=183335
[M41] part=dirty_bytes avg=768000.00 max=768000
[M41] part=repair_bytes avg=0.00 max=0
[M41] part=cache_span_bytes avg=0.00 max=0
[M41] touch polls=300 hz=99.965 errors=0 presses=0 releases=0 drags=0 activity_blocks=0 activity_misses=0
[M41] memory ps_before=30080968 ps_after=30080968 largest_before=29884404 largest_after=29884404 internal_before=505556 internal_after=505556
[M41] phase=3 name=NATIVE_FULL_STATIC audio_core=0 audio_priority=24 ui_core=0 ui_priority=2 touch_core=1 touch_priority=3 window_s=3.001088
[M41] blocks=517 active_min=16 active_max=16 render_misses=0 write_errors=0 timeouts=0 nonzero=132287 silent=0 rails=0 peak_L=4757 peak_R=6035
[M41] raw phase=3 block=0 us=3106,3100,3116,3132,3164,3152,3153,3161,3155,3175,3154,3157,3160,3164,3168,3164
[M41] raw phase=3 block=16 us=3163,3152,3164,3168,3157,3164,3155,3162,3154,3162,3163,3153,3170,3162,3154,3159
[M41] raw phase=3 block=32 us=3163,3172,3159,3169,3159,3152,3168,3153,3166,3149,3146,3149,3156,3171,3161,3166
[M41] raw phase=3 block=48 us=3151,3151,3159,3148,3161,3144,3154,3151,3146,3160,3146,3164,3148,3146,3149,3148
[M41] raw phase=3 block=64 us=3163,3154,3163,3147,3149,3174,3147,3156,3153,3150,3159,3156,3164,3155,3163,3163
[M41] raw phase=3 block=80 us=3147,3158,3150,3162,3144,3146,3153,3147,3158,3157,3169,3148,3156,3151,3156,3167
[M41] raw phase=3 block=96 us=3148,3160,3147,3150,3165,3149,3160,3152,3150,3159,3156,3158,3153,3170,3164,3154
[M41] raw phase=3 block=112 us=3168,3147,3163,3158,3146,3148,3144,3158,3153,3165,3147,3155,3146,3148,3167,3151
[M41] raw phase=3 block=128 us=3156,3158,3159,3157,3158,3162,3146,3145,3152,3150,3162,3148,3161,3163,3156,3161
[M41] raw phase=3 block=144 us=3149,3161,3161,3154,3147,3153,3157,3156,3158,3160,3150,3150,3158,3159,3150,3161
[M41] raw phase=3 block=160 us=3155,3162,3159,3153,3159,3150,3154,3149,3151,3165,3150,3155,3147,3151,3149,3150
[M41] raw phase=3 block=176 us=3156,3153,3151,3141,3147,3152,3150,3160,3143,3144,3148,3145,3151,3138,3150,3142
[M41] raw phase=3 block=192 us=3146,3153,3144,3152,3150,3148,3141,3141,3160,3144,3174,3151,3147,3148,3151,3157
[M41] raw phase=3 block=208 us=3149,3150,3142,3142,3151,3141,3153,3144,3147,3153,3155,3159,3155,3162,3149,3158
[M41] raw phase=3 block=224 us=3160,3147,3162,3146,3154,3150,3158,3166,3150,3164,3149,3153,3147,3151,3162,3146
[M41] raw phase=3 block=240 us=3161,3160,3149,3167,3147,3157,3145,3150,3149,3146,3158,3152,3158,3149,3161,3157
[M41] raw phase=3 block=256 us=3146,3165,3152,3159,3156,3152,3164,3159,3170,3152,3145,3151,3145,3163,3148,3156
[M41] raw phase=3 block=272 us=3148,3153,3169,3147,3161,3155,3147,3154,3155,3161,3152,3167,3148,3151,3157,3145
[M41] raw phase=3 block=288 us=3158,3147,3151,3147,3152,3165,3161,3169,3152,3157,3152,3151,3171,3146,3157,3144
[M41] raw phase=3 block=304 us=3146,3167,3146,3158,3146,3148,3157,3159,3164,3151,3169,3153,3148,3166,3149,3157
[M41] raw phase=3 block=320 us=3158,3149,3153,3149,3162,3150,3165,3156,3156,3149,3154,3174,3147,3156,3151,3147
[M41] raw phase=3 block=336 us=3164,3163,3165,3150,3152,3155,3150,3157,3152,3161,3159,3153,3150,3149,3159,3160
[M41] raw phase=3 block=352 us=3147,3150,3155,3158,3155,3167,3157,3158,3148,3152,3169,3149,3155,3147,3144,3157
[M41] raw phase=3 block=368 us=3151,3168,3148,3154,3150,3147,3166,3148,3163,3161,3153,3149,3145,3160,3153,3149
[M41] raw phase=3 block=384 us=3148,3150,3159,3155,3164,3155,3157,3162,3160,3159,3154,3163,3146,3152,3157,3147
[M41] raw phase=3 block=400 us=3156,3147,3156,3149,3148,3169,3149,3160,3156,3150,3151,3154,3160,3150,3164,3147
[M41] raw phase=3 block=416 us=3149,3160,3158,3159,3149,3151,3156,3163,3160,3152,3162,3150,3158,3158,3147,3161
[M41] raw phase=3 block=432 us=3146,3163,3153,3148,3161,3145,3171,3151,3153,3154,3149,3164,3149,3169,3146,3147
[M41] raw phase=3 block=448 us=3163,3149,3163,3153,3151,3152,3160,3167,3153,3157,3158,3161,3157,3146,3164,3146
[M41] raw phase=3 block=464 us=3154,3155,3151,3159,3152,3164,3149,3152,3151,3148,3167,3148,3156,3149,3150,3164
[M41] raw phase=3 block=480 us=3147,3161,3158,3147,3149,3158,3170,3153,3164,3148,3149,3163,3144,3157,3144,3155
[M41] raw phase=3 block=496 us=3146,3162,3159,3148,3165,3146,3158,3150,3151,3171,3157,3161,3156,3154,3165,3147
[M41] raw phase=3 block=512 us=3157,3151,3149,3156,3147
[M41] render min=3100 avg=3154.47 p50=3154 p95=3168 p99=3171 max=3175 headroom_worst_us=2629.989
[M41] UI requested_fps=0 frames=1 achieved_fps=0.333 skipped=0 errors=0 pages=0 submitted=0 refresh_hz=60.645 core_observed=0 audio_core_observed=0
[M41] part=repair avg=0.00 max=0
[M41] part=draw avg=0.00 max=0
[M41] part=ppa avg=0.00 max=0
[M41] part=cache avg=0.00 max=0
[M41] part=submit avg=0.00 max=0
[M41] part=wait avg=0.00 max=0
[M41] part=present avg=0.00 max=0
[M41] part=total avg=0.00 max=0
[M41] part=dirty_bytes avg=0.00 max=0
[M41] part=repair_bytes avg=0.00 max=0
[M41] part=cache_span_bytes avg=0.00 max=0
[M41] touch polls=300 hz=99.964 errors=0 presses=0 releases=0 drags=0 activity_blocks=0 activity_misses=0
[M41] memory ps_before=30080968 ps_after=30080968 largest_before=29884404 largest_after=29884404 internal_before=505556 internal_after=505556
[M41] phase=4 name=NATIVE_FULL_LIGHT audio_core=0 audio_priority=24 ui_core=0 ui_priority=2 touch_core=1 touch_priority=3 window_s=3.001107
[M41] blocks=517 active_min=16 active_max=16 render_misses=0 write_errors=0 timeouts=0 nonzero=132287 silent=0 rails=0 peak_L=4757 peak_R=6035
[M41] raw phase=4 block=0 us=3115,3868,3925,3892,3919,3956,3921,3954,3917,3918,3909,3917,3955,3900,3956,3904
[M41] raw phase=4 block=16 us=3908,3964,3461,3999,3920,3513,3163,3148,3166,3157,3965,3927,3925,3945,3914,3951
[M41] raw phase=4 block=32 us=3928,3973,3900,3227,3172,3147,3157,3163,3944,3913,3923,3958,3923,3961,3941,3915
[M41] raw phase=4 block=48 us=3913,3272,3163,3153,3173,3155,3934,3943,3945,3982,3921,3933,3942,3931,3981,3488
[M41] raw phase=4 block=64 us=3182,3170,3154,3154,3160,3970,3922,3943,3923,3919,3971,3918,3977,3936,3323,3175
[M41] raw phase=4 block=80 us=3159,3169,3161,3967,3929,3930,3963,3930,3966,3932,3941,3953,3297,3181,3154,3162
[M41] raw phase=4 block=96 us=3171,3934,3940,3940,3967,3932,3945,3921,3929,3929,3308,3168,3151,3156,3156,3941
[M41] raw phase=4 block=112 us=3956,3928,3974,3924,3929,3958,3927,3971,3454,3178,3163,3155,3167,3164,3961,3920
[M41] raw phase=4 block=128 us=3924,3958,3937,3959,3928,3952,3926,3344,3191,3167,3176,3166,3933,3961,3938,3964
[M41] raw phase=4 block=144 us=3932,3955,3933,3919,3965,3298,3171,3154,3171,3165,3936,3964,3919,3954,3926,3933
[M41] raw phase=4 block=160 us=3957,3921,3915,3280,3168,3153,3154,3171,3939,3973,3943,3926,3953,3939,3964,3929
[M41] raw phase=4 block=176 us=3982,3448,3166,3171,3158,3166,3154,3934,3941,3926,3968,3927,3950,3937,3935,3964
[M41] raw phase=4 block=192 us=3313,3193,3155,3163,3164,3933,3969,3936,3957,3938,3924,3935,3931,3981,3272,3173
[M41] raw phase=4 block=208 us=3152,3154,3171,3933,3958,3935,3925,3932,3936,3972,3914,3953,3264,3162,3154,3154
[M41] raw phase=4 block=224 us=3172,3942,3989,3930,3930,3965,3932,3975,3927,3941,3453,3178,3173,3159,3161,3168
[M41] raw phase=4 block=240 us=3919,3951,3929,3946,3926,3931,3948,3931,3954,3269,3183,3156,3162,3168,3926,3954
[M41] raw phase=4 block=256 us=3946,3974,3937,3917,3960,3935,3967,3296,3170,3175,3156,3174,3941,3954,3937,3926
[M41] raw phase=4 block=272 us=3945,3935,3940,3918,3899,3294,3164,3170,3165,3176,3943,3941,3960,3922,3971,3935
[M41] raw phase=4 block=288 us=3962,3926,3933,3450,3171,3177,3153,3157,3181,3925,3963,3923,3962,3929,3926,3950
[M41] raw phase=4 block=304 us=3938,3953,3242,3174,3155,3156,3173,3944,3962,3946,3931,3971,3930,3966,3938,3976
[M41] raw phase=4 block=320 us=3280,3174,3169,3152,3174,3934,3921,3977,3924,3963,3938,3971,3926,3872,3340,3162
[M41] raw phase=4 block=336 us=3167,3161,3165,3941,3936,3981,3926,3959,3941,3924,3974,3949,3449,3157,3168,3150
[M41] raw phase=4 block=352 us=3155,3202,3909,3970,3924,3910,3938,3914,3950,3925,3895,3207,3160,3147,3152,3177
[M41] raw phase=4 block=368 us=3937,3941,3926,3918,3981,3921,3965,3921,3920,3280,3168,3163,3152,3167,3926,3916
[M41] raw phase=4 block=384 us=3968,3921,3960,3931,3920,3938,3878,3335,3163,3175,3156,3155,3969,3933,3979,3930
[M41] raw phase=4 block=400 us=3941,3937,3942,3964,3941,3458,3165,3162,3161,3156,3318,3918,3971,3920,3913,3955
[M41] raw phase=4 block=416 us=3926,3968,3935,3888,3229,3167,3176,3156,3176,3935,3927,3960,3924,3963,3926,3959
[M41] raw phase=4 block=432 us=3935,3930,3358,3162,3170,3155,3160,3961,3932,3976,3931,3965,3932,3933,3967,3887
[M41] raw phase=4 block=448 us=3360,3165,3170,3160,3157,3989,3914,3990,3932,3919,3974,3936,3961,3947,3418,3166
[M41] raw phase=4 block=464 us=3169,3174,3154,3422,3913,3924,3957,3924,3985,3926,3968,3942,3899,3248,3164,3162
[M41] raw phase=4 block=480 us=3165,3160,3952,3937,3980,3923,3968,3933,3924,3962,3928,3295,3165,3166,3155,3163
[M41] raw phase=4 block=496 us=3977,3920,3992,3931,3913,3970,3922,3966,3901,3404,3169,3156,3158,3155,3983,3932
[M41] raw phase=4 block=512 us=3945,3933,3925,3979,3939
[M41] render min=3115 avg=3675.64 p50=3924 p95=3974 p99=3985 max=3999 headroom_worst_us=1805.989
[M41] UI requested_fps=30 frames=35 achieved_fps=11.662 skipped=55 errors=0 pages=1 submitted=36 refresh_hz=60.311 core_observed=0 audio_core_observed=0
[M41] part=repair avg=48434.78 max=51570
[M41] part=draw avg=7207.83 max=69394
[M41] part=ppa avg=0.00 max=0
[M41] part=cache avg=802.11 max=4207
[M41] part=submit avg=126.44 max=3580
[M41] part=wait avg=27547.28 max=28901
[M41] part=present avg=28619.39 max=32893
[M41] part=total avg=84270.25 max=145071
[M41] part=dirty_bytes avg=133162.67 max=768000
[M41] part=repair_bytes avg=768000.00 max=768000
[M41] part=cache_span_bytes avg=768000.00 max=768000
[M41] touch polls=300 hz=99.963 errors=0 presses=0 releases=0 drags=0 activity_blocks=0 activity_misses=0
[M41] memory ps_before=30080968 ps_after=30080968 largest_before=29884404 largest_after=29884404 internal_before=505556 internal_after=505556
[M41] phase=5 name=NATIVE_FULL_HEAVY audio_core=0 audio_priority=24 ui_core=0 ui_priority=2 touch_core=1 touch_priority=3 window_s=3.001067
[M41] blocks=517 active_min=16 active_max=16 render_misses=0 write_errors=0 timeouts=0 nonzero=132287 silent=0 rails=0 peak_L=4757 peak_R=6035
[M41] raw phase=5 block=0 us=3903,3859,3318,3138,3171,3164,3155,3501,3918,3919,3971,3924,3977,3929,3922,3968
[M41] raw phase=5 block=16 us=3904,3965,3904,3969,3906,3891,3951,3925,3861,3705,3963,3952,3868,3970,3946,3962
[M41] raw phase=5 block=32 us=3910,3926,3971,3946,3985,3949,3989,3950,3931,3918,3912,3329,3158,3169,3159,3928
[M41] raw phase=5 block=48 us=3966,3945,3955,3923,3928,3967,3925,3976,3938,3924,3912,3910,3948,3927,3953,3931
[M41] raw phase=5 block=64 us=3954,3982,3952,3998,3918,3959,3919,3662,3215,3158,3161,3160,3937,3945,3936,3963
[M41] raw phase=5 block=80 us=3916,3969,3910,3925,3954,3926,3964,3937,3910,3901,3938,3993,3965,3999,3955,3948
[M41] raw phase=5 block=96 us=3979,3917,3954,3901,3352,3173,3160,3176,3938,3958,3930,3928,3939,3942,3974,3927
[M41] raw phase=5 block=112 us=3990,3920,3903,3949,3932,3964,3899,3944,3935,3950,3986,3969,3998,3923,3894,3962
[M41] raw phase=5 block=128 us=3649,3214,3156,3161,3169,3926,3949,3932,3966,3911,3920,3946,3922,3972,3908,3938
[M41] raw phase=5 block=144 us=3937,3905,3936,3932,3995,3968,4020,3933,3952,3993,3934,3920,3920,3229,3171,3157
[M41] raw phase=5 block=160 us=3174,3942,3968,3935,3927,3959,3931,3953,3926,3942,3932,3908,3948,3906,3958,3902
[M41] raw phase=5 block=176 us=3920,3957,3950,3971,3960,4009,3951,3820,3970,3621,3201,3148,3148,3162,3927,3956
[M41] raw phase=5 block=192 us=3933,3948,3910,3913,3945,3924,3972,3912,3914,3923,3911,3947,3938,3985,3954,3941
[M41] raw phase=5 block=208 us=3967,3942,3975,3923,3931,3912,3189,3164,3163,3160,3942,3916,3965,3922,3972,3933
[M41] raw phase=5 block=224 us=3978,3926,3945,3966,3928,3967,3920,3950,3905,3906,3983,3963,3985,3975,3964,3990
[M41] raw phase=5 block=240 us=3851,3972,3612,3205,3158,3161,3173,3933,3955,3947,3915,3931,3923,3962,3910,3969
[M41] raw phase=5 block=256 us=3903,3928,3974,3905,3971,3954,3958,3959,3943,3990,3954,3979,3922,3898,3917,3374
[M41] raw phase=5 block=272 us=3177,3154,3164,3937,3939,3964,3927,3961,3934,3936,3941,3938,3967,3931,3963,3914
[M41] raw phase=5 block=288 us=3900,3937,3916,3982,3951,3953,3955,3961,3990,3866,3966,3513,3188,3156,3160,3174
[M41] raw phase=5 block=304 us=3939,3954,3937,3918,3959,3923,3968,3924,3929,3936,3926,3984,3900,3953,3951,3920
[M41] raw phase=5 block=320 us=3976,3959,3997,3951,3962,3952,3889,3939,3358,3180,3154,3163,3962,3918,3991,3930
[M41] raw phase=5 block=336 us=3976,3930,3916,3972,3934,3966,3908,3934,3938,3899,3977,3948,3989,3953,3938,4000
[M41] raw phase=5 block=352 us=3950,3972,3884,3980,3471,3192,3179,3156,3171,3923,3927,3972,3928,3967,3931,3964
[M41] raw phase=5 block=368 us=3916,3918,3967,3922,3975,3915,3907,3962,3945,3989,3957,3974,3946,3939,3968,3884
[M41] raw phase=5 block=384 us=3946,3329,3185,3155,3160,3989,3926,3989,3938,3920,3975,3931,3961,3938,3977,3910
[M41] raw phase=5 block=400 us=3911,3957,3914,3971,3918,3970,3978,3950,4011,3965,3939,3931,3914,3484,3188,3172
[M41] raw phase=5 block=416 us=3161,3169,3930,3913,3976,3928,3975,3931,3908,3957,3926,3967,3907,3979,3899,3920
[M41] raw phase=5 block=432 us=3982,3958,4020,3935,3954,3951,3946,3972,3885,3973,3271,3162,3163,3160,3990,3923
[M41] raw phase=5 block=448 us=3985,3927,3912,3992,3944,3965,3935,3927,3916,3935,3944,3909,3947,3917,3958,3999
[M41] raw phase=5 block=464 us=3956,3998,3955,3939,3884,3921,3389,3189,3170,3153,3159,3978,3940,3970,3923,3956
[M41] raw phase=5 block=480 us=3923,3917,3963,3942,3958,3923,3948,3937,3924,3980,3934,4008,3941,3959,3984,3949
[M41] raw phase=5 block=496 us=3981,3875,3925,3326,3169,3169,3154,3993,3917,3924,3967,3929,3983,3936,3983,3925
[M41] raw phase=5 block=512 us=3930,3966,3920,3969,3900
[M41] render min=3138 avg=3829.05 p50=3934 p95=3989 p99=4000 max=4020 headroom_worst_us=1784.989
[M41] UI requested_fps=10 frames=18 achieved_fps=5.998 skipped=12 errors=0 pages=1 submitted=18 refresh_hz=60.645 core_observed=0 audio_core_observed=0
[M41] part=repair avg=48110.56 max=51657
[M41] part=draw avg=95630.11 max=156420
[M41] part=ppa avg=0.00 max=0
[M41] part=cache avg=1272.67 max=4692
[M41] part=submit avg=27.44 max=30
[M41] part=wait avg=23665.33 max=27493
[M41] part=present avg=25425.17 max=28189
[M41] part=total avg=169174.39 max=231509
[M41] part=dirty_bytes avg=768000.00 max=768000
[M41] part=repair_bytes avg=768000.00 max=768000
[M41] part=cache_span_bytes avg=768000.00 max=768000
[M41] touch polls=301 hz=100.298 errors=0 presses=0 releases=0 drags=0 activity_blocks=0 activity_misses=0
[M41] memory ps_before=30080968 ps_after=30080968 largest_before=29884404 largest_after=29884404 internal_before=505556 internal_after=505556
[M41] phase=6 name=DIRTY_STATIC audio_core=0 audio_priority=24 ui_core=0 ui_priority=2 touch_core=1 touch_priority=3 window_s=3.001047
[M41] blocks=517 active_min=16 active_max=16 render_misses=0 write_errors=0 timeouts=0 nonzero=132287 silent=0 rails=0 peak_L=4757 peak_R=6035
[M41] raw phase=6 block=0 us=3852,3876,3889,3967,3949,3977,3954,3919,3934,3907,3233,3166,3168,3150,3155,3176
[M41] raw phase=6 block=16 us=3148,3156,3147,3157,3151,3149,3163,3150,3160,3157,3158,3162,3156,3159,3152,3166
[M41] raw phase=6 block=32 us=3155,3158,3168,3153,3164,3146,3151,3148,3148,3165,3149,3162,3149,3161,3171,3156
[M41] raw phase=6 block=48 us=3171,3156,3161,3167,3156,3163,3157,3165,3158,3153,3164,3150,3158,3145,3146,3148
[M41] raw phase=6 block=64 us=3148,3171,3146,3163,3153,3150,3145,3152,3164,3149,3159,3148,3146,3166,3147,3159
[M41] raw phase=6 block=80 us=3147,3148,3159,3148,3158,3155,3157,3152,3157,3166,3162,3171,3158,3149,3148,3147
[M41] raw phase=6 block=96 us=3158,3152,3156,3148,3149,3149,3158,3160,3148,3163,3148,3154,3169,3159,3160,3147
[M41] raw phase=6 block=112 us=3150,3157,3153,3159,3150,3162,3156,3153,3151,3155,3171,3157,3145,3151,3146,3156
[M41] raw phase=6 block=128 us=3159,3160,3147,3145,3148,3155,3156,3149,3157,3150,3154,3172,3148,3160,3154,3148
[M41] raw phase=6 block=144 us=3151,3153,3159,3145,3162,3158,3152,3154,3153,3162,3162,3163,3149,3147,3157,3160
[M41] raw phase=6 block=160 us=3164,3151,3155,3148,3155,3165,3151,3158,3147,3158,3161,3152,3159,3152,3156,3147
[M41] raw phase=6 block=176 us=3155,3161,3149,3163,3153,3151,3153,3150,3166,3158,3162,3151,3144,3156,3154,3157
[M41] raw phase=6 block=192 us=3146,3147,3146,3153,3162,3147,3160,3155,3154,3160,3158,3162,3149,3162,3147,3147
[M41] raw phase=6 block=208 us=3159,3149,3170,3144,3150,3149,3149,3166,3157,3167,3154,3159,3160,3149,3163,3146
[M41] raw phase=6 block=224 us=3151,3155,3146,3157,3145,3161,3148,3154,3159,3159,3161,3152,3163,3154,3149,3165
[M41] raw phase=6 block=240 us=3149,3165,3155,3149,3152,3149,3166,3150,3164,3155,3157,3171,3146,3162,3146,3145
[M41] raw phase=6 block=256 us=3161,3155,3156,3152,3158,3150,3150,3161,3148,3158,3151,3157,3146,3154,3158,3147
[M41] raw phase=6 block=272 us=3170,3154,3146,3145,3154,3169,3150,3162,3155,3154,3168,3152,3164,3147,3149,3153
[M41] raw phase=6 block=288 us=3151,3157,3154,3156,3153,3155,3160,3148,3165,3159,3149,3155,3152,3161,3149,3157
[M41] raw phase=6 block=304 us=3150,3147,3151,3148,3170,3154,3165,3148,3150,3176,3156,3166,3154,3147,3153,3144
[M41] raw phase=6 block=320 us=3163,3156,3155,3155,3149,3148,3146,3166,3155,3152,3155,3157,3157,3165,3159,3148
[M41] raw phase=6 block=336 us=3156,3150,3146,3155,3148,3159,3148,3148,3159,3150,3163,3156,3144,3151,3149,3153
[M41] raw phase=6 block=352 us=3142,3157,3149,3146,3153,3142,3151,3146,3140,3140,3142,3153,3148,3158,3143,3152
[M41] raw phase=6 block=368 us=3145,3153,3161,3142,3155,3150,3150,3153,3148,3166,3149,3143,3142,3139,3154,3141
[M41] raw phase=6 block=384 us=3157,3141,3143,3152,3143,3153,3161,3158,3149,3157,3160,3153,3158,3149,3153,3146
[M41] raw phase=6 block=400 us=3160,3161,3156,3166,3154,3153,3156,3152,3160,3146,3158,3146,3147,3165,3148,3162
[M41] raw phase=6 block=416 us=3146,3144,3152,3155,3161,3148,3159,3147,3156,3163,3145,3162,3151,3150,3156,3156
[M41] raw phase=6 block=432 us=3170,3151,3165,3155,3156,3159,3151,3161,3150,3163,3147,3147,3161,3149,3168,3154
[M41] raw phase=6 block=448 us=3148,3148,3154,3173,3149,3158,3150,3149,3165,3148,3157,3148,3148,3154,3156,3160
[M41] raw phase=6 block=464 us=3157,3165,3157,3164,3160,3145,3155,3146,3164,3150,3146,3157,3147,3170,3154,3148
[M41] raw phase=6 block=480 us=3149,3156,3169,3155,3163,3152,3149,3171,3150,3163,3149,3146,3157,3149,3160,3150
[M41] raw phase=6 block=496 us=3163,3161,3166,3165,3150,3165,3147,3150,3151,3149,3157,3154,3164,3149,3149,3150
[M41] raw phase=6 block=512 us=3151,3166,3151,3164,3149
[M41] render min=3139 avg=3169.59 p50=3154 p95=3170 p99=3919 max=3977 headroom_worst_us=1827.989
[M41] UI requested_fps=0 frames=1 achieved_fps=0.333 skipped=0 errors=0 pages=0 submitted=0 refresh_hz=60.312 core_observed=0 audio_core_observed=0
[M41] part=repair avg=0.00 max=0
[M41] part=draw avg=0.00 max=0
[M41] part=ppa avg=0.00 max=0
[M41] part=cache avg=0.00 max=0
[M41] part=submit avg=0.00 max=0
[M41] part=wait avg=0.00 max=0
[M41] part=present avg=0.00 max=0
[M41] part=total avg=0.00 max=0
[M41] part=dirty_bytes avg=0.00 max=0
[M41] part=repair_bytes avg=0.00 max=0
[M41] part=cache_span_bytes avg=0.00 max=0
[M41] touch polls=300 hz=99.965 errors=0 presses=0 releases=0 drags=0 activity_blocks=0 activity_misses=0
[M41] memory ps_before=30080968 ps_after=30080968 largest_before=29884404 largest_after=29884404 internal_before=505556 internal_after=505556
[M41] phase=7 name=DIRTY_LIGHT audio_core=0 audio_priority=24 ui_core=0 ui_priority=2 touch_core=1 touch_priority=3 window_s=3.001080
[M41] blocks=517 active_min=16 active_max=16 render_misses=0 write_errors=0 timeouts=0 nonzero=132287 silent=0 rails=0 peak_L=4757 peak_R=6035
[M41] raw phase=7 block=0 us=3113,3922,3873,3944,3934,3918,3955,3930,3954,3916,3948,3926,3904,3981,3901,3962
[M41] raw phase=7 block=16 us=3922,3891,3472,3940,3947,3433,3182,3155,3164,3965,3918,3989,3920,3982,3929,3908
[M41] raw phase=7 block=32 us=3961,3932,3303,3160,3153,3164,3164,3983,3358,3184,3160,3168,3167,3945,3515,3171
[M41] raw phase=7 block=48 us=3154,3152,3523,3971,3332,3175,3153,3155,3983,3406,3188,3155,3167,3161,3936,3468
[M41] raw phase=7 block=64 us=3178,3164,3154,3219,3956,3484,3172,3155,3167,3933,3664,3191,3155,3169,3168,3962
[M41] raw phase=7 block=80 us=3413,3165,3167,3168,3171,3933,3485,3167,3159,3162,3890,3896,3292,3174,3172,3169
[M41] raw phase=7 block=96 us=3980,3397,3185,3153,3154,3173,3945,3524,3159,3154,3155,3659,3946,3372,3180,3159
[M41] raw phase=7 block=112 us=3165,3973,3396,3199,3159,3155,3160,3946,3510,3171,3166,3157,3287,3982,3409,3183
[M41] raw phase=7 block=128 us=3155,3163,3957,3593,3198,3151,3173,3162,3959,3473,3173,3176,3159,3171,3942,3465
[M41] raw phase=7 block=144 us=3183,3156,3162,3878,3859,3255,3180,3164,3162,3991,3388,3175,3167,3157,3172,3940
[M41] raw phase=7 block=160 us=3474,3172,3159,3167,3701,3939,3351,3156,3156,3164,3984,3424,3181,3151,3153,3175
[M41] raw phase=7 block=176 us=3937,3502,3156,3151,3154,3351,3998,3413,3174,3149,3148,3959,3528,3196,3151,3151
[M41] raw phase=7 block=192 us=3153,3939,3453,3166,3168,3151,3155,3962,3462,3176,3149,3161,3930,3810,3278,3154
[M41] raw phase=7 block=208 us=3162,3157,3939,3393,3166,3165,3150,3169,3917,3467,3181,3155,3162,3820,3881,3321
[M41] raw phase=7 block=224 us=3158,3165,3162,3990,3407,3174,3154,3164,3177,3944,3493,3181,3155,3173,3406,3978
[M41] raw phase=7 block=240 us=3389,3162,3164,3155,3975,3475,3201,3165,3152,3161,3949,3453,3176,3154,3154,3151
[M41] raw phase=7 block=256 us=3972,3469,3191,3151,3156,3973,3723,3233,3158,3171,3166,3933,3431,3167,3162,3155
[M41] raw phase=7 block=272 us=3160,3973,3461,3181,3154,3163,3837,3860,3354,3176,3163,3174,3960,3404,3172,3167
[M41] raw phase=7 block=288 us=3161,3171,3944,3482,3186,3167,3169,3463,3994,3384,3170,3174,3160,3986,3452,3172
[M41] raw phase=7 block=304 us=3153,3158,3173,3956,3482,3186,3161,3161,3154,3984,3478,3182,3159,3152,3986,3719
[M41] raw phase=7 block=320 us=3209,3162,3157,3163,3957,3397,3174,3168,3152,3165,3988,3483,3187,3155,3162,3874
[M41] raw phase=7 block=336 us=3839,3363,3167,3171,3164,3938,3440,3179,3169,3156,3171,3949,3449,3190,3156,3166
[M41] raw phase=7 block=352 us=3566,3952,3388,3173,3167,3155,3995,3397,3180,3164,3157,3177,3938,3475,3179,3153
[M41] raw phase=7 block=368 us=3169,3167,3972,3455,3170,3155,3159,3994,3594,3209,3154,3157,3179,3937,3408,3166
[M41] raw phase=7 block=384 us=3165,3156,3158,3979,3483,3198,3158,3153,3927,3885,3338,3164,3167,3161,3948,3412
[M41] raw phase=7 block=400 us=3170,3179,3155,3163,3978,3460,3202,3157,3164,3646,3947,3400,3179,3164,3158,3942
[M41] raw phase=7 block=416 us=3403,3176,3164,3159,3174,3939,3486,3192,3154,3164,3254,3924,3454,3163,3165,3158
[M41] raw phase=7 block=432 us=3976,3590,3174,3156,3154,3184,3953,3476,3169,3154,3172,3165,3986,3517,3162,3161
[M41] raw phase=7 block=448 us=3154,3978,3820,3355,3173,3160,3173,3949,3415,3176,3155,3155,3165,3984,3495,3188
[M41] raw phase=7 block=464 us=3158,3157,3794,3891,3428,3168,3163,3169,3945,3413,3174,3164,3156,3160,3991,3480
[M41] raw phase=7 block=480 us=3204,3157,3164,3341,3933,3485,3162,3168,3160,3948,3736,3250,3172,3163,3168,3948
[M41] raw phase=7 block=496 us=3388,3175,3164,3168,3162,3974,3502,3170,3169,3157,3360,3941,3385,3165,3153,3173
[M41] raw phase=7 block=512 us=3935,3538,3189,3154,3153
[M41] render min=3113 avg=3401.91 p50=3179 p95=3976 p99=3991 max=3998 headroom_worst_us=1806.989
[M41] UI requested_fps=30 frames=85 achieved_fps=28.323 skipped=4 errors=0 pages=1 submitted=86 refresh_hz=60.312 core_observed=0 audio_core_observed=0
[M41] part=repair avg=5467.06 max=48305
[M41] part=draw avg=5150.88 max=69272
[M41] part=ppa avg=0.00 max=0
[M41] part=cache avg=1305.05 max=4321
[M41] part=submit avg=110.81 max=3599
[M41] part=wait avg=22552.17 max=27083
[M41] part=present avg=24221.71 max=27738
[M41] part=total avg=34848.56 max=139273
[M41] part=dirty_bytes avg=122624.00 max=768000
[M41] part=repair_bytes avg=130220.65 max=768000
[M41] part=cache_span_bytes avg=503969.12 max=768000
[M41] touch polls=300 hz=99.964 errors=0 presses=0 releases=0 drags=0 activity_blocks=0 activity_misses=0
[M41] memory ps_before=30080968 ps_after=30080968 largest_before=29884404 largest_after=29884404 internal_before=505556 internal_after=505556
[M41] phase=8 name=DIRTY_HEAVY audio_core=0 audio_priority=24 ui_core=0 ui_priority=2 touch_core=1 touch_priority=3 window_s=3.001084
[M41] blocks=517 active_min=16 active_max=16 render_misses=0 write_errors=0 timeouts=0 nonzero=132287 silent=0 rails=0 peak_L=4757 peak_R=6035
[M41] raw phase=8 block=0 us=3105,3927,3835,3921,3899,3906,3963,3893,3977,3935,3695,3947,3916,3978,3898,3987
[M41] raw phase=8 block=16 us=3882,3916,3945,3908,3983,3939,3947,3972,3962,3990,3916,3922,3834,3181,3154,3160
[M41] raw phase=8 block=32 us=3166,3153,3168,3939,3917,3976,3916,3962,3913,3914,3958,3934,3976,3914,3984,3903
[M41] raw phase=8 block=48 us=3916,3978,3943,3994,3962,3948,3961,3958,3964,3920,3954,3201,3157,3158,3160,3954
[M41] raw phase=8 block=64 us=3922,3959,3924,3918,3973,3924,3956,3937,3925,3966,3917,3950,3930,3948,3905,3952
[M41] raw phase=8 block=80 us=3995,3945,3972,3958,3931,3933,3934,3827,3204,3180,3162,3165,3975,3929,3970,3922
[M41] raw phase=8 block=96 us=3944,3929,3912,3965,3924,3955,3909,3941,3948,3917,3995,3957,3988,3960,3948,3997
[M41] raw phase=8 block=112 us=3954,3968,3863,3922,3220,3161,3172,3154,3972,3933,3923,3967,3930,3966,3930,3984
[M41] raw phase=8 block=128 us=3931,3920,3961,3933,3956,3914,3936,3954,3942,4003,3953,4024,3953,3937,3976,3916
[M41] raw phase=8 block=144 us=3838,3193,3159,3153,3160,3969,3925,3990,3918,3932,3956,3917,3966,3926,3971,3911
[M41] raw phase=8 block=160 us=3946,3949,3921,3994,3938,3957,4005,3954,3993,3965,3972,3885,3920,3244,3161,3169
[M41] raw phase=8 block=176 us=3160,3956,3920,3930,3959,3926,3982,3926,3930,3969,3900,3966,3905,3978,3890,3903
[M41] raw phase=8 block=192 us=3965,3947,3992,3937,3933,4005,3923,3974,3916,3804,3209,3157,3159,3159,3976,3916
[M41] raw phase=8 block=208 us=3956,3920,3915,3953,3918,3977,3936,3910,3981,3959,3932,3937,3993,3942,3942,4001
[M41] raw phase=8 block=224 us=3957,3995,3955,3916,3921,3928,3276,3159,3172,3158,3941,3958,3943,3952,3933,3941
[M41] raw phase=8 block=240 us=3927,3924,3964,3901,3965,3921,3925,3946,3939,3948,3948,3987,3938,3967,3988,3940
[M41] raw phase=8 block=256 us=3987,3929,3761,3196,3166,3164,3164,3970,3923,3934,3964,3928,3955,3926,3952,3941
[M41] raw phase=8 block=272 us=3888,3974,3935,3950,3923,3952,3984,3965,4001,3937,4001,3955,3923,3930,3902,3258
[M41] raw phase=8 block=288 us=3163,3160,3155,3939,3961,3941,3937,3918,3936,3962,3930,3967,3874,3938,3904,3896
[M41] raw phase=8 block=304 us=3948,3927,3953,3957,3953,3988,3953,4011,3921,3987,3923,3706,3211,3158,3166,3161
[M41] raw phase=8 block=320 us=3939,3953,3937,3973,3921,3967,3933,3921,3986,3917,4010,3948,3936,3931,3939,3994
[M41] raw phase=8 block=336 us=3957,4002,3944,3933,3991,3913,3950,3902,3317,3165,3153,3167,3922,3957,3924,3932
[M41] raw phase=8 block=352 us=3925,3931,3967,3920,3977,3894,3909,3946,3884,3946,3915,3978,3924,3946,3991,3962
[M41] raw phase=8 block=368 us=4004,3918,3846,3975,3623,3211,3153,3163,3165,3932,3968,3932,3959,3921,3920,3934
[M41] raw phase=8 block=384 us=3921,3981,3892,3968,3919,3921,3925,3939,3990,3968,4031,3939,3948,4009,3912,3941
[M41] raw phase=8 block=400 us=3907,3233,3173,3160,3164,3930,3971,3929,3921,3957,3932,3969,3922,3954,3910,3900
[M41] raw phase=8 block=416 us=3967,3889,3976,3920,3908,3986,3945,4002,3956,3987,3919,3833,3973,3627,3205,3154
[M41] raw phase=8 block=432 us=3157,3164,3941,3967,3937,3970,3930,3926,3959,3934,3994,3915,3948,3936,3903,3993
[M41] raw phase=8 block=448 us=3945,3997,3948,3984,3970,3947,3994,3939,3930,3924,3295,3172,3159,3165,3938,3923
[M41] raw phase=8 block=464 us=3956,3931,3973,3939,3944,3926,3932,3962,3916,3947,3910,3930,3916,3899,3984,3953
[M41] raw phase=8 block=480 us=3986,3953,3955,4000,3836,3987,3573,3208,3158,3161,3172,3937,3985,3936,3932,3946
[M41] raw phase=8 block=496 us=3935,3977,3930,3973,3901,3935,3965,3904,3963,3924,3972,3940,3941,3992,3943,3994
[M41] raw phase=8 block=512 us=3935,3890,3962,3301,3179
[M41] render min=3105 avg=3832.25 p50=3935 p95=3994 p99=4005 max=4031 headroom_worst_us=1773.989
[M41] UI requested_fps=10 frames=18 achieved_fps=5.998 skipped=12 errors=0 pages=1 submitted=18 refresh_hz=60.645 core_observed=0 audio_core_observed=0
[M41] part=repair avg=46619.00 max=52028
[M41] part=draw avg=94467.44 max=152315
[M41] part=ppa avg=0.00 max=0
[M41] part=cache avg=2165.00 max=4711
[M41] part=submit avg=27.67 max=34
[M41] part=wait avg=23513.89 max=33749
[M41] part=present avg=25960.17 max=38390
[M41] part=total avg=167055.22 max=197298
[M41] part=dirty_bytes avg=768000.00 max=768000
[M41] part=repair_bytes avg=731704.89 max=768000
[M41] part=cache_span_bytes avg=768000.00 max=768000
[M41] touch polls=300 hz=99.964 errors=0 presses=0 releases=0 drags=0 activity_blocks=0 activity_misses=0
[M41] memory ps_before=30080968 ps_after=30080968 largest_before=29884404 largest_after=29884404 internal_before=505556 internal_after=505556
[M41] phase=9 name=QUEUED_STATIC audio_core=0 audio_priority=24 ui_core=0 ui_priority=2 touch_core=1 touch_priority=3 window_s=3.001086
[M41] blocks=517 active_min=16 active_max=16 render_misses=0 write_errors=0 timeouts=0 nonzero=132287 silent=0 rails=0 peak_L=4757 peak_R=6035
[M41] raw phase=9 block=0 us=3117,3115,3102,3143,3170,3157,3168,3160,3161,3156,3159,3170,3156,3180,3157,3160
[M41] raw phase=9 block=16 us=3158,3157,3173,3153,3164,3152,3153,3180,3160,3166,3156,3156,3164,3159,3173,3156
[M41] raw phase=9 block=32 us=3170,3160,3160,3162,3150,3162,3152,3156,3152,3162,3165,3160,3181,3155,3155,3152
[M41] raw phase=9 block=48 us=3148,3166,3153,3157,3146,3145,3164,3151,3155,3145,3148,3152,3149,3165,3152,3157
[M41] raw phase=9 block=64 us=3162,3149,3157,3155,3159,3156,3152,3147,3151,3161,3147,3164,3150,3153,3158,3146
[M41] raw phase=9 block=80 us=3173,3155,3155,3145,3151,3165,3152,3162,3148,3150,3157,3149,3158,3150,3163,3154
[M41] raw phase=9 block=96 us=3151,3156,3157,3160,3154,3154,3149,3147,3168,3157,3160,3158,3154,3157,3157,3158
[M41] raw phase=9 block=112 us=3158,3158,3145,3147,3156,3144,3163,3154,3147,3159,3147,3158,3153,3161,3159,3153
[M41] raw phase=9 block=128 us=3152,3149,3157,3154,3150,3150,3146,3157,3157,3160,3153,3151,3152,3162,3164,3148
[M41] raw phase=9 block=144 us=3164,3149,3155,3155,3147,3158,3149,3158,3151,3150,3161,3155,3165,3151,3160,3150
[M41] raw phase=9 block=160 us=3152,3169,3154,3158,3158,3146,3157,3154,3164,3152,3146,3148,3152,3160,3146,3166
[M41] raw phase=9 block=176 us=3143,3147,3156,3142,3150,3148,3154,3143,3141,3152,3142,3159,3141,3140,3139,3139
[M41] raw phase=9 block=192 us=3152,3145,3156,3149,3143,3156,3149,3153,3157,3152,3142,3152,3159,3149,3165,3146
[M41] raw phase=9 block=208 us=3151,3151,3141,3151,3147,3148,3146,3150,3155,3149,3169,3149,3150,3154,3146,3164
[M41] raw phase=9 block=224 us=3146,3162,3150,3147,3170,3157,3163,3154,3158,3144,3145,3166,3145,3156,3152,3167
[M41] raw phase=9 block=240 us=3157,3145,3158,3144,3153,3148,3151,3156,3147,3173,3151,3148,3154,3148,3167,3157
[M41] raw phase=9 block=256 us=3159,3151,3154,3170,3154,3165,3152,3152,3158,3148,3160,3146,3157,3161,3149,3159
[M41] raw phase=9 block=272 us=3156,3159,3148,3154,3145,3149,3163,3149,3170,3156,3146,3148,3148,3166,3149,3159
[M41] raw phase=9 block=288 us=3151,3159,3164,3155,3167,3156,3153,3162,3149,3155,3144,3156,3152,3146,3159,3149
[M41] raw phase=9 block=304 us=3156,3155,3155,3148,3146,3168,3157,3163,3156,3151,3153,3153,3160,3147,3155,3148
[M41] raw phase=9 block=320 us=3150,3169,3151,3164,3156,3159,3169,3151,3158,3156,3159,3152,3152,3150,3150,3168
[M41] raw phase=9 block=336 us=3157,3152,3148,3149,3159,3159,3162,3150,3150,3151,3163,3161,3151,3166,3146,3155
[M41] raw phase=9 block=352 us=3163,3150,3162,3150,3157,3156,3154,3164,3155,3156,3146,3153,3146,3144,3164,3154
[M41] raw phase=9 block=368 us=3160,3156,3147,3157,3158,3160,3153,3147,3152,3160,3160,3146,3158,3146,3154,3165
[M41] raw phase=9 block=384 us=3151,3163,3153,3162,3152,3160,3166,3149,3156,3150,3149,3145,3146,3157,3151,3162
[M41] raw phase=9 block=400 us=3153,3150,3160,3161,3160,3150,3155,3148,3157,3170,3150,3158,3148,3159,3158,3147
[M41] raw phase=9 block=416 us=3163,3149,3156,3159,3160,3165,3154,3173,3160,3147,3153,3146,3162,3150,3156,3154
[M41] raw phase=9 block=432 us=3146,3157,3147,3158,3148,3149,3155,3156,3171,3153,3159,3153,3157,3157,3154,3162
[M41] raw phase=9 block=448 us=3149,3156,3149,3155,3166,3155,3166,3151,3151,3157,3148,3163,3155,3158,3154,3152
[M41] raw phase=9 block=464 us=3166,3149,3164,3149,3144,3155,3150,3168,3151,3161,3147,3147,3159,3156,3157,3149
[M41] raw phase=9 block=480 us=3157,3151,3150,3168,3152,3176,3155,3152,3155,3145,3163,3146,3155,3146,3146,3171
[M41] raw phase=9 block=496 us=3149,3165,3148,3152,3159,3148,3163,3157,3166,3158,3148,3158,3149,3157,3154,3149
[M41] raw phase=9 block=512 us=3149,3153,3168,3151,3160
[M41] render min=3102 avg=3154.70 p50=3155 p95=3168 p99=3173 max=3181 headroom_worst_us=2623.989
[M41] UI requested_fps=0 frames=1 achieved_fps=0.333 skipped=0 errors=0 pages=0 submitted=0 refresh_hz=60.312 core_observed=0 audio_core_observed=0
[M41] part=repair avg=0.00 max=0
[M41] part=draw avg=0.00 max=0
[M41] part=ppa avg=0.00 max=0
[M41] part=cache avg=0.00 max=0
[M41] part=submit avg=0.00 max=0
[M41] part=wait avg=0.00 max=0
[M41] part=present avg=0.00 max=0
[M41] part=total avg=0.00 max=0
[M41] part=dirty_bytes avg=0.00 max=0
[M41] part=repair_bytes avg=0.00 max=0
[M41] part=cache_span_bytes avg=0.00 max=0
[M41] touch polls=300 hz=99.964 errors=0 presses=0 releases=0 drags=0 activity_blocks=0 activity_misses=0
[M41] memory ps_before=30080968 ps_after=30080968 largest_before=29884404 largest_after=29884404 internal_before=505556 internal_after=505556
[M41] phase=10 name=QUEUED_LIGHT audio_core=0 audio_priority=24 ui_core=0 ui_priority=2 touch_core=1 touch_priority=3 window_s=3.001085
[M41] blocks=517 active_min=16 active_max=16 render_misses=0 write_errors=0 timeouts=0 nonzero=132287 silent=0 rails=0 peak_L=4757 peak_R=6035
[M41] raw phase=10 block=0 us=3108,3867,3889,3903,3959,3922,3982,3923,3901,3974,3912,3957,3929,3913,3960,3922
[M41] raw phase=10 block=16 us=3936,3882,3636,3936,3909,3693,3917,3956,3931,3933,3927,3927,3963,3916,3979,3413
[M41] raw phase=10 block=32 us=3939,3945,3919,3960,3931,3975,3923,3912,3978,3606,3954,3536,3175,3160,3152,3962
[M41] raw phase=10 block=48 us=3519,3173,3166,3157,3152,3934,3514,3179,3159,3164,3155,3954,3493,3190,3155,3162
[M41] raw phase=10 block=64 us=3783,3890,3365,3158,3167,3161,3924,3576,3172,3170,3163,3163,3959,3508,3177,3153
[M41] raw phase=10 block=80 us=3167,3156,3931,3563,3168,3163,3163,3910,3902,3330,3182,3174,3169,3922,3537,3170
[M41] raw phase=10 block=96 us=3160,3179,3157,3967,3527,3173,3165,3151,3311,3936,3461,3165,3157,3165,3734,3959
[M41] raw phase=10 block=112 us=3346,3166,3163,3154,3951,3509,3183,3157,3165,3167,3930,3502,3164,3155,3154,3164
[M41] raw phase=10 block=128 us=3965,3500,3177,3160,3167,3961,3884,3322,3157,3168,3162,3935,3530,3164,3170,3151
[M41] raw phase=10 block=144 us=3153,3968,3517,3186,3164,3167,3271,3949,3470,3166,3172,3163,3918,3732,3167,3163
[M41] raw phase=10 block=160 us=3159,3165,3919,3557,3189,3153,3162,3153,3934,3576,3171,3176,3164,3610,3956,3397
[M41] raw phase=10 block=176 us=3153,3151,3175,3898,3874,3271,3155,3186,3158,3982,3495,3160,3170,3158,3166,3935
[M41] raw phase=10 block=192 us=3553,3174,3162,3167,3306,3985,3388,3156,3159,3158,3975,3515,3189,3165,3159,3158
[M41] raw phase=10 block=208 us=3937,3567,3177,3171,3154,3157,3981,3517,3195,3157,3161,3615,3939,3358,3163,3170
[M41] raw phase=10 block=224 us=3160,3939,3573,3173,3171,3160,3160,3937,3550,3187,3164,3166,3155,3936,3465,3163
[M41] raw phase=10 block=240 us=3168,3154,3911,3896,3322,3186,3160,3173,3938,3519,3171,3165,3170,3158,3960,3494
[M41] raw phase=10 block=256 us=3176,3159,3162,3176,3955,3423,3174,3156,3167,3676,3985,3330,3178,3160,3162,3969
[M41] raw phase=10 block=272 us=3521,3181,3156,3164,3166,3945,3462,3176,3165,3157,3167,3972,3396,3189,3164,3154
[M41] raw phase=10 block=288 us=3891,3849,3326,3164,3172,3158,3923,3539,3177,3166,3154,3168,3969,3411,3186,3153
[M41] raw phase=10 block=304 us=3167,3166,3937,3492,3174,3164,3164,3908,3780,3199,3169,3166,3174,3936,3387,3177
[M41] raw phase=10 block=320 us=3160,3168,3163,3961,3428,3171,3168,3163,3459,3947,3395,3172,3161,3167,3889,3895
[M41] raw phase=10 block=336 us=3308,3168,3168,3161,3991,3385,3173,3158,3155,3170,3921,3540,3164,3148,3149,3183
[M41] raw phase=10 block=352 us=3969,3476,3181,3154,3158,3974,3666,3201,3154,3150,3155,3923,3493,3164,3167,3149
[M41] raw phase=10 block=368 us=3153,3960,3524,3184,3153,3157,3574,3910,3453,3162,3169,3154,3930,3458,3165,3169
[M41] raw phase=10 block=384 us=3150,3161,3920,3513,3189,3156,3167,3151,3930,3561,3167,3170,3162,3874,3904,3380
[M41] raw phase=10 block=400 us=3179,3161,3179,3919,3488,3163,3161,3163,3155,3974,3525,3174,3155,3165,3172,3924
[M41] raw phase=10 block=416 us=3607,3168,3164,3184,3489,4000,3391,3165,3165,3156,3960,3504,3200,3168,3159,3168
[M41] raw phase=10 block=432 us=3933,3568,3175,3160,3158,3153,3965,3510,3196,3157,3151,3840,3948,3394,3159,3169
[M41] raw phase=10 block=448 us=3156,3924,3573,3171,3164,3162,3160,3953,3550,3183,3158,3167,3162,3929,3576,3174
[M41] raw phase=10 block=464 us=3167,3163,3924,3787,3293,3170,3174,3169,3927,3505,3180,3159,3170,3154,3977,3501
[M41] raw phase=10 block=480 us=3172,3171,3159,3361,3934,3492,3171,3158,3163,3824,3935,3363,3167,3165,3157,3975
[M41] raw phase=10 block=496 us=3533,3188,3160,3152,3162,3929,3595,3168,3154,3153,3159,3970,3517,3198,3162,3163
[M41] raw phase=10 block=512 us=3962,3846,3289,3170,3167
[M41] render min=3108 avg=3422.07 p50=3179 p95=3963 p99=3982 max=4000 headroom_worst_us=1804.989
[M41] UI requested_fps=30 frames=85 achieved_fps=28.323 skipped=4 errors=0 pages=1 submitted=86 refresh_hz=60.645 core_observed=0 audio_core_observed=0
[M41] part=repair avg=7748.88 max=52177
[M41] part=draw avg=3727.79 max=69303
[M41] part=ppa avg=0.00 max=0
[M41] part=cache avg=2068.57 max=4349
[M41] part=submit avg=106.57 max=3554
[M41] part=wait avg=7681.51 max=20668
[M41] part=present avg=10156.65 max=21564
[M41] part=total avg=21641.78 max=118290
[M41] part=dirty_bytes avg=122624.00 max=768000
[M41] part=repair_bytes avg=140645.21 max=768000
[M41] part=cache_span_bytes avg=515878.33 max=768000
[M41] touch polls=300 hz=99.964 errors=0 presses=0 releases=0 drags=0 activity_blocks=0 activity_misses=0
[M41] memory ps_before=30080968 ps_after=30080968 largest_before=29884404 largest_after=29884404 internal_before=505556 internal_after=505556
[M41] phase=11 name=QUEUED_HEAVY audio_core=0 audio_priority=24 ui_core=0 ui_priority=2 touch_core=1 touch_priority=3 window_s=3.001100
[M41] blocks=517 active_min=16 active_max=16 render_misses=0 write_errors=0 timeouts=0 nonzero=132287 silent=0 rails=0 peak_L=4757 peak_R=6035
[M41] raw phase=11 block=0 us=3119,3877,3884,3909,3979,3931,3919,3946,3931,3956,3754,3948,3889,3951,3959,3921
[M41] raw phase=11 block=16 us=3973,3906,3903,3941,3952,3981,3956,3999,3978,3940,3960,3909,3926,3948,3926,3933
[M41] raw phase=11 block=32 us=3931,3968,3920,3959,3928,3932,3954,3928,3957,3912,3938,3911,3948,4002,3955,4002
[M41] raw phase=11 block=48 us=3960,3948,3972,3940,3940,3839,3984,3920,3930,3971,3923,3959,3917,3940,3941,3896
[M41] raw phase=11 block=64 us=3968,3944,3941,3909,3934,3985,3953,4027,3936,3974,3957,3934,3976,3894,3950,3943
[M41] raw phase=11 block=80 us=3928,3974,3925,3980,3933,3964,3920,3932,3965,3895,3976,3897,3925,3939,3924,3998
[M41] raw phase=11 block=96 us=3959,3997,3938,3952,3966,3946,3976,3818,3983,3928,3918,3978,3932,3972,3923,3920
[M41] raw phase=11 block=112 us=3950,3895,3966,3909,3978,3901,3912,3983,3952,4020,3939,3961,3976,3948,3948,3913
[M41] raw phase=11 block=128 us=3840,3952,3924,3962,3901,3964,3918,3985,3929,3917,3930,3958,3931,3924,3935,3937
[M41] raw phase=11 block=144 us=3959,4008,3976,3986,3958,3952,3981,3930,3943,3910,3930,3946,3920,3944,3937,3969
[M41] raw phase=11 block=160 us=3922,3926,3952,3893,3971,3919,3963,3907,3907,3974,3944,3983,3947,3943,3983,3929
[M41] raw phase=11 block=176 us=3963,3893,3921,3929,3916,3970,3918,3965,3930,3933,3913,3920,3934,3921,3953,3910
[M41] raw phase=11 block=192 us=3900,3964,3900,3993,3950,3992,3968,3944,3963,3892,3955,3728,3950,3950,3920,3945
[M41] raw phase=11 block=208 us=3929,3954,3919,3912,3953,3932,3959,3902,3946,3914,3922,4005,3944,4024,3943,3945
[M41] raw phase=11 block=224 us=3995,3946,3977,3884,3960,3928,3934,3961,3932,3973,3921,3936,3943,3922,3964,3917
[M41] raw phase=11 block=240 us=3964,3924,3916,3939,3923,4000,3962,3962,3949,3924,4012,3911,3948,3882,3909,3962
[M41] raw phase=11 block=256 us=3924,3967,3931,3948,3930,3933,3956,3848,3966,3894,3920,3933,3926,3952,3954,3999
[M41] raw phase=11 block=272 us=3962,3956,3986,3951,3985,3888,3856,3945,3918,3966,3930,3964,3920,3917,3955,3928
[M41] raw phase=11 block=288 us=3933,3929,3963,3903,3934,3973,3898,4002,3975,3944,3989,3952,4001,3939,3944,3910
[M41] raw phase=11 block=304 us=3925,3964,3937,3966,3920,3957,3924,3923,3978,3912,3964,3894,3924,3943,3935,3952
[M41] raw phase=11 block=320 us=3952,3986,3938,3953,3994,3964,3998,3896,3894,3955,3913,3981,3932,3964,3921,3926
[M41] raw phase=11 block=336 us=3953,3920,3930,3920,3985,3919,3910,3970,3930,3999,3957,3965,3980,3961,4003,3927
[M41] raw phase=11 block=352 us=3953,3883,3936,3992,3919,3974,3929,3946,3940,3924,3970,3876,3984,3895,3922,3982
[M41] raw phase=11 block=368 us=3895,3994,3953,4018,3955,3959,4016,3937,3949,3902,3918,3948,3930,3962,3924,3977
[M41] raw phase=11 block=384 us=3931,3915,3980,3933,3966,3924,3921,3908,3920,3985,3904,3987,3952,3945,4000,3933
[M41] raw phase=11 block=400 us=3990,3926,3960,3917,3926,3965,3945,3976,3921,3924,3961,3916,3969,3904,3952,3897
[M41] raw phase=11 block=416 us=3929,3930,3939,3978,3964,3983,3953,3963,4018,3931,3982,3904,3828,3976,3929,3980
[M41] raw phase=11 block=432 us=3936,3972,3927,3909,3960,3929,3974,3919,3921,3995,3882,3976,3954,4000,3971,3956
[M41] raw phase=11 block=448 us=4023,3961,4004,3937,3934,3934,3875,3967,3917,3977,3921,3908,3991,3924,3982,3927
[M41] raw phase=11 block=464 us=3978,3906,3928,3974,3894,3980,3948,3958,3967,3942,4000,3953,3957,3900,3943,3907
[M41] raw phase=11 block=480 us=3936,3955,3918,3955,3927,3932,3971,3927,3966,3911,3898,3962,3912,3968,3902,4011
[M41] raw phase=11 block=496 us=3959,3948,4002,3945,4003,3955,3888,3957,3922,3962,3933,3982,3932,3921,3965,3923
[M41] raw phase=11 block=512 us=3972,3909,3937,3935,3889
[M41] render min=3119 avg=3941.18 p50=3943 p95=3999 p99=4018 max=4027 headroom_worst_us=1777.989
[M41] UI requested_fps=10 frames=20 achieved_fps=6.664 skipped=9 errors=0 pages=1 submitted=21 refresh_hz=60.311 core_observed=0 audio_core_observed=0
[M41] part=repair avg=50069.57 max=52526
[M41] part=draw avg=91977.00 max=152144
[M41] part=ppa avg=0.00 max=0
[M41] part=cache avg=3871.05 max=4716
[M41] part=submit avg=28.62 max=44
[M41] part=wait avg=4.48 max=5
[M41] part=present avg=3952.86 max=4803
[M41] part=total avg=146007.95 max=163545
[M41] part=dirty_bytes avg=768000.00 max=768000
[M41] part=repair_bytes avg=737036.19 max=768000
[M41] part=cache_span_bytes avg=768000.00 max=768000
[M41] touch polls=300 hz=99.963 errors=0 presses=0 releases=0 drags=0 activity_blocks=0 activity_misses=0
[M41] memory ps_before=30080968 ps_after=30080968 largest_before=29884404 largest_after=29884404 internal_before=505556 internal_after=505556
[M41] phase=12 name=STATIC_TO_LIGHT audio_core=0 audio_priority=24 ui_core=0 ui_priority=2 touch_core=1 touch_priority=3 window_s=3.001037
[M41] blocks=517 active_min=16 active_max=16 render_misses=0 write_errors=0 timeouts=0 nonzero=132287 silent=0 rails=0 peak_L=4757 peak_R=6035
[M41] raw phase=12 block=0 us=3931,3882,3896,3945,3955,3975,3960,4000,3930,3994,3875,3920,3290,3155,3158,3148
[M41] raw phase=12 block=16 us=3159,3148,3145,3161,3158,3165,3151,3155,3150,3150,3172,3152,3165,3153,3154,3169
[M41] raw phase=12 block=32 us=3152,3164,3148,3149,3156,3150,3160,3149,3164,3157,3157,3168,3155,3168,3158,3160
[M41] raw phase=12 block=48 us=3156,3158,3164,3151,3168,3157,3161,3156,3165,3175,3154,3164,3152,3145,3174,3153
[M41] raw phase=12 block=64 us=3154,3145,3154,3155,3149,3156,3147,3155,3154,3151,3158,3145,3162,3161,3150,3153
[M41] raw phase=12 block=80 us=3155,3156,3152,3163,3150,3151,3156,3151,3163,3151,3161,3149,3148,3168,3147,3157
[M41] raw phase=12 block=96 us=3147,3154,3152,3151,3168,3925,3963,3934,3926,3965,3930,3971,3917,3948,3918,3918
[M41] raw phase=12 block=112 us=3983,3897,3962,3942,3925,3930,3560,3988,3944,3588,3921,3930,3962,3929,3961,3923
[M41] raw phase=12 block=128 us=3913,3958,3940,3480,3942,3970,3938,3926,3954,3930,3973,3946,3960,3508,3915,3687
[M41] raw phase=12 block=144 us=3187,3164,3509,3937,3452,3168,3169,3160,3986,3449,3189,3165,3156,3173,3953,3462
[M41] raw phase=12 block=160 us=3174,3156,3163,3153,3958,3488,3165,3158,3157,3980,3748,3234,3161,3156,3168,3959
[M41] raw phase=12 block=176 us=3464,3178,3158,3154,3169,3964,3534,3188,3158,3165,3919,3900,3391,3168,3160,3162
[M41] raw phase=12 block=192 us=3946,3464,3176,3176,3153,3162,3970,3518,3204,3158,3167,3505,3936,3405,3167,3165
[M41] raw phase=12 block=208 us=3158,3943,3464,3192,3165,3154,3175,3938,3482,3204,3154,3162,3157,3923,3476,3173
[M41] raw phase=12 block=224 us=3163,3154,3986,3725,3191,3157,3162,3177,3946,3455,3168,3155,3172,3159,3970,3536
[M41] raw phase=12 block=240 us=3160,3157,3153,3945,3869,3362,3170,3159,3174,3949,3456,3178,3155,3153,3163,3965
[M41] raw phase=12 block=256 us=3487,3190,3160,3155,3643,3943,3439,3164,3164,3163,3958,3494,3173,3162,3160,3159
[M41] raw phase=12 block=272 us=3967,3462,3190,3156,3164,3236,3920,3459,3164,3165,3164,3944,3626,3203,3173,3157
[M41] raw phase=12 block=288 us=3169,3947,3463,3170,3153,3173,3158,4003,3529,3169,3174,3157,3970,3856,3315,3162
[M41] raw phase=12 block=304 us=3153,3173,3954,3425,3183,3156,3165,3165,3989,3529,3170,3150,3154,3746,3933,3393
[M41] raw phase=12 block=320 us=3167,3157,3161,3952,3466,3176,3164,3152,3161,3981,3499,3207,3155,3158,3278,3936
[M41] raw phase=12 block=336 us=3486,3161,3166,3161,3942,3650,3178,3169,3159,3162,3953,3452,3184,3155,3160,3154
[M41] raw phase=12 block=352 us=3931,3561,3174,3165,3151,3972,3854,3292,3167,3150,3168,3945,3458,3164,3148,3159
[M41] raw phase=12 block=368 us=3154,3976,3504,3168,3153,3150,3853,3868,3402,3158,3154,3167,3943,3449,3165,3151
[M41] raw phase=12 block=384 us=3153,3164,3978,3474,3190,3157,3169,3423,3929,3504,3160,3160,3155,3938,3639,3192
[M41] raw phase=12 block=400 us=3182,3161,3164,3979,3454,3193,3155,3162,3159,3956,3574,3178,3163,3155,3236,3970
[M41] raw phase=12 block=416 us=3480,3187,3157,3171,3950,3454,3198,3153,3164,3161,3935,3513,3168,3171,3154,3181
[M41] raw phase=12 block=432 us=3934,3541,3165,3155,3180,3578,3967,3352,3162,3172,3162,3991,3479,3174,3156,3154
[M41] raw phase=12 block=448 us=3163,3933,3562,3170,3154,3166,3158,3968,3521,3163,3151,3161,3939,3909,3443,3172
[M41] raw phase=12 block=464 us=3160,3157,3941,3606,3178,3164,3154,3156,3966,3527,3200,3154,3162,3163,3937,3541
[M41] raw phase=12 block=480 us=3159,3175,3172,3570,3992,3424,3182,3156,3156,3943,3502,3193,3157,3181,3159,3940
[M41] raw phase=12 block=496 us=3578,3167,3181,3161,3164,3930,3533,3194,3154,3164,3893,3904,3369,3166,3165,3158
[M41] raw phase=12 block=512 us=3970,3532,3172,3169,3163
[M41] transition request_block=100 inflight=0 around_blocks=80..179 max_us=3988 misses=0 idle_observations=303
[M41] render min=3145 avg=3398.28 p50=3172 p95=3968 p99=3989 max=4003 headroom_worst_us=1801.989
[M41] UI requested_fps=0 frames=70 achieved_fps=23.325 skipped=19 errors=0 pages=1 submitted=69 refresh_hz=60.646 core_observed=0 audio_core_observed=0
[M41] part=repair avg=7670.80 max=52094
[M41] part=draw avg=4246.71 max=69373
[M41] part=ppa avg=0.00 max=0
[M41] part=cache avg=2144.33 max=4303
[M41] part=submit avg=28.93 max=36
[M41] part=wait avg=19637.30 max=26634
[M41] part=present avg=22218.55 max=27213
[M41] part=total avg=34145.00 max=118560
[M41] part=dirty_bytes avg=124490.20 max=768000
[M41] part=repair_bytes avg=146216.81 max=768000
[M41] part=cache_span_bytes avg=516028.75 max=768000
[M41] touch polls=300 hz=99.965 errors=0 presses=0 releases=0 drags=0 activity_blocks=0 activity_misses=0
[M41] memory ps_before=30080968 ps_after=30080968 largest_before=29884404 largest_after=29884404 internal_before=505556 internal_after=505556
[M41] phase=13 name=LIGHT_TO_STATIC audio_core=0 audio_priority=24 ui_core=0 ui_priority=2 touch_core=1 touch_priority=3 window_s=3.001084
[M41] blocks=517 active_min=16 active_max=16 render_misses=0 write_errors=0 timeouts=0 nonzero=132287 silent=0 rails=0 peak_L=4757 peak_R=6035
[M41] raw phase=13 block=0 us=3122,3880,3841,3910,3920,3935,3899,3960,3934,3890,3801,3900,3995,3892,3974,3925
[M41] raw phase=13 block=16 us=3925,3963,3929,3971,3930,3922,3965,3884,3902,3927,3962,3926,3932,3976,3936,3955
[M41] raw phase=13 block=32 us=3927,3931,3737,3924,3549,3169,3164,3159,3946,3535,3190,3171,3158,3590,3938,3352
[M41] raw phase=13 block=48 us=3184,3159,3169,3944,3449,3172,3157,3167,3161,3981,3465,3179,3160,3157,3203,3938
[M41] raw phase=13 block=64 us=3476,3164,3154,3165,3938,3744,3180,3156,3156,3169,3987,3452,3192,3157,3159,3168
[M41] raw phase=13 block=80 us=3949,3580,3169,3157,3155,3894,3901,3319,3182,3151,3161,3989,3430,3193,3157,3162
[M41] raw phase=13 block=96 us=3159,3944,3523,3167,3165,3156,3154,3156,3162,3166,3153,3174,3156,3164,3174,3154
[M41] raw phase=13 block=112 us=3163,3158,3164,3154,3157,3166,3153,3171,3151,3157,3153,3157,3177,3155,3166,3159
[M41] raw phase=13 block=128 us=3155,3175,3163,3168,3154,3160,3157,3156,3171,3156,3168,3153,3163,3179,3153,3163
[M41] raw phase=13 block=144 us=3156,3156,3146,3154,3155,3145,3172,3156,3148,3151,3147,3165,3149,3161,3147,3152
[M41] raw phase=13 block=160 us=3166,3150,3164,3147,3152,3152,3149,3167,3149,3158,3152,3149,3159,3153,3155,3147
[M41] raw phase=13 block=176 us=3140,3139,3142,3152,3140,3162,3144,3143,3150,3141,3157,3145,3151,3139,3145,3159
[M41] raw phase=13 block=192 us=3147,3159,3144,3144,3150,3140,3154,3148,3157,3153,3152,3160,3161,3163,3148,3151
[M41] raw phase=13 block=208 us=3144,3142,3156,3142,3152,3141,3146,3143,3148,3163,3152,3161,3146,3153,3162,3147
[M41] raw phase=13 block=224 us=3165,3146,3152,3163,3157,3161,3156,3156,3155,3144,3146,3145,3156,3153,3149,3150
[M41] raw phase=13 block=240 us=3149,3162,3152,3155,3154,3154,3149,3159,3165,3147,3158,3148,3149,3157,3149,3160
[M41] raw phase=13 block=256 us=3153,3149,3157,3152,3166,3159,3162,3156,3161,3158,3146,3161,3152,3151,3146,3154
[M41] raw phase=13 block=272 us=3159,3155,3158,3145,3150,3148,3170,3158,3151,3165,3149,3157,3165,3147,3156,3153
[M41] raw phase=13 block=288 us=3158,3149,3148,3161,3155,3162,3150,3147,3147,3148,3161,3144,3155,3150,3148,3162
[M41] raw phase=13 block=304 us=3163,3159,3148,3144,3146,3158,3161,3151,3165,3150,3158,3167,3148,3155,3153,3158
[M41] raw phase=13 block=320 us=3152,3160,3160,3154,3176,3158,3152,3147,3156,3176,3145,3154,3146,3150,3156,3168
[M41] raw phase=13 block=336 us=3159,3152,3155,3148,3160,3167,3150,3159,3157,3156,3162,3151,3157,3147,3153,3150
[M41] raw phase=13 block=352 us=3151,3159,3151,3174,3155,3157,3154,3145,3173,3154,3160,3144,3148,3162,3147,3172
[M41] raw phase=13 block=368 us=3149,3148,3154,3146,3165,3148,3162,3155,3155,3160,3154,3160,3148,3158,3149,3152
[M41] raw phase=13 block=384 us=3161,3153,3167,3154,3159,3160,3153,3165,3162,3164,3144,3152,3164,3149,3163,3149
[M41] raw phase=13 block=400 us=3152,3156,3150,3159,3153,3162,3160,3153,3164,3148,3159,3152,3153,3148,3149,3164
[M41] raw phase=13 block=416 us=3153,3159,3157,3156,3160,3155,3167,3146,3157,3149,3146,3161,3147,3165,3148,3158
[M41] raw phase=13 block=432 us=3163,3150,3157,3151,3162,3156,3156,3150,3152,3158,3156,3151,3148,3148,3157,3154
[M41] raw phase=13 block=448 us=3160,3154,3153,3158,3158,3166,3151,3165,3151,3149,3154,3147,3156,3149,3147,3155
[M41] raw phase=13 block=464 us=3151,3161,3157,3156,3157,3158,3153,3148,3166,3153,3148,3154,3146,3155,3152,3161
[M41] raw phase=13 block=480 us=3150,3146,3150,3161,3167,3155,3168,3145,3164,3166,3147,3155,3151,3145,3147,3159
[M41] raw phase=13 block=496 us=3160,3149,3159,3145,3149,3151,3158,3162,3158,3158,3157,3151,3157,3160,3158,3149
[M41] raw phase=13 block=512 us=3155,3150,3154,3157,3151
[M41] transition request_block=100 inflight=1 around_blocks=80..179 max_us=3989 misses=0 idle_observations=1459
[M41] render min=3122 avg=3234.49 p50=3156 p95=3929 p99=3974 max=3995 headroom_worst_us=1809.989
[M41] UI requested_fps=30 frames=16 achieved_fps=5.331 skipped=2 errors=0 pages=1 submitted=15 refresh_hz=60.312 core_observed=0 audio_core_observed=0
[M41] part=repair avg=11758.27 max=52211
[M41] part=draw avg=8219.80 max=69693
[M41] part=ppa avg=0.00 max=0
[M41] part=cache avg=1501.00 max=4342
[M41] part=submit avg=28.47 max=35
[M41] part=wait avg=17128.87 max=26603
[M41] part=present avg=19185.13 max=27198
[M41] part=total avg=39172.13 max=77029
[M41] part=dirty_bytes avg=158549.33 max=768000
[M41] part=repair_bytes avg=204561.07 max=768000
[M41] part=cache_span_bytes avg=555552.00 max=768000
[M41] touch polls=300 hz=99.964 errors=0 presses=0 releases=0 drags=0 activity_blocks=0 activity_misses=0
[M41] memory ps_before=30080968 ps_after=30080968 largest_before=29884404 largest_after=29884404 internal_before=505556 internal_after=505556
[M41] phase=14 name=LIGHT_TO_HEAVY audio_core=0 audio_priority=24 ui_core=0 ui_priority=2 touch_core=1 touch_priority=3 window_s=3.001108
[M41] blocks=517 active_min=16 active_max=16 render_misses=0 write_errors=0 timeouts=0 nonzero=132287 silent=0 rails=0 peak_L=4757 peak_R=6035
[M41] raw phase=14 block=0 us=3125,3882,3810,3953,3947,3936,3929,3918,3930,3940,3822,3854,3994,3845,3917,3958
[M41] raw phase=14 block=16 us=3916,3949,3919,3937,3918,3920,3964,3883,3948,3918,3930,3953,3910,3966,3917,3956
[M41] raw phase=14 block=32 us=3939,3858,3760,3910,3500,3152,3522,3943,3349,3177,3150,3169,3951,3398,3169,3156
[M41] raw phase=14 block=48 us=3173,3162,3960,3439,3180,3174,3156,3241,3951,3468,3163,3154,3172,3941,3683,3176
[M41] raw phase=14 block=64 us=3161,3170,3159,3992,3441,3189,3155,3160,3173,3944,3602,3168,3164,3154,3908,3924
[M41] raw phase=14 block=80 us=3313,3180,3155,3167,3981,3440,3189,3159,3160,3170,3943,3574,3173,3166,3154,3712
[M41] raw phase=14 block=96 us=3945,3355,3171,3155,3166,3958,3914,3993,3938,3940,3923,3933,3935,3951,3996,3953
[M41] raw phase=14 block=112 us=4024,3943,3937,3984,3897,3881,3942,3939,3971,3928,3956,3939,3969,3920,3930,3939
[M41] raw phase=14 block=128 us=3892,3973,3909,3929,3934,3928,4003,3951,3995,3976,3967,3976,3902,3985,3692,4015
[M41] raw phase=14 block=144 us=3936,3932,3978,3927,3960,3934,3933,3944,3927,3956,3928,3970,3910,3908,3991,3965
[M41] raw phase=14 block=160 us=4025,3961,3972,3973,3948,3953,3915,3933,3946,3929,3950,3910,3973,3926,3968,3930
[M41] raw phase=14 block=176 us=3918,3951,3944,3939,3915,3928,3950,3957,4011,3950,4000,3951,3948,3983,3939,3935
[M41] raw phase=14 block=192 us=3910,3953,3934,3920,3969,3937,3957,3928,3926,3957,3896,3973,3911,3965,3905,3902
[M41] raw phase=14 block=208 us=3960,3956,4008,3969,3948,3984,3961,3978,3899,3919,3941,3920,3949,3925,3964,3930
[M41] raw phase=14 block=224 us=3945,3924,3926,3924,3934,3974,3907,3946,3979,3937,4007,3974,3980,3975,3962,4002
[M41] raw phase=14 block=240 us=3955,3933,3923,3900,3951,3923,3976,3933,3969,3933,3922,3965,3932,3993,3906,3940
[M41] raw phase=14 block=256 us=3923,3921,3981,3947,4003,3959,3943,3985,3953,4012,3918,3955,3891,3926,3955,3931
[M41] raw phase=14 block=272 us=3963,3924,3923,3942,3930,3968,3920,3978,3920,3906,3949,3926,3996,3950,3980,3949
[M41] raw phase=14 block=288 us=3951,3987,3914,3943,3925,3915,3945,3931,3970,3930,3978,3915,3932,3946,3894,3975
[M41] raw phase=14 block=304 us=3894,3934,3951,3908,3988,3961,4007,3965,3967,3994,3949,3977,3883,3933,3928,3917
[M41] raw phase=14 block=320 us=3984,3931,3985,3930,3916,3983,3927,3955,3918,3985,3909,3923,3963,3910,4013,3944
[M41] raw phase=14 block=336 us=3944,3974,3943,4003,3929,3935,3898,3934,3965,3924,3991,3923,3986,3918,3924,3963
[M41] raw phase=14 block=352 us=3894,3958,3933,3906,3969,3903,3931,3939,3997,3938,3950,3993,3938,3982,3924,3877
[M41] raw phase=14 block=368 us=3947,3931,3953,3932,3964,3924,3924,3961,3922,3976,3928,3961,3922,3867,3965,3946
[M41] raw phase=14 block=384 us=3987,3969,3973,3994,3954,4006,3918,3953,3890,3928,3964,3910,3972,3936,3940,3934
[M41] raw phase=14 block=400 us=3934,3981,3905,3992,3888,3930,3986,3917,3983,3971,3999,3948,3945,4003,3958,3982
[M41] raw phase=14 block=416 us=3876,3922,3947,3933,3965,3928,3982,3937,3924,3962,3926,3945,3935,3926,3916,3910
[M41] raw phase=14 block=432 us=3959,3940,3996,3950,3941,3998,3945,4010,3932,3967,3899,3953,3977,3934,3977,3920
[M41] raw phase=14 block=448 us=3935,3951,3922,3980,3852,3977,3921,3907,3972,3933,3979,3974,3980,3956,3976,4020
[M41] raw phase=14 block=464 us=3937,4018,3905,3914,3956,3926,3960,3931,3975,3932,3925,3977,3941,3998,3918,3913
[M41] raw phase=14 block=480 us=3978,3908,3967,3948,3993,3963,3939,4002,3953,3999,3941,3938,3921,3866,3965,3936
[M41] raw phase=14 block=496 us=4006,3927,3916,3965,3924,3959,3915,3983,3880,3927,3952,3914,3969,3934,3949,3980
[M41] raw phase=14 block=512 us=3958,4007,3974,3996,3892
[M41] transition request_block=100 inflight=1 around_blocks=80..179 max_us=4025 misses=0 idle_observations=0
[M41] render min=3125 avg=3871.67 p50=3938 p95=3998 p99=4013 max=4025 headroom_worst_us=1779.989
[M41] UI requested_fps=30 frames=30 achieved_fps=9.996 skipped=9 errors=0 pages=1 submitted=32 refresh_hz=60.644 core_observed=0 audio_core_observed=0
[M41] part=repair avg=31816.69 max=52583
[M41] part=draw avg=51192.84 max=92676
[M41] part=ppa avg=0.00 max=0
[M41] part=cache avg=2670.50 max=4749
[M41] part=submit avg=28.66 max=42
[M41] part=wait avg=7911.97 max=26650
[M41] part=present avg=10659.50 max=27210
[M41] part=total avg=93804.34 max=145557
[M41] part=dirty_bytes avg=482320.00 max=768000
[M41] part=repair_bytes avg=483600.00 max=768000
[M41] part=cache_span_bytes avg=668415.00 max=768000
[M41] touch polls=301 hz=100.296 errors=0 presses=0 releases=0 drags=0 activity_blocks=0 activity_misses=0
[M41] memory ps_before=30080968 ps_after=30080968 largest_before=29884404 largest_after=29884404 internal_before=505556 internal_after=505556
[M41] phase=15 name=HEAVY_TO_LIGHT audio_core=0 audio_priority=24 ui_core=0 ui_priority=2 touch_core=1 touch_priority=3 window_s=3.001045
[M41] blocks=517 active_min=16 active_max=16 render_misses=0 write_errors=0 timeouts=0 nonzero=132287 silent=0 rails=0 peak_L=4757 peak_R=6035
[M41] raw phase=15 block=0 us=3881,3901,3879,3953,3931,3950,3943,3928,3957,3936,3965,3936,3939,3945,3939,3986
[M41] raw phase=15 block=16 us=3916,3992,3835,3718,3994,3928,3992,3916,3926,3933,3931,3979,3940,4009,3932,3953
[M41] raw phase=15 block=32 us=4007,3948,3993,3932,3975,3750,3924,3980,3922,3966,3928,3940,3963,3941,3990,3916
[M41] raw phase=15 block=48 us=3955,3896,3906,3967,3917,3987,3944,3938,3953,3967,3967,3958,3945,3917,3629,3963
[M41] raw phase=15 block=64 us=3927,3980,3932,3953,3922,3932,3950,3949,3919,3931,3939,3950,3947,3973,3906,4008
[M41] raw phase=15 block=80 us=3954,3937,3989,3951,3978,3814,3925,3659,3940,3955,3930,3977,3930,3945,3952,3919
[M41] raw phase=15 block=96 us=3991,3957,3950,3934,3902,3968,3922,3964,3938,3954,3971,3972,4010,3931,3951,3935
[M41] raw phase=15 block=112 us=3689,3994,3925,3963,3936,3950,3930,3929,3980,3932,3903,3932,3912,3964,3906,3956
[M41] raw phase=15 block=128 us=3943,3965,3665,3939,3966,3858,3968,3921,3928,3934,3921,3977,3932,3967,3930,3875
[M41] raw phase=15 block=144 us=3910,3925,3969,3932,3943,3937,3930,3963,3926,3940,3744,3910,3495,3168,3173,3161
[M41] raw phase=15 block=160 us=3990,3529,3169,3163,3152,3939,3881,3344,3158,3155,3170,3949,3494,3167,3149,3151
[M41] raw phase=15 block=176 us=3155,3966,3521,3175,3155,3153,3647,3923,3417,3158,3149,3148,3942,3473,3169,3160
[M41] raw phase=15 block=192 us=3148,3162,3975,3449,3188,3149,3160,3237,3922,3495,3158,3168,3153,3933,3741,3181
[M41] raw phase=15 block=208 us=3169,3149,3166,3946,3458,3189,3153,3158,3160,3947,3573,3164,3165,3155,3957,3862
[M41] raw phase=15 block=224 us=3329,3176,3158,3179,3965,3389,3170,3155,3168,3158,3985,3471,3161,3153,3154,3756
[M41] raw phase=15 block=240 us=3922,3447,3159,3155,3184,3946,3480,3173,3155,3160,3157,3982,3502,3187,3161,3157
[M41] raw phase=15 block=256 us=3326,3944,3494,3168,3162,3156,3938,3638,3192,3167,3152,3161,3988,3451,3186,3153
[M41] raw phase=15 block=272 us=3168,3159,3947,3583,3168,3168,3154,3906,3840,3332,3170,3157,3174,3961,3409,3179
[M41] raw phase=15 block=288 us=3162,3173,3168,3962,3566,3167,3162,3160,3867,3924,3382,3162,3158,3177,3944,3464
[M41] raw phase=15 block=304 us=3179,3160,3166,3161,3980,3461,3184,3161,3156,3355,3948,3431,3171,3153,3155,3941
[M41] raw phase=15 block=320 us=3578,3187,3162,3161,3173,3994,3485,3201,3153,3154,3160,3949,3577,3174,3164,3158
[M41] raw phase=15 block=336 us=3899,3903,3276,3174,3162,3169,3984,3475,3190,3160,3164,3159,3938,3594,3172,3162
[M41] raw phase=15 block=352 us=3163,3881,3946,3361,3180,3169,3175,3950,3444,3173,3163,3164,3162,3980,3472,3174
[M41] raw phase=15 block=368 us=3170,3152,3507,3950,3456,3165,3161,3175,3947,3560,3178,3152,3154,3161,3980,3478
[M41] raw phase=15 block=384 us=3189,3159,3159,3167,3938,3569,3170,3155,3158,3951,3808,3217,3177,3156,3166,3986
[M41] raw phase=15 block=400 us=3433,3187,3151,3163,3161,3941,3559,3175,3170,3153,3879,3910,3374,3188,3154,3170
[M41] raw phase=15 block=416 us=3960,3399,3197,3157,3169,3162,3940,3514,3171,3171,3155,3563,3918,3412,3179,3156
[M41] raw phase=15 block=432 us=3168,3959,3471,3173,3158,3170,3160,3981,3451,3170,3154,3154,3177,3928,3516,3173
[M41] raw phase=15 block=448 us=3155,3171,3947,3752,3221,3159,3161,3160,4002,3414,3192,3165,3160,3170,3949,3568
[M41] raw phase=15 block=464 us=3168,3158,3155,3888,3893,3315,3187,3155,3168,3994,3410,3185,3153,3168,3158,3948
[M41] raw phase=15 block=480 us=3551,3183,3169,3156,3531,3997,3382,3186,3154,3167,3951,3398,3180,3158,3171,3167
[M41] raw phase=15 block=496 us=3963,3479,3167,3165,3160,3236,3938,3491,3171,3155,3160,3945,3702,3182,3153,3173
[M41] raw phase=15 block=512 us=3164,3988,3486,3170,3161
[M41] transition request_block=100 inflight=1 around_blocks=80..179 max_us=4010 misses=0 idle_observations=0
[M41] render min=3148 avg=3548.48 p50=3486 p95=3981 p99=3997 max=4010 headroom_worst_us=1794.989
[M41] UI requested_fps=10 frames=71 achieved_fps=23.658 skipped=7 errors=0 pages=2 submitted=71 refresh_hz=60.312 core_observed=0 audio_core_observed=0
[M41] part=repair avg=9791.61 max=52342
[M41] part=draw avg=10618.25 max=156792
[M41] part=ppa avg=0.00 max=0
[M41] part=cache avg=2007.49 max=4460
[M41] part=submit avg=28.51 max=36
[M41] part=wait avg=19652.69 max=26662
[M41] part=present avg=21838.87 max=27221
[M41] part=total avg=42257.54 max=209717
[M41] part=dirty_bytes avg=161034.82 max=768000
[M41] part=repair_bytes avg=182062.87 max=768000
[M41] part=cache_span_bytes avg=531876.06 max=768000
[M41] touch polls=300 hz=99.965 errors=0 presses=0 releases=0 drags=0 activity_blocks=0 activity_misses=0
[M41] memory ps_before=30080968 ps_after=30080968 largest_before=29884404 largest_after=29884404 internal_before=505556 internal_after=505556
[M41] phase=16 name=PAGE_TO_LIGHT audio_core=0 audio_priority=24 ui_core=0 ui_priority=2 touch_core=1 touch_priority=3 window_s=3.001087
[M41] blocks=517 active_min=16 active_max=16 render_misses=0 write_errors=0 timeouts=0 nonzero=132287 silent=0 rails=0 peak_L=4757 peak_R=6035
[M41] raw phase=16 block=0 us=3109,3109,3881,3889,3928,3879,3954,3926,3938,3928,3934,3700,3924,3958,3834,3987
[M41] raw phase=16 block=16 us=3910,3930,3943,3920,3957,3917,3961,3920,3834,3938,3935,3953,3919,3928,3947,3918
[M41] raw phase=16 block=32 us=3987,3913,3820,3893,3911,3379,3164,3977,3515,3175,3152,3156,3916,3880,3378,3163
[M41] raw phase=16 block=48 us=3155,3162,3953,3421,3173,3168,3159,3170,3981,3480,3183,3155,3159,3504,3942,3454
[M41] raw phase=16 block=64 us=3162,3161,3154,3940,3491,3190,3164,3157,3173,3955,3451,3189,3160,3164,3164,3918
[M41] raw phase=16 block=80 us=3516,3178,3164,3155,3990,3692,3220,3174,3157,3176,3949,3474,3171,3154,3169,3157
[M41] raw phase=16 block=96 us=3976,3534,3177,3155,3155,3917,3901,3955,3963,3899,3967,3950,3965,3926,3917,3501
[M41] raw phase=16 block=112 us=3966,3971,3485,3974,3923,3933,3965,3932,3967,3930,3928,3958,3499,3969,3939,3974
[M41] raw phase=16 block=128 us=3918,3926,3972,3929,3970,3942,3445,3938,3646,3202,3158,3172,3939,3509,3169,3170
[M41] raw phase=16 block=144 us=3171,3157,3968,3481,3173,3172,3157,3215,3954,3483,3169,3153,3170,3918,3781,3190
[M41] raw phase=16 block=160 us=3155,3160,3155,3973,3519,3195,3162,3159,3178,3939,3573,3168,3151,3158,3563,3994
[M41] raw phase=16 block=176 us=3372,3174,3160,3156,3953,3918,3301,3180,3162,3164,3938,3555,3171,3171,3154,3152
[M41] raw phase=16 block=192 us=3962,3488,3190,3155,3169,3216,3949,3427,3187,3176,3155,3937,3488,3170,3169,3156
[M41] raw phase=16 block=208 us=3172,3938,3544,3159,3161,3166,3168,3964,3451,3175,3163,3161,3550,3953,3362,3172
[M41] raw phase=16 block=224 us=3157,3165,3941,3513,3160,3153,3165,3159,3972,3468,3164,3166,3155,3171,3948,3412
[M41] raw phase=16 block=240 us=3184,3156,3160,3835,3909,3338,3176,3161,3160,3966,3522,3182,3156,3153,3156,3935
[M41] raw phase=16 block=256 us=3456,3172,3172,3157,3168,3983,3447,3181,3164,3153,3554,3940,3414,3165,3162,3155
[M41] raw phase=16 block=272 us=3939,3477,3170,3163,3162,3171,3945,3417,3178,3168,3164,3161,3920,3502,3167,3163
[M41] raw phase=16 block=288 us=3156,3911,3808,3342,3180,3156,3170,3957,3372,3179,3161,3164,3164,3963,3485,3170
[M41] raw phase=16 block=304 us=3156,3154,3161,3927,3537,3170,3158,3171,3945,3779,3197,3154,3153,3175,3986,3442
[M41] raw phase=16 block=320 us=3196,3155,3162,3162,3924,3536,3168,3162,3159,3373,3997,3380,3187,3160,3160,3899
[M41] raw phase=16 block=336 us=3883,3373,3162,3168,3160,3917,3499,3167,3169,3154,3150,3958,3483,3179,3154,3169
[M41] raw phase=16 block=352 us=3154,3917,3548,3165,3162,3155,3921,3814,3254,3180,3148,3166,3921,3532,3171,3155
[M41] raw phase=16 block=368 us=3173,3148,3936,3481,3170,3168,3160,3430,3937,3428,3157,3147,3157,3915,3566,3166
[M41] raw phase=16 block=384 us=3152,3163,3148,3969,3482,3180,3155,3163,3169,3922,3565,3161,3158,3157,3738,3980
[M41] raw phase=16 block=400 us=3374,3189,3159,3156,3961,3489,3189,3155,3162,3160,3923,3560,3172,3163,3165,3159
[M41] raw phase=16 block=416 us=3974,3539,3197,3166,3153,3418,3936,3486,3171,3168,3153,3928,3579,3167,3168,3164
[M41] raw phase=16 block=432 us=3171,3929,3550,3195,3155,3162,3154,3918,3546,3175,3165,3155,3774,3921,3408,3165
[M41] raw phase=16 block=448 us=3163,3178,3925,3548,3169,3153,3169,3160,3975,3510,3170,3156,3165,3165,3939,3571
[M41] raw phase=16 block=464 us=3178,3161,3165,3878,3921,3308,3162,3175,3153,3970,3492,3192,3163,3153,3154,3920
[M41] raw phase=16 block=480 us=3529,3187,3165,3156,3234,3996,3478,3185,3164,3154,3784,3936,3447,3173,3166,3161
[M41] raw phase=16 block=496 us=3940,3614,3175,3169,3156,3159,3967,3550,3187,3159,3175,3153,3938,3571,3177,3173
[M41] raw phase=16 block=512 us=3154,3946,3843,3309,3181
[M41] transition request_block=100 inflight=1 around_blocks=80..179 max_us=3994 misses=0 idle_observations=0
[M41] render min=3109 avg=3449.05 p50=3189 p95=3967 p99=3987 max=3997 headroom_worst_us=1807.989
[M41] UI requested_fps=30 frames=86 achieved_fps=28.656 skipped=5 errors=0 pages=2 submitted=85 refresh_hz=60.645 core_observed=0 audio_core_observed=0
[M41] part=repair avg=8189.91 max=52433
[M41] part=draw avg=4609.04 max=69496
[M41] part=ppa avg=0.00 max=0
[M41] part=cache avg=2179.94 max=4577
[M41] part=submit avg=108.32 max=3629
[M41] part=wait avg=6361.38 max=26688
[M41] part=present avg=8950.45 max=27245
[M41] part=total avg=21757.73 max=80348
[M41] part=dirty_bytes avg=130397.36 max=768000
[M41] part=repair_bytes avg=148582.40 max=768000
[M41] part=cache_span_bytes avg=525024.75 max=768000
[M41] touch polls=300 hz=99.964 errors=0 presses=0 releases=0 drags=0 activity_blocks=0 activity_misses=0
[M41] memory ps_before=30080968 ps_after=30080968 largest_before=29884404 largest_after=29884404 internal_before=505556 internal_after=505556
[M41] touch_coverage_bits=0 event_count=0 overflow=0 shared_codec=ESP_OK shared_touch=ESP_OK
[M41] heap_loss psram=0 internal=0 largest_before=29884404 largest_after=29884404 workers=3 drain_errors=0 shutdown=ESP_OK result=PASS
[MEM] M41 after audio shutdown PSRAM total=33554432 free=30081016 largest=29884404 internal_free=510852
