ESP-ROM:esp32p4-eco2-20240710
Build:Jul 10 2024
rst:0x17 (CHIP_USB_UART_RESET),boot:0x30f (SPI_FAST_FLASH_BOOT)
Core0 Saved PC:0x400137ce
Core1 Saved PC:0x4ff02d26
SPI mode:DIO, clock div:1
load:0x4ff33ce0,len:0x11dc
load:0x4ff29ed0,len:0xccc
load:0x4ff2cbd0,len:0x3568
entry 0x4ff29ed0
PSRAM PRE DELAY: 31246012
PSRAM POST DELAY: 30885556
[AUDIO] I2C init OK
[AUDIO] ES8311 found at 0x18
[AUDIO] I2S init 44100/16 OK, MCLK=11289600 Hz
[AUDIO] ES8311 playback configured (capture serial port disabled)
[AUDIO] PA GPIO11 enabled
[M13 fixture] voices=16 frames=65536 bytes=2097152 psram=1
[M6 budget] total=33554432 display=2304000 fx_delay=352800 samples=0 reserve=4194304 free=28616312 largest=28311540 internal=275224
E (3644) sdmmc_common: sdmmc_init_ocr: send_op_cond (1) returned 0x107
E (3645) vfs_fat_sdmmc: sdmmc_card_init failed (0x107).
[  1382][E][SD_MMC.cpp:307] begin(): Failed to initialize the card (0x107). Make sure SD card lines have pull-up resistors in place.
[M6 SD] mounted=0 width=4 clock_khz=20000 mount_us=264396 capacity=0 status=NO CARD / MOUNT ERROR
[M5] blocks=10337 p50=3128 p95=3409 p99=3490 max=3723 misses=0 failures=0 timeouts=0 peak=4708 nonzero=5228397 rails=0 active_min=0 active_max=16
[M8 groove] parents=12894 passed=12096 skipped=798 ratchets=34569 pending_max=48 velocity_min=1 velocity_max=127 swing_changes=6
[M8 worst] blocks=2068 bpm=240 voices=16 ratchet=4 swing=50 delay=1 max=3723 triggers=12304 triggers_per_second=1024
[MEM] M8 after 60s PSRAM total=33554432 free=28616312 largest=28311540 internal_free=274216
[M10 locks] locked=11996 unlocked=100 pitch=11790 volume=11733 pan=11786 wave=0 pattern_bytes=3106 bank_bytes=49696 engine_bytes=52064
[M11 tone] cutoff=565 resonance=563 send=565 cutoff_min=0 cutoff_max=127 resonance_min=0 resonance_max=127 send_min=0 send_max=127 blocks=561 max=3723 dense=2068 dense_max=3723
[M12 locks] cutoff=11773 resonance=11777 send=11795 coefficients=12585 avoided=35650 send_changes=12494 coefficient_blocks=1031 coefficient_max=3595 edit_blocks=171 edit_max=3572 commands=138 step_bytes=9 event_bytes=20 voice_bytes=384 idle_residue=16
[M16 project] state_bytes=53128 file_bytes=52637 snapshot_blocks=51 snapshot_max=3392 apply_blocks=312 apply_max=2022 fixtures=3 fixture_errors=0 dirty=1 physical_pending=1
[M13 dense] blocks=2068 active_min=16
[M13 playback] triggers=47056 reverse=16570 gate=34794 releases=12767 ends=67 choke_ops=7632 choked=3986 retriggers=42793 region_min=1 region_max=65536 max=3723 choke_max=3595 retrigger_max=3723 voice_bytes=64 track_bytes=116 event_bytes=20
[M15 locks] locked=8860 unlocked=2424 unsliced=812 requested_min=0 requested_max=15 resolved_min=0 resolved_max=15 clamped=2166 edits=223 ui_edits=44 align=1 requested_seen=65535 resolved_seen=65535
[M14 slices] triggers=43896 auditions=21 index_min=0 index_max=15 frames_min=1 frames_max=65536 active_changes=43 divides=110 adds=21 deletes=22 resets=22 edit_blocks=377 edit_max=3572 slice_bytes=4 bank_bytes=66 sample_bytes=1556
[M10 worst] blocks=2068 max=3723
[M9 tools] rotate=27 reverse=21 copy_track=22 clear_track=14 duplicate=21 euclidean=13 randomize=18 mutate=15 reroll=15 blocks=145 dense_blocks=100 max=3723
[M5 UI] seconds=63.042 submitted=1322 completed=1322 dirty_avg=211265 dirty_max=768000 full=158 preparation_max_us=115138 touch_errors=0 rejected=0 pads=4 steps=8 drags=77 pages=22 transport=0 bpm=0 skipped=187
[M7 patterns] switches=7 loops=68 selections=28 copies=4 clears=4 lengths=16 solos=8 mutes=8 normal_frames=1164 dirty_avg=135694 dirty_max=502784 pattern_bytes=3106 command_bytes=12
[M7 applied] long_to_short=3 short_to_long=3 queue_replacements=12 copies=4 clears=4 lengths=15 solos=8 mutes=8 steps=8
[M9 UI] entries=3 copies=3 randomize=6 cell_max=16 edit_full=0
[M12 UI] entries=16 edits=45 widgets_max=2 edit_full=0
[M11 UI] entries=13 edits=34 widgets_max=1 edit_full=0
[M10 UI] entries=32 edits=92 widgets_max=2 edit_full=0
[M13 UI] entries=18 edits=34 widgets_max=3 edit_full=0
[M14 UI] entries=80 edits=249 edit_full=0 waveform_first_us=111707 waveform_redraw_max_us=17520 slice_redraw_max_us=69134 build_count=17 build_max_us=359376 large_us=359376 cache_bytes=1440 page_max_us=115130 drag_dirty_max=280576
[M5 memory] ps_before=28616312 ps_after=28616312 internal_before=274216 internal_after=274216 largest_before=28311540 largest_after=28311540
