ESP-ROM:esp32p4-eco2-20240710
Build:Jul 10 2024
rst:0x17 (CHIP_USB_UART_RESET),boot:0x30f (SPI_FAST_FLASH_BOOT)
Core0 Saved PC:0x4ff02d26
Core1 Saved PC:0x4ff02d26
SPI mode:DIO, clock div:1
load:0x4ff33ce0,len:0x11dc
load:0x4ff29ed0,len:0xccc
load:0x4ff2cbd0,len:0x3568
entry 0x4ff29ed0
PSRAM PRE DELAY: 31246012
PSRAM POST DELAY: 30885556
[AUDIO] I2C init OK
[AUDIO] ES8311 found at 0x18
[AUDIO] I2S init 44100/16 OK, MCLK=11289600 Hz
[AUDIO] ES8311 playback configured (capture serial port disabled)
[AUDIO] PA GPIO11 enabled
[M6 budget] total=33554432 display=2304000 fx_delay=352800 samples=0 reserve=4194304 free=30885508 largest=30408692 internal=311412
E (2479) sdmmc_common: sdmmc_init_ocr: send_op_cond (1) returned 0x107
E (2480) vfs_fat_sdmmc: sdmmc_card_init failed (0x107).
[   803][E][SD_MMC.cpp:307] begin(): Failed to initialize the card (0x107). Make sure SD card lines have pull-up resistors in place.
[M6 SD] mounted=0 width=4 clock_khz=20000 mount_us=260915 capacity=0 status=NO CARD / MOUNT ERROR
[M5] blocks=10337 p50=3372 p95=4042 p99=4133 max=4380 misses=0 failures=0 timeouts=0 peak=6251 nonzero=5290722 rails=0 active_min=16 active_max=16
[M8 groove] parents=14971 passed=13721 skipped=1250 ratchets=38770 pending_max=48 velocity_min=1 velocity_max=127 swing_changes=8
[M8 worst] blocks=2068 bpm=240 voices=16 ratchet=4 swing=50 delay=1 max=4380 triggers=12304 triggers_per_second=1024
[MEM] M8 after 60s PSRAM total=33554432 free=30885508 largest=30408692 internal_free=310404
[M10 locks] locked=13595 unlocked=126 pitch=13326 volume=13286 pan=13328 wave=13338 pattern_bytes=2850 bank_bytes=45600 engine_bytes=47968
[M11 tone] cutoff=611 resonance=609 send=608 cutoff_min=0 cutoff_max=127 resonance_min=0 resonance_max=127 send_min=0 send_max=127 blocks=595 max=4380 dense=2068 dense_max=4380
[M12 locks] cutoff=13309 resonance=13314 send=13326 coefficients=13968 avoided=40004 send_changes=13909 coefficient_blocks=1014 coefficient_max=4273 edit_blocks=213 edit_max=4256 commands=156 step_bytes=8 event_bytes=20 voice_bytes=384 idle_residue=15
[M13 dense] blocks=2068 active_min=0
[M13 playback] triggers=0 reverse=0 gate=0 releases=0 ends=0 choke_ops=0 choked=0 retriggers=0 region_min=0 region_max=0 max=4380 choke_max=0 retrigger_max=0 voice_bytes=64 track_bytes=116 event_bytes=20
[M14 slices] triggers=0 auditions=0 index_min=0 index_max=0 frames_min=0 frames_max=0 active_changes=0 divides=0 adds=0 deletes=0 resets=0 edit_blocks=0 edit_max=0 slice_bytes=4 bank_bytes=66 sample_bytes=1556
[M10 worst] blocks=2068 max=4380
[M9 tools] rotate=28 reverse=22 copy_track=25 clear_track=14 duplicate=21 euclidean=14 randomize=17 mutate=15 reroll=15 blocks=150 dense_blocks=123 max=4380
[M5 UI] seconds=63.054 submitted=1347 completed=1347 dirty_avg=113779 dirty_max=768000 full=67 preparation_max_us=152695 touch_errors=0 rejected=0 pads=4 steps=8 drags=67 pages=24 transport=0 bpm=0 skipped=116
[M7 patterns] switches=8 loops=79 selections=28 copies=4 clears=4 lengths=16 solos=8 mutes=8 normal_frames=1280 dirty_avg=79534 dirty_max=476160 pattern_bytes=2850 command_bytes=12
[M7 applied] long_to_short=2 short_to_long=2 queue_replacements=12 copies=4 clears=6 lengths=16 solos=8 mutes=8 steps=8
[M9 UI] entries=4 copies=4 randomize=8 cell_max=16 edit_full=0
[M12 UI] entries=10 edits=64 widgets_max=2 edit_full=0
[M11 UI] entries=8 edits=49 widgets_max=1 edit_full=0
[M10 UI] entries=12 edits=74 widgets_max=2 edit_full=0
[M13 UI] entries=0 edits=0 widgets_max=0 edit_full=0
[M14 UI] entries=0 edits=0 edit_full=0 waveform_first_us=0 waveform_redraw_max_us=0 slice_redraw_max_us=0 build_count=0 build_max_us=0 large_us=0 cache_bytes=1440 page_max_us=0 drag_dirty_max=0
[M5 memory] ps_before=30885508 ps_after=30885508 internal_before=310404 internal_after=310404 largest_before=30408692 largest_after=30408692
