
# HOST SESSION UTC 2026-10-07T22:18:31.716035+00:00 mode=fixed_loads

# HOST MEASURE 1
[Q COMMAND] MEASURE 1

# HOST LOAD 0 0
[Q COMMAND] LOAD 0 0
[Q ACK] load=1
[M6 read] bytes=352800 read_us=724019 bytes_per_second=487280 original_channels=1 rate=44100 total_psram=33554432
[M6 load] track=0 file_bytes=352844 pcm_bytes=352800 load_publish_us=1159588 payload=5644800 transient=352800 peak_payload=5997600 ps_free=24986092 largest=24117236 internal=195792 display=2304000 fx_delay=352800 reserve=4194304
[M6.1 replacement] retired_clear=1 ps_delta=0 status=READY

# HOST CMD 3 0 0 0 0
[Q COMMAND] CMD 3 0 0 0 0
[Q ACK] sent=1

# HOST STATE
[Q COMMAND] STATE
[Q STATE] bpm=240 swing=63 playing=0 mode=0 chain_length=4 chain_loop=1 project_busy=0 restoring=0 sample_busy=0 project_status=PROJECT READY / 0 MISSING sample_status=SAMPLE READY
[Q CHAIN] index=0 pattern=0 repeats=2
[Q CHAIN] index=1 pattern=1 repeats=1
[Q CHAIN] index=2 pattern=2 repeats=3
[Q CHAIN] index=3 pattern=3 repeats=1
[Q TRACK] track=0 source=1 pitch=64 synth_pitch=36 sample_pitch=64 mute=0 solo=0 start=1024 end=62000 reverse=0 mode=0 choke=0 cutoff=30 resonance=96 send=127 slices=16 enabled=1 selected=0 frames=176400 waveform=c78d1545 name=m19p_impulses.wav
[Q SLICE] track=0 index=0 start=1024 end=4096
[Q SLICE] track=0 index=1 start=4096 end=8192
[Q SLICE] track=0 index=2 start=8192 end=12288
[Q SLICE] track=0 index=3 start=12288 end=16384
[Q SLICE] track=0 index=4 start=16384 end=20480
[Q SLICE] track=0 index=5 start=20480 end=24576
[Q SLICE] track=0 index=6 start=24576 end=28672
[Q SLICE] track=0 index=7 start=28672 end=32768
[Q SLICE] track=0 index=8 start=32768 end=36864
[Q SLICE] track=0 index=9 start=36864 end=40960
[Q SLICE] track=0 index=10 start=40960 end=45056
[Q SLICE] track=0 index=11 start=45056 end=49152
[Q SLICE] track=0 index=12 start=49152 end=53248
[Q SLICE] track=0 index=13 start=53248 end=57344
[Q SLICE] track=0 index=14 start=57344 end=61440
[Q SLICE] track=0 index=15 start=61440 end=62000
[Q TRACK] track=1 source=1 pitch=58 synth_pitch=39 sample_pitch=58 mute=0 solo=0 start=0 end=65535 reverse=0 mode=0 choke=0 cutoff=34 resonance=96 send=127 slices=16 enabled=0 selected=0 frames=176400 waveform=0720701a name=m19p_mixed.wav
[Q SLICE] track=1 index=0 start=0 end=4095
[Q SLICE] track=1 index=1 start=4095 end=8191
[Q SLICE] track=1 index=2 start=8191 end=12287
[Q SLICE] track=1 index=3 start=12287 end=16383
[Q SLICE] track=1 index=4 start=16383 end=20479
[Q SLICE] track=1 index=5 start=20479 end=24575
[Q SLICE] track=1 index=6 start=24575 end=28671
[Q SLICE] track=1 index=7 start=28671 end=32767
[Q SLICE] track=1 index=8 start=32767 end=36863
[Q SLICE] track=1 index=9 start=36863 end=40959
[Q SLICE] track=1 index=10 start=40959 end=45055
[Q SLICE] track=1 index=11 start=45055 end=49151
[Q SLICE] track=1 index=12 start=49151 end=53247
[Q SLICE] track=1 index=13 start=53247 end=57343
[Q SLICE] track=1 index=14 start=57343 end=61439
[Q SLICE] track=1 index=15 start=61439 end=65535
[Q TRACK] track=2 source=1 pitch=60 synth_pitch=51 sample_pitch=60 mute=0 solo=0 start=0 end=65535 reverse=0 mode=0 choke=0 cutoff=38 resonance=96 send=127 slices=16 enabled=0 selected=0 frames=176400 waveform=0720701a name=m19p_mixed.wav
[Q SLICE] track=2 index=0 start=0 end=4095
[Q SLICE] track=2 index=1 start=4095 end=8191
[Q SLICE] track=2 index=2 start=8191 end=12287
[Q SLICE] track=2 index=3 start=12287 end=16383
[Q SLICE] track=2 index=4 start=16383 end=20479
[Q SLICE] track=2 index=5 start=20479 end=24575
[Q SLICE] track=2 index=6 start=24575 end=28671
[Q SLICE] track=2 index=7 start=28671 end=32767
[Q SLICE] track=2 index=8 start=32767 end=36863
[Q SLICE] track=2 index=9 start=36863 end=40959
[Q SLICE] track=2 index=10 start=40959 end=45055
[Q SLICE] track=2 index=11 start=45055 end=49151
[Q SLICE] track=2 index=12 start=49151 end=53247
[Q SLICE] track=2 index=13 start=53247 end=57343
[Q SLICE] track=2 index=14 start=57343 end=61439
[Q SLICE] track=2 index=15 start=61439 end=65535
[Q TRACK] track=3 source=1 pitch=60 synth_pitch=45 sample_pitch=60 mute=0 solo=0 start=0 end=65535 reverse=0 mode=0 choke=0 cutoff=42 resonance=96 send=127 slices=16 enabled=0 selected=0 frames=176400 waveform=0720701a name=m19p_mixed.wav
[Q SLICE] track=3 index=0 start=0 end=4095
[Q SLICE] track=3 index=1 start=4095 end=8191
[Q SLICE] track=3 index=2 start=8191 end=12287
[Q SLICE] track=3 index=3 start=12287 end=16383
[Q SLICE] track=3 index=4 start=16383 end=20479
[Q SLICE] track=3 index=5 start=20479 end=24575
[Q SLICE] track=3 index=6 start=24575 end=28671
[Q SLICE] track=3 index=7 start=28671 end=32767
[Q SLICE] track=3 index=8 start=32767 end=36863
[Q SLICE] track=3 index=9 start=36863 end=40959
[Q SLICE] track=3 index=10 start=40959 end=45055
[Q SLICE] track=3 index=11 start=45055 end=49151
[Q SLICE] track=3 index=12 start=49151 end=53247
[Q SLICE] track=3 index=13 start=53247 end=57343
[Q SLICE] track=3 index=14 start=57343 end=61439
[Q SLICE] track=3 index=15 start=61439 end=65535
[Q PATTERN] index=0 length=16 masks=ffff,ffff,ffff
[Q LOCK] pattern=0 step=0 mask=255 slice=0
[Q LOCK] pattern=0 step=1 mask=255 slice=1
[Q LOCK] pattern=0 step=2 mask=255 slice=2
[Q LOCK] pattern=0 step=3 mask=255 slice=3
[Q PATTERN] index=1 length=16 masks=1111,1111,1111
[Q LOCK] pattern=1 step=0 mask=128 slice=0
[Q LOCK] pattern=1 step=1 mask=128 slice=1
[Q LOCK] pattern=1 step=2 mask=128 slice=2
[Q LOCK] pattern=1 step=3 mask=128 slice=3
[Q PATTERN] index=2 length=16 masks=1111,1111,1111
[Q LOCK] pattern=2 step=0 mask=128 slice=0
[Q LOCK] pattern=2 step=1 mask=128 slice=1
[Q LOCK] pattern=2 step=2 mask=128 slice=2
[Q LOCK] pattern=2 step=3 mask=128 slice=3
[Q PATTERN] index=3 length=16 masks=1111,1111,1111
[Q LOCK] pattern=3 step=0 mask=128 slice=0
[Q LOCK] pattern=3 step=1 mask=128 slice=1
[Q LOCK] pattern=3 step=2 mask=128 slice=2
[Q LOCK] pattern=3 step=3 mask=128 slice=3
[Q TRANSIENT] state=4 request=29 progress=100 count=16 stale_discarded=0 apply=17 cancel=6 duration_max_us=1861512 chunk_max_us=45164
[Q PROPOSAL] index=0 start=1024 end=4096
[Q PROPOSAL] index=1 start=4096 end=8192
[Q PROPOSAL] index=2 start=8192 end=12288
[Q PROPOSAL] index=3 start=12288 end=16384
[Q PROPOSAL] index=4 start=16384 end=20480
[Q PROPOSAL] index=5 start=20480 end=24576
[Q PROPOSAL] index=6 start=24576 end=28672
[Q PROPOSAL] index=7 start=28672 end=32768
[Q PROPOSAL] index=8 start=32768 end=36864
[Q PROPOSAL] index=9 start=36864 end=40960
[Q PROPOSAL] index=10 start=40960 end=45056
[Q PROPOSAL] index=11 start=45056 end=49152
[Q PROPOSAL] index=12 start=49152 end=53248
[Q PROPOSAL] index=13 start=53248 end=57344
[Q PROPOSAL] index=14 start=57344 end=61440
[Q PROPOSAL] index=15 start=61440 end=62000
[Q HEAP] tag=state internal=195792 free=24986092 largest=24117236
[Q PLAYBACK] triggers=54385 reverse=0 gate=0 releases=0 chokes=0 retriggers=54367 repeat_accepts=1 repeat_hits=51952 chain_loops=0

# HOST LOAD 0 1
[Q COMMAND] LOAD 0 1
[Q ACK] load=1
[M6 read] bytes=352800 read_us=712094 bytes_per_second=495440 original_channels=1 rate=44100 total_psram=33554432
[M6 load] track=0 file_bytes=352844 pcm_bytes=352800 load_publish_us=1147457 payload=5644800 transient=352800 peak_payload=5997600 ps_free=24986092 largest=24641524 internal=195792 display=2304000 fx_delay=352800 reserve=4194304
[M6.1 replacement] retired_clear=1 ps_delta=0 status=READY

# HOST CMD 3 0 0 0 0
[Q COMMAND] CMD 3 0 0 0 0
[Q ACK] sent=1

# HOST STATE
[Q COMMAND] STATE
[Q STATE] bpm=240 swing=63 playing=0 mode=0 chain_length=4 chain_loop=1 project_busy=0 restoring=0 sample_busy=0 project_status=PROJECT READY / 0 MISSING sample_status=SAMPLE READY
[Q CHAIN] index=0 pattern=0 repeats=2
[Q CHAIN] index=1 pattern=1 repeats=1
[Q CHAIN] index=2 pattern=2 repeats=3
[Q CHAIN] index=3 pattern=3 repeats=1
[Q TRACK] track=0 source=1 pitch=64 synth_pitch=36 sample_pitch=64 mute=0 solo=0 start=1024 end=62000 reverse=0 mode=0 choke=0 cutoff=30 resonance=96 send=127 slices=16 enabled=1 selected=0 frames=176400 waveform=af245265 name=m19p_kick.wav
[Q SLICE] track=0 index=0 start=1024 end=4096
[Q SLICE] track=0 index=1 start=4096 end=8192
[Q SLICE] track=0 index=2 start=8192 end=12288
[Q SLICE] track=0 index=3 start=12288 end=16384
[Q SLICE] track=0 index=4 start=16384 end=20480
[Q SLICE] track=0 index=5 start=20480 end=24576
[Q SLICE] track=0 index=6 start=24576 end=28672
[Q SLICE] track=0 index=7 start=28672 end=32768
[Q SLICE] track=0 index=8 start=32768 end=36864
[Q SLICE] track=0 index=9 start=36864 end=40960
[Q SLICE] track=0 index=10 start=40960 end=45056
[Q SLICE] track=0 index=11 start=45056 end=49152
[Q SLICE] track=0 index=12 start=49152 end=53248
[Q SLICE] track=0 index=13 start=53248 end=57344
[Q SLICE] track=0 index=14 start=57344 end=61440
[Q SLICE] track=0 index=15 start=61440 end=62000
[Q TRACK] track=1 source=1 pitch=58 synth_pitch=39 sample_pitch=58 mute=0 solo=0 start=0 end=65535 reverse=0 mode=0 choke=0 cutoff=34 resonance=96 send=127 slices=16 enabled=0 selected=0 frames=176400 waveform=0720701a name=m19p_mixed.wav
[Q SLICE] track=1 index=0 start=0 end=4095
[Q SLICE] track=1 index=1 start=4095 end=8191
[Q SLICE] track=1 index=2 start=8191 end=12287
[Q SLICE] track=1 index=3 start=12287 end=16383
[Q SLICE] track=1 index=4 start=16383 end=20479
[Q SLICE] track=1 index=5 start=20479 end=24575
[Q SLICE] track=1 index=6 start=24575 end=28671
[Q SLICE] track=1 index=7 start=28671 end=32767
[Q SLICE] track=1 index=8 start=32767 end=36863
[Q SLICE] track=1 index=9 start=36863 end=40959
[Q SLICE] track=1 index=10 start=40959 end=45055
[Q SLICE] track=1 index=11 start=45055 end=49151
[Q SLICE] track=1 index=12 start=49151 end=53247
[Q SLICE] track=1 index=13 start=53247 end=57343
[Q SLICE] track=1 index=14 start=57343 end=61439
[Q SLICE] track=1 index=15 start=61439 end=65535
[Q TRACK] track=2 source=1 pitch=60 synth_pitch=51 sample_pitch=60 mute=0 solo=0 start=0 end=65535 reverse=0 mode=0 choke=0 cutoff=38 resonance=96 send=127 slices=16 enabled=0 selected=0 frames=176400 waveform=0720701a name=m19p_mixed.wav
[Q SLICE] track=2 index=0 start=0 end=4095
[Q SLICE] track=2 index=1 start=4095 end=8191
[Q SLICE] track=2 index=2 start=8191 end=12287
[Q SLICE] track=2 index=3 start=12287 end=16383
[Q SLICE] track=2 index=4 start=16383 end=20479
[Q SLICE] track=2 index=5 start=20479 end=24575
[Q SLICE] track=2 index=6 start=24575 end=28671
[Q SLICE] track=2 index=7 start=28671 end=32767
[Q SLICE] track=2 index=8 start=32767 end=36863
[Q SLICE] track=2 index=9 start=36863 end=40959
[Q SLICE] track=2 index=10 start=40959 end=45055
[Q SLICE] track=2 index=11 start=45055 end=49151
[Q SLICE] track=2 index=12 start=49151 end=53247
[Q SLICE] track=2 index=13 start=53247 end=57343
[Q SLICE] track=2 index=14 start=57343 end=61439
[Q SLICE] track=2 index=15 start=61439 end=65535
[Q TRACK] track=3 source=1 pitch=60 synth_pitch=45 sample_pitch=60 mute=0 solo=0 start=0 end=65535 reverse=0 mode=0 choke=0 cutoff=42 resonance=96 send=127 slices=16 enabled=0 selected=0 frames=176400 waveform=0720701a name=m19p_mixed.wav
[Q SLICE] track=3 index=0 start=0 end=4095
[Q SLICE] track=3 index=1 start=4095 end=8191
[Q SLICE] track=3 index=2 start=8191 end=12287
[Q SLICE] track=3 index=3 start=12287 end=16383
[Q SLICE] track=3 index=4 start=16383 end=20479
[Q SLICE] track=3 index=5 start=20479 end=24575
[Q SLICE] track=3 index=6 start=24575 end=28671
[Q SLICE] track=3 index=7 start=28671 end=32767
[Q SLICE] track=3 index=8 start=32767 end=36863
[Q SLICE] track=3 index=9 start=36863 end=40959
[Q SLICE] track=3 index=10 start=40959 end=45055
[Q SLICE] track=3 index=11 start=45055 end=49151
[Q SLICE] track=3 index=12 start=49151 end=53247
[Q SLICE] track=3 index=13 start=53247 end=57343
[Q SLICE] track=3 index=14 start=57343 end=61439
[Q SLICE] track=3 index=15 start=61439 end=65535
[Q PATTERN] index=0 length=16 masks=ffff,ffff,ffff
[Q LOCK] pattern=0 step=0 mask=255 slice=0
[Q LOCK] pattern=0 step=1 mask=255 slice=1
[Q LOCK] pattern=0 step=2 mask=255 slice=2
[Q LOCK] pattern=0 step=3 mask=255 slice=3
[Q PATTERN] index=1 length=16 masks=1111,1111,1111
[Q LOCK] pattern=1 step=0 mask=128 slice=0
[Q LOCK] pattern=1 step=1 mask=128 slice=1
[Q LOCK] pattern=1 step=2 mask=128 slice=2
[Q LOCK] pattern=1 step=3 mask=128 slice=3
[Q PATTERN] index=2 length=16 masks=1111,1111,1111
[Q LOCK] pattern=2 step=0 mask=128 slice=0
[Q LOCK] pattern=2 step=1 mask=128 slice=1
[Q LOCK] pattern=2 step=2 mask=128 slice=2
[Q LOCK] pattern=2 step=3 mask=128 slice=3
[Q PATTERN] index=3 length=16 masks=1111,1111,1111
[Q LOCK] pattern=3 step=0 mask=128 slice=0
[Q LOCK] pattern=3 step=1 mask=128 slice=1
[Q LOCK] pattern=3 step=2 mask=128 slice=2
[Q LOCK] pattern=3 step=3 mask=128 slice=3
[Q TRANSIENT] state=4 request=29 progress=100 count=16 stale_discarded=0 apply=17 cancel=6 duration_max_us=1861512 chunk_max_us=45164
[Q PROPOSAL] index=0 start=1024 end=4096
[Q PROPOSAL] index=1 start=4096 end=8192
[Q PROPOSAL] index=2 start=8192 end=12288
[Q PROPOSAL] index=3 start=12288 end=16384
[Q PROPOSAL] index=4 start=16384 end=20480
[Q PROPOSAL] index=5 start=20480 end=24576
[Q PROPOSAL] index=6 start=24576 end=28672
[Q PROPOSAL] index=7 start=28672 end=32768
[Q PROPOSAL] index=8 start=32768 end=36864
[Q PROPOSAL] index=9 start=36864 end=40960
[Q PROPOSAL] index=10 start=40960 end=45056
[Q PROPOSAL] index=11 start=45056 end=49152
[Q PROPOSAL] index=12 start=49152 end=53248
[Q PROPOSAL] index=13 start=53248 end=57344
[Q PROPOSAL] index=14 start=57344 end=61440
[Q PROPOSAL] index=15 start=61440 end=62000
[Q HEAP] tag=state internal=195792 free=24986092 largest=24641524
[Q PLAYBACK] triggers=54386 reverse=0 gate=0 releases=0 chokes=0 retriggers=54367 repeat_accepts=1 repeat_hits=51952 chain_loops=0

# HOST LOAD 0 2
[Q COMMAND] LOAD 0 2
[Q ACK] load=1
[M6 read] bytes=352800 read_us=711978 bytes_per_second=495520 original_channels=1 rate=44100 total_psram=33554432
[M6 load] track=0 file_bytes=352844 pcm_bytes=352800 load_publish_us=1147361 payload=5644800 transient=352800 peak_payload=5997600 ps_free=24986092 largest=24117236 internal=195792 display=2304000 fx_delay=352800 reserve=4194304
[M6.1 replacement] retired_clear=1 ps_delta=0 status=READY

# HOST CMD 3 0 0 0 0
[Q COMMAND] CMD 3 0 0 0 0
[Q ACK] sent=1

# HOST STATE
[Q COMMAND] STATE
[Q STATE] bpm=240 swing=63 playing=0 mode=0 chain_length=4 chain_loop=1 project_busy=0 restoring=0 sample_busy=0 project_status=PROJECT READY / 0 MISSING sample_status=SAMPLE READY
[Q CHAIN] index=0 pattern=0 repeats=2
[Q CHAIN] index=1 pattern=1 repeats=1
[Q CHAIN] index=2 pattern=2 repeats=3
[Q CHAIN] index=3 pattern=3 repeats=1
[Q TRACK] track=0 source=1 pitch=64 synth_pitch=36 sample_pitch=64 mute=0 solo=0 start=1024 end=62000 reverse=0 mode=0 choke=0 cutoff=30 resonance=96 send=127 slices=16 enabled=1 selected=0 frames=176400 waveform=5e370bb2 name=m19p_snare.wav
[Q SLICE] track=0 index=0 start=1024 end=4096
[Q SLICE] track=0 index=1 start=4096 end=8192
[Q SLICE] track=0 index=2 start=8192 end=12288
[Q SLICE] track=0 index=3 start=12288 end=16384
[Q SLICE] track=0 index=4 start=16384 end=20480
[Q SLICE] track=0 index=5 start=20480 end=24576
[Q SLICE] track=0 index=6 start=24576 end=28672
[Q SLICE] track=0 index=7 start=28672 end=32768
[Q SLICE] track=0 index=8 start=32768 end=36864
[Q SLICE] track=0 index=9 start=36864 end=40960
[Q SLICE] track=0 index=10 start=40960 end=45056
[Q SLICE] track=0 index=11 start=45056 end=49152
[Q SLICE] track=0 index=12 start=49152 end=53248
[Q SLICE] track=0 index=13 start=53248 end=57344
[Q SLICE] track=0 index=14 start=57344 end=61440
[Q SLICE] track=0 index=15 start=61440 end=62000
[Q TRACK] track=1 source=1 pitch=58 synth_pitch=39 sample_pitch=58 mute=0 solo=0 start=0 end=65535 reverse=0 mode=0 choke=0 cutoff=34 resonance=96 send=127 slices=16 enabled=0 selected=0 frames=176400 waveform=0720701a name=m19p_mixed.wav
[Q SLICE] track=1 index=0 start=0 end=4095
[Q SLICE] track=1 index=1 start=4095 end=8191
[Q SLICE] track=1 index=2 start=8191 end=12287
[Q SLICE] track=1 index=3 start=12287 end=16383
[Q SLICE] track=1 index=4 start=16383 end=20479
[Q SLICE] track=1 index=5 start=20479 end=24575
[Q SLICE] track=1 index=6 start=24575 end=28671
[Q SLICE] track=1 index=7 start=28671 end=32767
[Q SLICE] track=1 index=8 start=32767 end=36863
[Q SLICE] track=1 index=9 start=36863 end=40959
[Q SLICE] track=1 index=10 start=40959 end=45055
[Q SLICE] track=1 index=11 start=45055 end=49151
[Q SLICE] track=1 index=12 start=49151 end=53247
[Q SLICE] track=1 index=13 start=53247 end=57343
[Q SLICE] track=1 index=14 start=57343 end=61439
[Q SLICE] track=1 index=15 start=61439 end=65535
[Q TRACK] track=2 source=1 pitch=60 synth_pitch=51 sample_pitch=60 mute=0 solo=0 start=0 end=65535 reverse=0 mode=0 choke=0 cutoff=38 resonance=96 send=127 slices=16 enabled=0 selected=0 frames=176400 waveform=0720701a name=m19p_mixed.wav
[Q SLICE] track=2 index=0 start=0 end=4095
[Q SLICE] track=2 index=1 start=4095 end=8191
[Q SLICE] track=2 index=2 start=8191 end=12287
[Q SLICE] track=2 index=3 start=12287 end=16383
[Q SLICE] track=2 index=4 start=16383 end=20479
[Q SLICE] track=2 index=5 start=20479 end=24575
[Q SLICE] track=2 index=6 start=24575 end=28671
[Q SLICE] track=2 index=7 start=28671 end=32767
[Q SLICE] track=2 index=8 start=32767 end=36863
[Q SLICE] track=2 index=9 start=36863 end=40959
[Q SLICE] track=2 index=10 start=40959 end=45055
[Q SLICE] track=2 index=11 start=45055 end=49151
[Q SLICE] track=2 index=12 start=49151 end=53247
[Q SLICE] track=2 index=13 start=53247 end=57343
[Q SLICE] track=2 index=14 start=57343 end=61439
[Q SLICE] track=2 index=15 start=61439 end=65535
[Q TRACK] track=3 source=1 pitch=60 synth_pitch=45 sample_pitch=60 mute=0 solo=0 start=0 end=65535 reverse=0 mode=0 choke=0 cutoff=42 resonance=96 send=127 slices=16 enabled=0 selected=0 frames=176400 waveform=0720701a name=m19p_mixed.wav
[Q SLICE] track=3 index=0 start=0 end=4095
[Q SLICE] track=3 index=1 start=4095 end=8191
[Q SLICE] track=3 index=2 start=8191 end=12287
[Q SLICE] track=3 index=3 start=12287 end=16383
[Q SLICE] track=3 index=4 start=16383 end=20479
[Q SLICE] track=3 index=5 start=20479 end=24575
[Q SLICE] track=3 index=6 start=24575 end=28671
[Q SLICE] track=3 index=7 start=28671 end=32767
[Q SLICE] track=3 index=8 start=32767 end=36863
[Q SLICE] track=3 index=9 start=36863 end=40959
[Q SLICE] track=3 index=10 start=40959 end=45055
[Q SLICE] track=3 index=11 start=45055 end=49151
[Q SLICE] track=3 index=12 start=49151 end=53247
[Q SLICE] track=3 index=13 start=53247 end=57343
[Q SLICE] track=3 index=14 start=57343 end=61439
[Q SLICE] track=3 index=15 start=61439 end=65535
[Q PATTERN] index=0 length=16 masks=ffff,ffff,ffff
[Q LOCK] pattern=0 step=0 mask=255 slice=0
[Q LOCK] pattern=0 step=1 mask=255 slice=1
[Q LOCK] pattern=0 step=2 mask=255 slice=2
[Q LOCK] pattern=0 step=3 mask=255 slice=3
[Q PATTERN] index=1 length=16 masks=1111,1111,1111
[Q LOCK] pattern=1 step=0 mask=128 slice=0
[Q LOCK] pattern=1 step=1 mask=128 slice=1
[Q LOCK] pattern=1 step=2 mask=128 slice=2
[Q LOCK] pattern=1 step=3 mask=128 slice=3
[Q PATTERN] index=2 length=16 masks=1111,1111,1111
[Q LOCK] pattern=2 step=0 mask=128 slice=0
[Q LOCK] pattern=2 step=1 mask=128 slice=1
[Q LOCK] pattern=2 step=2 mask=128 slice=2
[Q LOCK] pattern=2 step=3 mask=128 slice=3
[Q PATTERN] index=3 length=16 masks=1111,1111,1111
[Q LOCK] pattern=3 step=0 mask=128 slice=0
[Q LOCK] pattern=3 step=1 mask=128 slice=1
[Q LOCK] pattern=3 step=2 mask=128 slice=2
[Q LOCK] pattern=3 step=3 mask=128 slice=3
[Q TRANSIENT] state=4 request=29 progress=100 count=16 stale_discarded=0 apply=17 cancel=6 duration_max_us=1861512 chunk_max_us=45164
[Q PROPOSAL] index=0 start=1024 end=4096
[Q PROPOSAL] index=1 start=4096 end=8192
[Q PROPOSAL] index=2 start=8192 end=12288
[Q PROPOSAL] index=3 start=12288 end=16384
[Q PROPOSAL] index=4 start=16384 end=20480
[Q PROPOSAL] index=5 start=20480 end=24576
[Q PROPOSAL] index=6 start=24576 end=28672
[Q PROPOSAL] index=7 start=28672 end=32768
[Q PROPOSAL] index=8 start=32768 end=36864
[Q PROPOSAL] index=9 start=36864 end=40960
[Q PROPOSAL] index=10 start=40960 end=45056
[Q PROPOSAL] index=11 start=45056 end=49152
[Q PROPOSAL] index=12 start=49152 end=53248
[Q PROPOSAL] index=13 start=53248 end=57344
[Q PROPOSAL] index=14 start=57344 end=61440
[Q PROPOSAL] index=15 start=61440 end=62000
[Q HEAP] tag=state internal=195792 free=24986092 largest=24117236
[Q PLAYBACK] triggers=54387 reverse=0 gate=0 releases=0 chokes=0 retriggers=54367 repeat_accepts=1 repeat_hits=51952 chain_loops=0

# HOST LOAD 0 3
[Q COMMAND] LOAD 0 3
[Q ACK] load=1
[M6 read] bytes=352800 read_us=710653 bytes_per_second=496444 original_channels=1 rate=44100 total_psram=33554432
[M6 load] track=0 file_bytes=352844 pcm_bytes=352800 load_publish_us=1149268 payload=5644800 transient=352800 peak_payload=5997600 ps_free=24986092 largest=24641524 internal=195792 display=2304000 fx_delay=352800 reserve=4194304
[M6.1 replacement] retired_clear=1 ps_delta=0 status=READY

# HOST CMD 3 0 0 0 0
[Q COMMAND] CMD 3 0 0 0 0
[Q ACK] sent=1

# HOST STATE
[Q COMMAND] STATE
[Q STATE] bpm=240 swing=63 playing=0 mode=0 chain_length=4 chain_loop=1 project_busy=0 restoring=0 sample_busy=0 project_status=PROJECT READY / 0 MISSING sample_status=SAMPLE READY
[Q CHAIN] index=0 pattern=0 repeats=2
[Q CHAIN] index=1 pattern=1 repeats=1
[Q CHAIN] index=2 pattern=2 repeats=3
[Q CHAIN] index=3 pattern=3 repeats=1
[Q TRACK] track=0 source=1 pitch=64 synth_pitch=36 sample_pitch=64 mute=0 solo=0 start=1024 end=62000 reverse=0 mode=0 choke=0 cutoff=30 resonance=96 send=127 slices=16 enabled=1 selected=0 frames=176400 waveform=0720701a name=m19p_mixed.wav
[Q SLICE] track=0 index=0 start=1024 end=4096
[Q SLICE] track=0 index=1 start=4096 end=8192
[Q SLICE] track=0 index=2 start=8192 end=12288
[Q SLICE] track=0 index=3 start=12288 end=16384
[Q SLICE] track=0 index=4 start=16384 end=20480
[Q SLICE] track=0 index=5 start=20480 end=24576
[Q SLICE] track=0 index=6 start=24576 end=28672
[Q SLICE] track=0 index=7 start=28672 end=32768
[Q SLICE] track=0 index=8 start=32768 end=36864
[Q SLICE] track=0 index=9 start=36864 end=40960
[Q SLICE] track=0 index=10 start=40960 end=45056
[Q SLICE] track=0 index=11 start=45056 end=49152
[Q SLICE] track=0 index=12 start=49152 end=53248
[Q SLICE] track=0 index=13 start=53248 end=57344
[Q SLICE] track=0 index=14 start=57344 end=61440
[Q SLICE] track=0 index=15 start=61440 end=62000
[Q TRACK] track=1 source=1 pitch=58 synth_pitch=39 sample_pitch=58 mute=0 solo=0 start=0 end=65535 reverse=0 mode=0 choke=0 cutoff=34 resonance=96 send=127 slices=16 enabled=0 selected=0 frames=176400 waveform=0720701a name=m19p_mixed.wav
[Q SLICE] track=1 index=0 start=0 end=4095
[Q SLICE] track=1 index=1 start=4095 end=8191
[Q SLICE] track=1 index=2 start=8191 end=12287
[Q SLICE] track=1 index=3 start=12287 end=16383
[Q SLICE] track=1 index=4 start=16383 end=20479
[Q SLICE] track=1 index=5 start=20479 end=24575
[Q SLICE] track=1 index=6 start=24575 end=28671
[Q SLICE] track=1 index=7 start=28671 end=32767
[Q SLICE] track=1 index=8 start=32767 end=36863
[Q SLICE] track=1 index=9 start=36863 end=40959
[Q SLICE] track=1 index=10 start=40959 end=45055
[Q SLICE] track=1 index=11 start=45055 end=49151
[Q SLICE] track=1 index=12 start=49151 end=53247
[Q SLICE] track=1 index=13 start=53247 end=57343
[Q SLICE] track=1 index=14 start=57343 end=61439
[Q SLICE] track=1 index=15 start=61439 end=65535
[Q TRACK] track=2 source=1 pitch=60 synth_pitch=51 sample_pitch=60 mute=0 solo=0 start=0 end=65535 reverse=0 mode=0 choke=0 cutoff=38 resonance=96 send=127 slices=16 enabled=0 selected=0 frames=176400 waveform=0720701a name=m19p_mixed.wav
[Q SLICE] track=2 index=0 start=0 end=4095
[Q SLICE] track=2 index=1 start=4095 end=8191
[Q SLICE] track=2 index=2 start=8191 end=12287
[Q SLICE] track=2 index=3 start=12287 end=16383
[Q SLICE] track=2 index=4 start=16383 end=20479
[Q SLICE] track=2 index=5 start=20479 end=24575
[Q SLICE] track=2 index=6 start=24575 end=28671
[Q SLICE] track=2 index=7 start=28671 end=32767
[Q SLICE] track=2 index=8 start=32767 end=36863
[Q SLICE] track=2 index=9 start=36863 end=40959
[Q SLICE] track=2 index=10 start=40959 end=45055
[Q SLICE] track=2 index=11 start=45055 end=49151
[Q SLICE] track=2 index=12 start=49151 end=53247
[Q SLICE] track=2 index=13 start=53247 end=57343
[Q SLICE] track=2 index=14 start=57343 end=61439
[Q SLICE] track=2 index=15 start=61439 end=65535
[Q TRACK] track=3 source=1 pitch=60 synth_pitch=45 sample_pitch=60 mute=0 solo=0 start=0 end=65535 reverse=0 mode=0 choke=0 cutoff=42 resonance=96 send=127 slices=16 enabled=0 selected=0 frames=176400 waveform=0720701a name=m19p_mixed.wav
[Q SLICE] track=3 index=0 start=0 end=4095
[Q SLICE] track=3 index=1 start=4095 end=8191
[Q SLICE] track=3 index=2 start=8191 end=12287
[Q SLICE] track=3 index=3 start=12287 end=16383
[Q SLICE] track=3 index=4 start=16383 end=20479
[Q SLICE] track=3 index=5 start=20479 end=24575
[Q SLICE] track=3 index=6 start=24575 end=28671
[Q SLICE] track=3 index=7 start=28671 end=32767
[Q SLICE] track=3 index=8 start=32767 end=36863
[Q SLICE] track=3 index=9 start=36863 end=40959
[Q SLICE] track=3 index=10 start=40959 end=45055
[Q SLICE] track=3 index=11 start=45055 end=49151
[Q SLICE] track=3 index=12 start=49151 end=53247
[Q SLICE] track=3 index=13 start=53247 end=57343
[Q SLICE] track=3 index=14 start=57343 end=61439
[Q SLICE] track=3 index=15 start=61439 end=65535
[Q PATTERN] index=0 length=16 masks=ffff,ffff,ffff
[Q LOCK] pattern=0 step=0 mask=255 slice=0
[Q LOCK] pattern=0 step=1 mask=255 slice=1
[Q LOCK] pattern=0 step=2 mask=255 slice=2
[Q LOCK] pattern=0 step=3 mask=255 slice=3
[Q PATTERN] index=1 length=16 masks=1111,1111,1111
[Q LOCK] pattern=1 step=0 mask=128 slice=0
[Q LOCK] pattern=1 step=1 mask=128 slice=1
[Q LOCK] pattern=1 step=2 mask=128 slice=2
[Q LOCK] pattern=1 step=3 mask=128 slice=3
[Q PATTERN] index=2 length=16 masks=1111,1111,1111
[Q LOCK] pattern=2 step=0 mask=128 slice=0
[Q LOCK] pattern=2 step=1 mask=128 slice=1
[Q LOCK] pattern=2 step=2 mask=128 slice=2
[Q LOCK] pattern=2 step=3 mask=128 slice=3
[Q PATTERN] index=3 length=16 masks=1111,1111,1111
[Q LOCK] pattern=3 step=0 mask=128 slice=0
[Q LOCK] pattern=3 step=1 mask=128 slice=1
[Q LOCK] pattern=3 step=2 mask=128 slice=2
[Q LOCK] pattern=3 step=3 mask=128 slice=3
[Q TRANSIENT] state=4 request=29 progress=100 count=16 stale_discarded=0 apply=17 cancel=6 duration_max_us=1861512 chunk_max_us=45164
[Q PROPOSAL] index=0 start=1024 end=4096
[Q PROPOSAL] index=1 start=4096 end=8192
[Q PROPOSAL] index=2 start=8192 end=12288
[Q PROPOSAL] index=3 start=12288 end=16384
[Q PROPOSAL] index=4 start=16384 end=20480
[Q PROPOSAL] index=5 start=20480 end=24576
[Q PROPOSAL] index=6 start=24576 end=28672
[Q PROPOSAL] index=7 start=28672 end=32768
[Q PROPOSAL] index=8 start=32768 end=36864
[Q PROPOSAL] index=9 start=36864 end=40960
[Q PROPOSAL] index=10 start=40960 end=45056
[Q PROPOSAL] index=11 start=45056 end=49152
[Q PROPOSAL] index=12 start=49152 end=53248
[Q PROPOSAL] index=13 start=53248 end=57344
[Q PROPOSAL] index=14 start=57344 end=61440
[Q PROPOSAL] index=15 start=61440 end=62000
[Q HEAP] tag=state internal=195792 free=24986092 largest=24641524
[Q PLAYBACK] triggers=54388 reverse=0 gate=0 releases=0 chokes=0 retriggers=54367 repeat_accepts=1 repeat_hits=51952 chain_loops=0

# HOST LOAD 0 4
[Q COMMAND] LOAD 0 4
[Q ACK] load=1
[M6 read] bytes=705600 read_us=1189897 bytes_per_second=592992 original_channels=2 rate=44100 total_psram=33554432
[M6 load] track=0 file_bytes=705644 pcm_bytes=352800 load_publish_us=1625477 payload=5644800 transient=352800 peak_payload=5997600 ps_free=24986092 largest=24117236 internal=195792 display=2304000 fx_delay=352800 reserve=4194304
[M6.1 replacement] retired_clear=1 ps_delta=0 status=READY

# HOST CMD 3 0 0 0 0
[Q COMMAND] CMD 3 0 0 0 0
[Q ACK] sent=1

# HOST STATE
[Q COMMAND] STATE
[Q STATE] bpm=240 swing=63 playing=0 mode=0 chain_length=4 chain_loop=1 project_busy=0 restoring=0 sample_busy=0 project_status=PROJECT READY / 0 MISSING sample_status=SAMPLE READY
[Q CHAIN] index=0 pattern=0 repeats=2
[Q CHAIN] index=1 pattern=1 repeats=1
[Q CHAIN] index=2 pattern=2 repeats=3
[Q CHAIN] index=3 pattern=3 repeats=1
[Q TRACK] track=0 source=1 pitch=64 synth_pitch=36 sample_pitch=64 mute=0 solo=0 start=1024 end=62000 reverse=0 mode=0 choke=0 cutoff=30 resonance=96 send=127 slices=16 enabled=1 selected=0 frames=176400 waveform=595ef306 name=m19p_stereo.wav
[Q SLICE] track=0 index=0 start=1024 end=4096
[Q SLICE] track=0 index=1 start=4096 end=8192
[Q SLICE] track=0 index=2 start=8192 end=12288
[Q SLICE] track=0 index=3 start=12288 end=16384
[Q SLICE] track=0 index=4 start=16384 end=20480
[Q SLICE] track=0 index=5 start=20480 end=24576
[Q SLICE] track=0 index=6 start=24576 end=28672
[Q SLICE] track=0 index=7 start=28672 end=32768
[Q SLICE] track=0 index=8 start=32768 end=36864
[Q SLICE] track=0 index=9 start=36864 end=40960
[Q SLICE] track=0 index=10 start=40960 end=45056
[Q SLICE] track=0 index=11 start=45056 end=49152
[Q SLICE] track=0 index=12 start=49152 end=53248
[Q SLICE] track=0 index=13 start=53248 end=57344
[Q SLICE] track=0 index=14 start=57344 end=61440
[Q SLICE] track=0 index=15 start=61440 end=62000
[Q TRACK] track=1 source=1 pitch=58 synth_pitch=39 sample_pitch=58 mute=0 solo=0 start=0 end=65535 reverse=0 mode=0 choke=0 cutoff=34 resonance=96 send=127 slices=16 enabled=0 selected=0 frames=176400 waveform=0720701a name=m19p_mixed.wav
[Q SLICE] track=1 index=0 start=0 end=4095
[Q SLICE] track=1 index=1 start=4095 end=8191
[Q SLICE] track=1 index=2 start=8191 end=12287
[Q SLICE] track=1 index=3 start=12287 end=16383
[Q SLICE] track=1 index=4 start=16383 end=20479
[Q SLICE] track=1 index=5 start=20479 end=24575
[Q SLICE] track=1 index=6 start=24575 end=28671
[Q SLICE] track=1 index=7 start=28671 end=32767
[Q SLICE] track=1 index=8 start=32767 end=36863
[Q SLICE] track=1 index=9 start=36863 end=40959
[Q SLICE] track=1 index=10 start=40959 end=45055
[Q SLICE] track=1 index=11 start=45055 end=49151
[Q SLICE] track=1 index=12 start=49151 end=53247
[Q SLICE] track=1 index=13 start=53247 end=57343
[Q SLICE] track=1 index=14 start=57343 end=61439
[Q SLICE] track=1 index=15 start=61439 end=65535
[Q TRACK] track=2 source=1 pitch=60 synth_pitch=51 sample_pitch=60 mute=0 solo=0 start=0 end=65535 reverse=0 mode=0 choke=0 cutoff=38 resonance=96 send=127 slices=16 enabled=0 selected=0 frames=176400 waveform=0720701a name=m19p_mixed.wav
[Q SLICE] track=2 index=0 start=0 end=4095
[Q SLICE] track=2 index=1 start=4095 end=8191
[Q SLICE] track=2 index=2 start=8191 end=12287
[Q SLICE] track=2 index=3 start=12287 end=16383
[Q SLICE] track=2 index=4 start=16383 end=20479
[Q SLICE] track=2 index=5 start=20479 end=24575
[Q SLICE] track=2 index=6 start=24575 end=28671
[Q SLICE] track=2 index=7 start=28671 end=32767
[Q SLICE] track=2 index=8 start=32767 end=36863
[Q SLICE] track=2 index=9 start=36863 end=40959
[Q SLICE] track=2 index=10 start=40959 end=45055
[Q SLICE] track=2 index=11 start=45055 end=49151
[Q SLICE] track=2 index=12 start=49151 end=53247
[Q SLICE] track=2 index=13 start=53247 end=57343
[Q SLICE] track=2 index=14 start=57343 end=61439
[Q SLICE] track=2 index=15 start=61439 end=65535
[Q TRACK] track=3 source=1 pitch=60 synth_pitch=45 sample_pitch=60 mute=0 solo=0 start=0 end=65535 reverse=0 mode=0 choke=0 cutoff=42 resonance=96 send=127 slices=16 enabled=0 selected=0 frames=176400 waveform=0720701a name=m19p_mixed.wav
[Q SLICE] track=3 index=0 start=0 end=4095
[Q SLICE] track=3 index=1 start=4095 end=8191
[Q SLICE] track=3 index=2 start=8191 end=12287
[Q SLICE] track=3 index=3 start=12287 end=16383
[Q SLICE] track=3 index=4 start=16383 end=20479
[Q SLICE] track=3 index=5 start=20479 end=24575
[Q SLICE] track=3 index=6 start=24575 end=28671
[Q SLICE] track=3 index=7 start=28671 end=32767
[Q SLICE] track=3 index=8 start=32767 end=36863
[Q SLICE] track=3 index=9 start=36863 end=40959
[Q SLICE] track=3 index=10 start=40959 end=45055
[Q SLICE] track=3 index=11 start=45055 end=49151
[Q SLICE] track=3 index=12 start=49151 end=53247
[Q SLICE] track=3 index=13 start=53247 end=57343
[Q SLICE] track=3 index=14 start=57343 end=61439
[Q SLICE] track=3 index=15 start=61439 end=65535
[Q PATTERN] index=0 length=16 masks=ffff,ffff,ffff
[Q LOCK] pattern=0 step=0 mask=255 slice=0
[Q LOCK] pattern=0 step=1 mask=255 slice=1
[Q LOCK] pattern=0 step=2 mask=255 slice=2
[Q LOCK] pattern=0 step=3 mask=255 slice=3
[Q PATTERN] index=1 length=16 masks=1111,1111,1111
[Q LOCK] pattern=1 step=0 mask=128 slice=0
[Q LOCK] pattern=1 step=1 mask=128 slice=1
[Q LOCK] pattern=1 step=2 mask=128 slice=2
[Q LOCK] pattern=1 step=3 mask=128 slice=3
[Q PATTERN] index=2 length=16 masks=1111,1111,1111
[Q LOCK] pattern=2 step=0 mask=128 slice=0
[Q LOCK] pattern=2 step=1 mask=128 slice=1
[Q LOCK] pattern=2 step=2 mask=128 slice=2
[Q LOCK] pattern=2 step=3 mask=128 slice=3
[Q PATTERN] index=3 length=16 masks=1111,1111,1111
[Q LOCK] pattern=3 step=0 mask=128 slice=0
[Q LOCK] pattern=3 step=1 mask=128 slice=1
[Q LOCK] pattern=3 step=2 mask=128 slice=2
[Q LOCK] pattern=3 step=3 mask=128 slice=3
[Q TRANSIENT] state=4 request=29 progress=100 count=16 stale_discarded=0 apply=17 cancel=6 duration_max_us=1861512 chunk_max_us=45164
[Q PROPOSAL] index=0 start=1024 end=4096
[Q PROPOSAL] index=1 start=4096 end=8192
[Q PROPOSAL] index=2 start=8192 end=12288
[Q PROPOSAL] index=3 start=12288 end=16384
[Q PROPOSAL] index=4 start=16384 end=20480
[Q PROPOSAL] index=5 start=20480 end=24576
[Q PROPOSAL] index=6 start=24576 end=28672
[Q PROPOSAL] index=7 start=28672 end=32768
[Q PROPOSAL] index=8 start=32768 end=36864
[Q PROPOSAL] index=9 start=36864 end=40960
[Q PROPOSAL] index=10 start=40960 end=45056
[Q PROPOSAL] index=11 start=45056 end=49152
[Q PROPOSAL] index=12 start=49152 end=53248
[Q PROPOSAL] index=13 start=53248 end=57344
[Q PROPOSAL] index=14 start=57344 end=61440
[Q PROPOSAL] index=15 start=61440 end=62000
[Q HEAP] tag=state internal=195792 free=24986092 largest=24117236
[Q PLAYBACK] triggers=54389 reverse=0 gate=0 releases=0 chokes=0 retriggers=54367 repeat_accepts=1 repeat_hits=51952 chain_loops=0

# HOST LOAD 0 5
[Q COMMAND] LOAD 0 5
[Q ACK] load=1
[M6 read] bytes=4194304 read_us=8172976 bytes_per_second=513191 original_channels=1 rate=44100 total_psram=33554432
[M6 load] track=0 file_bytes=4194348 pcm_bytes=4194304 load_publish_us=8664272 payload=9486304 transient=4194304 peak_payload=9839104 ps_free=21021164 largest=19922932 internal=195792 display=2304000 fx_delay=352800 reserve=4194304
[M6.1 replacement] retired_clear=1 ps_delta=3964928 status=READY

# HOST CMD 3 0 0 0 0
[Q COMMAND] CMD 3 0 0 0 0
[Q ACK] sent=1

# HOST STATE
[Q COMMAND] STATE
[Q STATE] bpm=240 swing=63 playing=0 mode=0 chain_length=4 chain_loop=1 project_busy=0 restoring=0 sample_busy=0 project_status=PROJECT READY / 0 MISSING sample_status=SAMPLE READY
[Q CHAIN] index=0 pattern=0 repeats=2
[Q CHAIN] index=1 pattern=1 repeats=1
[Q CHAIN] index=2 pattern=2 repeats=3
[Q CHAIN] index=3 pattern=3 repeats=1
[Q TRACK] track=0 source=1 pitch=64 synth_pitch=36 sample_pitch=64 mute=0 solo=0 start=1024 end=62000 reverse=0 mode=0 choke=0 cutoff=30 resonance=96 send=127 slices=16 enabled=1 selected=0 frames=2097152 waveform=0e481651 name=m19p_large.wav
[Q SLICE] track=0 index=0 start=1024 end=4096
[Q SLICE] track=0 index=1 start=4096 end=8192
[Q SLICE] track=0 index=2 start=8192 end=12288
[Q SLICE] track=0 index=3 start=12288 end=16384
[Q SLICE] track=0 index=4 start=16384 end=20480
[Q SLICE] track=0 index=5 start=20480 end=24576
[Q SLICE] track=0 index=6 start=24576 end=28672
[Q SLICE] track=0 index=7 start=28672 end=32768
[Q SLICE] track=0 index=8 start=32768 end=36864
[Q SLICE] track=0 index=9 start=36864 end=40960
[Q SLICE] track=0 index=10 start=40960 end=45056
[Q SLICE] track=0 index=11 start=45056 end=49152
[Q SLICE] track=0 index=12 start=49152 end=53248
[Q SLICE] track=0 index=13 start=53248 end=57344
[Q SLICE] track=0 index=14 start=57344 end=61440
[Q SLICE] track=0 index=15 start=61440 end=62000
[Q TRACK] track=1 source=1 pitch=58 synth_pitch=39 sample_pitch=58 mute=0 solo=0 start=0 end=65535 reverse=0 mode=0 choke=0 cutoff=34 resonance=96 send=127 slices=16 enabled=0 selected=0 frames=176400 waveform=0720701a name=m19p_mixed.wav
[Q SLICE] track=1 index=0 start=0 end=4095
[Q SLICE] track=1 index=1 start=4095 end=8191
[Q SLICE] track=1 index=2 start=8191 end=12287
[Q SLICE] track=1 index=3 start=12287 end=16383
[Q SLICE] track=1 index=4 start=16383 end=20479
[Q SLICE] track=1 index=5 start=20479 end=24575
[Q SLICE] track=1 index=6 start=24575 end=28671
[Q SLICE] track=1 index=7 start=28671 end=32767
[Q SLICE] track=1 index=8 start=32767 end=36863
[Q SLICE] track=1 index=9 start=36863 end=40959
[Q SLICE] track=1 index=10 start=40959 end=45055
[Q SLICE] track=1 index=11 start=45055 end=49151
[Q SLICE] track=1 index=12 start=49151 end=53247
[Q SLICE] track=1 index=13 start=53247 end=57343
[Q SLICE] track=1 index=14 start=57343 end=61439
[Q SLICE] track=1 index=15 start=61439 end=65535
[Q TRACK] track=2 source=1 pitch=60 synth_pitch=51 sample_pitch=60 mute=0 solo=0 start=0 end=65535 reverse=0 mode=0 choke=0 cutoff=38 resonance=96 send=127 slices=16 enabled=0 selected=0 frames=176400 waveform=0720701a name=m19p_mixed.wav
[Q SLICE] track=2 index=0 start=0 end=4095
[Q SLICE] track=2 index=1 start=4095 end=8191
[Q SLICE] track=2 index=2 start=8191 end=12287
[Q SLICE] track=2 index=3 start=12287 end=16383
[Q SLICE] track=2 index=4 start=16383 end=20479
[Q SLICE] track=2 index=5 start=20479 end=24575
[Q SLICE] track=2 index=6 start=24575 end=28671
[Q SLICE] track=2 index=7 start=28671 end=32767
[Q SLICE] track=2 index=8 start=32767 end=36863
[Q SLICE] track=2 index=9 start=36863 end=40959
[Q SLICE] track=2 index=10 start=40959 end=45055
[Q SLICE] track=2 index=11 start=45055 end=49151
[Q SLICE] track=2 index=12 start=49151 end=53247
[Q SLICE] track=2 index=13 start=53247 end=57343
[Q SLICE] track=2 index=14 start=57343 end=61439
[Q SLICE] track=2 index=15 start=61439 end=65535
[Q TRACK] track=3 source=1 pitch=60 synth_pitch=45 sample_pitch=60 mute=0 solo=0 start=0 end=65535 reverse=0 mode=0 choke=0 cutoff=42 resonance=96 send=127 slices=16 enabled=0 selected=0 frames=176400 waveform=0720701a name=m19p_mixed.wav
[Q SLICE] track=3 index=0 start=0 end=4095
[Q SLICE] track=3 index=1 start=4095 end=8191
[Q SLICE] track=3 index=2 start=8191 end=12287
[Q SLICE] track=3 index=3 start=12287 end=16383
[Q SLICE] track=3 index=4 start=16383 end=20479
[Q SLICE] track=3 index=5 start=20479 end=24575
[Q SLICE] track=3 index=6 start=24575 end=28671
[Q SLICE] track=3 index=7 start=28671 end=32767
[Q SLICE] track=3 index=8 start=32767 end=36863
[Q SLICE] track=3 index=9 start=36863 end=40959
[Q SLICE] track=3 index=10 start=40959 end=45055
[Q SLICE] track=3 index=11 start=45055 end=49151
[Q SLICE] track=3 index=12 start=49151 end=53247
[Q SLICE] track=3 index=13 start=53247 end=57343
[Q SLICE] track=3 index=14 start=57343 end=61439
[Q SLICE] track=3 index=15 start=61439 end=65535
[Q PATTERN] index=0 length=16 masks=ffff,ffff,ffff
[Q LOCK] pattern=0 step=0 mask=255 slice=0
[Q LOCK] pattern=0 step=1 mask=255 slice=1
[Q LOCK] pattern=0 step=2 mask=255 slice=2
[Q LOCK] pattern=0 step=3 mask=255 slice=3
[Q PATTERN] index=1 length=16 masks=1111,1111,1111
[Q LOCK] pattern=1 step=0 mask=128 slice=0
[Q LOCK] pattern=1 step=1 mask=128 slice=1
[Q LOCK] pattern=1 step=2 mask=128 slice=2
[Q LOCK] pattern=1 step=3 mask=128 slice=3
[Q PATTERN] index=2 length=16 masks=1111,1111,1111
[Q LOCK] pattern=2 step=0 mask=128 slice=0
[Q LOCK] pattern=2 step=1 mask=128 slice=1
[Q LOCK] pattern=2 step=2 mask=128 slice=2
[Q LOCK] pattern=2 step=3 mask=128 slice=3
[Q PATTERN] index=3 length=16 masks=1111,1111,1111
[Q LOCK] pattern=3 step=0 mask=128 slice=0
[Q LOCK] pattern=3 step=1 mask=128 slice=1
[Q LOCK] pattern=3 step=2 mask=128 slice=2
[Q LOCK] pattern=3 step=3 mask=128 slice=3
[Q TRANSIENT] state=4 request=29 progress=100 count=16 stale_discarded=0 apply=17 cancel=6 duration_max_us=1861512 chunk_max_us=45164
[Q PROPOSAL] index=0 start=1024 end=4096
[Q PROPOSAL] index=1 start=4096 end=8192
[Q PROPOSAL] index=2 start=8192 end=12288
[Q PROPOSAL] index=3 start=12288 end=16384
[Q PROPOSAL] index=4 start=16384 end=20480
[Q PROPOSAL] index=5 start=20480 end=24576
[Q PROPOSAL] index=6 start=24576 end=28672
[Q PROPOSAL] index=7 start=28672 end=32768
[Q PROPOSAL] index=8 start=32768 end=36864
[Q PROPOSAL] index=9 start=36864 end=40960
[Q PROPOSAL] index=10 start=40960 end=45056
[Q PROPOSAL] index=11 start=45056 end=49152
[Q PROPOSAL] index=12 start=49152 end=53248
[Q PROPOSAL] index=13 start=53248 end=57344
[Q PROPOSAL] index=14 start=57344 end=61440
[Q PROPOSAL] index=15 start=61440 end=62000
[Q HEAP] tag=state internal=195792 free=21021164 largest=19922932
[Q PLAYBACK] triggers=54390 reverse=0 gate=0 releases=0 chokes=0 retriggers=54367 repeat_accepts=1 repeat_hits=51952 chain_loops=0

# HOST LOAD 0 6
[Q COMMAND] LOAD 0 6
[Q ACK] load=1

# HOST CMD 3 0 0 0 0
[Q COMMAND] CMD 3 0 0 0 0
[Q ACK] sent=1

# HOST STATE
[Q COMMAND] STATE
[Q STATE] bpm=240 swing=63 playing=0 mode=0 chain_length=4 chain_loop=1 project_busy=0 restoring=0 sample_busy=0 project_status=PROJECT READY / 0 MISSING sample_status=unsupported depth (16-bit only)
[Q CHAIN] index=0 pattern=0 repeats=2
[Q CHAIN] index=1 pattern=1 repeats=1
[Q CHAIN] index=2 pattern=2 repeats=3
[Q CHAIN] index=3 pattern=3 repeats=1
[Q TRACK] track=0 source=1 pitch=64 synth_pitch=36 sample_pitch=64 mute=0 solo=0 start=1024 end=62000 reverse=0 mode=0 choke=0 cutoff=30 resonance=96 send=127 slices=16 enabled=1 selected=0 frames=2097152 waveform=0e481651 name=m19p_large.wav
[Q SLICE] track=0 index=0 start=1024 end=4096
[Q SLICE] track=0 index=1 start=4096 end=8192
[Q SLICE] track=0 index=2 start=8192 end=12288
[Q SLICE] track=0 index=3 start=12288 end=16384
[Q SLICE] track=0 index=4 start=16384 end=20480
[Q SLICE] track=0 index=5 start=20480 end=24576
[Q SLICE] track=0 index=6 start=24576 end=28672
[Q SLICE] track=0 index=7 start=28672 end=32768
[Q SLICE] track=0 index=8 start=32768 end=36864
[Q SLICE] track=0 index=9 start=36864 end=40960
[Q SLICE] track=0 index=10 start=40960 end=45056
[Q SLICE] track=0 index=11 start=45056 end=49152
[Q SLICE] track=0 index=12 start=49152 end=53248
[Q SLICE] track=0 index=13 start=53248 end=57344
[Q SLICE] track=0 index=14 start=57344 end=61440
[Q SLICE] track=0 index=15 start=61440 end=62000
[Q TRACK] track=1 source=1 pitch=58 synth_pitch=39 sample_pitch=58 mute=0 solo=0 start=0 end=65535 reverse=0 mode=0 choke=0 cutoff=34 resonance=96 send=127 slices=16 enabled=0 selected=0 frames=176400 waveform=0720701a name=m19p_mixed.wav
[Q SLICE] track=1 index=0 start=0 end=4095
[Q SLICE] track=1 index=1 start=4095 end=8191
[Q SLICE] track=1 index=2 start=8191 end=12287
[Q SLICE] track=1 index=3 start=12287 end=16383
[Q SLICE] track=1 index=4 start=16383 end=20479
[Q SLICE] track=1 index=5 start=20479 end=24575
[Q SLICE] track=1 index=6 start=24575 end=28671
[Q SLICE] track=1 index=7 start=28671 end=32767
[Q SLICE] track=1 index=8 start=32767 end=36863
[Q SLICE] track=1 index=9 start=36863 end=40959
[Q SLICE] track=1 index=10 start=40959 end=45055
[Q SLICE] track=1 index=11 start=45055 end=49151
[Q SLICE] track=1 index=12 start=49151 end=53247
[Q SLICE] track=1 index=13 start=53247 end=57343
[Q SLICE] track=1 index=14 start=57343 end=61439
[Q SLICE] track=1 index=15 start=61439 end=65535
[Q TRACK] track=2 source=1 pitch=60 synth_pitch=51 sample_pitch=60 mute=0 solo=0 start=0 end=65535 reverse=0 mode=0 choke=0 cutoff=38 resonance=96 send=127 slices=16 enabled=0 selected=0 frames=176400 waveform=0720701a name=m19p_mixed.wav
[Q SLICE] track=2 index=0 start=0 end=4095
[Q SLICE] track=2 index=1 start=4095 end=8191
[Q SLICE] track=2 index=2 start=8191 end=12287
[Q SLICE] track=2 index=3 start=12287 end=16383
[Q SLICE] track=2 index=4 start=16383 end=20479
[Q SLICE] track=2 index=5 start=20479 end=24575
[Q SLICE] track=2 index=6 start=24575 end=28671
[Q SLICE] track=2 index=7 start=28671 end=32767
[Q SLICE] track=2 index=8 start=32767 end=36863
[Q SLICE] track=2 index=9 start=36863 end=40959
[Q SLICE] track=2 index=10 start=40959 end=45055
[Q SLICE] track=2 index=11 start=45055 end=49151
[Q SLICE] track=2 index=12 start=49151 end=53247
[Q SLICE] track=2 index=13 start=53247 end=57343
[Q SLICE] track=2 index=14 start=57343 end=61439
[Q SLICE] track=2 index=15 start=61439 end=65535
[Q TRACK] track=3 source=1 pitch=60 synth_pitch=45 sample_pitch=60 mute=0 solo=0 start=0 end=65535 reverse=0 mode=0 choke=0 cutoff=42 resonance=96 send=127 slices=16 enabled=0 selected=0 frames=176400 waveform=0720701a name=m19p_mixed.wav
[Q SLICE] track=3 index=0 start=0 end=4095
[Q SLICE] track=3 index=1 start=4095 end=8191
[Q SLICE] track=3 index=2 start=8191 end=12287
[Q SLICE] track=3 index=3 start=12287 end=16383
[Q SLICE] track=3 index=4 start=16383 end=20479
[Q SLICE] track=3 index=5 start=20479 end=24575
[Q SLICE] track=3 index=6 start=24575 end=28671
[Q SLICE] track=3 index=7 start=28671 end=32767
[Q SLICE] track=3 index=8 start=32767 end=36863
[Q SLICE] track=3 index=9 start=36863 end=40959
[Q SLICE] track=3 index=10 start=40959 end=45055
[Q SLICE] track=3 index=11 start=45055 end=49151
[Q SLICE] track=3 index=12 start=49151 end=53247
[Q SLICE] track=3 index=13 start=53247 end=57343
[Q SLICE] track=3 index=14 start=57343 end=61439
[Q SLICE] track=3 index=15 start=61439 end=65535
[Q PATTERN] index=0 length=16 masks=ffff,ffff,ffff
[Q LOCK] pattern=0 step=0 mask=255 slice=0
[Q LOCK] pattern=0 step=1 mask=255 slice=1
[Q LOCK] pattern=0 step=2 mask=255 slice=2
[Q LOCK] pattern=0 step=3 mask=255 slice=3
[Q PATTERN] index=1 length=16 masks=1111,1111,1111
[Q LOCK] pattern=1 step=0 mask=128 slice=0
[Q LOCK] pattern=1 step=1 mask=128 slice=1
[Q LOCK] pattern=1 step=2 mask=128 slice=2
[Q LOCK] pattern=1 step=3 mask=128 slice=3
[Q PATTERN] index=2 length=16 masks=1111,1111,1111
[Q LOCK] pattern=2 step=0 mask=128 slice=0
[Q LOCK] pattern=2 step=1 mask=128 slice=1
[Q LOCK] pattern=2 step=2 mask=128 slice=2
[Q LOCK] pattern=2 step=3 mask=128 slice=3
[Q PATTERN] index=3 length=16 masks=1111,1111,1111
[Q LOCK] pattern=3 step=0 mask=128 slice=0
[Q LOCK] pattern=3 step=1 mask=128 slice=1
[Q LOCK] pattern=3 step=2 mask=128 slice=2
[Q LOCK] pattern=3 step=3 mask=128 slice=3
[Q TRANSIENT] state=4 request=29 progress=100 count=16 stale_discarded=0 apply=17 cancel=6 duration_max_us=1861512 chunk_max_us=45164
[Q PROPOSAL] index=0 start=1024 end=4096
[Q PROPOSAL] index=1 start=4096 end=8192
[Q PROPOSAL] index=2 start=8192 end=12288
[Q PROPOSAL] index=3 start=12288 end=16384
[Q PROPOSAL] index=4 start=16384 end=20480
[Q PROPOSAL] index=5 start=20480 end=24576
[Q PROPOSAL] index=6 start=24576 end=28672
[Q PROPOSAL] index=7 start=28672 end=32768
[Q PROPOSAL] index=8 start=32768 end=36864
[Q PROPOSAL] index=9 start=36864 end=40960
[Q PROPOSAL] index=10 start=40960 end=45056
[Q PROPOSAL] index=11 start=45056 end=49152
[Q PROPOSAL] index=12 start=49152 end=53248
[Q PROPOSAL] index=13 start=53248 end=57344
[Q PROPOSAL] index=14 start=57344 end=61440
[Q PROPOSAL] index=15 start=61440 end=62000
[Q HEAP] tag=state internal=195792 free=21021164 largest=19922932
[Q PLAYBACK] triggers=54391 reverse=0 gate=0 releases=0 chokes=0 retriggers=54367 repeat_accepts=1 repeat_hits=51952 chain_loops=0

# HOST LOAD 0 7
[Q COMMAND] LOAD 0 7
[Q ACK] load=1

# HOST CMD 3 0 0 0 0
[Q COMMAND] CMD 3 0 0 0 0
[Q ACK] sent=1

# HOST STATE
[Q COMMAND] STATE
[Q STATE] bpm=240 swing=63 playing=0 mode=0 chain_length=4 chain_loop=1 project_busy=0 restoring=0 sample_busy=0 project_status=PROJECT READY / 0 MISSING sample_status=invalid RIFF length
[Q CHAIN] index=0 pattern=0 repeats=2
[Q CHAIN] index=1 pattern=1 repeats=1
[Q CHAIN] index=2 pattern=2 repeats=3
[Q CHAIN] index=3 pattern=3 repeats=1
[Q TRACK] track=0 source=1 pitch=64 synth_pitch=36 sample_pitch=64 mute=0 solo=0 start=1024 end=62000 reverse=0 mode=0 choke=0 cutoff=30 resonance=96 send=127 slices=16 enabled=1 selected=0 frames=2097152 waveform=0e481651 name=m19p_large.wav
[Q SLICE] track=0 index=0 start=1024 end=4096
[Q SLICE] track=0 index=1 start=4096 end=8192
[Q SLICE] track=0 index=2 start=8192 end=12288
[Q SLICE] track=0 index=3 start=12288 end=16384
[Q SLICE] track=0 index=4 start=16384 end=20480
[Q SLICE] track=0 index=5 start=20480 end=24576
[Q SLICE] track=0 index=6 start=24576 end=28672
[Q SLICE] track=0 index=7 start=28672 end=32768
[Q SLICE] track=0 index=8 start=32768 end=36864
[Q SLICE] track=0 index=9 start=36864 end=40960
[Q SLICE] track=0 index=10 start=40960 end=45056
[Q SLICE] track=0 index=11 start=45056 end=49152
[Q SLICE] track=0 index=12 start=49152 end=53248
[Q SLICE] track=0 index=13 start=53248 end=57344
[Q SLICE] track=0 index=14 start=57344 end=61440
[Q SLICE] track=0 index=15 start=61440 end=62000
[Q TRACK] track=1 source=1 pitch=58 synth_pitch=39 sample_pitch=58 mute=0 solo=0 start=0 end=65535 reverse=0 mode=0 choke=0 cutoff=34 resonance=96 send=127 slices=16 enabled=0 selected=0 frames=176400 waveform=0720701a name=m19p_mixed.wav
[Q SLICE] track=1 index=0 start=0 end=4095
[Q SLICE] track=1 index=1 start=4095 end=8191
[Q SLICE] track=1 index=2 start=8191 end=12287
[Q SLICE] track=1 index=3 start=12287 end=16383
[Q SLICE] track=1 index=4 start=16383 end=20479
[Q SLICE] track=1 index=5 start=20479 end=24575
[Q SLICE] track=1 index=6 start=24575 end=28671
[Q SLICE] track=1 index=7 start=28671 end=32767
[Q SLICE] track=1 index=8 start=32767 end=36863
[Q SLICE] track=1 index=9 start=36863 end=40959
[Q SLICE] track=1 index=10 start=40959 end=45055
[Q SLICE] track=1 index=11 start=45055 end=49151
[Q SLICE] track=1 index=12 start=49151 end=53247
[Q SLICE] track=1 index=13 start=53247 end=57343
[Q SLICE] track=1 index=14 start=57343 end=61439
[Q SLICE] track=1 index=15 start=61439 end=65535
[Q TRACK] track=2 source=1 pitch=60 synth_pitch=51 sample_pitch=60 mute=0 solo=0 start=0 end=65535 reverse=0 mode=0 choke=0 cutoff=38 resonance=96 send=127 slices=16 enabled=0 selected=0 frames=176400 waveform=0720701a name=m19p_mixed.wav
[Q SLICE] track=2 index=0 start=0 end=4095
[Q SLICE] track=2 index=1 start=4095 end=8191
[Q SLICE] track=2 index=2 start=8191 end=12287
[Q SLICE] track=2 index=3 start=12287 end=16383
[Q SLICE] track=2 index=4 start=16383 end=20479
[Q SLICE] track=2 index=5 start=20479 end=24575
[Q SLICE] track=2 index=6 start=24575 end=28671
[Q SLICE] track=2 index=7 start=28671 end=32767
[Q SLICE] track=2 index=8 start=32767 end=36863
[Q SLICE] track=2 index=9 start=36863 end=40959
[Q SLICE] track=2 index=10 start=40959 end=45055
[Q SLICE] track=2 index=11 start=45055 end=49151
[Q SLICE] track=2 index=12 start=49151 end=53247
[Q SLICE] track=2 index=13 start=53247 end=57343
[Q SLICE] track=2 index=14 start=57343 end=61439
[Q SLICE] track=2 index=15 start=61439 end=65535
[Q TRACK] track=3 source=1 pitch=60 synth_pitch=45 sample_pitch=60 mute=0 solo=0 start=0 end=65535 reverse=0 mode=0 choke=0 cutoff=42 resonance=96 send=127 slices=16 enabled=0 selected=0 frames=176400 waveform=0720701a name=m19p_mixed.wav
[Q SLICE] track=3 index=0 start=0 end=4095
[Q SLICE] track=3 index=1 start=4095 end=8191
[Q SLICE] track=3 index=2 start=8191 end=12287
[Q SLICE] track=3 index=3 start=12287 end=16383
[Q SLICE] track=3 index=4 start=16383 end=20479
[Q SLICE] track=3 index=5 start=20479 end=24575
[Q SLICE] track=3 index=6 start=24575 end=28671
[Q SLICE] track=3 index=7 start=28671 end=32767
[Q SLICE] track=3 index=8 start=32767 end=36863
[Q SLICE] track=3 index=9 start=36863 end=40959
[Q SLICE] track=3 index=10 start=40959 end=45055
[Q SLICE] track=3 index=11 start=45055 end=49151
[Q SLICE] track=3 index=12 start=49151 end=53247
[Q SLICE] track=3 index=13 start=53247 end=57343
[Q SLICE] track=3 index=14 start=57343 end=61439
[Q SLICE] track=3 index=15 start=61439 end=65535
[Q PATTERN] index=0 length=16 masks=ffff,ffff,ffff
[Q LOCK] pattern=0 step=0 mask=255 slice=0
[Q LOCK] pattern=0 step=1 mask=255 slice=1
[Q LOCK] pattern=0 step=2 mask=255 slice=2
[Q LOCK] pattern=0 step=3 mask=255 slice=3
[Q PATTERN] index=1 length=16 masks=1111,1111,1111
[Q LOCK] pattern=1 step=0 mask=128 slice=0
[Q LOCK] pattern=1 step=1 mask=128 slice=1
[Q LOCK] pattern=1 step=2 mask=128 slice=2
[Q LOCK] pattern=1 step=3 mask=128 slice=3
[Q PATTERN] index=2 length=16 masks=1111,1111,1111
[Q LOCK] pattern=2 step=0 mask=128 slice=0
[Q LOCK] pattern=2 step=1 mask=128 slice=1
[Q LOCK] pattern=2 step=2 mask=128 slice=2
[Q LOCK] pattern=2 step=3 mask=128 slice=3
[Q PATTERN] index=3 length=16 masks=1111,1111,1111
[Q LOCK] pattern=3 step=0 mask=128 slice=0
[Q LOCK] pattern=3 step=1 mask=128 slice=1
[Q LOCK] pattern=3 step=2 mask=128 slice=2
[Q LOCK] pattern=3 step=3 mask=128 slice=3
[Q TRANSIENT] state=4 request=29 progress=100 count=16 stale_discarded=0 apply=17 cancel=6 duration_max_us=1861512 chunk_max_us=45164
[Q PROPOSAL] index=0 start=1024 end=4096
[Q PROPOSAL] index=1 start=4096 end=8192
[Q PROPOSAL] index=2 start=8192 end=12288
[Q PROPOSAL] index=3 start=12288 end=16384
[Q PROPOSAL] index=4 start=16384 end=20480
[Q PROPOSAL] index=5 start=20480 end=24576
[Q PROPOSAL] index=6 start=24576 end=28672
[Q PROPOSAL] index=7 start=28672 end=32768
[Q PROPOSAL] index=8 start=32768 end=36864
[Q PROPOSAL] index=9 start=36864 end=40960
[Q PROPOSAL] index=10 start=40960 end=45056
[Q PROPOSAL] index=11 start=45056 end=49152
[Q PROPOSAL] index=12 start=49152 end=53248
[Q PROPOSAL] index=13 start=53248 end=57344
[Q PROPOSAL] index=14 start=57344 end=61440
[Q PROPOSAL] index=15 start=61440 end=62000
[Q HEAP] tag=state internal=195792 free=21021164 largest=19922932
[Q PLAYBACK] triggers=54392 reverse=0 gate=0 releases=0 chokes=0 retriggers=54367 repeat_accepts=1 repeat_hits=51952 chain_loops=0

# HOST LOAD 0 8
[Q COMMAND] LOAD 0 8
[Q ACK] load=1
[M6 read] bytes=44100 read_us=91924 bytes_per_second=479744 original_channels=1 rate=44100 total_psram=33554432
[M6 load] track=0 file_bytes=44144 pcm_bytes=44100 load_publish_us=526771 payload=5336100 transient=44100 peak_payload=9530404 ps_free=25301484 largest=24641524 internal=195792 display=2304000 fx_delay=352800 reserve=4194304
[M6.1 replacement] retired_clear=1 ps_delta=-4280320 status=READY

# HOST CMD 3 0 0 0 0
[Q COMMAND] CMD 3 0 0 0 0
[Q ACK] sent=1

# HOST STATE
[Q COMMAND] STATE
[Q STATE] bpm=240 swing=63 playing=0 mode=0 chain_length=4 chain_loop=1 project_busy=0 restoring=0 sample_busy=0 project_status=PROJECT READY / 0 MISSING sample_status=SAMPLE READY
[Q CHAIN] index=0 pattern=0 repeats=2
[Q CHAIN] index=1 pattern=1 repeats=1
[Q CHAIN] index=2 pattern=2 repeats=3
[Q CHAIN] index=3 pattern=3 repeats=1
[Q TRACK] track=0 source=1 pitch=64 synth_pitch=36 sample_pitch=64 mute=0 solo=0 start=1024 end=62000 reverse=0 mode=0 choke=0 cutoff=30 resonance=96 send=127 slices=16 enabled=1 selected=0 frames=22050 waveform=0ee7dbac name=m19p_oneshot.wav
[Q SLICE] track=0 index=0 start=1024 end=4096
[Q SLICE] track=0 index=1 start=4096 end=8192
[Q SLICE] track=0 index=2 start=8192 end=12288
[Q SLICE] track=0 index=3 start=12288 end=16384
[Q SLICE] track=0 index=4 start=16384 end=20480
[Q SLICE] track=0 index=5 start=20480 end=24576
[Q SLICE] track=0 index=6 start=24576 end=28672
[Q SLICE] track=0 index=7 start=28672 end=32768
[Q SLICE] track=0 index=8 start=32768 end=36864
[Q SLICE] track=0 index=9 start=36864 end=40960
[Q SLICE] track=0 index=10 start=40960 end=45056
[Q SLICE] track=0 index=11 start=45056 end=49152
[Q SLICE] track=0 index=12 start=49152 end=53248
[Q SLICE] track=0 index=13 start=53248 end=57344
[Q SLICE] track=0 index=14 start=57344 end=61440
[Q SLICE] track=0 index=15 start=61440 end=62000
[Q TRACK] track=1 source=1 pitch=58 synth_pitch=39 sample_pitch=58 mute=0 solo=0 start=0 end=65535 reverse=0 mode=0 choke=0 cutoff=34 resonance=96 send=127 slices=16 enabled=0 selected=0 frames=176400 waveform=0720701a name=m19p_mixed.wav
[Q SLICE] track=1 index=0 start=0 end=4095
[Q SLICE] track=1 index=1 start=4095 end=8191
[Q SLICE] track=1 index=2 start=8191 end=12287
[Q SLICE] track=1 index=3 start=12287 end=16383
[Q SLICE] track=1 index=4 start=16383 end=20479
[Q SLICE] track=1 index=5 start=20479 end=24575
[Q SLICE] track=1 index=6 start=24575 end=28671
[Q SLICE] track=1 index=7 start=28671 end=32767
[Q SLICE] track=1 index=8 start=32767 end=36863
[Q SLICE] track=1 index=9 start=36863 end=40959
[Q SLICE] track=1 index=10 start=40959 end=45055
[Q SLICE] track=1 index=11 start=45055 end=49151
[Q SLICE] track=1 index=12 start=49151 end=53247
[Q SLICE] track=1 index=13 start=53247 end=57343
[Q SLICE] track=1 index=14 start=57343 end=61439
[Q SLICE] track=1 index=15 start=61439 end=65535
[Q TRACK] track=2 source=1 pitch=60 synth_pitch=51 sample_pitch=60 mute=0 solo=0 start=0 end=65535 reverse=0 mode=0 choke=0 cutoff=38 resonance=96 send=127 slices=16 enabled=0 selected=0 frames=176400 waveform=0720701a name=m19p_mixed.wav
[Q SLICE] track=2 index=0 start=0 end=4095
[Q SLICE] track=2 index=1 start=4095 end=8191
[Q SLICE] track=2 index=2 start=8191 end=12287
[Q SLICE] track=2 index=3 start=12287 end=16383
[Q SLICE] track=2 index=4 start=16383 end=20479
[Q SLICE] track=2 index=5 start=20479 end=24575
[Q SLICE] track=2 index=6 start=24575 end=28671
[Q SLICE] track=2 index=7 start=28671 end=32767
[Q SLICE] track=2 index=8 start=32767 end=36863
[Q SLICE] track=2 index=9 start=36863 end=40959
[Q SLICE] track=2 index=10 start=40959 end=45055
[Q SLICE] track=2 index=11 start=45055 end=49151
[Q SLICE] track=2 index=12 start=49151 end=53247
[Q SLICE] track=2 index=13 start=53247 end=57343
[Q SLICE] track=2 index=14 start=57343 end=61439
[Q SLICE] track=2 index=15 start=61439 end=65535
[Q TRACK] track=3 source=1 pitch=60 synth_pitch=45 sample_pitch=60 mute=0 solo=0 start=0 end=65535 reverse=0 mode=0 choke=0 cutoff=42 resonance=96 send=127 slices=16 enabled=0 selected=0 frames=176400 waveform=0720701a name=m19p_mixed.wav
[Q SLICE] track=3 index=0 start=0 end=4095
[Q SLICE] track=3 index=1 start=4095 end=8191
[Q SLICE] track=3 index=2 start=8191 end=12287
[Q SLICE] track=3 index=3 start=12287 end=16383
[Q SLICE] track=3 index=4 start=16383 end=20479
[Q SLICE] track=3 index=5 start=20479 end=24575
[Q SLICE] track=3 index=6 start=24575 end=28671
[Q SLICE] track=3 index=7 start=28671 end=32767
[Q SLICE] track=3 index=8 start=32767 end=36863
[Q SLICE] track=3 index=9 start=36863 end=40959
[Q SLICE] track=3 index=10 start=40959 end=45055
[Q SLICE] track=3 index=11 start=45055 end=49151
[Q SLICE] track=3 index=12 start=49151 end=53247
[Q SLICE] track=3 index=13 start=53247 end=57343
[Q SLICE] track=3 index=14 start=57343 end=61439
[Q SLICE] track=3 index=15 start=61439 end=65535
[Q PATTERN] index=0 length=16 masks=ffff,ffff,ffff
[Q LOCK] pattern=0 step=0 mask=255 slice=0
[Q LOCK] pattern=0 step=1 mask=255 slice=1
[Q LOCK] pattern=0 step=2 mask=255 slice=2
[Q LOCK] pattern=0 step=3 mask=255 slice=3
[Q PATTERN] index=1 length=16 masks=1111,1111,1111
[Q LOCK] pattern=1 step=0 mask=128 slice=0
[Q LOCK] pattern=1 step=1 mask=128 slice=1
[Q LOCK] pattern=1 step=2 mask=128 slice=2
[Q LOCK] pattern=1 step=3 mask=128 slice=3
[Q PATTERN] index=2 length=16 masks=1111,1111,1111
[Q LOCK] pattern=2 step=0 mask=128 slice=0
[Q LOCK] pattern=2 step=1 mask=128 slice=1
[Q LOCK] pattern=2 step=2 mask=128 slice=2
[Q LOCK] pattern=2 step=3 mask=128 slice=3
[Q PATTERN] index=3 length=16 masks=1111,1111,1111
[Q LOCK] pattern=3 step=0 mask=128 slice=0
[Q LOCK] pattern=3 step=1 mask=128 slice=1
[Q LOCK] pattern=3 step=2 mask=128 slice=2
[Q LOCK] pattern=3 step=3 mask=128 slice=3
[Q TRANSIENT] state=4 request=29 progress=100 count=16 stale_discarded=0 apply=17 cancel=6 duration_max_us=1861512 chunk_max_us=45164
[Q PROPOSAL] index=0 start=1024 end=4096
[Q PROPOSAL] index=1 start=4096 end=8192
[Q PROPOSAL] index=2 start=8192 end=12288
[Q PROPOSAL] index=3 start=12288 end=16384
[Q PROPOSAL] index=4 start=16384 end=20480
[Q PROPOSAL] index=5 start=20480 end=24576
[Q PROPOSAL] index=6 start=24576 end=28672
[Q PROPOSAL] index=7 start=28672 end=32768
[Q PROPOSAL] index=8 start=32768 end=36864
[Q PROPOSAL] index=9 start=36864 end=40960
[Q PROPOSAL] index=10 start=40960 end=45056
[Q PROPOSAL] index=11 start=45056 end=49152
[Q PROPOSAL] index=12 start=49152 end=53248
[Q PROPOSAL] index=13 start=53248 end=57344
[Q PROPOSAL] index=14 start=57344 end=61440
[Q PROPOSAL] index=15 start=61440 end=62000
[Q HEAP] tag=state internal=195792 free=25301484 largest=24641524
[Q PLAYBACK] triggers=54393 reverse=0 gate=0 releases=0 chokes=0 retriggers=54367 repeat_accepts=1 repeat_hits=51952 chain_loops=0

# HOST MEASURE 0
[Q COMMAND] MEASURE 0

# HOST METRICS
[Q COMMAND] METRICS
[Q METRICS] blocks=6182 stored=6182 p99=1978 max=2065 misses=0 failures=0 timeouts=0 nonzero=3154560 overlap=0 overlap_max=0 active_max=1
