ESP-ROM:esp32p4-eco2-20240710
Build:Jul 10 2024
rst:0x17 (CHIP_USB_UART_RESET),boot:0x30f (SPI_FAST_FLASH_BOOT)
Core0 Saved PC:0x4fc1a0ce
Core1 Saved PC:0x4ff02d26
SPI mode:DIO, clock div:1
load:0x4ff33ce0,len:0x11dc
load:0x4ff29ed0,len:0xccc
load:0x4ff2cbd0,len:0x3568
entry 0x4ff29ed0
PSRAM PRE DELAY: 31246012
PSRAM POST DELAY: 30885556
[AUDIO] I2C init OK
[AUDIO] ES8311 found at 0x18
[AUDIO] I2S init 44100/16 OK, MCLK=11289600 Hz
[AUDIO] ES8311 playback configured (capture serial port disabled)
[AUDIO] PA GPIO11 enabled
E (2494) sdmmc_common: sdmmc_init_ocr: send_op_cond (1) returned[M6 budget] total=33554432 display=2304000 fx_delay=352800 samples=0 reserve=4194304 free=30779004 largest=30408692 internal=300084
 0x107
E (2495) vfs_fat_sdmmc: sdmmc_card_init failed (0x107).
[   813][E][SD_MMC.cpp:307] begin(): Failed to initialize the card (0x107). Make sure SD card lines have pull-up resistors in place.
[M6 SD] mounted=0 width=4 clock_khz=20000 mount_us=261820 capacity=0 status=NO CARD / MOUNT ERROR
[M5] blocks=10337 p50=3331 p95=4104 p99=4220 max=4518 misses=0 failures=0 timeouts=0 peak=7170 nonzero=5236234 rails=0 active_min=0 active_max=16
[M8 groove] parents=11937 passed=10696 skipped=1241 ratchets=29541 pending_max=48 velocity_min=1 velocity_max=127 swing_changes=8
[M8 worst] blocks=2068 bpm=240 voices=16 ratchet=4 swing=50 delay=1 max=4518 triggers=12304 triggers_per_second=1024
[MEM] M8 after 60s PSRAM total=33554432 free=30779004 largest=30408692 internal_free=299076
[M10 locks] locked=10604 unlocked=92 pitch=10427 volume=10432 pan=10442 wave=10452 pattern_bytes=3106 bank_bytes=49696 engine_bytes=52064
[M11 tone] cutoff=591 resonance=588 send=590 cutoff_min=0 cutoff_max=127 resonance_min=0 resonance_max=127 send_min=0 send_max=127 blocks=580 max=4494 dense=2068 dense_max=4518
[M12 locks] cutoff=10440 resonance=10418 send=10432 coefficients=10977 avoided=30747 send_changes=10860 coefficient_blocks=934 coefficient_max=4494 edit_blocks=201 edit_max=4330 commands=141 step_bytes=9 event_bytes=20 voice_bytes=384 idle_residue=15
[M16 project] state_bytes=53128 file_bytes=52637 snapshot_blocks=51 snapshot_max=4214 apply_blocks=312 apply_max=1945 fixtures=3 fixture_errors=0 dirty=1 physical_pending=1
[M13 dense] blocks=2068 active_min=0
[M13 playback] triggers=0 reverse=0 gate=0 releases=0 ends=0 choke_ops=0 choked=0 retriggers=0 region_min=0 region_max=0 max=4518 choke_max=0 retrigger_max=0 voice_bytes=64 track_bytes=116 event_bytes=20
[M15 locks] locked=0 unlocked=0 unsliced=0 requested_min=0 requested_max=0 resolved_min=0 resolved_max=0 clamped=0 edits=0 ui_edits=0 align=1 requested_seen=0 resolved_seen=0
[M14 slices] triggers=0 auditions=0 index_min=0 index_max=0 frames_min=0 frames_max=0 active_changes=0 divides=0 adds=0 deletes=0 resets=0 edit_blocks=0 edit_max=0 slice_bytes=4 bank_bytes=66 sample_bytes=1556
[M10 worst] blocks=2068 max=4518
[M9 tools] rotate=25 reverse=21 copy_track=24 clear_track=13 duplicate=20 euclidean=14 randomize=17 mutate=15 reroll=13 blocks=144 dense_blocks=90 max=4518
[M5 UI] seconds=63.030 submitted=1278 completed=1278 dirty_avg=109971 dirty_max=768000 full=68 preparation_max_us=161782 touch_errors=0 rejected=0 pads=4 steps=8 drags=57 pages=24 transport=0 bpm=0 skipped=116
[M7 patterns] switches=12 loops=75 selections=29 copies=4 clears=4 lengths=16 solos=8 mutes=8 normal_frames=1210 dirty_avg=72991 dirty_max=460800 pattern_bytes=3106 command_bytes=12
[M7 applied] long_to_short=2 short_to_long=2 queue_replacements=10 copies=4 clears=5 lengths=16 solos=6 mutes=7 steps=7
[M9 UI] entries=4 copies=4 randomize=8 cell_max=16 edit_full=0
[M12 UI] entries=10 edits=56 widgets_max=6 edit_full=0
[M11 UI] entries=8 edits=38 widgets_max=1 edit_full=0
[M10 UI] entries=12 edits=67 widgets_max=6 edit_full=0
[M13 UI] entries=0 edits=0 widgets_max=0 edit_full=0
[M14 UI] entries=0 edits=0 edit_full=0 waveform_first_us=0 waveform_redraw_max_us=0 slice_redraw_max_us=0 build_count=0 build_max_us=0 large_us=0 cache_bytes=1440 page_max_us=0 drag_dirty_max=0
[M5 memory] ps_before=30779004 ps_after=30779004 internal_before=299076 internal_after=299076 largest_before=30408692 largest_after=30408692
