ESP-ROM:esp32p4-eco2-20240710
Build:Jul 10 2024
rst:0x17 (CHIP_USB_UART_RESET),boot:0xc (SPI_FAST_FLASH_BOOT)
Core0 Saved PC:0x4ff02c5e
Core1 Saved PC:0x4ff02c5e
SPI mode:DIO, clock div:1
load:0x4ff33ce0,len:0x11dc
load:0x4ff29ed0,len:0xccc
load:0x4ff2cbd0,len:0x3568
entry 0x4ff29ed0

[BOOT] Original P4SDM synth diagnostic, CPU=360 MHz
[MEM] boot PSRAM total=33554432 free=33551856 largest=33030132 internal_free=564324
[MEM] engine init (FX disabled) PSRAM total=33554432 free=33551856 largest=33030132 internal_free=564324
[AUDIO] I2C init OK
[AUDIO] ES8311 found at 0x18
[AUDIO] I2S init 44100/16 OK, MCLK=11289600 Hz
[AUDIO] ES8311 playback configured (capture serial port disabled)
[AUDIO] PA GPIO11 enabled
[SYNTH] Original 16-voice mixer; automatic notes for 10 s, alternating PAN.
[SYNTH] blocks=1723 notes=20 nonzero_mono=421015 peaks L=605 R=606 mono=304
[SYNTH] max_render_us=1756 block_budget_us=5804 render_overruns=0
[SYNTH] write=ESP_OK shutdown=ESP_OK result=PASS (PCM/timing only)
[SYNTH] Finished; PA disabled. Reset to replay.
[MEM] after synth PSRAM total=33554432 free=33550636 largest=33030132 internal_free=555520
