ESP-ROM:esp32p4-eco2-20240710
Build:Jul 10 2024
rst:0x17 (CHIP_USB_UART_RESET),boot:0x30f (SPI_FAST_FLASH_BOOT)
Core0 Saved PC:0x4000cd3a
Core1 Saved PC:0x4ff02d26
SPI mode:DIO, clock div:1
load:0x4ff33ce0,len:0x11dc
load:0x4ff29ed0,len:0xccc
load:0x4ff2cbd0,len:0x3568
entry 0x4ff29ed0
PSRAM PRE DELAY: 31246012
PSRAM POST DELAY: 30885556
[AUDIO] I2C init OK
[AUDIO] ES8311 found at 0x18
[AUDIO] I2S init 44100/16 OK, MCLK=11289600 Hz
[AUDIO] ES8311 playback configured (capture serial port disabled)
[AUDIO] PA GPIO11 enabled
[M6 budget] total=33554432 display=2304000 fx_delay=352800 samples=0 reserve=4194304 free=30885508 largest=30408692 internal=341940
E (2482) sdmmc_common: sdmmc_init_ocr: send_op_cond (1) returned 0x107
E (2486) vfs_fat_sdmmc: sdmmc_card_init failed (0x107).
[   805][E][SD_MMC.cpp:307] begin(): Failed to initialize the card (0x107). Make sure SD card lines have pull-up resistors in place.
[M6 SD] mounted=0 width=4 clock_khz=20000 mount_us=266700 capacity=0 status=NO CARD / MOUNT ERROR
E (21356) task_wdt: Task watchdog got triggered. The following tasks/users did not reset the watchdog in time:
E (21356) task_wdt:  - IDLE0 (CPU 0)
E (21356) task_wdt: Tasks currently running:
E (21356) task_wdt: CPU 0: app_audio
E (21356) task_wdt: CPU 1: IDLE1
E (21356) task_wdt: Aborting.
E (21356) task_wdt: Print CPU 0 (current core) registers


Core  0 register dump:
MEPC    : 0x4fc14d3c  RA      : 0x400036ca  SP      : 0x4ff2b7c0  GP      : 0x4ff12900  
TP      : 0x4ff2b910  T0      : 0x4fc10cc4  T1      : 0x00000000  T2      : 0x02e402e4  
S0/FP   : 0x4ff5aa68  S1      : 0x4ff52a68  A0      : 0x00001c35  A1      : 0x00000000  
A2      : 0x0000fe00  A3      : 0x00006a00  A4      : 0x00000000  A5      : 0x00380000  
A6      : 0xfe000000  A7      : 0x6a000000  S2      : 0x00000003  S3      : 0x0000000c  
S4      : 0x4ff12370  S5      : 0x4ff5c3d0  S6      : 0x4ff5c450  S7      : 0x4ff126bc  
S8      : 0x00000000  S9      : 0x00000000  S10     : 0x00000d27  S11     : 0x00000ad7  
T3      : 0x00000000  T4      : 0x00000038  T5      : 0x000000d8  T6      : 0x001ba3fe  
MSTATUS : 0x00000000  MTVEC   : 0x4ff52a68  MCAUSE  : 0x4ff5ac68  MTVAL   : 0x40008a7c  
MHARTID : 0xa5a5a5a5  

Stack memory:
4ff2b7c0: 0x00000000 0x4ff52a68 0x4ff5ac68 0x40008a7c 0xa5a5a5a5 0x000003f1 0x0000024c 0x00000000
4ff2b7e0: 0x00000000 0x00000000 0x00000000 0x00000000 0x00000000 0x00000000 0x00000000 0x00000000
4ff2b800: 0x00000000 0x00000000 0x00000000 0x4ff5c020 0x4ff5bfb8 0x00000000 0x4ff5ad3c 0x4ff12310
4ff2b820: 0x00000000 0x000004f9 0x00000053 0x0000117b 0x012c35e4 0x00000a28 0x4823396c 0x00015888
4ff2b840: 0xa5a5a5a5 0xa5a5a5a5 0xa5a5a5a5 0x00000000 0xa5a5a500 0xa5a5a5a5 0xa5a5a5a5 0x50517f0f
4ff2b860: 0xa5000f00 0x48427f0f 0xa50f0e44 0xa5a5a5a5 0x4ff09466 0x48427f0f 0x000f0e44 0x00000066
4ff2b880: 0x00000000 0x00000000 0x00000000 0x00000000 0x00000000 0x00000000 0x00000000 0x00000000
4ff2b8a0: 0x00000000 0x00000000 0x00000000 0x00000000 0x00000000 0x00000000 0x00000000 0x00000000
4ff2b8c0: 0x00000000 0x00000000 0x00000000 0x00000000 0x00000000 0x00000000 0x00000000 0x4ff09472
4ff2b8e0: 0x00000000 0x00000000 0x00000000 0x00000000 0x00000000 0x00000000 0x00000000 0x00000000
4ff2b900: 0x00000000 0xa5a5a5a5 0xa5a5a5a5 0xa5a5a5a5 0x00000001 0x4ff299f8 0x4ff299f8 0x00000000
4ff2b920: 0x00000000 0x00000000 0xa5a5a5a5 0xa5a5a5a5 0xa5a5a5a5 0xa5a5a5a5 0xbaad5678 0x00000000
4ff2b940: 0x00000000 0x00000000 0x00000000 0x00000000 0x00000000 0x00000000 0x00000000 0x00000000
4ff2b960: 0x00000000 0x00000000 0x00000000 0x00000000 0x00000000 0x00000000 0x00000000 0x00000000
4ff2b980: 0x00000000 0x00000000 0x00000000 0x00000000 0x00000000 0x00000000 0x00000000 0x00000000
4ff2b9a0: 0x00000000 0x00000000 0x00000000 0x00000000 0x00000000 0x00000000 0x00000000 0x00000000
4ff2b9c0: 0x00000000 0x00000000 0x00000000 0x00000000 0x00000000 0x00000000 0x00000000 0x00000000
4ff2b9e0: 0x00000000 0x00000000 0x00000000 0x4ff299e8 0x00001c00 0xabba1234 0x00001b58 0xa5a5a5a5
4ff2ba00: 0xa5a5a5a5 0xa5a5a5a5 0xa5a5a5a5 0xa5a5a5a5 0xa5a5a5a5 0xa5a5a5a5 0xa5a5a5a5 0xa5a5a5a5
4ff2ba20: 0xa5a5a5a5 0xa5a5a5a5 0xa5a5a5a5 0xa5a5a5a5 0xa5a5a5a5 0xa5a5a5a5 0xa5a5a5a5 0xa5a5a5a5
4ff2ba40: 0xa5a5a5a5 0xa5a5a5a5 0xa5a5a5a5 0xa5a5a5a5 0xa5a5a5a5 0xa5a5a5a5 0xa5a5a5a5 0xa5a5a5a5
4ff2ba60: 0xa5a5a5a5 0xa5a5a5a5 0xa5a5a5a5 0xa5a5a5a5 0xa5a5a5a5 0xa5a5a5a5 0xa5a5a5a5 0xa5a5a5a5
4ff2ba80: 0xa5a5a5a5 0xa5a5a5a5 0xa5a5a5a5 0xa5a5a5a5 0xa5a5a5a5 0xa5a5a5a5 0xa5a5a5a5 0xa5a5a5a5
4ff2baa0: 0xa5a5a5a5 0xa5a5a5a5 0xa5a5a5a5 0xa5a5a5a5 0xa5a5a5a5 0xa5a5a5a5 0xa5a5a5a5 0xa5a5a5a5
4ff2bac0: 0xa5a5a5a5 0xa5a5a5a5 0xa5a5a5a5 0xa5a5a5a5 0xa5a5a5a5 0xa5a5a5a5 0xa5a5a5a5 0xa5a5a5a5
4ff2bae0: 0xa5a5a5a5 0xa5a5a5a5 0xa5a5a5a5 0xa5a5a5a5 0xa5a5a5a5 0xa5a5a5a5 0xa5a5a5a5 0xa5a5a5a5
4ff2bb00: 0xa5a5a5a5 0xa5a5a5a5 0xa5a5a5a5 0xa5a5a5a5 0xa5a5a5a5 0xa5a5a5a5 0xa5a5a5a5 0xa5a5a5a5
4ff2bb20: 0xa5a5a5a5 0xa5a5a5a5 0xa5a5a5a5 0xa5a5a5a5 0xa5a5a5a5 0xa5a5a5a5 0xa5a5a5a5 0xa5a5a5a5
4ff2bb40: 0xa5a5a5a5 0xa5a5a5a5 0xa5a5a5a5 0xa5a5a5a5 0xa5a5a5a5 0xa5a5a5a5 0xa5a5a5a5 0xa5a5a5a5
4ff2bb60: 0xa5a5a5a5 0xa5a5a5a5 0xa5a5a5a5 0xa5a5a5a5 0xa5a5a5a5 0xa5a5a5a5 0xa5a5a5a5 0xa5a5a5a5
4ff2bb80: 0xa5a5a5a5 0xa5a5a5a5 0xa5a5a5a5 0xa5a5a5a5 0xa5a5a5a5 0xa5a5a5a5 0xa5a5a5a5 0xa5a5a5a5
4ff2bba0: 0xa5a5a5a5 0xa5a5a5a5 0xa5a5a5a5 0xa5a5a5a5 0xa5a5a5a5 0xa5a5a5a5 0xa5a5a5a5 0xa5a5a5a5



ELF file SHA256: 36ac75970

Rebooting...
ESP-ROM:esp32p4-eco2-20240710
Build:Jul 10 2024
rst:0xc (SW_CPU_RESET),boot:0x30f (SPI_FAST_FLASH_BOOT)
Core0 Saved PC:0x4ff08366
Core1 Saved PC:0x4ff02d26
SPI mode:DIO, clock div:1
load:0x4ff33ce0,len:0x11dc
load:0x4ff29ed0,len:0xccc
load:0x4ff2cbd0,len:0x3568
entry 0x4ff29ed0
PSRAM PRE DELAY: 31246012
PSRAM POST DELAY: 30885556
[AUDIO] I2C init OK
[AUDIO] ES8311 found at 0x18
[AUDIO] I2S init 44100/16 OK, MCLK=11289600 Hz
[AUDIO] ES8311 playback configured (capture serial port disabled)
[AUDIO] PA GPIO11 enabled
[M6 budget] total=33554432 display=2304000 fx_delay=352800 samples=0 reserve=4194304 free=30885508 largest=30408692 internal=341940
E (2492) sdmmc_common: sdmmc_init_ocr: send_op_cond (1) returned 0x107
E (2496) vfs_fat_sdmmc: sdmmc_card_init failed (0x107).
[   815][E][SD_MMC.cpp:307] begin(): Failed to initialize the card (0x107). Make sure SD card lines have pull-up resistors in place.
[M6 SD] mounted=0 width=4 clock_khz=20000 mount_us=266716 capacity=0 status=NO CARD / MOUNT ERROR
E (21360) task_wdt: Task watchdog got triggered. The following tasks/users did not reset the watchdog in time:
E (21360) task_wdt:  - IDLE0 (CPU 0)
E (21360) task_wdt: Tasks currently running:
E (21360) task_wdt: CPU 0: app_audio
E (21360) task_wdt: CPU 1: IDLE1
E (21360) task_wdt: Aborting.
E (21360) task_wdt: Print CPU 0 (current core) registers


Core  0 register dump:
MEPC    : 0x40008b0a  RA      : 0x40008a8c  SP      : 0x4ff2b7d0  GP      : 0x4ff12900  
TP      : 0x4ff2b910  T0      : 0x4fc10cc4  T1      : 0x00000000  T2      : 0xfe4afe4a  
S0/FP   : 0x4ff5aa68  S1      : 0x4ff52a68  A0      : 0x000000d6  A1      : 0x4ff60000  
A2      : 0x0000fe00  A3      : 0x000000d6  A4      : 0x000001b1  A5      : 0xfffffdf2  
A6      : 0xfe000000  A7      : 0xca000000  S2      : 0x0000000b  S3      : 0x0000002c  
S4      : 0x4ff12470  S5      : 0x4ff5c410  S6      : 0x4ff5c490  S7      : 0x4ff1293c  
S8      : 0x00000000  S9      : 0x00000000  S10     : 0xffffedaf  S11     : 0xffffe8d6  
T3      : 0x000001b1  T4      : 0x000000d5  T5      : 0x000000f8  T6      : 0x00d6960c  
MSTATUS : 0xa5a5a5a5  MTVEC   : 0x0000042b  MCAUSE  : 0xfffffdf2  MTVAL   : 0x00000000  
MHARTID : 0x00000000  

Stack memory:
4ff2b7d0: 0xa5a5a5a5 0x0000042b 0xfffffdf2 0x00000000 0x00000000 0x00000000 0x00000000 0x00000000
4ff2b7f0: 0x00000000 0x00000000 0x00000000 0x00000000 0x00000000 0x00000000 0x00000000 0x4ff5c108
4ff2b810: 0x4ff5bfb8 0x00000000 0x4ff5ae7c 0x4ff12310 0x00000000 0x000001b1 0x000001b1 0xfffffa57
4ff2b830: 0x012c40a8 0x0000066b 0x4823396c 0x00015888 0xa5a5a5a5 0xa5a5a5a5 0xa5a5a5a5 0x00000000
4ff2b850: 0xa5a5a500 0xa5a5a5a5 0xa5a5a5a5 0x50517f0f 0xa5000f00 0x48427f0f 0xa50f0e44 0xa5a5a5a5
4ff2b870: 0x4ff09466 0x48427f0f 0x000f0e44 0x0000004c 0x00000000 0x00000000 0x00000000 0x00000000
4ff2b890: 0x00000000 0x00000000 0x00000000 0x00000000 0x00000000 0x00000000 0x00000000 0x00000000
4ff2b8b0: 0x00000000 0x00000000 0x00000000 0x00000000 0x00000000 0x00000000 0x00000000 0x00000000
4ff2b8d0: 0x00000000 0x00000000 0x00000000 0x4ff09472 0x00000000 0x00000000 0x00000000 0x00000000
4ff2b8f0: 0x00000000 0x00000000 0x00000000 0x00000000 0x00000000 0xa5a5a5a5 0xa5a5a5a5 0xa5a5a5a5
4ff2b910: 0x00000001 0x4ff299f8 0x4ff299f8 0x00000000 0x00000000 0x00000000 0xa5a5a5a5 0xa5a5a5a5
4ff2b930: 0xa5a5a5a5 0xa5a5a5a5 0xbaad5678 0x00000000 0x00000000 0x00000000 0x00000000 0x00000000
4ff2b950: 0x00000000 0x00000000 0x00000000 0x00000000 0x00000000 0x00000000 0x00000000 0x00000000
4ff2b970: 0x00000000 0x00000000 0x00000000 0x00000000 0x00000000 0x00000000 0x00000000 0x00000000
4ff2b990: 0x00000000 0x00000000 0x00000000 0x00000000 0x00000000 0x00000000 0x00000000 0x00000000
4ff2b9b0: 0x00000000 0x00000000 0x00000000 0x00000000 0x00000000 0x00000000 0x00000000 0x00000000
4ff2b9d0: 0x00000000 0x00000000 0x00000000 0x00000000 0x00000000 0x00000000 0x00000000 0x4ff299e8
4ff2b9f0: 0x00001c00 0xabba1234 0x00001b58 0xa5a5a5a5 0xa5a5a5a5 0xa5a5a5a5 0xa5a5a5a5 0xa5a5a5a5
4ff2ba10: 0xa5a5a5a5 0xa5a5a5a5 0xa5a5a5a5 0xa5a5a5a5 0xa5a5a5a5 0xa5a5a5a5 0xa5a5a5a5 0xa5a5a5a5
4ff2ba30: 0xa5a5a5a5 0xa5a5a5a5 0xa5a5a5a5 0xa5a5a5a5 0xa5a5a5a5 0xa5a5a5a5 0xa5a5a5a5 0xa5a5a5a5
4ff2ba50: 0xa5a5a5a5 0xa5a5a5a5 0xa5a5a5a5 0xa5a5a5a5 0xa5a5a5a5 0xa5a5a5a5 0xa5a5a5a5 0xa5a5a5a5
4ff2ba70: 0xa5a5a5a5 0xa5a5a5a5 0xa5a5a5a5 0xa5a5a5a5 0xa5a5a5a5 0xa5a5a5a5 0xa5a5a5a5 0xa5a5a5a5
4ff2ba90: 0xa5a5a5a5 0xa5a5a5a5 0xa5a5a5a5 0xa5a5a5a5 0xa5a5a5a5 0xa5a5a5a5 0xa5a5a5a5 0xa5a5a5a5
4ff2bab0: 0xa5a5a5a5 0xa5a5a5a5 0xa5a5a5a5 0xa5a5a5a5 0xa5a5a5a5 0xa5a5a5a5 0xa5a5a5a5 0xa5a5a5a5
4ff2bad0: 0xa5a5a5a5 0xa5a5a5a5 0xa5a5a5a5 0xa5a5a5a5 0xa5a5a5a5 0xa5a5a5a5 0xa5a5a5a5 0xa5a5a5a5
4ff2baf0: 0xa5a5a5a5 0xa5a5a5a5 0xa5a5a5a5 0xa5a5a5a5 0xa5a5a5a5 0xa5a5a5a5 0xa5a5a5a5 0xa5a5a5a5
4ff2bb10: 0xa5a5a5a5 0xa5a5a5a5 0xa5a5a5a5 0xa5a5a5a5 0xa5a5a5a5 0xa5a5a5a5 0xa5a5a5a5 0xa5a5a5a5
4ff2bb30: 0xa5a5a5a5 0xa5a5a5a5 0xa5a5a5a5 0xa5a5a5a5 0xa5a5a5a5 0xa5a5a5a5 0xa5a5a5a5 0xa5a5a5a5
4ff2bb50: 0xa5a5a5a5 0xa5a5a5a5 0xa5a5a5a5 0xa5a5a5a5 0xa5a5a5a5 0xa5a5a5a5 0xa5a5a5a5 0xa5a5a5a5
4ff2bb70: 0xa5a5a5a5 0xa5a5a5a5 0xa5a5a5a5 0xa5a5a5a5 0xa5a5a5a5 0xa5a5a5a5 0xa5a5a5a5 0xa5a5a5a5
4ff2bb90: 0xa5a5a5a5 0xa5a5a5a5 0xa5a5a5a5 0xa5a5a5a5 0xa5a5a5a5 0xa5a5a5a5 0xa5a5a5a5 0xa5a5a5a5
4ff2bbb0: 0xa5a5a5a5 0xa5a5a5a5 0xa5a5a5a5 0xa5a5a5a5 0xa5a5a5a5 0xa5a5a5a5 0xa5a5a5a5 0xa5a5a5a5



ELF file SHA256: 36ac75970

Rebooting...
ESP-ROM:esp32p4-eco2-20240710
Build:Jul 10 2024
rst:0xc (SW_CPU_RESET),boot:0x30f (SPI_FAST_FLASH_BOOT)
Core0 Saved PC:0x4ff08366
Core1 Saved PC:0x4ff02d26
SPI mode:DIO, clock div:1
load:0x4ff33ce0,len:0x11dc
load:0x4ff29ed0,len:0xccc
load:0x4ff2cbd0,len:0x3568
entry 0x4ff29ed0
PSRAM PRE DELAY: 31246012
PSRAM POST DELAY: 30885556
[AUDIO] I2C init OK
[AUDIO] ES8311 found at 0x18
[AUDIO] I2S init 44100/16 OK, MCLK=11289600 Hz
[AUDIO] ES8311 playback configured (capture serial port disabled)
[AUDIO] PA GPIO11 enabled
[M6 budget] total=33554432 display=2304000 fx_delay=352800 samples=0 reserve=4194304 free=30885508 largest=30408692 internal=341940
E (2493) sdmmc_common: sdmmc_init_ocr: send_op_cond (1) returned 0x107
E (2497) vfs_fat_sdmmc: sdmmc_card_init failed (0x107).
[   816][E][SD_MMC.cpp:307] begin(): Failed to initialize the card (0x107). Make sure SD card lines have pull-up resistors in place.
[M6 SD] mounted=0 width=4 clock_khz=20000 mount_us=270975 capacity=0 status=NO CARD / MOUNT ERROR
E (21291) task_wdt: Task watchdog got triggered. The following tasks/users did not reset the watchdog in time:
E (21291) task_wdt:  - IDLE0 (CPU 0)
E (21291) task_wdt: Tasks currently running:
E (21291) task_wdt: CPU 0: app_audio
E (21291) task_wdt: CPU 1: IDLE1
E (21291) task_wdt: Aborting.
E (21291) task_wdt: Print CPU 0 (current core) registers


Core  0 register dump:
MEPC    : 0x40008fb0  RA      : 0x40008a8c  SP      : 0x4ff2b7d0  GP      : 0x4ff12900  
TP      : 0x4ff2b910  T0      : 0x4fc10cc4  T1      : 0xffffffff  T2      : 0x04990499  
S0/FP   : 0x4ff5aa68  S1      : 0x4ff52a68  A0      : 0x4ff5be48  A1      : 0x00000018  
A2      : 0x0000fe00  A3      : 0x000001c7  A4      : 0x00000000  A5      : 0x4ff5aea4  
A6      : 0xfe000000  A7      : 0x62000000  S2      : 0x0000000c  S3      : 0x00000030  
S4      : 0x4ff12490  S5      : 0x4ff5c418  S6      : 0x4ff5c498  S7      : 0x4ff1298c  
S8      : 0x00000000  S9      : 0x00000000  S10     : 0xfffff09e  S11     : 0xfffff55b  
T3      : 0x4ff5be38  T4      : 0x00000030  T5      : 0x4ff5bd88  T6      : 0x0075b208  
MSTATUS : 0xa5a5a5a5  MTVEC   : 0xfffffdce  MCAUSE  : 0xfffffb62  MTVAL   : 0x00000000  
MHARTID : 0x00000000  

Stack memory:
4ff2b7d0: 0xa5a5a5a5 0xfffffdce 0xfffffb62 0x00000000 0x00000000 0x00000000 0x00000000 0x00000000
4ff2b7f0: 0x00000000 0x00000000 0x00000000 0x00000000 0x00000000 0x00000000 0x00000000 0x4ff5c0e0
4ff2b810: 0x4ff5bfb8 0x00000000 0x4ff5aea4 0x4ff12310 0x00000000 0xfffffc6a 0xfffffe19 0x00000383
4ff2b830: 0x012b3452 0x00000129 0x4823396c 0x00015888 0xa5a5a5a5 0xa5a5a5a5 0xa5a5a5a5 0x00000000
4ff2b850: 0xa5a5a500 0xa5a5a5a5 0xa5a5a5a5 0x50517f0f 0xa5000f00 0x39337f0f 0xa50f0f81 0xa5a5a5a5
4ff2b870: 0x4ff09466 0x39337f0f 0x000f0f81 0x0000004c 0x00000000 0x00000000 0x00000000 0x00000000
4ff2b890: 0x00000000 0x00000000 0x00000000 0x00000000 0x00000000 0x00000000 0x00000000 0x00000000
4ff2b8b0: 0x00000000 0x00000000 0x00000000 0x00000000 0x00000000 0x00000000 0x00000000 0x00000000
4ff2b8d0: 0x00000000 0x00000000 0x00000000 0x4ff09472 0x00000000 0x00000000 0x00000000 0x00000000
4ff2b8f0: 0x00000000 0x00000000 0x00000000 0x00000000 0x00000000 0xa5a5a5a5 0xa5a5a5a5 0xa5a5a5a5
4ff2b910: 0x00000001 0x4ff299f8 0x4ff299f8 0x00000000 0x00000000 0x00000000 0xa5a5a5a5 0xa5a5a5a5
4ff2b930: 0xa5a5a5a5 0xa5a5a5a5 0xbaad5678 0x00000000 0x00000000 0x00000000 0x00000000 0x00000000
4ff2b950: 0x00000000 0x00000000 0x00000000 0x00000000 0x00000000 0x00000000 0x00000000 0x00000000
4ff2b970: 0x00000000 0x00000000 0x00000000 0x00000000 0x00000000 0x00000000 0x00000000 0x00000000
4ff2b990: 0x00000000 0x00000000 0x00000000 0x00000000 0x00000000 0x00000000 0x00000000 0x00000000
4ff2b9b0: 0x00000000 0x00000000 0x00000000 0x00000000 0x00000000 0x00000000 0x00000000 0x00000000
4ff2b9d0: 0x00000000 0x00000000 0x00000000 0x00000000 0x00000000 0x00000000 0x00000000 0x4ff299e8
4ff2b9f0: 0x00001c00 0xabba1234 0x00001b58 0xa5a5a5a5 0xa5a5a5a5 0xa5a5a5a5 0xa5a5a5a5 0xa5a5a5a5
4ff2ba10: 0xa5a5a5a5 0xa5a5a5a5 0xa5a5a5a5 0xa5a5a5a5 0xa5a5a5a5 0xa5a5a5a5 0xa5a5a5a5 0xa5a5a5a5
4ff2ba30: 0xa5a5a5a5 0xa5a5a5a5 0xa5a5a5a5 0xa5a5a5a5 0xa5a5a5a5 0xa5a5a5a5 0xa5a5a5a5 0xa5a5a5a5
4ff2ba50: 0xa5a5a5a5 0xa5a5a5a5 0xa5a5a5a5 0xa5a5a5a5 0xa5a5a5a5 0xa5a5a5a5 0xa5a5a5a5 0xa5a5a5a5
4ff2ba70: 0xa5a5a5a5 0xa5a5a5a5 0xa5a5a5a5 0xa5a5a5a5 0xa5a5a5a5 0xa5a5a5a5 0xa5a5a5a5 0xa5a5a5a5
4ff2ba90: 0xa5a5a5a5 0xa5a5a5a5 0xa5a5a5a5 0xa5a5a5a5 0xa5a5a5a5 0xa5a5a5a5 0xa5a5a5a5 0xa5a5a5a5
4ff2bab0: 0xa5a5a5a5 0xa5a5a5a5 0xa5a5a5a5 0xa5a5a5a5 0xa5a5a5a5 0xa5a5a5a5 0xa5a5a5a5 0xa5a5a5a5
4ff2bad0: 0xa5a5a5a5 0xa5a5a5a5 0xa5a5a5a5 0xa5a5a5a5 0xa5a5a5a5 0xa5a5a5a5 0xa5a5a5a5 0xa5a5a5a5
4ff2baf0: 0xa5a5a5a5 0xa5a5a5a5 0xa5a5a5a5 0xa5a5a5a5 0xa5a5a5a5 0xa5a5a5a5 0xa5a5a5a5 0xa5a5a5a5
4ff2bb10: 0xa5a5a5a5 0xa5a5a5a5 0xa5a5a5a5 0xa5a5a5a5 0xa5a5a5a5 0xa5a5a5a5 0xa5a5a5a5 0xa5a5a5a5
4ff2bb30: 0xa5a5a5a5 0xa5a5a5a5 0xa5a5a5a5 0xa5a5a5a5 0xa5a5a5a5 0xa5a5a5a5 0xa5a5a5a5 0xa5a5a5a5
4ff2bb50: 0xa5a5a5a5 0xa5a5a5a5 0xa5a5a5a5 0xa5a5a5a5 0xa5a5a5a5 0xa5a5a5a5 0xa5a5a5a5 0xa5a5a5a5
4ff2bb70: 0xa5a5a5a5 0xa5a5a5a5 0xa5a5a5a5 0xa5a5a5a5 0xa5a5a5a5 0xa5a5a5a5 0xa5a5a5a5 0xa5a5a5a5
4ff2bb90: 0xa5a5a5a5 0xa5a5a5a5 0xa5a5a5a5 0xa5a5a5a5 0xa5a5a5a5 0xa5a5a5a5 0xa5a5a5a5 0xa5a5a5a5
4ff2bbb0: 0xa5a5a5a5 0xa5a5a5a5 0xa5a5a5a5 0xa5a5a5a5 0xa5a5a5a5 0xa5a5a5a5 0xa5a5a5a5 0xa5a5a5a5



ELF file SHA256: 36ac75970

Rebooting...
ESP-ROM:esp32p4-eco2-20240710
Build:Jul 10 2024
rst:0xc (SW_CPU_RESET),boot:0x30f (SPI_FAST_FLASH_BOOT)
Core0 Saved PC:0x4ff08366
Core1 Saved PC:0x4ff02d26
SPI mode:DIO, clock div:1
load:0x4ff33ce0,len:0x11dc
load:0x4ff29ed0,len:0xccc
load:0x4ff2cbd0,len:0x3568
entry 0x4ff29ed0
PSRAM PRE DELAY: 31246012
PSRAM POST DELAY: 30885556
[AUDIO] I2C init OK
[AUDIO] ES8311 found at 0x18
[AUDIO] I2S init 44100/16 OK, MCLK=11289600 Hz
[AUDIO] ES8311 playback configured (capture serial port disabled)
[AUDIO] PA GPIO11 enabled
[M6 budget] total=33554432 display=2304000 fx_delay=352800 samples=0 reserve=4194304 free=30885508 largest=30408692 internal=341940
E (2493) sdmmc_common: sdmmc_init_ocr: send_op_cond (1) returned 0x107
E (2497) vfs_fat_sdmmc: sdmmc_card_init failed (0x107).
[   815][E][SD_MMC.cpp:307] begin(): Failed to initialize the card (0x107). Make sure SD card lines have pull-up resistors in place.
[M6 SD] mounted=0 width=4 clock_khz=20000 mount_us=270991 capacity=0 status=NO CARD / MOUNT ERROR
E (21349) task_wdt: Task watchdog got triggered. The following tasks/users did not reset the watchdog in time:
E (21349) task_wdt:  - IDLE0 (CPU 0)
E (21349) task_wdt: Tasks currently running:
E (21349) task_wdt: CPU 0: app_audio
E (21349) task_wdt: CPU 1: IDLE1
E (21349) task_wdt: Aborting.
E (21349) task_wdt: Print CPU 0 (current core) registers


Core  0 register dump:
MEPC    : 0x40008f74  RA      : 0x40008a8c  SP      : 0x4ff2b7d0  GP      : 0x4ff12900  
TP      : 0x4ff2b910  T0      : 0x4fc10cc4  T1      : 0x00000000  T2      : 0xfbc7fbc7  
S0/FP   : 0x4ff5aa68  S1      : 0x4ff52a68  A0      : 0x4ff5be68  A1      : 0x00000008  
A2      : 0x0000fe00  A3      : 0x00000587  A4      : 0x01234488  A5      : 0x4ff5ad64  
A6      : 0xfe000000  A7      : 0x4a000000  S2      : 0x00000004  S3      : 0x00000010  
S4      : 0x4ff12390  S5      : 0x4ff5c3d8  S6      : 0x4ff5c458  S7      : 0x4ff1270c  
S8      : 0x00000000  S9      : 0x00000000  S10     : 0x00000ee1  S11     : 0xfffffe5e  
T3      : 0x000000ff  T4      : 0xb20e1b88  T5      : 0x000000dc  T6      : 0x004bc9ea  
MSTATUS : 0xa5a5a5a5  MTVEC   : 0x0000001c  MCAUSE  : 0x00000a32  MTVAL   : 0x00000000  
MHARTID : 0x00000000  

Stack memory:
4ff2b7d0: 0xa5a5a5a5 0x0000001c 0x00000a32 0x00000000 0x00000000 0x00000000 0x00000000 0x00000000
4ff2b7f0: 0x00000000 0x00000000 0x00000000 0x00000000 0x00000000 0x00000000 0x00000000 0x4ff5c1bc
4ff2b810: 0x4ff5bfb8 0x00000000 0x4ff5ad64 0x4ff12310 0x00000000 0x00000812 0x00000087 0x00001022
4ff2b830: 0x012c0fae 0xffffeee1 0x4823396c 0x00015888 0xa5a5a5a5 0xa5a5a5a5 0xa5a5a5a5 0x00000000
4ff2b850: 0xa5a5a500 0xa5a5a5a5 0xa5a5a5a5 0x50517f0f 0xa5000f00 0x48427f0f 0xa50f0e44 0xa5a5a5a5
4ff2b870: 0x4ff09466 0x48427f0f 0x000f0e44 0x0000004c 0x00000000 0x00000000 0x00000000 0x00000000
4ff2b890: 0x00000000 0x00000000 0x00000000 0x00000000 0x00000000 0x00000000 0x00000000 0x00000000
4ff2b8b0: 0x00000000 0x00000000 0x00000000 0x00000000 0x00000000 0x00000000 0x00000000 0x00000000
4ff2b8d0: 0x00000000 0x00000000 0x00000000 0x4ff09472 0x00000000 0x00000000 0x00000000 0x00000000
4ff2b8f0: 0x00000000 0x00000000 0x00000000 0x00000000 0x00000000 0xa5a5a5a5 0xa5a5a5a5 0xa5a5a5a5
4ff2b910: 0x00000001 0x4ff299f8 0x4ff299f8 0x00000000 0x00000000 0x00000000 0xa5a5a5a5 0xa5a5a5a5
4ff2b930: 0xa5a5a5a5 0xa5a5a5a5 0xbaad5678 0x00000000 0x00000000 0x00000000 0x00000000 0x00000000
4ff2b950: 0x00000000 0x00000000 0x00000000 0x00000000 0x00000000 0x00000000 0x00000000 0x00000000
4ff2b970: 0x00000000 0x00000000 0x00000000 0x00000000 0x00000000 0x00000000 0x00000000 0x00000000
4ff2b990: 0x00000000 0x00000000 0x00000000 0x00000000 0x00000000 0x00000000 0x00000000 0x00000000
4ff2b9b0: 0x00000000 0x00000000 0x00000000 0x00000000 0x00000000 0x00000000 0x00000000 0x00000000
4ff2b9d0: 0x00000000 0x00000000 0x00000000 0x00000000 0x00000000 0x00000000 0x00000000 0x4ff299e8
4ff2b9f0: 0x00001c00 0xabba1234 0x00001b58 0xa5a5a5a5 0xa5a5a5a5 0xa5a5a5a5 0xa5a5a5a5 0xa5a5a5a5
4ff2ba10: 0xa5a5a5a5 0xa5a5a5a5 0xa5a5a5a5 0xa5a5a5a5 0xa5a5a5a5 0xa5a5a5a5 0xa5a5a5a5 0xa5a5a5a5
4ff2ba30: 0xa5a5a5a5 0xa5a5a5a5 0xa5a5a5a5 0xa5a5a5a5 0xa5a5a5a5 0xa5a5a5a5 0xa5a5a5a5 0xa5a5a5a5
4ff2ba50: 0xa5a5a5a5 0xa5a5a5a5 0xa5a5a5a5 0xa5a5a5a5 0xa5a5a5a5 0xa5a5a5a5 0xa5a5a5a5 0xa5a5a5a5
4ff2ba70: 0xa5a5a5a5 0xa5a5a5a5 0xa5a5a5a5 0xa5a5a5a5 0xa5a5a5a5 0xa5a5a5a5 0xa5a5a5a5 0xa5a5a5a5
4ff2ba90: 0xa5a5a5a5 0xa5a5a5a5 0xa5a5a5a5 0xa5a5a5a5 0xa5a5a5a5 0xa5a5a5a5 0xa5a5a5a5 0xa5a5a5a5
4ff2bab0: 0xa5a5a5a5 0xa5a5a5a5 0xa5a5a5a5 0xa5a5a5a5 0xa5a5a5a5 0xa5a5a5a5 0xa5a5a5a5 0xa5a5a5a5
4ff2bad0: 0xa5a5a5a5 0xa5a5a5a5 0xa5a5a5a5 0xa5a5a5a5 0xa5a5a5a5 0xa5a5a5a5 0xa5a5a5a5 0xa5a5a5a5
4ff2baf0: 0xa5a5a5a5 0xa5a5a5a5 0xa5a5a5a5 0xa5a5a5a5 0xa5a5a5a5 0xa5a5a5a5 0xa5a5a5a5 0xa5a5a5a5
4ff2bb10: 0xa5a5a5a5 0xa5a5a5a5 0xa5a5a5a5 0xa5a5a5a5 0xa5a5a5a5 0xa5a5a5a5 0xa5a5a5a5 0xa5a5a5a5
4ff2bb30: 0xa5a5a5a5 0xa5a5a5a5 0xa5a5a5a5 0xa5a5a5a5 0xa5a5a5a5 0xa5a5a5a5 0xa5a5a5a5 0xa5a5a5a5
4ff2bb50: 0xa5a5a5a5 0xa5a5a5a5 0xa5a5a5a5 0xa5a5a5a5 0xa5a5a5a5 0xa5a5a5a5 0xa5a5a5a5 0xa5a5a5a5
4ff2bb70: 0xa5a5a5a5 0xa5a5a5a5 0xa5a5a5a5 0xa5a5a5a5 0xa5a5a5a5 0xa5a5a5a5 0xa5a5a5a5 0xa5a5a5a5
4ff2bb90: 0xa5a5a5a5 0xa5a5a5a5 0xa5a5a5a5 0xa5a5a5a5 0xa5a5a5a5 0xa5a5a5a5 0xa5a5a5a5 0xa5a5a5a5
4ff2bbb0: 0xa5a5a5a5 0xa5a5a5a5 0xa5a5a5a5 0xa5a5a5a5 0xa5a5a5a5 0xa5a5a5a5 0xa5a5a5a5 0xa5a5a5a5



ELF file SHA256: 36ac75970

Rebooting...
ESP-ROM:esp32p4-eco2-20240710
Build:Jul 10 2024
rst:0xc (SW_CPU_RESET),boot:0x30f (SPI_FAST_FLASH_BOOT)
Core0 Saved PC:0x4ff08366
Core1 Saved PC:0x4ff02d26
SPI mode:DIO, clock div:1
load:0x4ff33ce0,len:0x11dc
load:0x4ff29ed0,len:0xccc
load:0x4ff2cbd0,len:0x3568
entry 0x4ff29ed0
PSRAM PRE DELAY: 31246012
PSRAM POST DELAY: 30885556
[AUDIO] I2C init OK
[AUDIO] ES8311 found at 0x18
[AUDIO] I2S init 44100/16 OK, MCLK=11289600 Hz
[AUDIO] ES8311 playback configured (capture serial port disabled)
[AUDIO] PA GPIO11 enabled
[M6 budget] total=33554432 display=2304000 fx_delay=352800 samples=0 reserve=4194304 free=30885508 largest=30408692 internal=341940
E (2493) sdmmc_common: sdmmc_init_ocr: send_op_cond (1) returned 0x107
E (2497) vfs_fat_sdmmc: sdmmc_card_init failed (0x107).
[   815][E][SD_MMC.cpp:307] begin(): Failed to initialize the card (0x107). Make sure SD card lines have pull-up resistors in place.
[M6 SD] mounted=0 width=4 clock_khz=20000 mount_us=266715 capacity=0 status=NO CARD / MOUNT ERROR
