# Production firmware guition_m212_memory; fresh esptool flash/hardware reset; UTC 2026-10-09T03:02:12.171120+00:00
esptool v5.1.0
Serial port COM13:
Connecting...
Connected to ESP32-P4 on COM13:
Chip type:          ESP32-P4 (revision v1.3)
Features:           Dual Core + LP Core, 400MHz
Crystal frequency:  40MHz
USB mode:           USB-Serial/JTAG
MAC:                80:f1:b2:d3:cc:86

Uploading stub flasher...
Running stub flasher...
Stub flasher running.
Changing baud rate to 460800...
Changed.

Configuring flash size...
Flash will be erased from 0x00002000 to 0x00007fff...
Flash will be erased from 0x00008000 to 0x00008fff...
Flash will be erased from 0x0000e000 to 0x0000ffff...
Flash will be erased from 0x00010000 to 0x0005ffff...
SHA digest in image updated.
Compressed 21616 bytes to 13700...
Writing at 0x00002000 [░░░░░░░░░░░░░░░░░░░░░░░░░░░░░░]   0.0% 0/13700 bytes... 
Writing at 0x00007470 [██████████████████████████████] 100.0% 13700/13700 bytes... 
Wrote 21616 bytes (13700 compressed) at 0x00002000 in 0.3 seconds (601.2 kbit/s).
Hash of data verified.
Compressed 3072 bytes to 146...
Writing at 0x00008000 [░░░░░░░░░░░░░░░░░░░░░░░░░░░░░░]   0.0% 0/146 bytes... 
Writing at 0x00008c00 [██████████████████████████████] 100.0% 146/146 bytes... 
Wrote 3072 bytes (146 compressed) at 0x00008000 in 0.1 seconds (374.7 kbit/s).
Hash of data verified.
Compressed 8192 bytes to 47...
Writing at 0x0000e000 [░░░░░░░░░░░░░░░░░░░░░░░░░░░░░░]   0.0% 0/47 bytes... 
Writing at 0x00010000 [██████████████████████████████] 100.0% 47/47 bytes... 
Wrote 8192 bytes (47 compressed) at 0x0000e000 in 0.1 seconds (658.2 kbit/s).
Hash of data verified.
Compressed 325520 bytes to 177012...
Writing at 0x00010000 [░░░░░░░░░░░░░░░░░░░░░░░░░░░░░░]   0.0% 0/177012 bytes... 
Writing at 0x0001c3e5 [██░░░░░░░░░░░░░░░░░░░░░░░░░░░░]   9.3% 16384/177012 bytes... 
Writing at 0x00024b0c [█████░░░░░░░░░░░░░░░░░░░░░░░░░]  18.5% 32768/177012 bytes... 
Writing at 0x0002af3f [████████░░░░░░░░░░░░░░░░░░░░░░]  27.8% 49152/177012 bytes... 
Writing at 0x000310ef [███████████░░░░░░░░░░░░░░░░░░░]  37.0% 65536/177012 bytes... 
Writing at 0x000385e5 [█████████████░░░░░░░░░░░░░░░░░]  46.3% 81920/177012 bytes... 
Writing at 0x0003e435 [████████████████░░░░░░░░░░░░░░]  55.5% 98304/177012 bytes... 
Writing at 0x00045141 [███████████████████░░░░░░░░░░░]  64.8% 114688/177012 bytes... 
Writing at 0x0004b27c [██████████████████████░░░░░░░░]  74.0% 131072/177012 bytes... 
Writing at 0x000513e6 [████████████████████████░░░░░░]  83.3% 147456/177012 bytes... 
Writing at 0x000593d6 [███████████████████████████░░░]  92.6% 163840/177012 bytes... 
Writing at 0x0005f790 [██████████████████████████████] 100.0% 177012/177012 bytes... 
Wrote 325520 bytes (177012 compressed) at 0x00010000 in 1.8 seconds (1450.6 kbit/s).
Hash of data verified.

Hard resetting via RTS pin...
[M212 memory] revision=103 cpu_mhz=360 psram_bytes=33554432 sdk_speed_mhz=200 l2_bytes=131072 line_bytes=64
[M212 registers] source=1 source_hz=400000000 source_status=0 core_div=1 bus_div=2 effective_hz=200000000 hex_read=1 hex_write=1 ddr=1 ecc=0
[M212 address] layout=0 track=0 base=0x48108a40 align64=0
[M212 address] layout=0 track=1 base=0x48128a40 align64=0
[M212 address] layout=0 track=2 base=0x48148a40 align64=0
[M212 address] layout=0 track=3 base=0x48168a40 align64=0
[M212 address] layout=0 track=4 base=0x48188a40 align64=0
[M212 address] layout=0 track=5 base=0x481a8a40 align64=0
[M212 address] layout=0 track=6 base=0x481c8a40 align64=0
[M212 address] layout=0 track=7 base=0x481e8a40 align64=0
[M212 address] layout=0 track=8 base=0x48208a40 align64=0
[M212 address] layout=0 track=9 base=0x48228a40 align64=0
[M212 address] layout=0 track=10 base=0x48248a40 align64=0
[M212 address] layout=0 track=11 base=0x48268a40 align64=0
[M212 address] layout=0 track=12 base=0x48288a40 align64=0
[M212 address] layout=0 track=13 base=0x482a8a40 align64=0
[M212 address] layout=0 track=14 base=0x482c8a40 align64=0
[M212 address] layout=0 track=15 base=0x482e8a40 align64=0
[M212 bandwidth] layout=0 order=0 evicted=0 repeats=32 reads=131072 bytes=262144 us=65308 MBps=4.014 checksum=4284219392
[M212 bandwidth] layout=0 order=1 evicted=0 repeats=32 reads=131072 bytes=262144 us=3971 MBps=66.015 checksum=4284219392
[M212 bandwidth] layout=0 order=2 evicted=0 repeats=32 reads=131072 bytes=262144 us=6434 MBps=40.744 checksum=4284219392
[M212 bandwidth] layout=0 order=3 evicted=0 repeats=32 reads=131072 bytes=262144 us=6370 MBps=41.153 checksum=4284219392
[M212 bandwidth] layout=0 order=4 evicted=0 repeats=32 reads=131072 bytes=262144 us=6339 MBps=41.354 checksum=4284219392
[M212 bandwidth] layout=0 order=0 evicted=1 repeats=32 reads=131072 bytes=262144 us=65310 MBps=4.014 checksum=4284219392
[M212 bandwidth] layout=0 order=1 evicted=1 repeats=32 reads=131072 bytes=262144 us=4002 MBps=65.503 checksum=4284219392
[M212 bandwidth] layout=0 order=2 evicted=1 repeats=32 reads=131072 bytes=262144 us=6491 MBps=40.386 checksum=4284219392
[M212 bandwidth] layout=0 order=3 evicted=1 repeats=32 reads=131072 bytes=262144 us=6437 MBps=40.725 checksum=4284219392
[M212 bandwidth] layout=0 order=4 evicted=1 repeats=32 reads=131072 bytes=262144 us=6493 MBps=40.373 checksum=4284219392
[M212 address] layout=1 track=0 base=0x48108a40 align64=0
[M212 address] layout=1 track=1 base=0x48128a80 align64=0
[M212 address] layout=1 track=2 base=0x48148ac0 align64=0
[M212 address] layout=1 track=3 base=0x48168b00 align64=0
[M212 address] layout=1 track=4 base=0x48188b40 align64=0
[M212 address] layout=1 track=5 base=0x481a8b80 align64=0
[M212 address] layout=1 track=6 base=0x481c8bc0 align64=0
[M212 address] layout=1 track=7 base=0x481e8c00 align64=0
[M212 address] layout=1 track=8 base=0x48208c40 align64=0
[M212 address] layout=1 track=9 base=0x48228c80 align64=0
[M212 address] layout=1 track=10 base=0x48248cc0 align64=0
[M212 address] layout=1 track=11 base=0x48268d00 align64=0
[M212 address] layout=1 track=12 base=0x48288d40 align64=0
[M212 address] layout=1 track=13 base=0x482a8d80 align64=0
[M212 address] layout=1 track=14 base=0x482c8dc0 align64=0
[M212 address] layout=1 track=15 base=0x482e8e00 align64=0
[M212 bandwidth] layout=1 order=0 evicted=0 repeats=32 reads=131072 bytes=262144 us=3581 MBps=73.204 checksum=4284219392
[M212 bandwidth] layout=1 order=1 evicted=0 repeats=32 reads=131072 bytes=262144 us=2311 MBps=113.433 checksum=4284219392
[M212 bandwidth] layout=1 order=2 evicted=0 repeats=32 reads=131072 bytes=262144 us=4774 MBps=54.911 checksum=4284219392
[M212 bandwidth] layout=1 order=3 evicted=0 repeats=32 reads=131072 bytes=262144 us=4726 MBps=55.468 checksum=4284219392
[M212 bandwidth] layout=1 order=4 evicted=0 repeats=32 reads=131072 bytes=262144 us=4683 MBps=55.978 checksum=4284219392
[M212 bandwidth] layout=1 order=0 evicted=1 repeats=32 reads=131072 bytes=262144 us=5190 MBps=50.509 checksum=4284219392
[M212 bandwidth] layout=1 order=1 evicted=1 repeats=32 reads=131072 bytes=262144 us=4002 MBps=65.503 checksum=4284219392
[M212 bandwidth] layout=1 order=2 evicted=1 repeats=32 reads=131072 bytes=262144 us=6471 MBps=40.511 checksum=4284219392
[M212 bandwidth] layout=1 order=3 evicted=1 repeats=32 reads=131072 bytes=262144 us=6407 MBps=40.915 checksum=4284219392
[M212 bandwidth] layout=1 order=4 evicted=1 repeats=32 reads=131072 bytes=262144 us=6433 MBps=40.750 checksum=4284219392
[M212 address] layout=2 track=0 base=0x4830ca80 align64=0
[M212 address] layout=2 track=1 base=0x4832cac0 align64=0
[M212 address] layout=2 track=2 base=0x4834cb00 align64=0
[M212 address] layout=2 track=3 base=0x4836cb40 align64=0
[M212 address] layout=2 track=4 base=0x4838cb80 align64=0
[M212 address] layout=2 track=5 base=0x483acbc0 align64=0
[M212 address] layout=2 track=6 base=0x483ccc00 align64=0
[M212 address] layout=2 track=7 base=0x483ecc40 align64=0
[M212 address] layout=2 track=8 base=0x4840cc80 align64=0
[M212 address] layout=2 track=9 base=0x4842ccc0 align64=0
[M212 address] layout=2 track=10 base=0x4844cd00 align64=0
[M212 address] layout=2 track=11 base=0x4846cd40 align64=0
[M212 address] layout=2 track=12 base=0x4848cd80 align64=0
[M212 address] layout=2 track=13 base=0x484acdc0 align64=0
[M212 address] layout=2 track=14 base=0x484cce00 align64=0
[M212 address] layout=2 track=15 base=0x484ece40 align64=0
[M212 bandwidth] layout=2 order=0 evicted=0 repeats=32 reads=131072 bytes=262144 us=3582 MBps=73.184 checksum=4284219392
[M212 bandwidth] layout=2 order=1 evicted=0 repeats=32 reads=131072 bytes=262144 us=2311 MBps=113.433 checksum=4284219392
[M212 bandwidth] layout=2 order=2 evicted=0 repeats=32 reads=131072 bytes=262144 us=4774 MBps=54.911 checksum=4284219392
[M212 bandwidth] layout=2 order=3 evicted=0 repeats=32 reads=131072 bytes=262144 us=4726 MBps=55.468 checksum=4284219392
[M212 bandwidth] layout=2 order=4 evicted=0 repeats=32 reads=131072 bytes=262144 us=4684 MBps=55.966 checksum=4284219392
[M212 bandwidth] layout=2 order=0 evicted=1 repeats=32 reads=131072 bytes=262144 us=5207 MBps=50.345 checksum=4284219392
[M212 bandwidth] layout=2 order=1 evicted=1 repeats=32 reads=131072 bytes=262144 us=4003 MBps=65.487 checksum=4284219392
[M212 bandwidth] layout=2 order=2 evicted=1 repeats=32 reads=131072 bytes=262144 us=6474 MBps=40.492 checksum=4284219392
[M212 bandwidth] layout=2 order=3 evicted=1 repeats=32 reads=131072 bytes=262144 us=6406 MBps=40.922 checksum=4284219392
[M212 bandwidth] layout=2 order=4 evicted=1 repeats=32 reads=131072 bytes=262144 us=6437 MBps=40.725 checksum=4284219392
[M212 address] layout=3 track=0 base=0x4830ca50 align64=16
[M212 address] layout=3 track=1 base=0x4832da54 align64=20
[M212 address] layout=3 track=2 base=0x4834ea58 align64=24
[M212 address] layout=3 track=3 base=0x4836fa5c align64=28
[M212 address] layout=3 track=4 base=0x48390a60 align64=32
[M212 address] layout=3 track=5 base=0x483b1a64 align64=36
[M212 address] layout=3 track=6 base=0x483d2a68 align64=40
[M212 address] layout=3 track=7 base=0x483f3a6c align64=44
[M212 address] layout=3 track=8 base=0x48414a70 align64=48
[M212 address] layout=3 track=9 base=0x48435a74 align64=52
[M212 address] layout=3 track=10 base=0x48456a78 align64=56
[M212 address] layout=3 track=11 base=0x48477a7c align64=60
[M212 address] layout=3 track=12 base=0x48498a80 align64=0
[M212 address] layout=3 track=13 base=0x484b9a84 align64=4
[M212 address] layout=3 track=14 base=0x484daa88 align64=8
[M212 address] layout=3 track=15 base=0x484fba8c align64=12
[M212 bandwidth] layout=3 order=0 evicted=0 repeats=32 reads=131072 bytes=262144 us=3495 MBps=75.005 checksum=4284219392
[M212 bandwidth] layout=3 order=1 evicted=0 repeats=32 reads=131072 bytes=262144 us=2217 MBps=118.243 checksum=4284219392
[M212 bandwidth] layout=3 order=2 evicted=0 repeats=32 reads=131072 bytes=262144 us=4737 MBps=55.340 checksum=4284219392
[M212 bandwidth] layout=3 order=3 evicted=0 repeats=32 reads=131072 bytes=262144 us=4673 MBps=56.098 checksum=4284219392
[M212 bandwidth] layout=3 order=4 evicted=0 repeats=32 reads=131072 bytes=262144 us=4641 MBps=56.484 checksum=4284219392
[M212 bandwidth] layout=3 order=0 evicted=1 repeats=32 reads=131072 bytes=262144 us=5448 MBps=48.117 checksum=4284219392
[M212 bandwidth] layout=3 order=1 evicted=1 repeats=32 reads=131072 bytes=262144 us=4219 MBps=62.134 checksum=4284219392
[M212 bandwidth] layout=3 order=2 evicted=1 repeats=32 reads=131072 bytes=262144 us=6693 MBps=39.167 checksum=4284219392
[M212 bandwidth] layout=3 order=3 evicted=1 repeats=32 reads=131072 bytes=262144 us=6639 MBps=39.485 checksum=4284219392
[M212 bandwidth] layout=3 order=4 evicted=1 repeats=32 reads=131072 bytes=262144 us=6627 MBps=39.557 checksum=4284219392
[M212 bandwidth] layout=0 order=5 evicted=0 repeats=32 reads=33554432 bytes=67108864 us=581278 MBps=115.451 checksum=0
[M212 bandwidth] layout=0 order=6 evicted=0 repeats=32 reads=33554432 bytes=67108864 us=747833 MBps=89.738 checksum=0
[M212 bandwidth] layout=0 order=7 evicted=0 repeats=32 reads=16777216 bytes=67108864 us=646650 MBps=103.779 checksum=4227858432
[M212 fill] frames=16 fill=0 fills=8192 reads=131072 bytes=262144 us=8968 checksum=27721728
[M212 fill] frames=16 fill=1 fills=8192 reads=131072 bytes=262144 us=7616 checksum=27721728
[M212 fill] frames=16 fill=2 fills=8192 reads=131072 bytes=262144 us=7282 checksum=27721728
[M212 fill] frames=32 fill=0 fills=4096 reads=131072 bytes=262144 us=6881 checksum=27721728
[M212 fill] frames=32 fill=1 fills=4096 reads=131072 bytes=262144 us=5056 checksum=27721728
[M212 fill] frames=32 fill=2 fills=4096 reads=131072 bytes=262144 us=5120 checksum=27721728
[M212 fill] frames=64 fill=0 fills=2048 reads=131072 bytes=262144 us=6786 checksum=27721728
[M212 fill] frames=64 fill=1 fills=2048 reads=131072 bytes=262144 us=4638 checksum=27721728
[M212 fill] frames=64 fill=2 fills=2048 reads=131072 bytes=262144 us=5024 checksum=27721728
[M212 fill] frames=128 fill=0 fills=1024 reads=131072 bytes=262144 us=6754 checksum=27721728
[M212 fill] frames=128 fill=1 fills=1024 reads=131072 bytes=262144 us=4449 checksum=27721728
[M212 fill] frames=128 fill=2 fills=1024 reads=131072 bytes=262144 us=4960 checksum=27721728
[M212 benchmark] COMPLETE audio_started=0 display_started=0 cold_proven=0
