ESP-ROM:esp32p4-eco2-20240710
Build:Jul 10 2024
rst:0x17 (CHIP_USB_UART_RESET),boot:0x30f (SPI_FAST_FLASH_BOOT)
Core0 Saved PC:0x4ff02d26
Core1 Saved PC:0x4ff02d26
SPI mode:DIO, clock div:1
load:0x4ff33ce0,len:0x11dc
load:0x4ff29ed0,len:0xccc
load:0x4ff2cbd0,len:0x3568
entry 0x4ff29ed0
PSRAM PRE DELAY: 31246012
PSRAM POST DELAY: 30885556
[AUDIO] I2C init OK
[AUDIO] ES8311 found at 0x18
[AUDIO] I2S init 44100/16 OK, MCLK=11289600 Hz
[AUDIO] ES8311 playback configured (capture serial port disabled)
[AUDIO] PA GPIO11 enabled
[M13 fixture] voices=16 frames=65536 bytes=2097152 psram=1
[M6 budget] total=33554432 display=2304000 fx_delay=352800 samples=0 reserve=4194304 free=28616312 largest=28311540 internal=245668
E (3635) sdmmc_common: sdmmc_init_ocr: send_op_cond (1) returned 0x107
E (3636) vfs_fat_sdmmc: sdmmc_card_init failed (0x107).
[  1376][E][SD_MMC.cpp:307] begin(): Failed to initialize the card (0x107). Make sure SD card lines have pull-up resistors in place.
[M6 SD] mounted=0 width=4 clock_khz=20000 mount_us=258988 capacity=0 status=NO CARD / MOUNT ERROR
[M5] blocks=13782 p50=2742 p95=3392 p99=3487 max=4453 misses=0 failures=0 timeouts=0 peak=4128 nonzero=6945924 rails=0 active_min=0 active_max=16
[M8 groove] parents=8708 passed=8166 skipped=542 ratchets=23199 pending_max=48 velocity_min=1 velocity_max=127 swing_changes=11
[M8 worst] blocks=2068 bpm=240 voices=16 ratchet=4 swing=50 delay=1 max=3652 triggers=12304 triggers_per_second=1024
[MEM] M8 after 60s PSRAM total=33554432 free=28616312 largest=28311540 internal_free=244660
[M10 locks] locked=8129 unlocked=37 pitch=8086 volume=8054 pan=8089 wave=0 pattern_bytes=3106 bank_bytes=49696 engine_bytes=52616
[M11 tone] cutoff=755 resonance=756 send=756 cutoff_min=0 cutoff_max=127 resonance_min=0 resonance_max=127 send_min=0 send_max=127 blocks=751 max=4265 dense=2068 dense_max=3652
[M12 locks] cutoff=8071 resonance=8070 send=8090 coefficients=7441 avoided=39460 send_changes=7163 coefficient_blocks=934 coefficient_max=3719 edit_blocks=249 edit_max=3680 commands=197 step_bytes=9 event_bytes=20 voice_bytes=384 idle_residue=15
[M17 chain] starts=5 advances=126 repeats=19 loops=1 stops=1 switches=124 min_length=1 max_length=16 boundary_max=3389 seen=4294967295 entry_bytes=2 chain_bytes=66 engine_bytes=52616
[M18 performance] override_requests=6 override_accepts=2 override_loops=7 override_cancels=5 returns=4 fill_requests=6 fill_accepts=5 fill_completions=5 fill_to_override=2 fill_to_arrangement=3 mute_edits=17 solo_edits=49 boundaries=18 boundary_max=3629 state_bytes=352 engine_bytes=52616 publication_bytes=24
[M181 repeat] requests=3 accepts=1 cancelled=2 x2_windows=8 x4_windows=8 x8_windows=99 hits=13409 x8_hits=12657 changes=3 releases=1 empty=0 captured_max=16 suppressed=15 worst=4453 capture_bytes=324 repeat_bytes=336
[M181 x8] blocks=1067 worst=4453 active_min=15 active_max=16 coefficients=85 avoided=12646 chokes=12
[M181 runtime] requested=0 active=0 count=0 ui_presses=1 ui_releases=1 ui_edits=0
[M18 runtime] override_target=0 override_active=0 fill_pending=0 fill_active=0 return_pattern=0 return_end=0 mutes=0 solos=0 ui_bytes=116
[M18 UI] entries=13 pads=7 fills=3 toggles=64 switches=1
[M17 UI] entries=18 edits=10 rows=9 scrolls=2
[M16 project] state_bytes=53192 file_bytes=52704 snapshot_blocks=51 snapshot_max=3382 apply_blocks=312 apply_max=1979 fixtures=3 fixture_errors=0 dirty=1 physical_pending=1
[M13 dense] blocks=2068 active_min=16
[M13 playback] triggers=45337 reverse=12264 gate=26270 releases=6462 ends=698 choke_ops=3418 choked=1640 retriggers=42742 region_min=1 region_max=65536 max=4453 choke_max=3719 retrigger_max=4277 voice_bytes=64 track_bytes=116 event_bytes=20
[M15 locks] locked=6390 unlocked=1628 unsliced=148 requested_min=0 requested_max=15 resolved_min=0 resolved_max=15 clamped=750 edits=308 ui_edits=60 align=1 requested_seen=65535 resolved_seen=65535
[M14 slices] triggers=44711 auditions=31 index_min=0 index_max=15 frames_min=1 frames_max=65536 active_changes=63 divides=155 adds=31 deletes=30 resets=30 edit_blocks=524 edit_max=4265 slice_bytes=4 bank_bytes=66 sample_bytes=1556
[M10 worst] blocks=2068 max=3652
[M9 tools] rotate=32 reverse=27 copy_track=32 clear_track=20 duplicate=26 euclidean=19 randomize=25 mutate=20 reroll=20 blocks=194 dense_blocks=66 max=3719
[M5 UI] seconds=81.106 submitted=1536 completed=1536 dirty_avg=249186 dirty_max=768000 full=262 preparation_max_us=122930 touch_errors=0 rejected=0 pads=5 steps=10 drags=100 pages=30 transport=0 bpm=0 skipped=239
[M7 patterns] switches=128 loops=305 selections=38 copies=5 clears=5 lengths=20 solos=10 mutes=10 normal_frames=1274 dirty_avg=142491 dirty_max=502784 pattern_bytes=3106 command_bytes=12
[M7 applied] long_to_short=1 short_to_long=1 queue_replacements=6 copies=5 clears=5 lengths=67 solos=8 mutes=8 steps=9
[M9 UI] entries=5 copies=5 randomize=10 cell_max=16 edit_full=0
[M12 UI] entries=23 edits=64 widgets_max=2 edit_full=0
[M11 UI] entries=17 edits=38 widgets_max=1 edit_full=0
[M10 UI] entries=45 edits=123 widgets_max=2 edit_full=0
[M13 UI] entries=23 edits=45 widgets_max=3 edit_full=0
[M14 UI] entries=137 edits=342 edit_full=0 waveform_first_us=110924 waveform_redraw_max_us=16600 slice_redraw_max_us=71060 build_count=17 build_max_us=360297 large_us=360297 cache_bytes=1440 page_max_us=122913 drag_dirty_max=280576
[M5 memory] ps_before=28616312 ps_after=28616312 internal_before=244660 internal_after=244660 largest_before=28311540 largest_after=28311540
