ESP-ROM:esp32p4-eco2-20240710
Build:Jul 10 2024
rst:0x17 (CHIP_USB_UART_RESET),boot:0x30f (SPI_FAST_FLASH_BOOT)
Core0 Saved PC:0x4fc10a8e
Core1 Saved PC:0x4ff02d26
SPI mode:DIO, clock div:1
load:0x4ff33ce0,len:0x11dc
load:0x4ff29ed0,len:0xccc
load:0x4ff2cbd0,len:0x3568
entry 0x4ff29ed0
PSRAM PRE DELAY: 31246012
PSRAM POST DELAY: 30885556
[AUDIO] I2C init OK
[AUDIO] ES8311 found at 0x18
[AUDIO] I2S init 44100/16 OK, MCLK=11289600 Hz
[AUDIO] ES8311 playback configured (capture serial port disabled)
[AUDIO] PA GPIO11 enabled
[M13 fixture] voices=16 frames=65536 bytes=2097152 psram=1
[M6 budget] total=33554432 display=2304000 fx_delay=352800 samples=0 reserve=4194304 free=28616312 largest=28311540 internal=274824
E (3611) sdmmc_common: sdmmc_init_ocr: send_op_cond (1) returned 0x107
E (3611) vfs_fat_sdmmc: sdmmc_card_init failed (0x107).
[  1364][E][SD_MMC.cpp:307] begin(): Failed to initialize the card (0x107). Make sure SD card lines have pull-up resistors in place.
[M6 SD] mounted=0 width=4 clock_khz=20000 mount_us=259250 capacity=0 status=NO CARD / MOUNT ERROR
[M5] blocks=10337 p50=2744 p95=3454 p99=3542 max=3756 misses=0 failures=0 timeouts=0 peak=3904 nonzero=5072322 rails=0 active_min=0 active_max=16
[M8 groove] parents=6660 passed=6179 skipped=481 ratchets=17431 pending_max=48 velocity_min=1 velocity_max=127 swing_changes=8
[M8 worst] blocks=2068 bpm=240 voices=16 ratchet=4 swing=50 delay=1 max=3756 triggers=12304 triggers_per_second=1024
[MEM] M8 after 60s PSRAM total=33554432 free=286163311540 internal_free=273816
[M10 locks] locked=6147 unlocked=32 pitch=6123 volume=6113 pan=6115 wave=0 pattern_bytes=3106 bank_bytes=49696 engine_bytes=52160
[M11 tone] cutoff=558 resonance=558 send=556 cutoff_min=0 cutoff_max=127 resonance_min=0 resonance_max=127 send_min=0 send_max=127 blocks=553 max=3734 dense=2068 dense_max=3756
[M12 locks] cutoff=6128 resonance=6120 send=6113 coefficients=6717 avoided=18437 send_changes=6474 coefficient_blocks=769 coefficient_max=3734 edit_blocks=172 edit_max=3734 commands=139 step_bytes=9 event_bytes=20 voice_bytes=384 idle_residue=1
[M17 chain] starts=5 advances=120 repeats=17 loops=1 stops=1 switches=119 min_length=1 max_length=16 boundary_max=3610 seen=4294967295 entry_bytes=2 chain_bytes=66 engine_bytes=52160
[M17 UI] entries=18 edits=10 rows=9 scrolls=2
[M16 project] state_bytes=53192 file_bytes=52704 snapshot_blocks=51 snapshot_max=3468 apply_blocks=312 apply_max=2043 fixtures=3 fixture_errors=0 dirty=1 physical_pending=1
[M13 dense] blocks=2068 active_min=16
[M13 playback] triggers=23987 reverse=10585 gate=12042 releases=3714 ends=71 choke_ops=1401 choked=647 retriggers=23008 region_min=1 region_max=65536 max=3756 choke_max=3734 retrigger_max=3756 voice_bytes=64 track_bytes=116 event_bytes=20
[M15 locks] locked=4605 unlocked=1476 unsliced=98 requested_min=0 requested_max=15 resolved_min=0 resolved_max=15 clamped=367 edits=215 ui_edits=44 align=1 requested_seen=65535 resolved_seen=65535
[M14 slices] triggers=23548 auditions=20 index_min=0 index_max=15 frames_min=1 frames_max=65536 active_changes=44 divides=108 adds=21 deletes=21 resets=21 edit_blocks=354 edit_max=3734 slice_bytes=4 bank_bytes=66 sample_bytes=1556
[M10 worst] blocks=2068 max=3756
[M9 tools] rotate=26 reverse=22 copy_track=23 clear_track=13 duplicate=21 euclidean=14 randomize=17 mutate=14 reroll=14 blocks=144 dense_blocks=58 max=3756
[M5 UI] seconds=63.040 submitted=1101 completed=1101 dirty_avg=265233 dirty_max=768000 full=178 preparation_max_us=124007 touch_errors=0 rejected=0 pads=4 steps=8 drags=77 pages=21 transport=0 bpm=0 skipped=201
[M7 patterns] switches=134 loops=179 selections=28 copies=4 clears=4 lengths=16 solos=8 mutes=8 normal_frames=923 dirty_avg=168275 dirty_max=502784 pattern_bytes=3106 command_bytes=12
[M7 applied] long_to_short=1 short_to_long=1 queue_replacements=3 copies=4 clears=3 lengths=62 solos=7 mutes=6 steps=7
[M9 UI] entries=3 copies=3 randomize=6 cell_max=16 edit_full=0
[M12 UI] entries=16 edits=47 widgets_max=6 edit_full=0
[M11 UI] entries=13 edits=34 widgets_max=1 edit_full=0
[M10 UI] entries=32 edits=84 widgets_max=6 edit_full=0
[M13 UI] entries=17 edits=34 widgets_max=3 edit_full=0
[M14 UI] entries=89 edits=247 edit_full=0 waveform_first_us=123871 waveform_redraw_max_us=18039 slice_redraw_max_us=76263 build_count=17 build_max_us=360069 large_us=360069 cache_bytes=1440 page_max_us=124002 drag_dirty_max=280576
[M5 memory] ps_before=28616312 ps_after=28616312 internal_before=273816 internal_after=273816 largest_before=28311540 largest_after=28311540
